  Determining projects to restore...
  All projects are up-to-date for restore.
  TreadSnow.TestBase -> E:\TreadSnow\TreadSnow Github2\test\TreadSnow.TestBase\bin\Debug\net9.0\TreadSnow.TestBase.dll
  Volo.Abp.Core -> E:\TreadSnow\TreadSnow Github2\ABP9.1.1\framework\src\Volo.Abp.Core\bin\Debug\netstandard2.0\Volo.Abp.Core.dll
  Volo.Abp.Core -> E:\TreadSnow\TreadSnow Github2\ABP9.1.1\framework\src\Volo.Abp.Core\bin\Debug\net9.0\Volo.Abp.Core.dll
  Volo.Abp.Threading -> E:\TreadSnow\TreadSnow Github2\ABP9.1.1\framework\src\Volo.Abp.Threading\bin\Debug\netstandard2.0\Volo.Abp.Threading.dll
  Volo.Abp.Auditing.Contracts -> E:\TreadSnow\TreadSnow Github2\ABP9.1.1\framework\src\Volo.Abp.Auditing.Contracts\bin\Debug\netstandard2.0\Volo.Abp.Auditing.Contracts.dll
  Volo.Abp.Security -> E:\TreadSnow\TreadSnow Github2\ABP9.1.1\framework\src\Volo.Abp.Security\bin\Debug\netstandard2.0\Volo.Abp.Security.dll
  Volo.Abp.Uow -> E:\TreadSnow\TreadSnow Github2\ABP9.1.1\framework\src\Volo.Abp.Uow\bin\Debug\netstandard2.0\Volo.Abp.Uow.dll
  Volo.Abp.Users.Domain.Shared -> E:\TreadSnow\TreadSnow Github2\ABP9.1.1\modules\users\src\Volo.Abp.Users.Domain.Shared\bin\Debug\netstandard2.0\Volo.Abp.Users.Domain.Shared.dll
  Volo.Abp.VirtualFileSystem -> E:\TreadSnow\TreadSnow Github2\ABP9.1.1\framework\src\Volo.Abp.VirtualFileSystem\bin\Debug\netstandard2.0\Volo.Abp.VirtualFileSystem.dll
  Volo.Abp.Core -> E:\TreadSnow\TreadSnow Github2\ABP9.1.1\framework\src\Volo.Abp.Core\bin\Debug\netstandard2.1\Volo.Abp.Core.dll
  Volo.Abp.Security -> E:\TreadSnow\TreadSnow Github2\ABP9.1.1\framework\src\Volo.Abp.Security\bin\Debug\net9.0\Volo.Abp.Security.dll
  Volo.Abp.VirtualFileSystem -> E:\TreadSnow\TreadSnow Github2\ABP9.1.1\framework\src\Volo.Abp.VirtualFileSystem\bin\Debug\net9.0\Volo.Abp.VirtualFileSystem.dll
  Volo.Abp.Auditing.Contracts -> E:\TreadSnow\TreadSnow Github2\ABP9.1.1\framework\src\Volo.Abp.Auditing.Contracts\bin\Debug\net9.0\Volo.Abp.Auditing.Contracts.dll
  Volo.Abp.Threading -> E:\TreadSnow\TreadSnow Github2\ABP9.1.1\framework\src\Volo.Abp.Threading\bin\Debug\net9.0\Volo.Abp.Threading.dll
  Volo.Abp.Security -> E:\TreadSnow\TreadSnow Github2\ABP9.1.1\framework\src\Volo.Abp.Security\bin\Debug\netstandard2.1\Volo.Abp.Security.dll
  Volo.Abp.Localization.Abstractions -> E:\TreadSnow\TreadSnow Github2\ABP9.1.1\framework\src\Volo.Abp.Localization.Abstractions\bin\Debug\netstandard2.1\Volo.Abp.Localization.Abstractions.dll
  Volo.Abp.Users.Domain.Shared -> E:\TreadSnow\TreadSnow Github2\ABP9.1.1\modules\users\src\Volo.Abp.Users.Domain.Shared\bin\Debug\netstandard2.1\Volo.Abp.Users.Domain.Shared.dll
  Volo.Abp.Core -> E:\TreadSnow\TreadSnow Github2\ABP9.1.1\framework\src\Volo.Abp.Core\bin\Debug\net8.0\Volo.Abp.Core.dll
  Volo.Abp.Auditing.Contracts -> E:\TreadSnow\TreadSnow Github2\ABP9.1.1\framework\src\Volo.Abp.Auditing.Contracts\bin\Debug\netstandard2.1\Volo.Abp.Auditing.Contracts.dll
  Volo.Abp.Uow -> E:\TreadSnow\TreadSnow Github2\ABP9.1.1\framework\src\Volo.Abp.Uow\bin\Debug\netstandard2.1\Volo.Abp.Uow.dll
  Volo.Abp.Uow -> E:\TreadSnow\TreadSnow Github2\ABP9.1.1\framework\src\Volo.Abp.Uow\bin\Debug\net9.0\Volo.Abp.Uow.dll
  Volo.Abp.Validation.Abstractions -> E:\TreadSnow\TreadSnow Github2\ABP9.1.1\framework\src\Volo.Abp.Validation.Abstractions\bin\Debug\netstandard2.0\Volo.Abp.Validation.Abstractions.dll
  Volo.Abp.Localization.Abstractions -> E:\TreadSnow\TreadSnow Github2\ABP9.1.1\framework\src\Volo.Abp.Localization.Abstractions\bin\Debug\netstandard2.0\Volo.Abp.Localization.Abstractions.dll
  Volo.Abp.Auditing.Contracts -> E:\TreadSnow\TreadSnow Github2\ABP9.1.1\framework\src\Volo.Abp.Auditing.Contracts\bin\Debug\net8.0\Volo.Abp.Auditing.Contracts.dll
  Volo.Abp.Threading -> E:\TreadSnow\TreadSnow Github2\ABP9.1.1\framework\src\Volo.Abp.Threading\bin\Debug\netstandard2.1\Volo.Abp.Threading.dll
  Volo.Abp.Validation.Abstractions -> E:\TreadSnow\TreadSnow Github2\ABP9.1.1\framework\src\Volo.Abp.Validation.Abstractions\bin\Debug\netstandard2.1\Volo.Abp.Validation.Abstractions.dll
  Volo.Abp.Uow -> E:\TreadSnow\TreadSnow Github2\ABP9.1.1\framework\src\Volo.Abp.Uow\bin\Debug\net8.0\Volo.Abp.Uow.dll
  Volo.Abp.Localization.Abstractions -> E:\TreadSnow\TreadSnow Github2\ABP9.1.1\framework\src\Volo.Abp.Localization.Abstractions\bin\Debug\net9.0\Volo.Abp.Localization.Abstractions.dll
  Volo.Abp.Security -> E:\TreadSnow\TreadSnow Github2\ABP9.1.1\framework\src\Volo.Abp.Security\bin\Debug\net8.0\Volo.Abp.Security.dll
  Volo.Abp.VirtualFileSystem -> E:\TreadSnow\TreadSnow Github2\ABP9.1.1\framework\src\Volo.Abp.VirtualFileSystem\bin\Debug\net8.0\Volo.Abp.VirtualFileSystem.dll
  Volo.Abp.VirtualFileSystem -> E:\TreadSnow\TreadSnow Github2\ABP9.1.1\framework\src\Volo.Abp.VirtualFileSystem\bin\Debug\netstandard2.1\Volo.Abp.VirtualFileSystem.dll
  Volo.Abp.Users.Domain.Shared -> E:\TreadSnow\TreadSnow Github2\ABP9.1.1\modules\users\src\Volo.Abp.Users.Domain.Shared\bin\Debug\net8.0\Volo.Abp.Users.Domain.Shared.dll
  Volo.Abp.Localization.Abstractions -> E:\TreadSnow\TreadSnow Github2\ABP9.1.1\framework\src\Volo.Abp.Localization.Abstractions\bin\Debug\net8.0\Volo.Abp.Localization.Abstractions.dll
  Volo.Abp.Validation.Abstractions -> E:\TreadSnow\TreadSnow Github2\ABP9.1.1\framework\src\Volo.Abp.Validation.Abstractions\bin\Debug\net8.0\Volo.Abp.Validation.Abstractions.dll
  Volo.Abp.Validation.Abstractions -> E:\TreadSnow\TreadSnow Github2\ABP9.1.1\framework\src\Volo.Abp.Validation.Abstractions\bin\Debug\net9.0\Volo.Abp.Validation.Abstractions.dll
  Volo.Abp.Threading -> E:\TreadSnow\TreadSnow Github2\ABP9.1.1\framework\src\Volo.Abp.Threading\bin\Debug\net8.0\Volo.Abp.Threading.dll
  Volo.Abp.Users.Domain.Shared -> E:\TreadSnow\TreadSnow Github2\ABP9.1.1\modules\users\src\Volo.Abp.Users.Domain.Shared\bin\Debug\net9.0\Volo.Abp.Users.Domain.Shared.dll
  Volo.Abp.ObjectExtending -> E:\TreadSnow\TreadSnow Github2\ABP9.1.1\framework\src\Volo.Abp.ObjectExtending\bin\Debug\netstandard2.0\Volo.Abp.ObjectExtending.dll
  Volo.Abp.ObjectExtending -> E:\TreadSnow\TreadSnow Github2\ABP9.1.1\framework\src\Volo.Abp.ObjectExtending\bin\Debug\netstandard2.1\Volo.Abp.ObjectExtending.dll
  Volo.Abp.ObjectExtending -> E:\TreadSnow\TreadSnow Github2\ABP9.1.1\framework\src\Volo.Abp.ObjectExtending\bin\Debug\net9.0\Volo.Abp.ObjectExtending.dll
  Volo.Abp.ObjectExtending -> E:\TreadSnow\TreadSnow Github2\ABP9.1.1\framework\src\Volo.Abp.ObjectExtending\bin\Debug\net8.0\Volo.Abp.ObjectExtending.dll
  Volo.Abp.EventBus.Abstractions -> E:\TreadSnow\TreadSnow Github2\ABP9.1.1\framework\src\Volo.Abp.EventBus.Abstractions\bin\Debug\netstandard2.0\Volo.Abp.EventBus.Abstractions.dll
  Volo.Abp.EventBus.Abstractions -> E:\TreadSnow\TreadSnow Github2\ABP9.1.1\framework\src\Volo.Abp.EventBus.Abstractions\bin\Debug\netstandard2.1\Volo.Abp.EventBus.Abstractions.dll
  Volo.Abp.EventBus.Abstractions -> E:\TreadSnow\TreadSnow Github2\ABP9.1.1\framework\src\Volo.Abp.EventBus.Abstractions\bin\Debug\net9.0\Volo.Abp.EventBus.Abstractions.dll
  Volo.Abp.EventBus.Abstractions -> E:\TreadSnow\TreadSnow Github2\ABP9.1.1\framework\src\Volo.Abp.EventBus.Abstractions\bin\Debug\net8.0\Volo.Abp.EventBus.Abstractions.dll
  Volo.Abp.Data -> E:\TreadSnow\TreadSnow Github2\ABP9.1.1\framework\src\Volo.Abp.Data\bin\Debug\net9.0\Volo.Abp.Data.dll
  Volo.Abp.Data -> E:\TreadSnow\TreadSnow Github2\ABP9.1.1\framework\src\Volo.Abp.Data\bin\Debug\netstandard2.1\Volo.Abp.Data.dll
  Volo.Abp.Settings -> E:\TreadSnow\TreadSnow Github2\ABP9.1.1\framework\src\Volo.Abp.Settings\bin\Debug\net9.0\Volo.Abp.Settings.dll
  Volo.Abp.Settings -> E:\TreadSnow\TreadSnow Github2\ABP9.1.1\framework\src\Volo.Abp.Settings\bin\Debug\netstandard2.1\Volo.Abp.Settings.dll
  Volo.Abp.Data -> E:\TreadSnow\TreadSnow Github2\ABP9.1.1\framework\src\Volo.Abp.Data\bin\Debug\netstandard2.0\Volo.Abp.Data.dll
  Volo.Abp.Localization -> E:\TreadSnow\TreadSnow Github2\ABP9.1.1\framework\src\Volo.Abp.Localization\bin\Debug\net9.0\Volo.Abp.Localization.dll
  Volo.Abp.Data -> E:\TreadSnow\TreadSnow Github2\ABP9.1.1\framework\src\Volo.Abp.Data\bin\Debug\net8.0\Volo.Abp.Data.dll
  Volo.Abp.Validation -> E:\TreadSnow\TreadSnow Github2\ABP9.1.1\framework\src\Volo.Abp.Validation\bin\Debug\net9.0\Volo.Abp.Validation.dll
  Volo.Abp.MultiTenancy.Abstractions -> E:\TreadSnow\TreadSnow Github2\ABP9.1.1\framework\src\Volo.Abp.MultiTenancy.Abstractions\bin\Debug\net9.0\Volo.Abp.MultiTenancy.Abstractions.dll
  Volo.Abp.Settings -> E:\TreadSnow\TreadSnow Github2\ABP9.1.1\framework\src\Volo.Abp.Settings\bin\Debug\netstandard2.0\Volo.Abp.Settings.dll
  Volo.Abp.Settings -> E:\TreadSnow\TreadSnow Github2\ABP9.1.1\framework\src\Volo.Abp.Settings\bin\Debug\net8.0\Volo.Abp.Settings.dll
  Volo.Abp.Localization -> E:\TreadSnow\TreadSnow Github2\ABP9.1.1\framework\src\Volo.Abp.Localization\bin\Debug\netstandard2.1\Volo.Abp.Localization.dll
  Volo.Abp.Authorization.Abstractions -> E:\TreadSnow\TreadSnow Github2\ABP9.1.1\framework\src\Volo.Abp.Authorization.Abstractions\bin\Debug\net9.0\Volo.Abp.Authorization.Abstractions.dll
  Volo.Abp.MultiTenancy -> E:\TreadSnow\TreadSnow Github2\ABP9.1.1\framework\src\Volo.Abp.MultiTenancy\bin\Debug\net9.0\Volo.Abp.MultiTenancy.dll
  Volo.Abp.MultiTenancy.Abstractions -> E:\TreadSnow\TreadSnow Github2\ABP9.1.1\framework\src\Volo.Abp.MultiTenancy.Abstractions\bin\Debug\netstandard2.1\Volo.Abp.MultiTenancy.Abstractions.dll
  Volo.Abp.Localization -> E:\TreadSnow\TreadSnow Github2\ABP9.1.1\framework\src\Volo.Abp.Localization\bin\Debug\net8.0\Volo.Abp.Localization.dll
  Volo.Abp.Localization -> E:\TreadSnow\TreadSnow Github2\ABP9.1.1\framework\src\Volo.Abp.Localization\bin\Debug\netstandard2.0\Volo.Abp.Localization.dll
  Volo.Abp.Authorization.Abstractions -> E:\TreadSnow\TreadSnow Github2\ABP9.1.1\framework\src\Volo.Abp.Authorization.Abstractions\bin\Debug\netstandard2.1\Volo.Abp.Authorization.Abstractions.dll
  Volo.Abp.Validation -> E:\TreadSnow\TreadSnow Github2\ABP9.1.1\framework\src\Volo.Abp.Validation\bin\Debug\net8.0\Volo.Abp.Validation.dll
  Volo.Abp.MultiTenancy -> E:\TreadSnow\TreadSnow Github2\ABP9.1.1\framework\src\Volo.Abp.MultiTenancy\bin\Debug\netstandard2.1\Volo.Abp.MultiTenancy.dll
  Volo.Abp.MultiTenancy.Abstractions -> E:\TreadSnow\TreadSnow Github2\ABP9.1.1\framework\src\Volo.Abp.MultiTenancy.Abstractions\bin\Debug\net8.0\Volo.Abp.MultiTenancy.Abstractions.dll
  Volo.Abp.Features -> E:\TreadSnow\TreadSnow Github2\ABP9.1.1\framework\src\Volo.Abp.Features\bin\Debug\net9.0\Volo.Abp.Features.dll
  Volo.Abp.Validation -> E:\TreadSnow\TreadSnow Github2\ABP9.1.1\framework\src\Volo.Abp.Validation\bin\Debug\netstandard2.1\Volo.Abp.Validation.dll
  Volo.Abp.Validation -> E:\TreadSnow\TreadSnow Github2\ABP9.1.1\framework\src\Volo.Abp.Validation\bin\Debug\netstandard2.0\Volo.Abp.Validation.dll
  Volo.Abp.Features -> E:\TreadSnow\TreadSnow Github2\ABP9.1.1\framework\src\Volo.Abp.Features\bin\Debug\netstandard2.1\Volo.Abp.Features.dll
  Volo.Abp.MultiTenancy.Abstractions -> E:\TreadSnow\TreadSnow Github2\ABP9.1.1\framework\src\Volo.Abp.MultiTenancy.Abstractions\bin\Debug\netstandard2.0\Volo.Abp.MultiTenancy.Abstractions.dll
  Volo.Abp.Authorization.Abstractions -> E:\TreadSnow\TreadSnow Github2\ABP9.1.1\framework\src\Volo.Abp.Authorization.Abstractions\bin\Debug\net8.0\Volo.Abp.Authorization.Abstractions.dll
  Volo.Abp.MultiTenancy -> E:\TreadSnow\TreadSnow Github2\ABP9.1.1\framework\src\Volo.Abp.MultiTenancy\bin\Debug\net8.0\Volo.Abp.MultiTenancy.dll
  Volo.Abp.Identity.Domain.Shared -> E:\TreadSnow\TreadSnow Github2\ABP9.1.1\modules\identity\src\Volo.Abp.Identity.Domain.Shared\bin\Debug\net9.0\Volo.Abp.Identity.Domain.Shared.dll
  Volo.Abp.Authorization.Abstractions -> E:\TreadSnow\TreadSnow Github2\ABP9.1.1\framework\src\Volo.Abp.Authorization.Abstractions\bin\Debug\netstandard2.0\Volo.Abp.Authorization.Abstractions.dll
  Volo.Abp.Identity.Domain.Shared -> E:\TreadSnow\TreadSnow Github2\ABP9.1.1\modules\identity\src\Volo.Abp.Identity.Domain.Shared\bin\Debug\netstandard2.1\Volo.Abp.Identity.Domain.Shared.dll
  Volo.Abp.MultiTenancy -> E:\TreadSnow\TreadSnow Github2\ABP9.1.1\framework\src\Volo.Abp.MultiTenancy\bin\Debug\netstandard2.0\Volo.Abp.MultiTenancy.dll
  Volo.Abp.ExceptionHandling -> E:\TreadSnow\TreadSnow Github2\ABP9.1.1\framework\src\Volo.Abp.ExceptionHandling\bin\Debug\net9.0\Volo.Abp.ExceptionHandling.dll
  Volo.Abp.Features -> E:\TreadSnow\TreadSnow Github2\ABP9.1.1\framework\src\Volo.Abp.Features\bin\Debug\net8.0\Volo.Abp.Features.dll
  Volo.Abp.Ddd.Domain.Shared -> E:\TreadSnow\TreadSnow Github2\ABP9.1.1\framework\src\Volo.Abp.Ddd.Domain.Shared\bin\Debug\net9.0\Volo.Abp.Ddd.Domain.Shared.dll
  Volo.Abp.Guids -> E:\TreadSnow\TreadSnow Github2\ABP9.1.1\framework\src\Volo.Abp.Guids\bin\Debug\net9.0\Volo.Abp.Guids.dll
  Volo.Abp.Timing -> E:\TreadSnow\TreadSnow Github2\ABP9.1.1\framework\src\Volo.Abp.Timing\bin\Debug\net9.0\Volo.Abp.Timing.dll
  Volo.Abp.Json.Abstractions -> E:\TreadSnow\TreadSnow Github2\ABP9.1.1\framework\src\Volo.Abp.Json.Abstractions\bin\Debug\netstandard2.1\Volo.Abp.Json.Abstractions.dll
  Volo.Abp.BackgroundWorkers -> E:\TreadSnow\TreadSnow Github2\ABP9.1.1\framework\src\Volo.Abp.BackgroundWorkers\bin\Debug\netstandard2.1\Volo.Abp.BackgroundWorkers.dll
  Volo.Abp.Guids -> E:\TreadSnow\TreadSnow Github2\ABP9.1.1\framework\src\Volo.Abp.Guids\bin\Debug\netstandard2.1\Volo.Abp.Guids.dll
  Volo.Abp.DistributedLocking.Abstractions -> E:\TreadSnow\TreadSnow Github2\ABP9.1.1\framework\src\Volo.Abp.DistributedLocking.Abstractions\bin\Debug\net9.0\Volo.Abp.DistributedLocking.Abstractions.dll
  Volo.Abp.Timing -> E:\TreadSnow\TreadSnow Github2\ABP9.1.1\framework\src\Volo.Abp.Timing\bin\Debug\netstandard2.1\Volo.Abp.Timing.dll
  Volo.Abp.DistributedLocking.Abstractions -> E:\TreadSnow\TreadSnow Github2\ABP9.1.1\framework\src\Volo.Abp.DistributedLocking.Abstractions\bin\Debug\netstandard2.1\Volo.Abp.DistributedLocking.Abstractions.dll
  Volo.Abp.Features -> E:\TreadSnow\TreadSnow Github2\ABP9.1.1\framework\src\Volo.Abp.Features\bin\Debug\netstandard2.0\Volo.Abp.Features.dll
  TreadSnow.Domain.Shared -> E:\TreadSnow\TreadSnow Github2\src\TreadSnow.Domain.Shared\bin\Debug\net9.0\TreadSnow.Domain.Shared.dll
  Volo.Abp.ObjectMapping -> E:\TreadSnow\TreadSnow Github2\ABP9.1.1\framework\src\Volo.Abp.ObjectMapping\bin\Debug\net9.0\Volo.Abp.ObjectMapping.dll
  Volo.Abp.Authorization -> E:\TreadSnow\TreadSnow Github2\ABP9.1.1\framework\src\Volo.Abp.Authorization\bin\Debug\netstandard2.1\Volo.Abp.Authorization.dll
  Volo.Abp.PermissionManagement.Domain.Shared -> E:\TreadSnow\TreadSnow Github2\ABP9.1.1\modules\permission-management\src\Volo.Abp.PermissionManagement.Domain.Shared\bin\Debug\netstandard2.1\Volo.Abp.PermissionManagement.Domain.Shared.dll
  Volo.Abp.Specifications -> E:\TreadSnow\TreadSnow Github2\ABP9.1.1\framework\src\Volo.Abp.Specifications\bin\Debug\net9.0\Volo.Abp.Specifications.dll
  Volo.Abp.BackgroundWorkers -> E:\TreadSnow\TreadSnow Github2\ABP9.1.1\framework\src\Volo.Abp.BackgroundWorkers\bin\Debug\net9.0\Volo.Abp.BackgroundWorkers.dll
  Volo.Abp.PermissionManagement.Domain.Shared -> E:\TreadSnow\TreadSnow Github2\ABP9.1.1\modules\permission-management\src\Volo.Abp.PermissionManagement.Domain.Shared\bin\Debug\net9.0\Volo.Abp.PermissionManagement.Domain.Shared.dll
  Volo.Abp.Ddd.Application.Contracts -> E:\TreadSnow\TreadSnow Github2\ABP9.1.1\framework\src\Volo.Abp.Ddd.Application.Contracts\bin\Debug\net9.0\Volo.Abp.Ddd.Application.Contracts.dll
  Volo.Abp.Json.Abstractions -> E:\TreadSnow\TreadSnow Github2\ABP9.1.1\framework\src\Volo.Abp.Json.Abstractions\bin\Debug\net9.0\Volo.Abp.Json.Abstractions.dll
  Volo.Abp.Identity.Domain.Shared -> E:\TreadSnow\TreadSnow Github2\ABP9.1.1\modules\identity\src\Volo.Abp.Identity.Domain.Shared\bin\Debug\netstandard2.0\Volo.Abp.Identity.Domain.Shared.dll
  Volo.Abp.Authorization -> E:\TreadSnow\TreadSnow Github2\ABP9.1.1\framework\src\Volo.Abp.Authorization\bin\Debug\net9.0\Volo.Abp.Authorization.dll
  Volo.Abp.Ddd.Application.Contracts -> E:\TreadSnow\TreadSnow Github2\ABP9.1.1\framework\src\Volo.Abp.Ddd.Application.Contracts\bin\Debug\netstandard2.1\Volo.Abp.Ddd.Application.Contracts.dll
  Volo.Abp.PermissionManagement.Application.Contracts -> E:\TreadSnow\TreadSnow Github2\ABP9.1.1\modules\permission-management\src\Volo.Abp.PermissionManagement.Application.Contracts\bin\Debug\net9.0\Volo.Abp.PermissionManagement.Application.Contracts.dll
  Volo.Abp.Guids -> E:\TreadSnow\TreadSnow Github2\ABP9.1.1\framework\src\Volo.Abp.Guids\bin\Debug\netstandard2.0\Volo.Abp.Guids.dll
  Volo.Abp.Identity.Domain.Shared -> E:\TreadSnow\TreadSnow Github2\ABP9.1.1\modules\identity\src\Volo.Abp.Identity.Domain.Shared\bin\Debug\net8.0\Volo.Abp.Identity.Domain.Shared.dll
  Volo.Abp.BackgroundWorkers -> E:\TreadSnow\TreadSnow Github2\ABP9.1.1\framework\src\Volo.Abp.BackgroundWorkers\bin\Debug\netstandard2.0\Volo.Abp.BackgroundWorkers.dll
  Volo.Abp.Ddd.Application.Contracts -> E:\TreadSnow\TreadSnow Github2\ABP9.1.1\framework\src\Volo.Abp.Ddd.Application.Contracts\bin\Debug\netstandard2.0\Volo.Abp.Ddd.Application.Contracts.dll
  Volo.Abp.Serialization -> E:\TreadSnow\TreadSnow Github2\ABP9.1.1\framework\src\Volo.Abp.Serialization\bin\Debug\net9.0\Volo.Abp.Serialization.dll
  Volo.Abp.Authorization -> E:\TreadSnow\TreadSnow Github2\ABP9.1.1\framework\src\Volo.Abp.Authorization\bin\Debug\netstandard2.0\Volo.Abp.Authorization.dll
  Volo.Abp.PermissionManagement.Domain.Shared -> E:\TreadSnow\TreadSnow Github2\ABP9.1.1\modules\permission-management\src\Volo.Abp.PermissionManagement.Domain.Shared\bin\Debug\netstandard2.0\Volo.Abp.PermissionManagement.Domain.Shared.dll
  Volo.Abp.DistributedLocking.Abstractions -> E:\TreadSnow\TreadSnow Github2\ABP9.1.1\framework\src\Volo.Abp.DistributedLocking.Abstractions\bin\Debug\net8.0\Volo.Abp.DistributedLocking.Abstractions.dll
  Volo.Abp.Json.Abstractions -> E:\TreadSnow\TreadSnow Github2\ABP9.1.1\framework\src\Volo.Abp.Json.Abstractions\bin\Debug\netstandard2.0\Volo.Abp.Json.Abstractions.dll
  Volo.Abp.PermissionManagement.Domain.Shared -> E:\TreadSnow\TreadSnow Github2\ABP9.1.1\modules\permission-management\src\Volo.Abp.PermissionManagement.Domain.Shared\bin\Debug\net8.0\Volo.Abp.PermissionManagement.Domain.Shared.dll
  Volo.Abp.Guids -> E:\TreadSnow\TreadSnow Github2\ABP9.1.1\framework\src\Volo.Abp.Guids\bin\Debug\net8.0\Volo.Abp.Guids.dll
  Volo.Abp.DistributedLocking.Abstractions -> E:\TreadSnow\TreadSnow Github2\ABP9.1.1\framework\src\Volo.Abp.DistributedLocking.Abstractions\bin\Debug\netstandard2.0\Volo.Abp.DistributedLocking.Abstractions.dll
  Volo.Abp.Ddd.Application.Contracts -> E:\TreadSnow\TreadSnow Github2\ABP9.1.1\framework\src\Volo.Abp.Ddd.Application.Contracts\bin\Debug\net8.0\Volo.Abp.Ddd.Application.Contracts.dll
  Volo.Abp.PermissionManagement.Application.Contracts -> E:\TreadSnow\TreadSnow Github2\ABP9.1.1\modules\permission-management\src\Volo.Abp.PermissionManagement.Application.Contracts\bin\Debug\netstandard2.1\Volo.Abp.PermissionManagement.Application.Contracts.dll
  Volo.Abp.BackgroundWorkers -> E:\TreadSnow\TreadSnow Github2\ABP9.1.1\framework\src\Volo.Abp.BackgroundWorkers\bin\Debug\net8.0\Volo.Abp.BackgroundWorkers.dll
  Volo.Abp.Json.SystemTextJson -> E:\TreadSnow\TreadSnow Github2\ABP9.1.1\framework\src\Volo.Abp.Json.SystemTextJson\bin\Debug\net9.0\Volo.Abp.Json.SystemTextJson.dll
  Volo.Abp.Json.SystemTextJson -> E:\TreadSnow\TreadSnow Github2\ABP9.1.1\framework\src\Volo.Abp.Json.SystemTextJson\bin\Debug\netstandard2.1\Volo.Abp.Json.SystemTextJson.dll
  Volo.Abp.Timing -> E:\TreadSnow\TreadSnow Github2\ABP9.1.1\framework\src\Volo.Abp.Timing\bin\Debug\net8.0\Volo.Abp.Timing.dll
  Volo.Abp.Json.Abstractions -> E:\TreadSnow\TreadSnow Github2\ABP9.1.1\framework\src\Volo.Abp.Json.Abstractions\bin\Debug\net8.0\Volo.Abp.Json.Abstractions.dll
  Volo.Abp.Json -> E:\TreadSnow\TreadSnow Github2\ABP9.1.1\framework\src\Volo.Abp.Json\bin\Debug\net9.0\Volo.Abp.Json.dll
  Volo.Abp.PermissionManagement.Application.Contracts -> E:\TreadSnow\TreadSnow Github2\ABP9.1.1\modules\permission-management\src\Volo.Abp.PermissionManagement.Application.Contracts\bin\Debug\net8.0\Volo.Abp.PermissionManagement.Application.Contracts.dll
  Volo.Abp.Json -> E:\TreadSnow\TreadSnow Github2\ABP9.1.1\framework\src\Volo.Abp.Json\bin\Debug\netstandard2.1\Volo.Abp.Json.dll
  Volo.Abp.Auditing -> E:\TreadSnow\TreadSnow Github2\ABP9.1.1\framework\src\Volo.Abp.Auditing\bin\Debug\net9.0\Volo.Abp.Auditing.dll
  Volo.Abp.PermissionManagement.Application.Contracts -> E:\TreadSnow\TreadSnow Github2\ABP9.1.1\modules\permission-management\src\Volo.Abp.PermissionManagement.Application.Contracts\bin\Debug\netstandard2.0\Volo.Abp.PermissionManagement.Application.Contracts.dll
  Volo.Abp.Caching -> E:\TreadSnow\TreadSnow Github2\ABP9.1.1\framework\src\Volo.Abp.Caching\bin\Debug\net9.0\Volo.Abp.Caching.dll
  Volo.Abp.EventBus -> E:\TreadSnow\TreadSnow Github2\ABP9.1.1\framework\src\Volo.Abp.EventBus\bin\Debug\net9.0\Volo.Abp.EventBus.dll
  Volo.Abp.Authorization -> E:\TreadSnow\TreadSnow Github2\ABP9.1.1\framework\src\Volo.Abp.Authorization\bin\Debug\net8.0\Volo.Abp.Authorization.dll
  Volo.Abp.Users.Abstractions -> E:\TreadSnow\TreadSnow Github2\ABP9.1.1\modules\users\src\Volo.Abp.Users.Abstractions\bin\Debug\net9.0\Volo.Abp.Users.Abstractions.dll
  Volo.Abp.Json.SystemTextJson -> E:\TreadSnow\TreadSnow Github2\ABP9.1.1\framework\src\Volo.Abp.Json.SystemTextJson\bin\Debug\net8.0\Volo.Abp.Json.SystemTextJson.dll
  Volo.Abp.Identity.Application.Contracts -> E:\TreadSnow\TreadSnow Github2\ABP9.1.1\modules\identity\src\Volo.Abp.Identity.Application.Contracts\bin\Debug\net9.0\Volo.Abp.Identity.Application.Contracts.dll
  Volo.Abp.Json -> E:\TreadSnow\TreadSnow Github2\ABP9.1.1\framework\src\Volo.Abp.Json\bin\Debug\net8.0\Volo.Abp.Json.dll
  Volo.Abp.Timing -> E:\TreadSnow\TreadSnow Github2\ABP9.1.1\framework\src\Volo.Abp.Timing\bin\Debug\netstandard2.0\Volo.Abp.Timing.dll
  Volo.Abp.EventBus -> E:\TreadSnow\TreadSnow Github2\ABP9.1.1\framework\src\Volo.Abp.EventBus\bin\Debug\netstandard2.1\Volo.Abp.EventBus.dll
  Volo.Abp.Http.Abstractions -> E:\TreadSnow\TreadSnow Github2\ABP9.1.1\framework\src\Volo.Abp.Http.Abstractions\bin\Debug\net9.0\Volo.Abp.Http.Abstractions.dll
  Volo.Abp.Ddd.Domain -> E:\TreadSnow\TreadSnow Github2\ABP9.1.1\framework\src\Volo.Abp.Ddd.Domain\bin\Debug\net9.0\Volo.Abp.Ddd.Domain.dll
  Volo.Abp.GlobalFeatures -> E:\TreadSnow\TreadSnow Github2\ABP9.1.1\framework\src\Volo.Abp.GlobalFeatures\bin\Debug\net9.0\Volo.Abp.GlobalFeatures.dll
  Volo.Abp.Json.SystemTextJson -> E:\TreadSnow\TreadSnow Github2\ABP9.1.1\framework\src\Volo.Abp.Json.SystemTextJson\bin\Debug\netstandard2.0\Volo.Abp.Json.SystemTextJson.dll
  Volo.Abp.AspNetCore.Mvc.Contracts -> E:\TreadSnow\TreadSnow Github2\ABP9.1.1\framework\src\Volo.Abp.AspNetCore.Mvc.Contracts\bin\Debug\net9.0\Volo.Abp.AspNetCore.Mvc.Contracts.dll
  Volo.Abp.Minify -> E:\TreadSnow\TreadSnow Github2\ABP9.1.1\framework\src\Volo.Abp.Minify\bin\Debug\net9.0\Volo.Abp.Minify.dll
  Volo.Abp.AspNetCore.Abstractions -> E:\TreadSnow\TreadSnow Github2\ABP9.1.1\framework\src\Volo.Abp.AspNetCore.Abstractions\bin\Debug\net9.0\Volo.Abp.AspNetCore.Abstractions.dll
  Volo.Abp.ApiVersioning.Abstractions -> E:\TreadSnow\TreadSnow Github2\ABP9.1.1\framework\src\Volo.Abp.ApiVersioning.Abstractions\bin\Debug\net9.0\Volo.Abp.ApiVersioning.Abstractions.dll
  Volo.Abp.Castle.Core -> E:\TreadSnow\TreadSnow Github2\ABP9.1.1\framework\src\Volo.Abp.Castle.Core\bin\Debug\net9.0\Volo.Abp.Castle.Core.dll
  Volo.Abp.Users.Domain -> E:\TreadSnow\TreadSnow Github2\ABP9.1.1\modules\users\src\Volo.Abp.Users.Domain\bin\Debug\net9.0\Volo.Abp.Users.Domain.dll
  Volo.Abp.RemoteServices -> E:\TreadSnow\TreadSnow Github2\ABP9.1.1\framework\src\Volo.Abp.RemoteServices\bin\Debug\net9.0\Volo.Abp.RemoteServices.dll
  Volo.Abp.Account.Application.Contracts -> E:\TreadSnow\TreadSnow Github2\ABP9.1.1\modules\account\src\Volo.Abp.Account.Application.Contracts\bin\Debug\net9.0\Volo.Abp.Account.Application.Contracts.dll
  Volo.Abp.Http -> E:\TreadSnow\TreadSnow Github2\ABP9.1.1\framework\src\Volo.Abp.Http\bin\Debug\net9.0\Volo.Abp.Http.dll
  Volo.Abp.Ddd.Application -> E:\TreadSnow\TreadSnow Github2\ABP9.1.1\framework\src\Volo.Abp.Ddd.Application\bin\Debug\net9.0\Volo.Abp.Ddd.Application.dll
  Volo.Abp.AutoMapper -> E:\TreadSnow\TreadSnow Github2\ABP9.1.1\framework\src\Volo.Abp.AutoMapper\bin\Debug\net9.0\Volo.Abp.AutoMapper.dll
  Volo.Abp.Json -> E:\TreadSnow\TreadSnow Github2\ABP9.1.1\framework\src\Volo.Abp.Json\bin\Debug\netstandard2.0\Volo.Abp.Json.dll
  Volo.Abp.TextTemplating.Core -> E:\TreadSnow\TreadSnow Github2\ABP9.1.1\framework\src\Volo.Abp.TextTemplating.Core\bin\Debug\net9.0\Volo.Abp.TextTemplating.Core.dll
  Volo.Abp.Users.Abstractions -> E:\TreadSnow\TreadSnow Github2\ABP9.1.1\modules\users\src\Volo.Abp.Users.Abstractions\bin\Debug\netstandard2.1\Volo.Abp.Users.Abstractions.dll
  Volo.Abp.BackgroundJobs.Abstractions -> E:\TreadSnow\TreadSnow Github2\ABP9.1.1\framework\src\Volo.Abp.BackgroundJobs.Abstractions\bin\Debug\net9.0\Volo.Abp.BackgroundJobs.Abstractions.dll
  Volo.Abp.TextTemplating.Scriban -> E:\TreadSnow\TreadSnow Github2\ABP9.1.1\framework\src\Volo.Abp.TextTemplating.Scriban\bin\Debug\net9.0\Volo.Abp.TextTemplating.Scriban.dll
  Volo.Abp.UI -> E:\TreadSnow\TreadSnow Github2\ABP9.1.1\framework\src\Volo.Abp.UI\bin\Debug\net9.0\Volo.Abp.UI.dll
  Volo.Abp.TextTemplating -> E:\TreadSnow\TreadSnow Github2\ABP9.1.1\framework\src\Volo.Abp.TextTemplating\bin\Debug\net9.0\Volo.Abp.TextTemplating.dll
  TreadSnow.Application.Contracts -> E:\TreadSnow\TreadSnow Github2\src\TreadSnow.Application.Contracts\bin\Debug\net9.0\TreadSnow.Application.Contracts.dll
  Volo.Abp.Emailing -> E:\TreadSnow\TreadSnow Github2\ABP9.1.1\framework\src\Volo.Abp.Emailing\bin\Debug\net9.0\Volo.Abp.Emailing.dll
  Volo.Abp.EventBus -> E:\TreadSnow\TreadSnow Github2\ABP9.1.1\framework\src\Volo.Abp.EventBus\bin\Debug\net8.0\Volo.Abp.EventBus.dll
  Volo.Abp.PermissionManagement.Domain -> E:\TreadSnow\TreadSnow Github2\ABP9.1.1\modules\permission-management\src\Volo.Abp.PermissionManagement.Domain\bin\Debug\net9.0\Volo.Abp.PermissionManagement.Domain.dll
  Volo.Abp.EventBus -> E:\TreadSnow\TreadSnow Github2\ABP9.1.1\framework\src\Volo.Abp.EventBus\bin\Debug\netstandard2.0\Volo.Abp.EventBus.dll
  Volo.Abp.UI.Navigation -> E:\TreadSnow\TreadSnow Github2\ABP9.1.1\framework\src\Volo.Abp.UI.Navigation\bin\Debug\net9.0\Volo.Abp.UI.Navigation.dll
  Volo.Abp.Identity.Application.Contracts -> E:\TreadSnow\TreadSnow Github2\ABP9.1.1\modules\identity\src\Volo.Abp.Identity.Application.Contracts\bin\Debug\netstandard2.1\Volo.Abp.Identity.Application.Contracts.dll
  Volo.Abp.Users.Abstractions -> E:\TreadSnow\TreadSnow Github2\ABP9.1.1\modules\users\src\Volo.Abp.Users.Abstractions\bin\Debug\net8.0\Volo.Abp.Users.Abstractions.dll
  Volo.Abp.Http.Abstractions -> E:\TreadSnow\TreadSnow Github2\ABP9.1.1\framework\src\Volo.Abp.Http.Abstractions\bin\Debug\netstandard2.1\Volo.Abp.Http.Abstractions.dll
  Volo.Abp.ExceptionHandling -> E:\TreadSnow\TreadSnow Github2\ABP9.1.1\framework\src\Volo.Abp.ExceptionHandling\bin\Debug\netstandard2.1\Volo.Abp.ExceptionHandling.dll
  Volo.Abp.Castle.Core -> E:\TreadSnow\TreadSnow Github2\ABP9.1.1\framework\src\Volo.Abp.Castle.Core\bin\Debug\netstandard2.1\Volo.Abp.Castle.Core.dll
  Volo.Abp.Minify -> E:\TreadSnow\TreadSnow Github2\ABP9.1.1\framework\src\Volo.Abp.Minify\bin\Debug\netstandard2.1\Volo.Abp.Minify.dll
  Volo.Abp.RemoteServices -> E:\TreadSnow\TreadSnow Github2\ABP9.1.1\framework\src\Volo.Abp.RemoteServices\bin\Debug\netstandard2.1\Volo.Abp.RemoteServices.dll
  Volo.Abp.Http -> E:\TreadSnow\TreadSnow Github2\ABP9.1.1\framework\src\Volo.Abp.Http\bin\Debug\netstandard2.1\Volo.Abp.Http.dll
  Volo.Abp.Account.Application.Contracts -> E:\TreadSnow\TreadSnow Github2\ABP9.1.1\modules\account\src\Volo.Abp.Account.Application.Contracts\bin\Debug\netstandard2.1\Volo.Abp.Account.Application.Contracts.dll
  Volo.Abp.Identity.Domain -> E:\TreadSnow\TreadSnow Github2\ABP9.1.1\modules\identity\src\Volo.Abp.Identity.Domain\bin\Debug\net9.0\Volo.Abp.Identity.Domain.dll
  Volo.Abp.Http.Client -> E:\TreadSnow\TreadSnow Github2\ABP9.1.1\framework\src\Volo.Abp.Http.Client\bin\Debug\net9.0\Volo.Abp.Http.Client.dll
  Volo.Abp.AspNetCore -> E:\TreadSnow\TreadSnow Github2\ABP9.1.1\framework\src\Volo.Abp.AspNetCore\bin\Debug\net9.0\Volo.Abp.AspNetCore.dll
  Volo.Abp.Users.Abstractions -> E:\TreadSnow\TreadSnow Github2\ABP9.1.1\modules\users\src\Volo.Abp.Users.Abstractions\bin\Debug\netstandard2.0\Volo.Abp.Users.Abstractions.dll
  TreadSnow.Domain -> E:\TreadSnow\TreadSnow Github2\src\TreadSnow.Domain\bin\Debug\net9.0\TreadSnow.Domain.dll
  Volo.Abp.EntityFrameworkCore -> E:\TreadSnow\TreadSnow Github2\ABP9.1.1\framework\src\Volo.Abp.EntityFrameworkCore\bin\Debug\net9.0\Volo.Abp.EntityFrameworkCore.dll
  Volo.Abp.Identity.HttpApi.Client -> E:\TreadSnow\TreadSnow Github2\ABP9.1.1\modules\identity\src\Volo.Abp.Identity.HttpApi.Client\bin\Debug\net9.0\Volo.Abp.Identity.HttpApi.Client.dll
  Volo.Abp.Account.HttpApi.Client -> E:\TreadSnow\TreadSnow Github2\ABP9.1.1\modules\account\src\Volo.Abp.Account.HttpApi.Client\bin\Debug\net9.0\Volo.Abp.Account.HttpApi.Client.dll
  Volo.Abp.AspNetCore.Mvc.UI.Bundling.Abstractions -> E:\TreadSnow\TreadSnow Github2\ABP9.1.1\framework\src\Volo.Abp.AspNetCore.Mvc.UI.Bundling.Abstractions\bin\Debug\net9.0\Volo.Abp.AspNetCore.Mvc.UI.Bundling.Abstractions.dll
  Volo.Abp.Identity.Application.Contracts -> E:\TreadSnow\TreadSnow Github2\ABP9.1.1\modules\identity\src\Volo.Abp.Identity.Application.Contracts\bin\Debug\net8.0\Volo.Abp.Identity.Application.Contracts.dll
  Volo.Abp.Http.Client -> E:\TreadSnow\TreadSnow Github2\ABP9.1.1\framework\src\Volo.Abp.Http.Client\bin\Debug\netstandard2.1\Volo.Abp.Http.Client.dll
  Volo.Abp.AspNetCore.Bundling -> E:\TreadSnow\TreadSnow Github2\ABP9.1.1\framework\src\Volo.Abp.AspNetCore.Bundling\bin\Debug\net9.0\Volo.Abp.AspNetCore.Bundling.dll
  Volo.Abp.PermissionManagement.Application -> E:\TreadSnow\TreadSnow Github2\ABP9.1.1\modules\permission-management\src\Volo.Abp.PermissionManagement.Application\bin\Debug\net9.0\Volo.Abp.PermissionManagement.Application.dll
  TreadSnow.HttpApi.Client -> E:\TreadSnow\TreadSnow Github2\src\TreadSnow.HttpApi.Client\bin\Debug\net9.0\TreadSnow.HttpApi.Client.dll
  Volo.Abp.ExceptionHandling -> E:\TreadSnow\TreadSnow Github2\ABP9.1.1\framework\src\Volo.Abp.ExceptionHandling\bin\Debug\net8.0\Volo.Abp.ExceptionHandling.dll
  Volo.Abp.Identity.Application -> E:\TreadSnow\TreadSnow Github2\ABP9.1.1\modules\identity\src\Volo.Abp.Identity.Application\bin\Debug\net9.0\Volo.Abp.Identity.Application.dll
  Volo.Abp.Http.Abstractions -> E:\TreadSnow\TreadSnow Github2\ABP9.1.1\framework\src\Volo.Abp.Http.Abstractions\bin\Debug\net8.0\Volo.Abp.Http.Abstractions.dll
  Volo.Abp.Users.EntityFrameworkCore -> E:\TreadSnow\TreadSnow Github2\ABP9.1.1\modules\users\src\Volo.Abp.Users.EntityFrameworkCore\bin\Debug\net9.0\Volo.Abp.Users.EntityFrameworkCore.dll
  Volo.Abp.Castle.Core -> E:\TreadSnow\TreadSnow Github2\ABP9.1.1\framework\src\Volo.Abp.Castle.Core\bin\Debug\net8.0\Volo.Abp.Castle.Core.dll
  Volo.Abp.Account.HttpApi.Client -> E:\TreadSnow\TreadSnow Github2\ABP9.1.1\modules\account\src\Volo.Abp.Account.HttpApi.Client\bin\Debug\netstandard2.1\Volo.Abp.Account.HttpApi.Client.dll
  Volo.Abp.Identity.HttpApi.Client -> E:\TreadSnow\TreadSnow Github2\ABP9.1.1\modules\identity\src\Volo.Abp.Identity.HttpApi.Client\bin\Debug\netstandard2.1\Volo.Abp.Identity.HttpApi.Client.dll
  TreadSnow.HttpApi.Client.ConsoleTestApp -> E:\TreadSnow\TreadSnow Github2\test\TreadSnow.HttpApi.Client.ConsoleTestApp\bin\Debug\net9.0\TreadSnow.HttpApi.Client.ConsoleTestApp.dll
  Volo.Abp.AspNetCore.Mvc.UI.Packages -> E:\TreadSnow\TreadSnow Github2\ABP9.1.1\framework\src\Volo.Abp.AspNetCore.Mvc.UI.Packages\bin\Debug\net9.0\Volo.Abp.AspNetCore.Mvc.UI.Packages.dll
  Volo.Abp.Account.Application -> E:\TreadSnow\TreadSnow Github2\ABP9.1.1\modules\account\src\Volo.Abp.Account.Application\bin\Debug\net9.0\Volo.Abp.Account.Application.dll
  Volo.Abp.Minify -> E:\TreadSnow\TreadSnow Github2\ABP9.1.1\framework\src\Volo.Abp.Minify\bin\Debug\net8.0\Volo.Abp.Minify.dll
  Volo.Abp.Account.Application.Contracts -> E:\TreadSnow\TreadSnow Github2\ABP9.1.1\modules\account\src\Volo.Abp.Account.Application.Contracts\bin\Debug\net8.0\Volo.Abp.Account.Application.Contracts.dll
  Volo.Abp.RemoteServices -> E:\TreadSnow\TreadSnow Github2\ABP9.1.1\framework\src\Volo.Abp.RemoteServices\bin\Debug\net8.0\Volo.Abp.RemoteServices.dll
  Volo.Abp.Identity.Application.Contracts -> E:\TreadSnow\TreadSnow Github2\ABP9.1.1\modules\identity\src\Volo.Abp.Identity.Application.Contracts\bin\Debug\netstandard2.0\Volo.Abp.Identity.Application.Contracts.dll
  Volo.Abp.Identity.EntityFrameworkCore -> E:\TreadSnow\TreadSnow Github2\ABP9.1.1\modules\identity\src\Volo.Abp.Identity.EntityFrameworkCore\bin\Debug\net9.0\Volo.Abp.Identity.EntityFrameworkCore.dll
  Volo.Abp.Minify -> E:\TreadSnow\TreadSnow Github2\ABP9.1.1\framework\src\Volo.Abp.Minify\bin\Debug\netstandard2.0\Volo.Abp.Minify.dll
  Volo.Abp.Castle.Core -> E:\TreadSnow\TreadSnow Github2\ABP9.1.1\framework\src\Volo.Abp.Castle.Core\bin\Debug\netstandard2.0\Volo.Abp.Castle.Core.dll
  Volo.Abp.Identity.AspNetCore -> E:\TreadSnow\TreadSnow Github2\ABP9.1.1\modules\identity\src\Volo.Abp.Identity.AspNetCore\bin\Debug\net9.0\Volo.Abp.Identity.AspNetCore.dll
  Volo.Abp.ExceptionHandling -> E:\TreadSnow\TreadSnow Github2\ABP9.1.1\framework\src\Volo.Abp.ExceptionHandling\bin\Debug\netstandard2.0\Volo.Abp.ExceptionHandling.dll
  Volo.Abp.RemoteServices -> E:\TreadSnow\TreadSnow Github2\ABP9.1.1\framework\src\Volo.Abp.RemoteServices\bin\Debug\netstandard2.0\Volo.Abp.RemoteServices.dll
  Volo.Abp.Account.Application.Contracts -> E:\TreadSnow\TreadSnow Github2\ABP9.1.1\modules\account\src\Volo.Abp.Account.Application.Contracts\bin\Debug\netstandard2.0\Volo.Abp.Account.Application.Contracts.dll
  Volo.Abp.Http.Abstractions -> E:\TreadSnow\TreadSnow Github2\ABP9.1.1\framework\src\Volo.Abp.Http.Abstractions\bin\Debug\netstandard2.0\Volo.Abp.Http.Abstractions.dll
  TreadSnow.Application -> E:\TreadSnow\TreadSnow Github2\src\TreadSnow.Application\bin\Debug\net9.0\TreadSnow.Application.dll
  TreadSnow.EntityFrameworkCore -> E:\TreadSnow\TreadSnow Github2\src\TreadSnow.EntityFrameworkCore\bin\Debug\net9.0\TreadSnow.EntityFrameworkCore.dll
  Volo.Abp.Http -> E:\TreadSnow\TreadSnow Github2\ABP9.1.1\framework\src\Volo.Abp.Http\bin\Debug\net8.0\Volo.Abp.Http.dll
  Volo.Abp.AspNetCore.Mvc -> E:\TreadSnow\TreadSnow Github2\ABP9.1.1\framework\src\Volo.Abp.AspNetCore.Mvc\bin\Debug\net9.0\Volo.Abp.AspNetCore.Mvc.dll
  Volo.Abp.Http -> E:\TreadSnow\TreadSnow Github2\ABP9.1.1\framework\src\Volo.Abp.Http\bin\Debug\netstandard2.0\Volo.Abp.Http.dll
  TreadSnow.DbMigrator -> E:\TreadSnow\TreadSnow Github2\src\TreadSnow.DbMigrator\bin\Debug\net9.0\TreadSnow.DbMigrator.dll
  Volo.Abp.Http.Client -> E:\TreadSnow\TreadSnow Github2\ABP9.1.1\framework\src\Volo.Abp.Http.Client\bin\Debug\net8.0\Volo.Abp.Http.Client.dll
  Volo.Abp.Http.Client -> E:\TreadSnow\TreadSnow Github2\ABP9.1.1\framework\src\Volo.Abp.Http.Client\bin\Debug\netstandard2.0\Volo.Abp.Http.Client.dll
  Volo.Abp.AspNetCore.Mvc.UI -> E:\TreadSnow\TreadSnow Github2\ABP9.1.1\framework\src\Volo.Abp.AspNetCore.Mvc.UI\bin\Debug\net9.0\Volo.Abp.AspNetCore.Mvc.UI.dll
  Volo.Abp.Identity.HttpApi.Client -> E:\TreadSnow\TreadSnow Github2\ABP9.1.1\modules\identity\src\Volo.Abp.Identity.HttpApi.Client\bin\Debug\net8.0\Volo.Abp.Identity.HttpApi.Client.dll
  Volo.Abp.Account.HttpApi.Client -> E:\TreadSnow\TreadSnow Github2\ABP9.1.1\modules\account\src\Volo.Abp.Account.HttpApi.Client\bin\Debug\net8.0\Volo.Abp.Account.HttpApi.Client.dll
  Volo.Abp.Identity.HttpApi.Client -> E:\TreadSnow\TreadSnow Github2\ABP9.1.1\modules\identity\src\Volo.Abp.Identity.HttpApi.Client\bin\Debug\netstandard2.0\Volo.Abp.Identity.HttpApi.Client.dll
  Volo.Abp.Identity.HttpApi -> E:\TreadSnow\TreadSnow Github2\ABP9.1.1\modules\identity\src\Volo.Abp.Identity.HttpApi\bin\Debug\net9.0\Volo.Abp.Identity.HttpApi.dll
  Volo.Abp.Account.HttpApi.Client -> E:\TreadSnow\TreadSnow Github2\ABP9.1.1\modules\account\src\Volo.Abp.Account.HttpApi.Client\bin\Debug\netstandard2.0\Volo.Abp.Account.HttpApi.Client.dll
  TreadSnow.Domain.Tests -> E:\TreadSnow\TreadSnow Github2\test\TreadSnow.Domain.Tests\bin\Debug\net9.0\TreadSnow.Domain.Tests.dll
  Volo.Abp.Account.HttpApi -> E:\TreadSnow\TreadSnow Github2\ABP9.1.1\modules\account\src\Volo.Abp.Account.HttpApi\bin\Debug\net9.0\Volo.Abp.Account.HttpApi.dll
  Volo.Abp.AspNetCore.Mvc.UI.Bootstrap -> E:\TreadSnow\TreadSnow Github2\ABP9.1.1\framework\src\Volo.Abp.AspNetCore.Mvc.UI.Bootstrap\bin\Debug\net9.0\Volo.Abp.AspNetCore.Mvc.UI.Bootstrap.dll
  TreadSnow.HttpApi -> E:\TreadSnow\TreadSnow Github2\src\TreadSnow.HttpApi\bin\Debug\net9.0\TreadSnow.HttpApi.dll
  Volo.Abp.AspNetCore.Mvc.UI.Bundling -> E:\TreadSnow\TreadSnow Github2\ABP9.1.1\framework\src\Volo.Abp.AspNetCore.Mvc.UI.Bundling\bin\Debug\net9.0\Volo.Abp.AspNetCore.Mvc.UI.Bundling.dll
  TreadSnow.Application.Tests -> E:\TreadSnow\TreadSnow Github2\test\TreadSnow.Application.Tests\bin\Debug\net9.0\TreadSnow.Application.Tests.dll
  Volo.Abp.AspNetCore.Mvc.UI.Widgets -> E:\TreadSnow\TreadSnow Github2\ABP9.1.1\framework\src\Volo.Abp.AspNetCore.Mvc.UI.Widgets\bin\Debug\net9.0\Volo.Abp.AspNetCore.Mvc.UI.Widgets.dll
  TreadSnow.EntityFrameworkCore.Tests -> E:\TreadSnow\TreadSnow Github2\test\TreadSnow.EntityFrameworkCore.Tests\bin\Debug\net9.0\TreadSnow.EntityFrameworkCore.Tests.dll
  Volo.Abp.AspNetCore.Mvc.UI.Theme.Shared -> E:\TreadSnow\TreadSnow Github2\ABP9.1.1\framework\src\Volo.Abp.AspNetCore.Mvc.UI.Theme.Shared\bin\Debug\net9.0\Volo.Abp.AspNetCore.Mvc.UI.Theme.Shared.dll
  Volo.Abp.Account.Web -> E:\TreadSnow\TreadSnow Github2\ABP9.1.1\modules\account\src\Volo.Abp.Account.Web\bin\Debug\net9.0\Volo.Abp.Account.Web.dll
  Volo.Abp.OpenIddict.Domain.Shared -> E:\TreadSnow\TreadSnow Github2\ABP9.1.1\modules\openiddict\src\Volo.Abp.OpenIddict.Domain.Shared\bin\Debug\net9.0\Volo.Abp.OpenIddict.Domain.Shared.dll
  Volo.Abp.AspNetCore.MultiTenancy -> E:\TreadSnow\TreadSnow Github2\ABP9.1.1\framework\src\Volo.Abp.AspNetCore.MultiTenancy\bin\Debug\net9.0\Volo.Abp.AspNetCore.MultiTenancy.dll
  Volo.Abp.OpenIddict.Domain -> E:\TreadSnow\TreadSnow Github2\ABP9.1.1\modules\openiddict\src\Volo.Abp.OpenIddict.Domain\bin\Debug\net9.0\Volo.Abp.OpenIddict.Domain.dll
  Volo.Abp.OpenIddict.AspNetCore -> E:\TreadSnow\TreadSnow Github2\ABP9.1.1\modules\openiddict\src\Volo.Abp.OpenIddict.AspNetCore\bin\Debug\net9.0\Volo.Abp.OpenIddict.AspNetCore.dll
C:\Users\90656\.nuget\packages\microsoft.extensions.fileproviders.embedded\9.0.0\build\netstandard2.0\Microsoft.Extensions.FileProviders.Embedded.targets(19,5): warning : GenerateEmbeddedFilesManifest was set, but no EmbeddedResource items were found that could be added to the manifest. [E:\TreadSnow\TreadSnow Github2\ABP9.1.1\modules\account\src\Volo.Abp.Account.Web.OpenIddict\Volo.Abp.Account.Web.OpenIddict.csproj]
  Volo.Abp.Account.Web.OpenIddict -> E:\TreadSnow\TreadSnow Github2\ABP9.1.1\modules\account\src\Volo.Abp.Account.Web.OpenIddict\bin\Debug\net9.0\Volo.Abp.Account.Web.OpenIddict.dll
  Volo.Abp.MailKit -> E:\TreadSnow\TreadSnow Github2\ABP9.1.1\framework\src\Volo.Abp.MailKit\bin\Debug\net9.0\Volo.Abp.MailKit.dll
C:\Program Files\dotnet\sdk\9.0.202\Microsoft.Common.CurrentVersion.targets(5063,5): warning MSB3026: Could not copy "E:\TreadSnow\TreadSnow Github2\src\TreadSnow.EntityFrameworkCore\bin\Debug\net9.0\TreadSnow.EntityFrameworkCore.dll" to "bin\Debug\net9.0\TreadSnow.EntityFrameworkCore.dll". Beginning retry 1 in 1000ms. The process cannot access the file 'E:\TreadSnow\TreadSnow Github2\src\TreadSnow.HttpApi.Host\bin\Debug\net9.0\TreadSnow.EntityFrameworkCore.dll' because it is being used by another process. The file is locked by: "TreadSnow.HttpApi.Host (46584)" [E:\TreadSnow\TreadSnow Github2\src\TreadSnow.HttpApi.Host\TreadSnow.HttpApi.Host.csproj]
C:\Program Files\dotnet\sdk\9.0.202\Microsoft.Common.CurrentVersion.targets(5063,5): warning MSB3026: Could not copy "E:\TreadSnow\TreadSnow Github2\src\TreadSnow.Application.Contracts\bin\Debug\net9.0\TreadSnow.Application.Contracts.dll" to "bin\Debug\net9.0\TreadSnow.Application.Contracts.dll". Beginning retry 1 in 1000ms. The process cannot access the file 'E:\TreadSnow\TreadSnow Github2\src\TreadSnow.HttpApi.Host\bin\Debug\net9.0\TreadSnow.Application.Contracts.dll' because it is being used by another process. The file is locked by: "TreadSnow.HttpApi.Host (46584)" [E:\TreadSnow\TreadSnow Github2\src\TreadSnow.HttpApi.Host\TreadSnow.HttpApi.Host.csproj]
C:\Program Files\dotnet\sdk\9.0.202\Microsoft.Common.CurrentVersion.targets(5063,5): warning MSB3026: Could not copy "E:\TreadSnow\TreadSnow Github2\src\TreadSnow.Domain.Shared\bin\Debug\net9.0\TreadSnow.Domain.Shared.dll" to "bin\Debug\net9.0\TreadSnow.Domain.Shared.dll". Beginning retry 1 in 1000ms. The process cannot access the file 'E:\TreadSnow\TreadSnow Github2\src\TreadSnow.HttpApi.Host\bin\Debug\net9.0\TreadSnow.Domain.Shared.dll' because it is being used by another process. The file is locked by: "TreadSnow.HttpApi.Host (46584)" [E:\TreadSnow\TreadSnow Github2\src\TreadSnow.HttpApi.Host\TreadSnow.HttpApi.Host.csproj]
C:\Program Files\dotnet\sdk\9.0.202\Microsoft.Common.CurrentVersion.targets(5063,5): warning MSB3026: Could not copy "E:\TreadSnow\TreadSnow Github2\src\TreadSnow.HttpApi\bin\Debug\net9.0\TreadSnow.HttpApi.dll" to "bin\Debug\net9.0\TreadSnow.HttpApi.dll". Beginning retry 1 in 1000ms. The process cannot access the file 'E:\TreadSnow\TreadSnow Github2\src\TreadSnow.HttpApi.Host\bin\Debug\net9.0\TreadSnow.HttpApi.dll' because it is being used by another process. The file is locked by: "TreadSnow.HttpApi.Host (46584)" [E:\TreadSnow\TreadSnow Github2\src\TreadSnow.HttpApi.Host\TreadSnow.HttpApi.Host.csproj]
C:\Program Files\dotnet\sdk\9.0.202\Microsoft.Common.CurrentVersion.targets(5063,5): warning MSB3026: Could not copy "E:\TreadSnow\TreadSnow Github2\src\TreadSnow.Application\bin\Debug\net9.0\TreadSnow.Application.dll" to "bin\Debug\net9.0\TreadSnow.Application.dll". Beginning retry 1 in 1000ms. The process cannot access the file 'E:\TreadSnow\TreadSnow Github2\src\TreadSnow.HttpApi.Host\bin\Debug\net9.0\TreadSnow.Application.dll' because it is being used by another process. The file is locked by: "TreadSnow.HttpApi.Host (46584)" [E:\TreadSnow\TreadSnow Github2\src\TreadSnow.HttpApi.Host\TreadSnow.HttpApi.Host.csproj]
C:\Program Files\dotnet\sdk\9.0.202\Microsoft.Common.CurrentVersion.targets(5063,5): warning MSB3026: Could not copy "E:\TreadSnow\TreadSnow Github2\src\TreadSnow.Domain\bin\Debug\net9.0\TreadSnow.Domain.dll" to "bin\Debug\net9.0\TreadSnow.Domain.dll". Beginning retry 1 in 1000ms. The process cannot access the file 'E:\TreadSnow\TreadSnow Github2\src\TreadSnow.HttpApi.Host\bin\Debug\net9.0\TreadSnow.Domain.dll' because it is being used by another process. The file is locked by: "TreadSnow.HttpApi.Host (46584)" [E:\TreadSnow\TreadSnow Github2\src\TreadSnow.HttpApi.Host\TreadSnow.HttpApi.Host.csproj]
C:\Program Files\dotnet\sdk\9.0.202\Microsoft.Common.CurrentVersion.targets(5063,5): warning MSB3026: Could not copy "E:\TreadSnow\TreadSnow Github2\src\TreadSnow.EntityFrameworkCore\bin\Debug\net9.0\TreadSnow.EntityFrameworkCore.dll" to "bin\Debug\net9.0\TreadSnow.EntityFrameworkCore.dll". Beginning retry 2 in 1000ms. The process cannot access the file 'E:\TreadSnow\TreadSnow Github2\src\TreadSnow.HttpApi.Host\bin\Debug\net9.0\TreadSnow.EntityFrameworkCore.dll' because it is being used by another process. The file is locked by: "TreadSnow.HttpApi.Host (46584)" [E:\TreadSnow\TreadSnow Github2\src\TreadSnow.HttpApi.Host\TreadSnow.HttpApi.Host.csproj]
C:\Program Files\dotnet\sdk\9.0.202\Microsoft.Common.CurrentVersion.targets(5063,5): warning MSB3026: Could not copy "E:\TreadSnow\TreadSnow Github2\src\TreadSnow.Domain.Shared\bin\Debug\net9.0\TreadSnow.Domain.Shared.dll" to "bin\Debug\net9.0\TreadSnow.Domain.Shared.dll". Beginning retry 2 in 1000ms. The process cannot access the file 'E:\TreadSnow\TreadSnow Github2\src\TreadSnow.HttpApi.Host\bin\Debug\net9.0\TreadSnow.Domain.Shared.dll' because it is being used by another process. The file is locked by: "TreadSnow.HttpApi.Host (46584)" [E:\TreadSnow\TreadSnow Github2\src\TreadSnow.HttpApi.Host\TreadSnow.HttpApi.Host.csproj]
C:\Program Files\dotnet\sdk\9.0.202\Microsoft.Common.CurrentVersion.targets(5063,5): warning MSB3026: Could not copy "E:\TreadSnow\TreadSnow Github2\src\TreadSnow.Application.Contracts\bin\Debug\net9.0\TreadSnow.Application.Contracts.dll" to "bin\Debug\net9.0\TreadSnow.Application.Contracts.dll". Beginning retry 2 in 1000ms. The process cannot access the file 'E:\TreadSnow\TreadSnow Github2\src\TreadSnow.HttpApi.Host\bin\Debug\net9.0\TreadSnow.Application.Contracts.dll' because it is being used by another process. The file is locked by: "TreadSnow.HttpApi.Host (46584)" [E:\TreadSnow\TreadSnow Github2\src\TreadSnow.HttpApi.Host\TreadSnow.HttpApi.Host.csproj]
C:\Program Files\dotnet\sdk\9.0.202\Microsoft.Common.CurrentVersion.targets(5063,5): warning MSB3026: Could not copy "E:\TreadSnow\TreadSnow Github2\src\TreadSnow.Application\bin\Debug\net9.0\TreadSnow.Application.dll" to "bin\Debug\net9.0\TreadSnow.Application.dll". Beginning retry 2 in 1000ms. The process cannot access the file 'E:\TreadSnow\TreadSnow Github2\src\TreadSnow.HttpApi.Host\bin\Debug\net9.0\TreadSnow.Application.dll' because it is being used by another process. The file is locked by: "TreadSnow.HttpApi.Host (46584)" [E:\TreadSnow\TreadSnow Github2\src\TreadSnow.HttpApi.Host\TreadSnow.HttpApi.Host.csproj]
C:\Program Files\dotnet\sdk\9.0.202\Microsoft.Common.CurrentVersion.targets(5063,5): warning MSB3026: Could not copy "E:\TreadSnow\TreadSnow Github2\src\TreadSnow.HttpApi\bin\Debug\net9.0\TreadSnow.HttpApi.dll" to "bin\Debug\net9.0\TreadSnow.HttpApi.dll". Beginning retry 2 in 1000ms. The process cannot access the file 'E:\TreadSnow\TreadSnow Github2\src\TreadSnow.HttpApi.Host\bin\Debug\net9.0\TreadSnow.HttpApi.dll' because it is being used by another process. The file is locked by: "TreadSnow.HttpApi.Host (46584)" [E:\TreadSnow\TreadSnow Github2\src\TreadSnow.HttpApi.Host\TreadSnow.HttpApi.Host.csproj]
C:\Program Files\dotnet\sdk\9.0.202\Microsoft.Common.CurrentVersion.targets(5063,5): warning MSB3026: Could not copy "E:\TreadSnow\TreadSnow Github2\src\TreadSnow.Domain\bin\Debug\net9.0\TreadSnow.Domain.dll" to "bin\Debug\net9.0\TreadSnow.Domain.dll". Beginning retry 2 in 1000ms. The process cannot access the file 'E:\TreadSnow\TreadSnow Github2\src\TreadSnow.HttpApi.Host\bin\Debug\net9.0\TreadSnow.Domain.dll' because it is being used by another process. The file is locked by: "TreadSnow.HttpApi.Host (46584)" [E:\TreadSnow\TreadSnow Github2\src\TreadSnow.HttpApi.Host\TreadSnow.HttpApi.Host.csproj]
C:\Program Files\dotnet\sdk\9.0.202\Microsoft.Common.CurrentVersion.targets(5063,5): warning MSB3026: Could not copy "E:\TreadSnow\TreadSnow Github2\src\TreadSnow.EntityFrameworkCore\bin\Debug\net9.0\TreadSnow.EntityFrameworkCore.dll" to "bin\Debug\net9.0\TreadSnow.EntityFrameworkCore.dll". Beginning retry 3 in 1000ms. The process cannot access the file 'E:\TreadSnow\TreadSnow Github2\src\TreadSnow.HttpApi.Host\bin\Debug\net9.0\TreadSnow.EntityFrameworkCore.dll' because it is being used by another process. The file is locked by: "TreadSnow.HttpApi.Host (46584)" [E:\TreadSnow\TreadSnow Github2\src\TreadSnow.HttpApi.Host\TreadSnow.HttpApi.Host.csproj]
C:\Program Files\dotnet\sdk\9.0.202\Microsoft.Common.CurrentVersion.targets(5063,5): warning MSB3026: Could not copy "E:\TreadSnow\TreadSnow Github2\src\TreadSnow.Domain.Shared\bin\Debug\net9.0\TreadSnow.Domain.Shared.dll" to "bin\Debug\net9.0\TreadSnow.Domain.Shared.dll". Beginning retry 3 in 1000ms. The process cannot access the file 'E:\TreadSnow\TreadSnow Github2\src\TreadSnow.HttpApi.Host\bin\Debug\net9.0\TreadSnow.Domain.Shared.dll' because it is being used by another process. The file is locked by: "TreadSnow.HttpApi.Host (46584)" [E:\TreadSnow\TreadSnow Github2\src\TreadSnow.HttpApi.Host\TreadSnow.HttpApi.Host.csproj]
C:\Program Files\dotnet\sdk\9.0.202\Microsoft.Common.CurrentVersion.targets(5063,5): warning MSB3026: Could not copy "E:\TreadSnow\TreadSnow Github2\src\TreadSnow.Application.Contracts\bin\Debug\net9.0\TreadSnow.Application.Contracts.dll" to "bin\Debug\net9.0\TreadSnow.Application.Contracts.dll". Beginning retry 3 in 1000ms. The process cannot access the file 'E:\TreadSnow\TreadSnow Github2\src\TreadSnow.HttpApi.Host\bin\Debug\net9.0\TreadSnow.Application.Contracts.dll' because it is being used by another process. The file is locked by: "TreadSnow.HttpApi.Host (46584)" [E:\TreadSnow\TreadSnow Github2\src\TreadSnow.HttpApi.Host\TreadSnow.HttpApi.Host.csproj]
C:\Program Files\dotnet\sdk\9.0.202\Microsoft.Common.CurrentVersion.targets(5063,5): warning MSB3026: Could not copy "E:\TreadSnow\TreadSnow Github2\src\TreadSnow.Application\bin\Debug\net9.0\TreadSnow.Application.dll" to "bin\Debug\net9.0\TreadSnow.Application.dll". Beginning retry 3 in 1000ms. The process cannot access the file 'E:\TreadSnow\TreadSnow Github2\src\TreadSnow.HttpApi.Host\bin\Debug\net9.0\TreadSnow.Application.dll' because it is being used by another process. The file is locked by: "TreadSnow.HttpApi.Host (46584)" [E:\TreadSnow\TreadSnow Github2\src\TreadSnow.HttpApi.Host\TreadSnow.HttpApi.Host.csproj]
C:\Program Files\dotnet\sdk\9.0.202\Microsoft.Common.CurrentVersion.targets(5063,5): warning MSB3026: Could not copy "E:\TreadSnow\TreadSnow Github2\src\TreadSnow.HttpApi\bin\Debug\net9.0\TreadSnow.HttpApi.dll" to "bin\Debug\net9.0\TreadSnow.HttpApi.dll". Beginning retry 3 in 1000ms. The process cannot access the file 'E:\TreadSnow\TreadSnow Github2\src\TreadSnow.HttpApi.Host\bin\Debug\net9.0\TreadSnow.HttpApi.dll' because it is being used by another process. The file is locked by: "TreadSnow.HttpApi.Host (46584)" [E:\TreadSnow\TreadSnow Github2\src\TreadSnow.HttpApi.Host\TreadSnow.HttpApi.Host.csproj]
C:\Program Files\dotnet\sdk\9.0.202\Microsoft.Common.CurrentVersion.targets(5063,5): warning MSB3026: Could not copy "E:\TreadSnow\TreadSnow Github2\src\TreadSnow.Domain\bin\Debug\net9.0\TreadSnow.Domain.dll" to "bin\Debug\net9.0\TreadSnow.Domain.dll". Beginning retry 3 in 1000ms. The process cannot access the file 'E:\TreadSnow\TreadSnow Github2\src\TreadSnow.HttpApi.Host\bin\Debug\net9.0\TreadSnow.Domain.dll' because it is being used by another process. The file is locked by: "TreadSnow.HttpApi.Host (46584)" [E:\TreadSnow\TreadSnow Github2\src\TreadSnow.HttpApi.Host\TreadSnow.HttpApi.Host.csproj]
C:\Program Files\dotnet\sdk\9.0.202\Microsoft.Common.CurrentVersion.targets(5063,5): warning MSB3026: Could not copy "E:\TreadSnow\TreadSnow Github2\src\TreadSnow.EntityFrameworkCore\bin\Debug\net9.0\TreadSnow.EntityFrameworkCore.dll" to "bin\Debug\net9.0\TreadSnow.EntityFrameworkCore.dll". Beginning retry 4 in 1000ms. The process cannot access the file 'E:\TreadSnow\TreadSnow Github2\src\TreadSnow.HttpApi.Host\bin\Debug\net9.0\TreadSnow.EntityFrameworkCore.dll' because it is being used by another process. The file is locked by: "TreadSnow.HttpApi.Host (46584)" [E:\TreadSnow\TreadSnow Github2\src\TreadSnow.HttpApi.Host\TreadSnow.HttpApi.Host.csproj]
C:\Program Files\dotnet\sdk\9.0.202\Microsoft.Common.CurrentVersion.targets(5063,5): warning MSB3026: Could not copy "E:\TreadSnow\TreadSnow Github2\src\TreadSnow.Domain.Shared\bin\Debug\net9.0\TreadSnow.Domain.Shared.dll" to "bin\Debug\net9.0\TreadSnow.Domain.Shared.dll". Beginning retry 4 in 1000ms. The process cannot access the file 'E:\TreadSnow\TreadSnow Github2\src\TreadSnow.HttpApi.Host\bin\Debug\net9.0\TreadSnow.Domain.Shared.dll' because it is being used by another process. The file is locked by: "TreadSnow.HttpApi.Host (46584)" [E:\TreadSnow\TreadSnow Github2\src\TreadSnow.HttpApi.Host\TreadSnow.HttpApi.Host.csproj]
C:\Program Files\dotnet\sdk\9.0.202\Microsoft.Common.CurrentVersion.targets(5063,5): warning MSB3026: Could not copy "E:\TreadSnow\TreadSnow Github2\src\TreadSnow.HttpApi\bin\Debug\net9.0\TreadSnow.HttpApi.dll" to "bin\Debug\net9.0\TreadSnow.HttpApi.dll". Beginning retry 4 in 1000ms. The process cannot access the file 'E:\TreadSnow\TreadSnow Github2\src\TreadSnow.HttpApi.Host\bin\Debug\net9.0\TreadSnow.HttpApi.dll' because it is being used by another process. The file is locked by: "TreadSnow.HttpApi.Host (46584)" [E:\TreadSnow\TreadSnow Github2\src\TreadSnow.HttpApi.Host\TreadSnow.HttpApi.Host.csproj]
C:\Program Files\dotnet\sdk\9.0.202\Microsoft.Common.CurrentVersion.targets(5063,5): warning MSB3026: Could not copy "E:\TreadSnow\TreadSnow Github2\src\TreadSnow.Application.Contracts\bin\Debug\net9.0\TreadSnow.Application.Contracts.dll" to "bin\Debug\net9.0\TreadSnow.Application.Contracts.dll". Beginning retry 4 in 1000ms. The process cannot access the file 'E:\TreadSnow\TreadSnow Github2\src\TreadSnow.HttpApi.Host\bin\Debug\net9.0\TreadSnow.Application.Contracts.dll' because it is being used by another process. The file is locked by: "TreadSnow.HttpApi.Host (46584)" [E:\TreadSnow\TreadSnow Github2\src\TreadSnow.HttpApi.Host\TreadSnow.HttpApi.Host.csproj]
C:\Program Files\dotnet\sdk\9.0.202\Microsoft.Common.CurrentVersion.targets(5063,5): warning MSB3026: Could not copy "E:\TreadSnow\TreadSnow Github2\src\TreadSnow.Application\bin\Debug\net9.0\TreadSnow.Application.dll" to "bin\Debug\net9.0\TreadSnow.Application.dll". Beginning retry 4 in 1000ms. The process cannot access the file 'E:\TreadSnow\TreadSnow Github2\src\TreadSnow.HttpApi.Host\bin\Debug\net9.0\TreadSnow.Application.dll' because it is being used by another process. The file is locked by: "TreadSnow.HttpApi.Host (46584)" [E:\TreadSnow\TreadSnow Github2\src\TreadSnow.HttpApi.Host\TreadSnow.HttpApi.Host.csproj]
C:\Program Files\dotnet\sdk\9.0.202\Microsoft.Common.CurrentVersion.targets(5063,5): warning MSB3026: Could not copy "E:\TreadSnow\TreadSnow Github2\src\TreadSnow.Domain\bin\Debug\net9.0\TreadSnow.Domain.dll" to "bin\Debug\net9.0\TreadSnow.Domain.dll". Beginning retry 4 in 1000ms. The process cannot access the file 'E:\TreadSnow\TreadSnow Github2\src\TreadSnow.HttpApi.Host\bin\Debug\net9.0\TreadSnow.Domain.dll' because it is being used by another process. The file is locked by: "TreadSnow.HttpApi.Host (46584)" [E:\TreadSnow\TreadSnow Github2\src\TreadSnow.HttpApi.Host\TreadSnow.HttpApi.Host.csproj]
C:\Program Files\dotnet\sdk\9.0.202\Microsoft.Common.CurrentVersion.targets(5063,5): warning MSB3026: Could not copy "E:\TreadSnow\TreadSnow Github2\src\TreadSnow.EntityFrameworkCore\bin\Debug\net9.0\TreadSnow.EntityFrameworkCore.dll" to "bin\Debug\net9.0\TreadSnow.EntityFrameworkCore.dll". Beginning retry 5 in 1000ms. The process cannot access the file 'E:\TreadSnow\TreadSnow Github2\src\TreadSnow.HttpApi.Host\bin\Debug\net9.0\TreadSnow.EntityFrameworkCore.dll' because it is being used by another process. The file is locked by: "TreadSnow.HttpApi.Host (46584)" [E:\TreadSnow\TreadSnow Github2\src\TreadSnow.HttpApi.Host\TreadSnow.HttpApi.Host.csproj]
C:\Program Files\dotnet\sdk\9.0.202\Microsoft.Common.CurrentVersion.targets(5063,5): warning MSB3026: Could not copy "E:\TreadSnow\TreadSnow Github2\src\TreadSnow.Domain.Shared\bin\Debug\net9.0\TreadSnow.Domain.Shared.dll" to "bin\Debug\net9.0\TreadSnow.Domain.Shared.dll". Beginning retry 5 in 1000ms. The process cannot access the file 'E:\TreadSnow\TreadSnow Github2\src\TreadSnow.HttpApi.Host\bin\Debug\net9.0\TreadSnow.Domain.Shared.dll' because it is being used by another process. The file is locked by: "TreadSnow.HttpApi.Host (46584)" [E:\TreadSnow\TreadSnow Github2\src\TreadSnow.HttpApi.Host\TreadSnow.HttpApi.Host.csproj]
C:\Program Files\dotnet\sdk\9.0.202\Microsoft.Common.CurrentVersion.targets(5063,5): warning MSB3026: Could not copy "E:\TreadSnow\TreadSnow Github2\src\TreadSnow.Application.Contracts\bin\Debug\net9.0\TreadSnow.Application.Contracts.dll" to "bin\Debug\net9.0\TreadSnow.Application.Contracts.dll". Beginning retry 5 in 1000ms. The process cannot access the file 'E:\TreadSnow\TreadSnow Github2\src\TreadSnow.HttpApi.Host\bin\Debug\net9.0\TreadSnow.Application.Contracts.dll' because it is being used by another process. The file is locked by: "TreadSnow.HttpApi.Host (46584)" [E:\TreadSnow\TreadSnow Github2\src\TreadSnow.HttpApi.Host\TreadSnow.HttpApi.Host.csproj]
C:\Program Files\dotnet\sdk\9.0.202\Microsoft.Common.CurrentVersion.targets(5063,5): warning MSB3026: Could not copy "E:\TreadSnow\TreadSnow Github2\src\TreadSnow.Domain\bin\Debug\net9.0\TreadSnow.Domain.dll" to "bin\Debug\net9.0\TreadSnow.Domain.dll". Beginning retry 5 in 1000ms. The process cannot access the file 'E:\TreadSnow\TreadSnow Github2\src\TreadSnow.HttpApi.Host\bin\Debug\net9.0\TreadSnow.Domain.dll' because it is being used by another process. The file is locked by: "TreadSnow.HttpApi.Host (46584)" [E:\TreadSnow\TreadSnow Github2\src\TreadSnow.HttpApi.Host\TreadSnow.HttpApi.Host.csproj]
C:\Program Files\dotnet\sdk\9.0.202\Microsoft.Common.CurrentVersion.targets(5063,5): warning MSB3026: Could not copy "E:\TreadSnow\TreadSnow Github2\src\TreadSnow.Application\bin\Debug\net9.0\TreadSnow.Application.dll" to "bin\Debug\net9.0\TreadSnow.Application.dll". Beginning retry 5 in 1000ms. The process cannot access the file 'E:\TreadSnow\TreadSnow Github2\src\TreadSnow.HttpApi.Host\bin\Debug\net9.0\TreadSnow.Application.dll' because it is being used by another process. The file is locked by: "TreadSnow.HttpApi.Host (46584)" [E:\TreadSnow\TreadSnow Github2\src\TreadSnow.HttpApi.Host\TreadSnow.HttpApi.Host.csproj]
C:\Program Files\dotnet\sdk\9.0.202\Microsoft.Common.CurrentVersion.targets(5063,5): warning MSB3026: Could not copy "E:\TreadSnow\TreadSnow Github2\src\TreadSnow.HttpApi\bin\Debug\net9.0\TreadSnow.HttpApi.dll" to "bin\Debug\net9.0\TreadSnow.HttpApi.dll". Beginning retry 5 in 1000ms. The process cannot access the file 'E:\TreadSnow\TreadSnow Github2\src\TreadSnow.HttpApi.Host\bin\Debug\net9.0\TreadSnow.HttpApi.dll' because it is being used by another process. The file is locked by: "TreadSnow.HttpApi.Host (46584)" [E:\TreadSnow\TreadSnow Github2\src\TreadSnow.HttpApi.Host\TreadSnow.HttpApi.Host.csproj]
C:\Program Files\dotnet\sdk\9.0.202\Microsoft.Common.CurrentVersion.targets(5063,5): warning MSB3026: Could not copy "E:\TreadSnow\TreadSnow Github2\src\TreadSnow.EntityFrameworkCore\bin\Debug\net9.0\TreadSnow.EntityFrameworkCore.dll" to "bin\Debug\net9.0\TreadSnow.EntityFrameworkCore.dll". Beginning retry 6 in 1000ms. The process cannot access the file 'E:\TreadSnow\TreadSnow Github2\src\TreadSnow.HttpApi.Host\bin\Debug\net9.0\TreadSnow.EntityFrameworkCore.dll' because it is being used by another process. The file is locked by: "TreadSnow.HttpApi.Host (46584)" [E:\TreadSnow\TreadSnow Github2\src\TreadSnow.HttpApi.Host\TreadSnow.HttpApi.Host.csproj]
C:\Program Files\dotnet\sdk\9.0.202\Microsoft.Common.CurrentVersion.targets(5063,5): warning MSB3026: Could not copy "E:\TreadSnow\TreadSnow Github2\src\TreadSnow.Domain.Shared\bin\Debug\net9.0\TreadSnow.Domain.Shared.dll" to "bin\Debug\net9.0\TreadSnow.Domain.Shared.dll". Beginning retry 6 in 1000ms. The process cannot access the file 'E:\TreadSnow\TreadSnow Github2\src\TreadSnow.HttpApi.Host\bin\Debug\net9.0\TreadSnow.Domain.Shared.dll' because it is being used by another process. The file is locked by: "TreadSnow.HttpApi.Host (46584)" [E:\TreadSnow\TreadSnow Github2\src\TreadSnow.HttpApi.Host\TreadSnow.HttpApi.Host.csproj]
C:\Program Files\dotnet\sdk\9.0.202\Microsoft.Common.CurrentVersion.targets(5063,5): warning MSB3026: Could not copy "E:\TreadSnow\TreadSnow Github2\src\TreadSnow.Application.Contracts\bin\Debug\net9.0\TreadSnow.Application.Contracts.dll" to "bin\Debug\net9.0\TreadSnow.Application.Contracts.dll". Beginning retry 6 in 1000ms. The process cannot access the file 'E:\TreadSnow\TreadSnow Github2\src\TreadSnow.HttpApi.Host\bin\Debug\net9.0\TreadSnow.Application.Contracts.dll' because it is being used by another process. The file is locked by: "TreadSnow.HttpApi.Host (46584)" [E:\TreadSnow\TreadSnow Github2\src\TreadSnow.HttpApi.Host\TreadSnow.HttpApi.Host.csproj]
C:\Program Files\dotnet\sdk\9.0.202\Microsoft.Common.CurrentVersion.targets(5063,5): warning MSB3026: Could not copy "E:\TreadSnow\TreadSnow Github2\src\TreadSnow.Domain\bin\Debug\net9.0\TreadSnow.Domain.dll" to "bin\Debug\net9.0\TreadSnow.Domain.dll". Beginning retry 6 in 1000ms. The process cannot access the file 'E:\TreadSnow\TreadSnow Github2\src\TreadSnow.HttpApi.Host\bin\Debug\net9.0\TreadSnow.Domain.dll' because it is being used by another process. The file is locked by: "TreadSnow.HttpApi.Host (46584)" [E:\TreadSnow\TreadSnow Github2\src\TreadSnow.HttpApi.Host\TreadSnow.HttpApi.Host.csproj]
C:\Program Files\dotnet\sdk\9.0.202\Microsoft.Common.CurrentVersion.targets(5063,5): warning MSB3026: Could not copy "E:\TreadSnow\TreadSnow Github2\src\TreadSnow.Application\bin\Debug\net9.0\TreadSnow.Application.dll" to "bin\Debug\net9.0\TreadSnow.Application.dll". Beginning retry 6 in 1000ms. The process cannot access the file 'E:\TreadSnow\TreadSnow Github2\src\TreadSnow.HttpApi.Host\bin\Debug\net9.0\TreadSnow.Application.dll' because it is being used by another process. The file is locked by: "TreadSnow.HttpApi.Host (46584)" [E:\TreadSnow\TreadSnow Github2\src\TreadSnow.HttpApi.Host\TreadSnow.HttpApi.Host.csproj]
C:\Program Files\dotnet\sdk\9.0.202\Microsoft.Common.CurrentVersion.targets(5063,5): warning MSB3026: Could not copy "E:\TreadSnow\TreadSnow Github2\src\TreadSnow.HttpApi\bin\Debug\net9.0\TreadSnow.HttpApi.dll" to "bin\Debug\net9.0\TreadSnow.HttpApi.dll". Beginning retry 6 in 1000ms. The process cannot access the file 'E:\TreadSnow\TreadSnow Github2\src\TreadSnow.HttpApi.Host\bin\Debug\net9.0\TreadSnow.HttpApi.dll' because it is being used by another process. The file is locked by: "TreadSnow.HttpApi.Host (46584)" [E:\TreadSnow\TreadSnow Github2\src\TreadSnow.HttpApi.Host\TreadSnow.HttpApi.Host.csproj]
C:\Program Files\dotnet\sdk\9.0.202\Microsoft.Common.CurrentVersion.targets(5063,5): warning MSB3026: Could not copy "E:\TreadSnow\TreadSnow Github2\src\TreadSnow.EntityFrameworkCore\bin\Debug\net9.0\TreadSnow.EntityFrameworkCore.dll" to "bin\Debug\net9.0\TreadSnow.EntityFrameworkCore.dll". Beginning retry 7 in 1000ms. The process cannot access the file 'E:\TreadSnow\TreadSnow Github2\src\TreadSnow.HttpApi.Host\bin\Debug\net9.0\TreadSnow.EntityFrameworkCore.dll' because it is being used by another process. The file is locked by: "TreadSnow.HttpApi.Host (46584)" [E:\TreadSnow\TreadSnow Github2\src\TreadSnow.HttpApi.Host\TreadSnow.HttpApi.Host.csproj]
C:\Program Files\dotnet\sdk\9.0.202\Microsoft.Common.CurrentVersion.targets(5063,5): warning MSB3026: Could not copy "E:\TreadSnow\TreadSnow Github2\src\TreadSnow.Domain.Shared\bin\Debug\net9.0\TreadSnow.Domain.Shared.dll" to "bin\Debug\net9.0\TreadSnow.Domain.Shared.dll". Beginning retry 7 in 1000ms. The process cannot access the file 'E:\TreadSnow\TreadSnow Github2\src\TreadSnow.HttpApi.Host\bin\Debug\net9.0\TreadSnow.Domain.Shared.dll' because it is being used by another process. The file is locked by: "TreadSnow.HttpApi.Host (46584)" [E:\TreadSnow\TreadSnow Github2\src\TreadSnow.HttpApi.Host\TreadSnow.HttpApi.Host.csproj]
C:\Program Files\dotnet\sdk\9.0.202\Microsoft.Common.CurrentVersion.targets(5063,5): warning MSB3026: Could not copy "E:\TreadSnow\TreadSnow Github2\src\TreadSnow.Application.Contracts\bin\Debug\net9.0\TreadSnow.Application.Contracts.dll" to "bin\Debug\net9.0\TreadSnow.Application.Contracts.dll". Beginning retry 7 in 1000ms. The process cannot access the file 'E:\TreadSnow\TreadSnow Github2\src\TreadSnow.HttpApi.Host\bin\Debug\net9.0\TreadSnow.Application.Contracts.dll' because it is being used by another process. The file is locked by: "TreadSnow.HttpApi.Host (46584)" [E:\TreadSnow\TreadSnow Github2\src\TreadSnow.HttpApi.Host\TreadSnow.HttpApi.Host.csproj]
C:\Program Files\dotnet\sdk\9.0.202\Microsoft.Common.CurrentVersion.targets(5063,5): warning MSB3026: Could not copy "E:\TreadSnow\TreadSnow Github2\src\TreadSnow.Domain\bin\Debug\net9.0\TreadSnow.Domain.dll" to "bin\Debug\net9.0\TreadSnow.Domain.dll". Beginning retry 7 in 1000ms. The process cannot access the file 'E:\TreadSnow\TreadSnow Github2\src\TreadSnow.HttpApi.Host\bin\Debug\net9.0\TreadSnow.Domain.dll' because it is being used by another process. The file is locked by: "TreadSnow.HttpApi.Host (46584)" [E:\TreadSnow\TreadSnow Github2\src\TreadSnow.HttpApi.Host\TreadSnow.HttpApi.Host.csproj]
C:\Program Files\dotnet\sdk\9.0.202\Microsoft.Common.CurrentVersion.targets(5063,5): warning MSB3026: Could not copy "E:\TreadSnow\TreadSnow Github2\src\TreadSnow.Application\bin\Debug\net9.0\TreadSnow.Application.dll" to "bin\Debug\net9.0\TreadSnow.Application.dll". Beginning retry 7 in 1000ms. The process cannot access the file 'E:\TreadSnow\TreadSnow Github2\src\TreadSnow.HttpApi.Host\bin\Debug\net9.0\TreadSnow.Application.dll' because it is being used by another process. The file is locked by: "TreadSnow.HttpApi.Host (46584)" [E:\TreadSnow\TreadSnow Github2\src\TreadSnow.HttpApi.Host\TreadSnow.HttpApi.Host.csproj]
C:\Program Files\dotnet\sdk\9.0.202\Microsoft.Common.CurrentVersion.targets(5063,5): warning MSB3026: Could not copy "E:\TreadSnow\TreadSnow Github2\src\TreadSnow.HttpApi\bin\Debug\net9.0\TreadSnow.HttpApi.dll" to "bin\Debug\net9.0\TreadSnow.HttpApi.dll". Beginning retry 7 in 1000ms. The process cannot access the file 'E:\TreadSnow\TreadSnow Github2\src\TreadSnow.HttpApi.Host\bin\Debug\net9.0\TreadSnow.HttpApi.dll' because it is being used by another process. The file is locked by: "TreadSnow.HttpApi.Host (46584)" [E:\TreadSnow\TreadSnow Github2\src\TreadSnow.HttpApi.Host\TreadSnow.HttpApi.Host.csproj]
C:\Program Files\dotnet\sdk\9.0.202\Microsoft.Common.CurrentVersion.targets(5063,5): warning MSB3026: Could not copy "E:\TreadSnow\TreadSnow Github2\src\TreadSnow.EntityFrameworkCore\bin\Debug\net9.0\TreadSnow.EntityFrameworkCore.dll" to "bin\Debug\net9.0\TreadSnow.EntityFrameworkCore.dll". Beginning retry 8 in 1000ms. The process cannot access the file 'E:\TreadSnow\TreadSnow Github2\src\TreadSnow.HttpApi.Host\bin\Debug\net9.0\TreadSnow.EntityFrameworkCore.dll' because it is being used by another process. The file is locked by: "TreadSnow.HttpApi.Host (46584)" [E:\TreadSnow\TreadSnow Github2\src\TreadSnow.HttpApi.Host\TreadSnow.HttpApi.Host.csproj]
C:\Program Files\dotnet\sdk\9.0.202\Microsoft.Common.CurrentVersion.targets(5063,5): warning MSB3026: Could not copy "E:\TreadSnow\TreadSnow Github2\src\TreadSnow.Domain.Shared\bin\Debug\net9.0\TreadSnow.Domain.Shared.dll" to "bin\Debug\net9.0\TreadSnow.Domain.Shared.dll". Beginning retry 8 in 1000ms. The process cannot access the file 'E:\TreadSnow\TreadSnow Github2\src\TreadSnow.HttpApi.Host\bin\Debug\net9.0\TreadSnow.Domain.Shared.dll' because it is being used by another process. The file is locked by: "TreadSnow.HttpApi.Host (46584)" [E:\TreadSnow\TreadSnow Github2\src\TreadSnow.HttpApi.Host\TreadSnow.HttpApi.Host.csproj]
C:\Program Files\dotnet\sdk\9.0.202\Microsoft.Common.CurrentVersion.targets(5063,5): warning MSB3026: Could not copy "E:\TreadSnow\TreadSnow Github2\src\TreadSnow.Application.Contracts\bin\Debug\net9.0\TreadSnow.Application.Contracts.dll" to "bin\Debug\net9.0\TreadSnow.Application.Contracts.dll". Beginning retry 8 in 1000ms. The process cannot access the file 'E:\TreadSnow\TreadSnow Github2\src\TreadSnow.HttpApi.Host\bin\Debug\net9.0\TreadSnow.Application.Contracts.dll' because it is being used by another process. The file is locked by: "TreadSnow.HttpApi.Host (46584)" [E:\TreadSnow\TreadSnow Github2\src\TreadSnow.HttpApi.Host\TreadSnow.HttpApi.Host.csproj]
C:\Program Files\dotnet\sdk\9.0.202\Microsoft.Common.CurrentVersion.targets(5063,5): warning MSB3026: Could not copy "E:\TreadSnow\TreadSnow Github2\src\TreadSnow.Domain\bin\Debug\net9.0\TreadSnow.Domain.dll" to "bin\Debug\net9.0\TreadSnow.Domain.dll". Beginning retry 8 in 1000ms. The process cannot access the file 'E:\TreadSnow\TreadSnow Github2\src\TreadSnow.HttpApi.Host\bin\Debug\net9.0\TreadSnow.Domain.dll' because it is being used by another process. The file is locked by: "TreadSnow.HttpApi.Host (46584)" [E:\TreadSnow\TreadSnow Github2\src\TreadSnow.HttpApi.Host\TreadSnow.HttpApi.Host.csproj]
C:\Program Files\dotnet\sdk\9.0.202\Microsoft.Common.CurrentVersion.targets(5063,5): warning MSB3026: Could not copy "E:\TreadSnow\TreadSnow Github2\src\TreadSnow.HttpApi\bin\Debug\net9.0\TreadSnow.HttpApi.dll" to "bin\Debug\net9.0\TreadSnow.HttpApi.dll". Beginning retry 8 in 1000ms. The process cannot access the file 'E:\TreadSnow\TreadSnow Github2\src\TreadSnow.HttpApi.Host\bin\Debug\net9.0\TreadSnow.HttpApi.dll' because it is being used by another process. The file is locked by: "TreadSnow.HttpApi.Host (46584)" [E:\TreadSnow\TreadSnow Github2\src\TreadSnow.HttpApi.Host\TreadSnow.HttpApi.Host.csproj]
C:\Program Files\dotnet\sdk\9.0.202\Microsoft.Common.CurrentVersion.targets(5063,5): warning MSB3026: Could not copy "E:\TreadSnow\TreadSnow Github2\src\TreadSnow.Application\bin\Debug\net9.0\TreadSnow.Application.dll" to "bin\Debug\net9.0\TreadSnow.Application.dll". Beginning retry 8 in 1000ms. The process cannot access the file 'E:\TreadSnow\TreadSnow Github2\src\TreadSnow.HttpApi.Host\bin\Debug\net9.0\TreadSnow.Application.dll' because it is being used by another process. The file is locked by: "TreadSnow.HttpApi.Host (46584)" [E:\TreadSnow\TreadSnow Github2\src\TreadSnow.HttpApi.Host\TreadSnow.HttpApi.Host.csproj]
C:\Program Files\dotnet\sdk\9.0.202\Microsoft.Common.CurrentVersion.targets(5063,5): warning MSB3026: Could not copy "E:\TreadSnow\TreadSnow Github2\src\TreadSnow.EntityFrameworkCore\bin\Debug\net9.0\TreadSnow.EntityFrameworkCore.dll" to "bin\Debug\net9.0\TreadSnow.EntityFrameworkCore.dll". Beginning retry 9 in 1000ms. The process cannot access the file 'E:\TreadSnow\TreadSnow Github2\src\TreadSnow.HttpApi.Host\bin\Debug\net9.0\TreadSnow.EntityFrameworkCore.dll' because it is being used by another process. The file is locked by: "TreadSnow.HttpApi.Host (46584)" [E:\TreadSnow\TreadSnow Github2\src\TreadSnow.HttpApi.Host\TreadSnow.HttpApi.Host.csproj]
C:\Program Files\dotnet\sdk\9.0.202\Microsoft.Common.CurrentVersion.targets(5063,5): warning MSB3026: Could not copy "E:\TreadSnow\TreadSnow Github2\src\TreadSnow.Domain.Shared\bin\Debug\net9.0\TreadSnow.Domain.Shared.dll" to "bin\Debug\net9.0\TreadSnow.Domain.Shared.dll". Beginning retry 9 in 1000ms. The process cannot access the file 'E:\TreadSnow\TreadSnow Github2\src\TreadSnow.HttpApi.Host\bin\Debug\net9.0\TreadSnow.Domain.Shared.dll' because it is being used by another process. The file is locked by: "TreadSnow.HttpApi.Host (46584)" [E:\TreadSnow\TreadSnow Github2\src\TreadSnow.HttpApi.Host\TreadSnow.HttpApi.Host.csproj]
C:\Program Files\dotnet\sdk\9.0.202\Microsoft.Common.CurrentVersion.targets(5063,5): warning MSB3026: Could not copy "E:\TreadSnow\TreadSnow Github2\src\TreadSnow.Application.Contracts\bin\Debug\net9.0\TreadSnow.Application.Contracts.dll" to "bin\Debug\net9.0\TreadSnow.Application.Contracts.dll". Beginning retry 9 in 1000ms. The process cannot access the file 'E:\TreadSnow\TreadSnow Github2\src\TreadSnow.HttpApi.Host\bin\Debug\net9.0\TreadSnow.Application.Contracts.dll' because it is being used by another process. The file is locked by: "TreadSnow.HttpApi.Host (46584)" [E:\TreadSnow\TreadSnow Github2\src\TreadSnow.HttpApi.Host\TreadSnow.HttpApi.Host.csproj]
C:\Program Files\dotnet\sdk\9.0.202\Microsoft.Common.CurrentVersion.targets(5063,5): warning MSB3026: Could not copy "E:\TreadSnow\TreadSnow Github2\src\TreadSnow.Domain\bin\Debug\net9.0\TreadSnow.Domain.dll" to "bin\Debug\net9.0\TreadSnow.Domain.dll". Beginning retry 9 in 1000ms. The process cannot access the file 'E:\TreadSnow\TreadSnow Github2\src\TreadSnow.HttpApi.Host\bin\Debug\net9.0\TreadSnow.Domain.dll' because it is being used by another process. The file is locked by: "TreadSnow.HttpApi.Host (46584)" [E:\TreadSnow\TreadSnow Github2\src\TreadSnow.HttpApi.Host\TreadSnow.HttpApi.Host.csproj]
C:\Program Files\dotnet\sdk\9.0.202\Microsoft.Common.CurrentVersion.targets(5063,5): warning MSB3026: Could not copy "E:\TreadSnow\TreadSnow Github2\src\TreadSnow.HttpApi\bin\Debug\net9.0\TreadSnow.HttpApi.dll" to "bin\Debug\net9.0\TreadSnow.HttpApi.dll". Beginning retry 9 in 1000ms. The process cannot access the file 'E:\TreadSnow\TreadSnow Github2\src\TreadSnow.HttpApi.Host\bin\Debug\net9.0\TreadSnow.HttpApi.dll' because it is being used by another process. The file is locked by: "TreadSnow.HttpApi.Host (46584)" [E:\TreadSnow\TreadSnow Github2\src\TreadSnow.HttpApi.Host\TreadSnow.HttpApi.Host.csproj]
C:\Program Files\dotnet\sdk\9.0.202\Microsoft.Common.CurrentVersion.targets(5063,5): warning MSB3026: Could not copy "E:\TreadSnow\TreadSnow Github2\src\TreadSnow.Application\bin\Debug\net9.0\TreadSnow.Application.dll" to "bin\Debug\net9.0\TreadSnow.Application.dll". Beginning retry 9 in 1000ms. The process cannot access the file 'E:\TreadSnow\TreadSnow Github2\src\TreadSnow.HttpApi.Host\bin\Debug\net9.0\TreadSnow.Application.dll' because it is being used by another process. The file is locked by: "TreadSnow.HttpApi.Host (46584)" [E:\TreadSnow\TreadSnow Github2\src\TreadSnow.HttpApi.Host\TreadSnow.HttpApi.Host.csproj]
C:\Program Files\dotnet\sdk\9.0.202\Microsoft.Common.CurrentVersion.targets(5063,5): warning MSB3026: Could not copy "E:\TreadSnow\TreadSnow Github2\src\TreadSnow.EntityFrameworkCore\bin\Debug\net9.0\TreadSnow.EntityFrameworkCore.dll" to "bin\Debug\net9.0\TreadSnow.EntityFrameworkCore.dll". Beginning retry 10 in 1000ms. The process cannot access the file 'E:\TreadSnow\TreadSnow Github2\src\TreadSnow.HttpApi.Host\bin\Debug\net9.0\TreadSnow.EntityFrameworkCore.dll' because it is being used by another process. The file is locked by: "TreadSnow.HttpApi.Host (46584)" [E:\TreadSnow\TreadSnow Github2\src\TreadSnow.HttpApi.Host\TreadSnow.HttpApi.Host.csproj]
C:\Program Files\dotnet\sdk\9.0.202\Microsoft.Common.CurrentVersion.targets(5063,5): warning MSB3026: Could not copy "E:\TreadSnow\TreadSnow Github2\src\TreadSnow.Domain.Shared\bin\Debug\net9.0\TreadSnow.Domain.Shared.dll" to "bin\Debug\net9.0\TreadSnow.Domain.Shared.dll". Beginning retry 10 in 1000ms. The process cannot access the file 'E:\TreadSnow\TreadSnow Github2\src\TreadSnow.HttpApi.Host\bin\Debug\net9.0\TreadSnow.Domain.Shared.dll' because it is being used by another process. The file is locked by: "TreadSnow.HttpApi.Host (46584)" [E:\TreadSnow\TreadSnow Github2\src\TreadSnow.HttpApi.Host\TreadSnow.HttpApi.Host.csproj]
C:\Program Files\dotnet\sdk\9.0.202\Microsoft.Common.CurrentVersion.targets(5063,5): warning MSB3026: Could not copy "E:\TreadSnow\TreadSnow Github2\src\TreadSnow.Application.Contracts\bin\Debug\net9.0\TreadSnow.Application.Contracts.dll" to "bin\Debug\net9.0\TreadSnow.Application.Contracts.dll". Beginning retry 10 in 1000ms. The process cannot access the file 'E:\TreadSnow\TreadSnow Github2\src\TreadSnow.HttpApi.Host\bin\Debug\net9.0\TreadSnow.Application.Contracts.dll' because it is being used by another process. The file is locked by: "TreadSnow.HttpApi.Host (46584)" [E:\TreadSnow\TreadSnow Github2\src\TreadSnow.HttpApi.Host\TreadSnow.HttpApi.Host.csproj]
C:\Program Files\dotnet\sdk\9.0.202\Microsoft.Common.CurrentVersion.targets(5063,5): warning MSB3026: Could not copy "E:\TreadSnow\TreadSnow Github2\src\TreadSnow.Domain\bin\Debug\net9.0\TreadSnow.Domain.dll" to "bin\Debug\net9.0\TreadSnow.Domain.dll". Beginning retry 10 in 1000ms. The process cannot access the file 'E:\TreadSnow\TreadSnow Github2\src\TreadSnow.HttpApi.Host\bin\Debug\net9.0\TreadSnow.Domain.dll' because it is being used by another process. The file is locked by: "TreadSnow.HttpApi.Host (46584)" [E:\TreadSnow\TreadSnow Github2\src\TreadSnow.HttpApi.Host\TreadSnow.HttpApi.Host.csproj]
C:\Program Files\dotnet\sdk\9.0.202\Microsoft.Common.CurrentVersion.targets(5063,5): warning MSB3026: Could not copy "E:\TreadSnow\TreadSnow Github2\src\TreadSnow.Application\bin\Debug\net9.0\TreadSnow.Application.dll" to "bin\Debug\net9.0\TreadSnow.Application.dll". Beginning retry 10 in 1000ms. The process cannot access the file 'E:\TreadSnow\TreadSnow Github2\src\TreadSnow.HttpApi.Host\bin\Debug\net9.0\TreadSnow.Application.dll' because it is being used by another process. The file is locked by: "TreadSnow.HttpApi.Host (46584)" [E:\TreadSnow\TreadSnow Github2\src\TreadSnow.HttpApi.Host\TreadSnow.HttpApi.Host.csproj]
C:\Program Files\dotnet\sdk\9.0.202\Microsoft.Common.CurrentVersion.targets(5063,5): warning MSB3026: Could not copy "E:\TreadSnow\TreadSnow Github2\src\TreadSnow.HttpApi\bin\Debug\net9.0\TreadSnow.HttpApi.dll" to "bin\Debug\net9.0\TreadSnow.HttpApi.dll". Beginning retry 10 in 1000ms. The process cannot access the file 'E:\TreadSnow\TreadSnow Github2\src\TreadSnow.HttpApi.Host\bin\Debug\net9.0\TreadSnow.HttpApi.dll' because it is being used by another process. The file is locked by: "TreadSnow.HttpApi.Host (46584)" [E:\TreadSnow\TreadSnow Github2\src\TreadSnow.HttpApi.Host\TreadSnow.HttpApi.Host.csproj]
C:\Program Files\dotnet\sdk\9.0.202\Microsoft.Common.CurrentVersion.targets(5063,5): error MSB3027: Could not copy "E:\TreadSnow\TreadSnow Github2\src\TreadSnow.EntityFrameworkCore\bin\Debug\net9.0\TreadSnow.EntityFrameworkCore.dll" to "bin\Debug\net9.0\TreadSnow.EntityFrameworkCore.dll". Exceeded retry count of 10. Failed. The file is locked by: "TreadSnow.HttpApi.Host (46584)" [E:\TreadSnow\TreadSnow Github2\src\TreadSnow.HttpApi.Host\TreadSnow.HttpApi.Host.csproj]
C:\Program Files\dotnet\sdk\9.0.202\Microsoft.Common.CurrentVersion.targets(5063,5): error MSB3021: Unable to copy file "E:\TreadSnow\TreadSnow Github2\src\TreadSnow.EntityFrameworkCore\bin\Debug\net9.0\TreadSnow.EntityFrameworkCore.dll" to "bin\Debug\net9.0\TreadSnow.EntityFrameworkCore.dll". The process cannot access the file 'E:\TreadSnow\TreadSnow Github2\src\TreadSnow.HttpApi.Host\bin\Debug\net9.0\TreadSnow.EntityFrameworkCore.dll' because it is being used by another process. [E:\TreadSnow\TreadSnow Github2\src\TreadSnow.HttpApi.Host\TreadSnow.HttpApi.Host.csproj]
C:\Program Files\dotnet\sdk\9.0.202\Microsoft.Common.CurrentVersion.targets(5063,5): error MSB3027: Could not copy "E:\TreadSnow\TreadSnow Github2\src\TreadSnow.Domain.Shared\bin\Debug\net9.0\TreadSnow.Domain.Shared.dll" to "bin\Debug\net9.0\TreadSnow.Domain.Shared.dll". Exceeded retry count of 10. Failed. The file is locked by: "TreadSnow.HttpApi.Host (46584)" [E:\TreadSnow\TreadSnow Github2\src\TreadSnow.HttpApi.Host\TreadSnow.HttpApi.Host.csproj]
C:\Program Files\dotnet\sdk\9.0.202\Microsoft.Common.CurrentVersion.targets(5063,5): error MSB3021: Unable to copy file "E:\TreadSnow\TreadSnow Github2\src\TreadSnow.Domain.Shared\bin\Debug\net9.0\TreadSnow.Domain.Shared.dll" to "bin\Debug\net9.0\TreadSnow.Domain.Shared.dll". The process cannot access the file 'E:\TreadSnow\TreadSnow Github2\src\TreadSnow.HttpApi.Host\bin\Debug\net9.0\TreadSnow.Domain.Shared.dll' because it is being used by another process. [E:\TreadSnow\TreadSnow Github2\src\TreadSnow.HttpApi.Host\TreadSnow.HttpApi.Host.csproj]
C:\Program Files\dotnet\sdk\9.0.202\Microsoft.Common.CurrentVersion.targets(5063,5): warning MSB3026: Could not copy "E:\TreadSnow\TreadSnow Github2\ABP9.1.1\modules\account\src\Volo.Abp.Account.Application.Contracts\bin\Debug\net9.0\Volo.Abp.Account.Application.Contracts.dll" to "bin\Debug\net9.0\Volo.Abp.Account.Application.Contracts.dll". Beginning retry 1 in 1000ms. The process cannot access the file 'E:\TreadSnow\TreadSnow Github2\src\TreadSnow.HttpApi.Host\bin\Debug\net9.0\Volo.Abp.Account.Application.Contracts.dll' because it is being used by another process. The file is locked by: "TreadSnow.HttpApi.Host (46584)" [E:\TreadSnow\TreadSnow Github2\src\TreadSnow.HttpApi.Host\TreadSnow.HttpApi.Host.csproj]
C:\Program Files\dotnet\sdk\9.0.202\Microsoft.Common.CurrentVersion.targets(5063,5): error MSB3027: Could not copy "E:\TreadSnow\TreadSnow Github2\src\TreadSnow.Application.Contracts\bin\Debug\net9.0\TreadSnow.Application.Contracts.dll" to "bin\Debug\net9.0\TreadSnow.Application.Contracts.dll". Exceeded retry count of 10. Failed. The file is locked by: "TreadSnow.HttpApi.Host (46584)" [E:\TreadSnow\TreadSnow Github2\src\TreadSnow.HttpApi.Host\TreadSnow.HttpApi.Host.csproj]
C:\Program Files\dotnet\sdk\9.0.202\Microsoft.Common.CurrentVersion.targets(5063,5): error MSB3021: Unable to copy file "E:\TreadSnow\TreadSnow Github2\src\TreadSnow.Application.Contracts\bin\Debug\net9.0\TreadSnow.Application.Contracts.dll" to "bin\Debug\net9.0\TreadSnow.Application.Contracts.dll". The process cannot access the file 'E:\TreadSnow\TreadSnow Github2\src\TreadSnow.HttpApi.Host\bin\Debug\net9.0\TreadSnow.Application.Contracts.dll' because it is being used by another process. [E:\TreadSnow\TreadSnow Github2\src\TreadSnow.HttpApi.Host\TreadSnow.HttpApi.Host.csproj]
C:\Program Files\dotnet\sdk\9.0.202\Microsoft.Common.CurrentVersion.targets(5063,5): error MSB3027: Could not copy "E:\TreadSnow\TreadSnow Github2\src\TreadSnow.Domain\bin\Debug\net9.0\TreadSnow.Domain.dll" to "bin\Debug\net9.0\TreadSnow.Domain.dll". Exceeded retry count of 10. Failed. The file is locked by: "TreadSnow.HttpApi.Host (46584)" [E:\TreadSnow\TreadSnow Github2\src\TreadSnow.HttpApi.Host\TreadSnow.HttpApi.Host.csproj]
C:\Program Files\dotnet\sdk\9.0.202\Microsoft.Common.CurrentVersion.targets(5063,5): error MSB3021: Unable to copy file "E:\TreadSnow\TreadSnow Github2\src\TreadSnow.Domain\bin\Debug\net9.0\TreadSnow.Domain.dll" to "bin\Debug\net9.0\TreadSnow.Domain.dll". The process cannot access the file 'E:\TreadSnow\TreadSnow Github2\src\TreadSnow.HttpApi.Host\bin\Debug\net9.0\TreadSnow.Domain.dll' because it is being used by another process. [E:\TreadSnow\TreadSnow Github2\src\TreadSnow.HttpApi.Host\TreadSnow.HttpApi.Host.csproj]
C:\Program Files\dotnet\sdk\9.0.202\Microsoft.Common.CurrentVersion.targets(5063,5): warning MSB3026: Could not copy "E:\TreadSnow\TreadSnow Github2\ABP9.1.1\modules\account\src\Volo.Abp.Account.Application\bin\Debug\net9.0\Volo.Abp.Account.Application.dll" to "bin\Debug\net9.0\Volo.Abp.Account.Application.dll". Beginning retry 1 in 1000ms. The process cannot access the file 'E:\TreadSnow\TreadSnow Github2\src\TreadSnow.HttpApi.Host\bin\Debug\net9.0\Volo.Abp.Account.Application.dll' because it is being used by another process. The file is locked by: "TreadSnow.HttpApi.Host (46584)" [E:\TreadSnow\TreadSnow Github2\src\TreadSnow.HttpApi.Host\TreadSnow.HttpApi.Host.csproj]
C:\Program Files\dotnet\sdk\9.0.202\Microsoft.Common.CurrentVersion.targets(5063,5): warning MSB3026: Could not copy "E:\TreadSnow\TreadSnow Github2\ABP9.1.1\modules\account\src\Volo.Abp.Account.HttpApi\bin\Debug\net9.0\Volo.Abp.Account.HttpApi.dll" to "bin\Debug\net9.0\Volo.Abp.Account.HttpApi.dll". Beginning retry 1 in 1000ms. The process cannot access the file 'E:\TreadSnow\TreadSnow Github2\src\TreadSnow.HttpApi.Host\bin\Debug\net9.0\Volo.Abp.Account.HttpApi.dll' because it is being used by another process. The file is locked by: "TreadSnow.HttpApi.Host (46584)" [E:\TreadSnow\TreadSnow Github2\src\TreadSnow.HttpApi.Host\TreadSnow.HttpApi.Host.csproj]
C:\Program Files\dotnet\sdk\9.0.202\Microsoft.Common.CurrentVersion.targets(5063,5): warning MSB3026: Could not copy "E:\TreadSnow\TreadSnow Github2\ABP9.1.1\modules\account\src\Volo.Abp.Account.Web\bin\Debug\net9.0\Volo.Abp.Account.Web.dll" to "bin\Debug\net9.0\Volo.Abp.Account.Web.dll". Beginning retry 1 in 1000ms. The process cannot access the file 'E:\TreadSnow\TreadSnow Github2\src\TreadSnow.HttpApi.Host\bin\Debug\net9.0\Volo.Abp.Account.Web.dll' because it is being used by another process. The file is locked by: "TreadSnow.HttpApi.Host (46584)" [E:\TreadSnow\TreadSnow Github2\src\TreadSnow.HttpApi.Host\TreadSnow.HttpApi.Host.csproj]
C:\Program Files\dotnet\sdk\9.0.202\Microsoft.Common.CurrentVersion.targets(5063,5): error MSB3027: Could not copy "E:\TreadSnow\TreadSnow Github2\src\TreadSnow.HttpApi\bin\Debug\net9.0\TreadSnow.HttpApi.dll" to "bin\Debug\net9.0\TreadSnow.HttpApi.dll". Exceeded retry count of 10. Failed. The file is locked by: "TreadSnow.HttpApi.Host (46584)" [E:\TreadSnow\TreadSnow Github2\src\TreadSnow.HttpApi.Host\TreadSnow.HttpApi.Host.csproj]
C:\Program Files\dotnet\sdk\9.0.202\Microsoft.Common.CurrentVersion.targets(5063,5): error MSB3021: Unable to copy file "E:\TreadSnow\TreadSnow Github2\src\TreadSnow.HttpApi\bin\Debug\net9.0\TreadSnow.HttpApi.dll" to "bin\Debug\net9.0\TreadSnow.HttpApi.dll". The process cannot access the file 'E:\TreadSnow\TreadSnow Github2\src\TreadSnow.HttpApi.Host\bin\Debug\net9.0\TreadSnow.HttpApi.dll' because it is being used by another process. [E:\TreadSnow\TreadSnow Github2\src\TreadSnow.HttpApi.Host\TreadSnow.HttpApi.Host.csproj]
C:\Program Files\dotnet\sdk\9.0.202\Microsoft.Common.CurrentVersion.targets(5063,5): error MSB3027: Could not copy "E:\TreadSnow\TreadSnow Github2\src\TreadSnow.Application\bin\Debug\net9.0\TreadSnow.Application.dll" to "bin\Debug\net9.0\TreadSnow.Application.dll". Exceeded retry count of 10. Failed. The file is locked by: "TreadSnow.HttpApi.Host (46584)" [E:\TreadSnow\TreadSnow Github2\src\TreadSnow.HttpApi.Host\TreadSnow.HttpApi.Host.csproj]
C:\Program Files\dotnet\sdk\9.0.202\Microsoft.Common.CurrentVersion.targets(5063,5): error MSB3021: Unable to copy file "E:\TreadSnow\TreadSnow Github2\src\TreadSnow.Application\bin\Debug\net9.0\TreadSnow.Application.dll" to "bin\Debug\net9.0\TreadSnow.Application.dll". The process cannot access the file 'E:\TreadSnow\TreadSnow Github2\src\TreadSnow.HttpApi.Host\bin\Debug\net9.0\TreadSnow.Application.dll' because it is being used by another process. [E:\TreadSnow\TreadSnow Github2\src\TreadSnow.HttpApi.Host\TreadSnow.HttpApi.Host.csproj]
C:\Program Files\dotnet\sdk\9.0.202\Microsoft.Common.CurrentVersion.targets(5063,5): warning MSB3026: Could not copy "E:\TreadSnow\TreadSnow Github2\ABP9.1.1\modules\account\src\Volo.Abp.Account.Web.OpenIddict\bin\Debug\net9.0\Volo.Abp.Account.Web.OpenIddict.dll" to "bin\Debug\net9.0\Volo.Abp.Account.Web.OpenIddict.dll". Beginning retry 1 in 1000ms. The process cannot access the file 'E:\TreadSnow\TreadSnow Github2\src\TreadSnow.HttpApi.Host\bin\Debug\net9.0\Volo.Abp.Account.Web.OpenIddict.dll' because it is being used by another process. The file is locked by: "TreadSnow.HttpApi.Host (46584)" [E:\TreadSnow\TreadSnow Github2\src\TreadSnow.HttpApi.Host\TreadSnow.HttpApi.Host.csproj]
C:\Program Files\dotnet\sdk\9.0.202\Microsoft.Common.CurrentVersion.targets(5063,5): warning MSB3026: Could not copy "E:\TreadSnow\TreadSnow Github2\ABP9.1.1\framework\src\Volo.Abp.ApiVersioning.Abstractions\bin\Debug\net9.0\Volo.Abp.ApiVersioning.Abstractions.dll" to "bin\Debug\net9.0\Volo.Abp.ApiVersioning.Abstractions.dll". Beginning retry 1 in 1000ms. The process cannot access the file 'E:\TreadSnow\TreadSnow Github2\src\TreadSnow.HttpApi.Host\bin\Debug\net9.0\Volo.Abp.ApiVersioning.Abstractions.dll' because it is being used by another process. The file is locked by: "TreadSnow.HttpApi.Host (46584)" [E:\TreadSnow\TreadSnow Github2\src\TreadSnow.HttpApi.Host\TreadSnow.HttpApi.Host.csproj]
C:\Program Files\dotnet\sdk\9.0.202\Microsoft.Common.CurrentVersion.targets(5063,5): warning MSB3026: Could not copy "E:\TreadSnow\TreadSnow Github2\ABP9.1.1\modules\account\src\Volo.Abp.Account.Application.Contracts\bin\Debug\net9.0\Volo.Abp.Account.Application.Contracts.dll" to "bin\Debug\net9.0\Volo.Abp.Account.Application.Contracts.dll". Beginning retry 2 in 1000ms. The process cannot access the file 'E:\TreadSnow\TreadSnow Github2\src\TreadSnow.HttpApi.Host\bin\Debug\net9.0\Volo.Abp.Account.Application.Contracts.dll' because it is being used by another process. The file is locked by: "TreadSnow.HttpApi.Host (46584)" [E:\TreadSnow\TreadSnow Github2\src\TreadSnow.HttpApi.Host\TreadSnow.HttpApi.Host.csproj]
C:\Program Files\dotnet\sdk\9.0.202\Microsoft.Common.CurrentVersion.targets(5063,5): warning MSB3026: Could not copy "E:\TreadSnow\TreadSnow Github2\ABP9.1.1\modules\account\src\Volo.Abp.Account.Application\bin\Debug\net9.0\Volo.Abp.Account.Application.dll" to "bin\Debug\net9.0\Volo.Abp.Account.Application.dll". Beginning retry 2 in 1000ms. The process cannot access the file 'E:\TreadSnow\TreadSnow Github2\src\TreadSnow.HttpApi.Host\bin\Debug\net9.0\Volo.Abp.Account.Application.dll' because it is being used by another process. The file is locked by: "TreadSnow.HttpApi.Host (46584)" [E:\TreadSnow\TreadSnow Github2\src\TreadSnow.HttpApi.Host\TreadSnow.HttpApi.Host.csproj]
C:\Program Files\dotnet\sdk\9.0.202\Microsoft.Common.CurrentVersion.targets(5063,5): warning MSB3026: Could not copy "E:\TreadSnow\TreadSnow Github2\ABP9.1.1\modules\account\src\Volo.Abp.Account.HttpApi\bin\Debug\net9.0\Volo.Abp.Account.HttpApi.dll" to "bin\Debug\net9.0\Volo.Abp.Account.HttpApi.dll". Beginning retry 2 in 1000ms. The process cannot access the file 'E:\TreadSnow\TreadSnow Github2\src\TreadSnow.HttpApi.Host\bin\Debug\net9.0\Volo.Abp.Account.HttpApi.dll' because it is being used by another process. The file is locked by: "TreadSnow.HttpApi.Host (46584)" [E:\TreadSnow\TreadSnow Github2\src\TreadSnow.HttpApi.Host\TreadSnow.HttpApi.Host.csproj]
C:\Program Files\dotnet\sdk\9.0.202\Microsoft.Common.CurrentVersion.targets(5063,5): warning MSB3026: Could not copy "E:\TreadSnow\TreadSnow Github2\ABP9.1.1\modules\account\src\Volo.Abp.Account.Web\bin\Debug\net9.0\Volo.Abp.Account.Web.dll" to "bin\Debug\net9.0\Volo.Abp.Account.Web.dll". Beginning retry 2 in 1000ms. The process cannot access the file 'E:\TreadSnow\TreadSnow Github2\src\TreadSnow.HttpApi.Host\bin\Debug\net9.0\Volo.Abp.Account.Web.dll' because it is being used by another process. The file is locked by: "TreadSnow.HttpApi.Host (46584)" [E:\TreadSnow\TreadSnow Github2\src\TreadSnow.HttpApi.Host\TreadSnow.HttpApi.Host.csproj]
C:\Program Files\dotnet\sdk\9.0.202\Microsoft.Common.CurrentVersion.targets(5063,5): warning MSB3026: Could not copy "E:\TreadSnow\TreadSnow Github2\ABP9.1.1\framework\src\Volo.Abp.ApiVersioning.Abstractions\bin\Debug\net9.0\Volo.Abp.ApiVersioning.Abstractions.dll" to "bin\Debug\net9.0\Volo.Abp.ApiVersioning.Abstractions.dll". Beginning retry 2 in 1000ms. The process cannot access the file 'E:\TreadSnow\TreadSnow Github2\src\TreadSnow.HttpApi.Host\bin\Debug\net9.0\Volo.Abp.ApiVersioning.Abstractions.dll' because it is being used by another process. The file is locked by: "TreadSnow.HttpApi.Host (46584)" [E:\TreadSnow\TreadSnow Github2\src\TreadSnow.HttpApi.Host\TreadSnow.HttpApi.Host.csproj]
C:\Program Files\dotnet\sdk\9.0.202\Microsoft.Common.CurrentVersion.targets(5063,5): warning MSB3026: Could not copy "E:\TreadSnow\TreadSnow Github2\ABP9.1.1\modules\account\src\Volo.Abp.Account.Web.OpenIddict\bin\Debug\net9.0\Volo.Abp.Account.Web.OpenIddict.dll" to "bin\Debug\net9.0\Volo.Abp.Account.Web.OpenIddict.dll". Beginning retry 2 in 1000ms. The process cannot access the file 'E:\TreadSnow\TreadSnow Github2\src\TreadSnow.HttpApi.Host\bin\Debug\net9.0\Volo.Abp.Account.Web.OpenIddict.dll' because it is being used by another process. The file is locked by: "TreadSnow.HttpApi.Host (46584)" [E:\TreadSnow\TreadSnow Github2\src\TreadSnow.HttpApi.Host\TreadSnow.HttpApi.Host.csproj]
C:\Program Files\dotnet\sdk\9.0.202\Microsoft.Common.CurrentVersion.targets(5063,5): warning MSB3026: Could not copy "E:\TreadSnow\TreadSnow Github2\ABP9.1.1\modules\account\src\Volo.Abp.Account.Application.Contracts\bin\Debug\net9.0\Volo.Abp.Account.Application.Contracts.dll" to "bin\Debug\net9.0\Volo.Abp.Account.Application.Contracts.dll". Beginning retry 3 in 1000ms. The process cannot access the file 'E:\TreadSnow\TreadSnow Github2\src\TreadSnow.HttpApi.Host\bin\Debug\net9.0\Volo.Abp.Account.Application.Contracts.dll' because it is being used by another process. The file is locked by: "TreadSnow.HttpApi.Host (46584)" [E:\TreadSnow\TreadSnow Github2\src\TreadSnow.HttpApi.Host\TreadSnow.HttpApi.Host.csproj]
C:\Program Files\dotnet\sdk\9.0.202\Microsoft.Common.CurrentVersion.targets(5063,5): warning MSB3026: Could not copy "E:\TreadSnow\TreadSnow Github2\ABP9.1.1\modules\account\src\Volo.Abp.Account.Application\bin\Debug\net9.0\Volo.Abp.Account.Application.dll" to "bin\Debug\net9.0\Volo.Abp.Account.Application.dll". Beginning retry 3 in 1000ms. The process cannot access the file 'E:\TreadSnow\TreadSnow Github2\src\TreadSnow.HttpApi.Host\bin\Debug\net9.0\Volo.Abp.Account.Application.dll' because it is being used by another process. The file is locked by: "TreadSnow.HttpApi.Host (46584)" [E:\TreadSnow\TreadSnow Github2\src\TreadSnow.HttpApi.Host\TreadSnow.HttpApi.Host.csproj]
C:\Program Files\dotnet\sdk\9.0.202\Microsoft.Common.CurrentVersion.targets(5063,5): warning MSB3026: Could not copy "E:\TreadSnow\TreadSnow Github2\ABP9.1.1\modules\account\src\Volo.Abp.Account.HttpApi\bin\Debug\net9.0\Volo.Abp.Account.HttpApi.dll" to "bin\Debug\net9.0\Volo.Abp.Account.HttpApi.dll". Beginning retry 3 in 1000ms. The process cannot access the file 'E:\TreadSnow\TreadSnow Github2\src\TreadSnow.HttpApi.Host\bin\Debug\net9.0\Volo.Abp.Account.HttpApi.dll' because it is being used by another process. The file is locked by: "TreadSnow.HttpApi.Host (46584)" [E:\TreadSnow\TreadSnow Github2\src\TreadSnow.HttpApi.Host\TreadSnow.HttpApi.Host.csproj]
C:\Program Files\dotnet\sdk\9.0.202\Microsoft.Common.CurrentVersion.targets(5063,5): warning MSB3026: Could not copy "E:\TreadSnow\TreadSnow Github2\ABP9.1.1\modules\account\src\Volo.Abp.Account.Web\bin\Debug\net9.0\Volo.Abp.Account.Web.dll" to "bin\Debug\net9.0\Volo.Abp.Account.Web.dll". Beginning retry 3 in 1000ms. The process cannot access the file 'E:\TreadSnow\TreadSnow Github2\src\TreadSnow.HttpApi.Host\bin\Debug\net9.0\Volo.Abp.Account.Web.dll' because it is being used by another process. The file is locked by: "TreadSnow.HttpApi.Host (46584)" [E:\TreadSnow\TreadSnow Github2\src\TreadSnow.HttpApi.Host\TreadSnow.HttpApi.Host.csproj]
C:\Program Files\dotnet\sdk\9.0.202\Microsoft.Common.CurrentVersion.targets(5063,5): warning MSB3026: Could not copy "E:\TreadSnow\TreadSnow Github2\ABP9.1.1\framework\src\Volo.Abp.ApiVersioning.Abstractions\bin\Debug\net9.0\Volo.Abp.ApiVersioning.Abstractions.dll" to "bin\Debug\net9.0\Volo.Abp.ApiVersioning.Abstractions.dll". Beginning retry 3 in 1000ms. The process cannot access the file 'E:\TreadSnow\TreadSnow Github2\src\TreadSnow.HttpApi.Host\bin\Debug\net9.0\Volo.Abp.ApiVersioning.Abstractions.dll' because it is being used by another process. The file is locked by: "TreadSnow.HttpApi.Host (46584)" [E:\TreadSnow\TreadSnow Github2\src\TreadSnow.HttpApi.Host\TreadSnow.HttpApi.Host.csproj]
C:\Program Files\dotnet\sdk\9.0.202\Microsoft.Common.CurrentVersion.targets(5063,5): warning MSB3026: Could not copy "E:\TreadSnow\TreadSnow Github2\ABP9.1.1\modules\account\src\Volo.Abp.Account.Web.OpenIddict\bin\Debug\net9.0\Volo.Abp.Account.Web.OpenIddict.dll" to "bin\Debug\net9.0\Volo.Abp.Account.Web.OpenIddict.dll". Beginning retry 3 in 1000ms. The process cannot access the file 'E:\TreadSnow\TreadSnow Github2\src\TreadSnow.HttpApi.Host\bin\Debug\net9.0\Volo.Abp.Account.Web.OpenIddict.dll' because it is being used by another process. The file is locked by: "TreadSnow.HttpApi.Host (46584)" [E:\TreadSnow\TreadSnow Github2\src\TreadSnow.HttpApi.Host\TreadSnow.HttpApi.Host.csproj]
C:\Program Files\dotnet\sdk\9.0.202\Microsoft.Common.CurrentVersion.targets(5063,5): warning MSB3026: Could not copy "E:\TreadSnow\TreadSnow Github2\ABP9.1.1\modules\account\src\Volo.Abp.Account.Application.Contracts\bin\Debug\net9.0\Volo.Abp.Account.Application.Contracts.dll" to "bin\Debug\net9.0\Volo.Abp.Account.Application.Contracts.dll". Beginning retry 4 in 1000ms. The process cannot access the file 'E:\TreadSnow\TreadSnow Github2\src\TreadSnow.HttpApi.Host\bin\Debug\net9.0\Volo.Abp.Account.Application.Contracts.dll' because it is being used by another process. The file is locked by: "TreadSnow.HttpApi.Host (46584)" [E:\TreadSnow\TreadSnow Github2\src\TreadSnow.HttpApi.Host\TreadSnow.HttpApi.Host.csproj]
C:\Program Files\dotnet\sdk\9.0.202\Microsoft.Common.CurrentVersion.targets(5063,5): warning MSB3026: Could not copy "E:\TreadSnow\TreadSnow Github2\ABP9.1.1\modules\account\src\Volo.Abp.Account.Application\bin\Debug\net9.0\Volo.Abp.Account.Application.dll" to "bin\Debug\net9.0\Volo.Abp.Account.Application.dll". Beginning retry 4 in 1000ms. The process cannot access the file 'E:\TreadSnow\TreadSnow Github2\src\TreadSnow.HttpApi.Host\bin\Debug\net9.0\Volo.Abp.Account.Application.dll' because it is being used by another process. The file is locked by: "TreadSnow.HttpApi.Host (46584)" [E:\TreadSnow\TreadSnow Github2\src\TreadSnow.HttpApi.Host\TreadSnow.HttpApi.Host.csproj]
C:\Program Files\dotnet\sdk\9.0.202\Microsoft.Common.CurrentVersion.targets(5063,5): warning MSB3026: Could not copy "E:\TreadSnow\TreadSnow Github2\ABP9.1.1\modules\account\src\Volo.Abp.Account.HttpApi\bin\Debug\net9.0\Volo.Abp.Account.HttpApi.dll" to "bin\Debug\net9.0\Volo.Abp.Account.HttpApi.dll". Beginning retry 4 in 1000ms. The process cannot access the file 'E:\TreadSnow\TreadSnow Github2\src\TreadSnow.HttpApi.Host\bin\Debug\net9.0\Volo.Abp.Account.HttpApi.dll' because it is being used by another process. The file is locked by: "TreadSnow.HttpApi.Host (46584)" [E:\TreadSnow\TreadSnow Github2\src\TreadSnow.HttpApi.Host\TreadSnow.HttpApi.Host.csproj]
C:\Program Files\dotnet\sdk\9.0.202\Microsoft.Common.CurrentVersion.targets(5063,5): warning MSB3026: Could not copy "E:\TreadSnow\TreadSnow Github2\ABP9.1.1\modules\account\src\Volo.Abp.Account.Web\bin\Debug\net9.0\Volo.Abp.Account.Web.dll" to "bin\Debug\net9.0\Volo.Abp.Account.Web.dll". Beginning retry 4 in 1000ms. The process cannot access the file 'E:\TreadSnow\TreadSnow Github2\src\TreadSnow.HttpApi.Host\bin\Debug\net9.0\Volo.Abp.Account.Web.dll' because it is being used by another process. The file is locked by: "TreadSnow.HttpApi.Host (46584)" [E:\TreadSnow\TreadSnow Github2\src\TreadSnow.HttpApi.Host\TreadSnow.HttpApi.Host.csproj]
C:\Program Files\dotnet\sdk\9.0.202\Microsoft.Common.CurrentVersion.targets(5063,5): warning MSB3026: Could not copy "E:\TreadSnow\TreadSnow Github2\ABP9.1.1\modules\account\src\Volo.Abp.Account.Web.OpenIddict\bin\Debug\net9.0\Volo.Abp.Account.Web.OpenIddict.dll" to "bin\Debug\net9.0\Volo.Abp.Account.Web.OpenIddict.dll". Beginning retry 4 in 1000ms. The process cannot access the file 'E:\TreadSnow\TreadSnow Github2\src\TreadSnow.HttpApi.Host\bin\Debug\net9.0\Volo.Abp.Account.Web.OpenIddict.dll' because it is being used by another process. The file is locked by: "TreadSnow.HttpApi.Host (46584)" [E:\TreadSnow\TreadSnow Github2\src\TreadSnow.HttpApi.Host\TreadSnow.HttpApi.Host.csproj]
C:\Program Files\dotnet\sdk\9.0.202\Microsoft.Common.CurrentVersion.targets(5063,5): warning MSB3026: Could not copy "E:\TreadSnow\TreadSnow Github2\ABP9.1.1\framework\src\Volo.Abp.ApiVersioning.Abstractions\bin\Debug\net9.0\Volo.Abp.ApiVersioning.Abstractions.dll" to "bin\Debug\net9.0\Volo.Abp.ApiVersioning.Abstractions.dll". Beginning retry 4 in 1000ms. The process cannot access the file 'E:\TreadSnow\TreadSnow Github2\src\TreadSnow.HttpApi.Host\bin\Debug\net9.0\Volo.Abp.ApiVersioning.Abstractions.dll' because it is being used by another process. The file is locked by: "TreadSnow.HttpApi.Host (46584)" [E:\TreadSnow\TreadSnow Github2\src\TreadSnow.HttpApi.Host\TreadSnow.HttpApi.Host.csproj]
C:\Program Files\dotnet\sdk\9.0.202\Microsoft.Common.CurrentVersion.targets(5063,5): warning MSB3026: Could not copy "E:\TreadSnow\TreadSnow Github2\ABP9.1.1\modules\account\src\Volo.Abp.Account.Application.Contracts\bin\Debug\net9.0\Volo.Abp.Account.Application.Contracts.dll" to "bin\Debug\net9.0\Volo.Abp.Account.Application.Contracts.dll". Beginning retry 5 in 1000ms. The process cannot access the file 'E:\TreadSnow\TreadSnow Github2\src\TreadSnow.HttpApi.Host\bin\Debug\net9.0\Volo.Abp.Account.Application.Contracts.dll' because it is being used by another process. The file is locked by: "TreadSnow.HttpApi.Host (46584)" [E:\TreadSnow\TreadSnow Github2\src\TreadSnow.HttpApi.Host\TreadSnow.HttpApi.Host.csproj]
C:\Program Files\dotnet\sdk\9.0.202\Microsoft.Common.CurrentVersion.targets(5063,5): warning MSB3026: Could not copy "E:\TreadSnow\TreadSnow Github2\ABP9.1.1\modules\account\src\Volo.Abp.Account.Application\bin\Debug\net9.0\Volo.Abp.Account.Application.dll" to "bin\Debug\net9.0\Volo.Abp.Account.Application.dll". Beginning retry 5 in 1000ms. The process cannot access the file 'E:\TreadSnow\TreadSnow Github2\src\TreadSnow.HttpApi.Host\bin\Debug\net9.0\Volo.Abp.Account.Application.dll' because it is being used by another process. The file is locked by: "TreadSnow.HttpApi.Host (46584)" [E:\TreadSnow\TreadSnow Github2\src\TreadSnow.HttpApi.Host\TreadSnow.HttpApi.Host.csproj]
C:\Program Files\dotnet\sdk\9.0.202\Microsoft.Common.CurrentVersion.targets(5063,5): warning MSB3026: Could not copy "E:\TreadSnow\TreadSnow Github2\ABP9.1.1\modules\account\src\Volo.Abp.Account.HttpApi\bin\Debug\net9.0\Volo.Abp.Account.HttpApi.dll" to "bin\Debug\net9.0\Volo.Abp.Account.HttpApi.dll". Beginning retry 5 in 1000ms. The process cannot access the file 'E:\TreadSnow\TreadSnow Github2\src\TreadSnow.HttpApi.Host\bin\Debug\net9.0\Volo.Abp.Account.HttpApi.dll' because it is being used by another process. The file is locked by: "TreadSnow.HttpApi.Host (46584)" [E:\TreadSnow\TreadSnow Github2\src\TreadSnow.HttpApi.Host\TreadSnow.HttpApi.Host.csproj]
C:\Program Files\dotnet\sdk\9.0.202\Microsoft.Common.CurrentVersion.targets(5063,5): warning MSB3026: Could not copy "E:\TreadSnow\TreadSnow Github2\ABP9.1.1\modules\account\src\Volo.Abp.Account.Web\bin\Debug\net9.0\Volo.Abp.Account.Web.dll" to "bin\Debug\net9.0\Volo.Abp.Account.Web.dll". Beginning retry 5 in 1000ms. The process cannot access the file 'E:\TreadSnow\TreadSnow Github2\src\TreadSnow.HttpApi.Host\bin\Debug\net9.0\Volo.Abp.Account.Web.dll' because it is being used by another process. The file is locked by: "TreadSnow.HttpApi.Host (46584)" [E:\TreadSnow\TreadSnow Github2\src\TreadSnow.HttpApi.Host\TreadSnow.HttpApi.Host.csproj]
C:\Program Files\dotnet\sdk\9.0.202\Microsoft.Common.CurrentVersion.targets(5063,5): warning MSB3026: Could not copy "E:\TreadSnow\TreadSnow Github2\ABP9.1.1\modules\account\src\Volo.Abp.Account.Web.OpenIddict\bin\Debug\net9.0\Volo.Abp.Account.Web.OpenIddict.dll" to "bin\Debug\net9.0\Volo.Abp.Account.Web.OpenIddict.dll". Beginning retry 5 in 1000ms. The process cannot access the file 'E:\TreadSnow\TreadSnow Github2\src\TreadSnow.HttpApi.Host\bin\Debug\net9.0\Volo.Abp.Account.Web.OpenIddict.dll' because it is being used by another process. The file is locked by: "TreadSnow.HttpApi.Host (46584)" [E:\TreadSnow\TreadSnow Github2\src\TreadSnow.HttpApi.Host\TreadSnow.HttpApi.Host.csproj]
C:\Program Files\dotnet\sdk\9.0.202\Microsoft.Common.CurrentVersion.targets(5063,5): warning MSB3026: Could not copy "E:\TreadSnow\TreadSnow Github2\ABP9.1.1\framework\src\Volo.Abp.ApiVersioning.Abstractions\bin\Debug\net9.0\Volo.Abp.ApiVersioning.Abstractions.dll" to "bin\Debug\net9.0\Volo.Abp.ApiVersioning.Abstractions.dll". Beginning retry 5 in 1000ms. The process cannot access the file 'E:\TreadSnow\TreadSnow Github2\src\TreadSnow.HttpApi.Host\bin\Debug\net9.0\Volo.Abp.ApiVersioning.Abstractions.dll' because it is being used by another process. The file is locked by: "TreadSnow.HttpApi.Host (46584)" [E:\TreadSnow\TreadSnow Github2\src\TreadSnow.HttpApi.Host\TreadSnow.HttpApi.Host.csproj]
C:\Program Files\dotnet\sdk\9.0.202\Microsoft.Common.CurrentVersion.targets(5063,5): warning MSB3026: Could not copy "E:\TreadSnow\TreadSnow Github2\ABP9.1.1\modules\account\src\Volo.Abp.Account.Application.Contracts\bin\Debug\net9.0\Volo.Abp.Account.Application.Contracts.dll" to "bin\Debug\net9.0\Volo.Abp.Account.Application.Contracts.dll". Beginning retry 6 in 1000ms. The process cannot access the file 'E:\TreadSnow\TreadSnow Github2\src\TreadSnow.HttpApi.Host\bin\Debug\net9.0\Volo.Abp.Account.Application.Contracts.dll' because it is being used by another process. The file is locked by: "TreadSnow.HttpApi.Host (46584)" [E:\TreadSnow\TreadSnow Github2\src\TreadSnow.HttpApi.Host\TreadSnow.HttpApi.Host.csproj]
C:\Program Files\dotnet\sdk\9.0.202\Microsoft.Common.CurrentVersion.targets(5063,5): warning MSB3026: Could not copy "E:\TreadSnow\TreadSnow Github2\ABP9.1.1\modules\account\src\Volo.Abp.Account.Application\bin\Debug\net9.0\Volo.Abp.Account.Application.dll" to "bin\Debug\net9.0\Volo.Abp.Account.Application.dll". Beginning retry 6 in 1000ms. The process cannot access the file 'E:\TreadSnow\TreadSnow Github2\src\TreadSnow.HttpApi.Host\bin\Debug\net9.0\Volo.Abp.Account.Application.dll' because it is being used by another process. The file is locked by: "TreadSnow.HttpApi.Host (46584)" [E:\TreadSnow\TreadSnow Github2\src\TreadSnow.HttpApi.Host\TreadSnow.HttpApi.Host.csproj]
C:\Program Files\dotnet\sdk\9.0.202\Microsoft.Common.CurrentVersion.targets(5063,5): warning MSB3026: Could not copy "E:\TreadSnow\TreadSnow Github2\ABP9.1.1\modules\account\src\Volo.Abp.Account.HttpApi\bin\Debug\net9.0\Volo.Abp.Account.HttpApi.dll" to "bin\Debug\net9.0\Volo.Abp.Account.HttpApi.dll". Beginning retry 6 in 1000ms. The process cannot access the file 'E:\TreadSnow\TreadSnow Github2\src\TreadSnow.HttpApi.Host\bin\Debug\net9.0\Volo.Abp.Account.HttpApi.dll' because it is being used by another process. The file is locked by: "TreadSnow.HttpApi.Host (46584)" [E:\TreadSnow\TreadSnow Github2\src\TreadSnow.HttpApi.Host\TreadSnow.HttpApi.Host.csproj]
C:\Program Files\dotnet\sdk\9.0.202\Microsoft.Common.CurrentVersion.targets(5063,5): warning MSB3026: Could not copy "E:\TreadSnow\TreadSnow Github2\ABP9.1.1\modules\account\src\Volo.Abp.Account.Web\bin\Debug\net9.0\Volo.Abp.Account.Web.dll" to "bin\Debug\net9.0\Volo.Abp.Account.Web.dll". Beginning retry 6 in 1000ms. The process cannot access the file 'E:\TreadSnow\TreadSnow Github2\src\TreadSnow.HttpApi.Host\bin\Debug\net9.0\Volo.Abp.Account.Web.dll' because it is being used by another process. The file is locked by: "TreadSnow.HttpApi.Host (46584)" [E:\TreadSnow\TreadSnow Github2\src\TreadSnow.HttpApi.Host\TreadSnow.HttpApi.Host.csproj]
C:\Program Files\dotnet\sdk\9.0.202\Microsoft.Common.CurrentVersion.targets(5063,5): warning MSB3026: Could not copy "E:\TreadSnow\TreadSnow Github2\ABP9.1.1\modules\account\src\Volo.Abp.Account.Web.OpenIddict\bin\Debug\net9.0\Volo.Abp.Account.Web.OpenIddict.dll" to "bin\Debug\net9.0\Volo.Abp.Account.Web.OpenIddict.dll". Beginning retry 6 in 1000ms. The process cannot access the file 'E:\TreadSnow\TreadSnow Github2\src\TreadSnow.HttpApi.Host\bin\Debug\net9.0\Volo.Abp.Account.Web.OpenIddict.dll' because it is being used by another process. The file is locked by: "TreadSnow.HttpApi.Host (46584)" [E:\TreadSnow\TreadSnow Github2\src\TreadSnow.HttpApi.Host\TreadSnow.HttpApi.Host.csproj]
C:\Program Files\dotnet\sdk\9.0.202\Microsoft.Common.CurrentVersion.targets(5063,5): warning MSB3026: Could not copy "E:\TreadSnow\TreadSnow Github2\ABP9.1.1\framework\src\Volo.Abp.ApiVersioning.Abstractions\bin\Debug\net9.0\Volo.Abp.ApiVersioning.Abstractions.dll" to "bin\Debug\net9.0\Volo.Abp.ApiVersioning.Abstractions.dll". Beginning retry 6 in 1000ms. The process cannot access the file 'E:\TreadSnow\TreadSnow Github2\src\TreadSnow.HttpApi.Host\bin\Debug\net9.0\Volo.Abp.ApiVersioning.Abstractions.dll' because it is being used by another process. The file is locked by: "TreadSnow.HttpApi.Host (46584)" [E:\TreadSnow\TreadSnow Github2\src\TreadSnow.HttpApi.Host\TreadSnow.HttpApi.Host.csproj]
C:\Program Files\dotnet\sdk\9.0.202\Microsoft.Common.CurrentVersion.targets(5063,5): warning MSB3026: Could not copy "E:\TreadSnow\TreadSnow Github2\ABP9.1.1\modules\account\src\Volo.Abp.Account.Application.Contracts\bin\Debug\net9.0\Volo.Abp.Account.Application.Contracts.dll" to "bin\Debug\net9.0\Volo.Abp.Account.Application.Contracts.dll". Beginning retry 7 in 1000ms. The process cannot access the file 'E:\TreadSnow\TreadSnow Github2\src\TreadSnow.HttpApi.Host\bin\Debug\net9.0\Volo.Abp.Account.Application.Contracts.dll' because it is being used by another process. The file is locked by: "TreadSnow.HttpApi.Host (46584)" [E:\TreadSnow\TreadSnow Github2\src\TreadSnow.HttpApi.Host\TreadSnow.HttpApi.Host.csproj]
C:\Program Files\dotnet\sdk\9.0.202\Microsoft.Common.CurrentVersion.targets(5063,5): warning MSB3026: Could not copy "E:\TreadSnow\TreadSnow Github2\ABP9.1.1\modules\account\src\Volo.Abp.Account.HttpApi\bin\Debug\net9.0\Volo.Abp.Account.HttpApi.dll" to "bin\Debug\net9.0\Volo.Abp.Account.HttpApi.dll". Beginning retry 7 in 1000ms. The process cannot access the file 'E:\TreadSnow\TreadSnow Github2\src\TreadSnow.HttpApi.Host\bin\Debug\net9.0\Volo.Abp.Account.HttpApi.dll' because it is being used by another process. The file is locked by: "TreadSnow.HttpApi.Host (46584)" [E:\TreadSnow\TreadSnow Github2\src\TreadSnow.HttpApi.Host\TreadSnow.HttpApi.Host.csproj]
C:\Program Files\dotnet\sdk\9.0.202\Microsoft.Common.CurrentVersion.targets(5063,5): warning MSB3026: Could not copy "E:\TreadSnow\TreadSnow Github2\ABP9.1.1\modules\account\src\Volo.Abp.Account.Application\bin\Debug\net9.0\Volo.Abp.Account.Application.dll" to "bin\Debug\net9.0\Volo.Abp.Account.Application.dll". Beginning retry 7 in 1000ms. The process cannot access the file 'E:\TreadSnow\TreadSnow Github2\src\TreadSnow.HttpApi.Host\bin\Debug\net9.0\Volo.Abp.Account.Application.dll' because it is being used by another process. The file is locked by: "TreadSnow.HttpApi.Host (46584)" [E:\TreadSnow\TreadSnow Github2\src\TreadSnow.HttpApi.Host\TreadSnow.HttpApi.Host.csproj]
C:\Program Files\dotnet\sdk\9.0.202\Microsoft.Common.CurrentVersion.targets(5063,5): warning MSB3026: Could not copy "E:\TreadSnow\TreadSnow Github2\ABP9.1.1\modules\account\src\Volo.Abp.Account.Web\bin\Debug\net9.0\Volo.Abp.Account.Web.dll" to "bin\Debug\net9.0\Volo.Abp.Account.Web.dll". Beginning retry 7 in 1000ms. The process cannot access the file 'E:\TreadSnow\TreadSnow Github2\src\TreadSnow.HttpApi.Host\bin\Debug\net9.0\Volo.Abp.Account.Web.dll' because it is being used by another process. The file is locked by: "TreadSnow.HttpApi.Host (46584)" [E:\TreadSnow\TreadSnow Github2\src\TreadSnow.HttpApi.Host\TreadSnow.HttpApi.Host.csproj]
C:\Program Files\dotnet\sdk\9.0.202\Microsoft.Common.CurrentVersion.targets(5063,5): warning MSB3026: Could not copy "E:\TreadSnow\TreadSnow Github2\ABP9.1.1\modules\account\src\Volo.Abp.Account.Web.OpenIddict\bin\Debug\net9.0\Volo.Abp.Account.Web.OpenIddict.dll" to "bin\Debug\net9.0\Volo.Abp.Account.Web.OpenIddict.dll". Beginning retry 7 in 1000ms. The process cannot access the file 'E:\TreadSnow\TreadSnow Github2\src\TreadSnow.HttpApi.Host\bin\Debug\net9.0\Volo.Abp.Account.Web.OpenIddict.dll' because it is being used by another process. The file is locked by: "TreadSnow.HttpApi.Host (46584)" [E:\TreadSnow\TreadSnow Github2\src\TreadSnow.HttpApi.Host\TreadSnow.HttpApi.Host.csproj]
C:\Program Files\dotnet\sdk\9.0.202\Microsoft.Common.CurrentVersion.targets(5063,5): warning MSB3026: Could not copy "E:\TreadSnow\TreadSnow Github2\ABP9.1.1\framework\src\Volo.Abp.ApiVersioning.Abstractions\bin\Debug\net9.0\Volo.Abp.ApiVersioning.Abstractions.dll" to "bin\Debug\net9.0\Volo.Abp.ApiVersioning.Abstractions.dll". Beginning retry 7 in 1000ms. The process cannot access the file 'E:\TreadSnow\TreadSnow Github2\src\TreadSnow.HttpApi.Host\bin\Debug\net9.0\Volo.Abp.ApiVersioning.Abstractions.dll' because it is being used by another process. The file is locked by: "TreadSnow.HttpApi.Host (46584)" [E:\TreadSnow\TreadSnow Github2\src\TreadSnow.HttpApi.Host\TreadSnow.HttpApi.Host.csproj]
C:\Program Files\dotnet\sdk\9.0.202\Microsoft.Common.CurrentVersion.targets(5063,5): warning MSB3026: Could not copy "E:\TreadSnow\TreadSnow Github2\ABP9.1.1\modules\account\src\Volo.Abp.Account.Application.Contracts\bin\Debug\net9.0\Volo.Abp.Account.Application.Contracts.dll" to "bin\Debug\net9.0\Volo.Abp.Account.Application.Contracts.dll". Beginning retry 8 in 1000ms. The process cannot access the file 'E:\TreadSnow\TreadSnow Github2\src\TreadSnow.HttpApi.Host\bin\Debug\net9.0\Volo.Abp.Account.Application.Contracts.dll' because it is being used by another process. The file is locked by: "TreadSnow.HttpApi.Host (46584)" [E:\TreadSnow\TreadSnow Github2\src\TreadSnow.HttpApi.Host\TreadSnow.HttpApi.Host.csproj]
C:\Program Files\dotnet\sdk\9.0.202\Microsoft.Common.CurrentVersion.targets(5063,5): warning MSB3026: Could not copy "E:\TreadSnow\TreadSnow Github2\ABP9.1.1\modules\account\src\Volo.Abp.Account.HttpApi\bin\Debug\net9.0\Volo.Abp.Account.HttpApi.dll" to "bin\Debug\net9.0\Volo.Abp.Account.HttpApi.dll". Beginning retry 8 in 1000ms. The process cannot access the file 'E:\TreadSnow\TreadSnow Github2\src\TreadSnow.HttpApi.Host\bin\Debug\net9.0\Volo.Abp.Account.HttpApi.dll' because it is being used by another process. The file is locked by: "TreadSnow.HttpApi.Host (46584)" [E:\TreadSnow\TreadSnow Github2\src\TreadSnow.HttpApi.Host\TreadSnow.HttpApi.Host.csproj]
C:\Program Files\dotnet\sdk\9.0.202\Microsoft.Common.CurrentVersion.targets(5063,5): warning MSB3026: Could not copy "E:\TreadSnow\TreadSnow Github2\ABP9.1.1\modules\account\src\Volo.Abp.Account.Application\bin\Debug\net9.0\Volo.Abp.Account.Application.dll" to "bin\Debug\net9.0\Volo.Abp.Account.Application.dll". Beginning retry 8 in 1000ms. The process cannot access the file 'E:\TreadSnow\TreadSnow Github2\src\TreadSnow.HttpApi.Host\bin\Debug\net9.0\Volo.Abp.Account.Application.dll' because it is being used by another process. The file is locked by: "TreadSnow.HttpApi.Host (46584)" [E:\TreadSnow\TreadSnow Github2\src\TreadSnow.HttpApi.Host\TreadSnow.HttpApi.Host.csproj]
C:\Program Files\dotnet\sdk\9.0.202\Microsoft.Common.CurrentVersion.targets(5063,5): warning MSB3026: Could not copy "E:\TreadSnow\TreadSnow Github2\ABP9.1.1\modules\account\src\Volo.Abp.Account.Web\bin\Debug\net9.0\Volo.Abp.Account.Web.dll" to "bin\Debug\net9.0\Volo.Abp.Account.Web.dll". Beginning retry 8 in 1000ms. The process cannot access the file 'E:\TreadSnow\TreadSnow Github2\src\TreadSnow.HttpApi.Host\bin\Debug\net9.0\Volo.Abp.Account.Web.dll' because it is being used by another process. The file is locked by: "TreadSnow.HttpApi.Host (46584)" [E:\TreadSnow\TreadSnow Github2\src\TreadSnow.HttpApi.Host\TreadSnow.HttpApi.Host.csproj]
C:\Program Files\dotnet\sdk\9.0.202\Microsoft.Common.CurrentVersion.targets(5063,5): warning MSB3026: Could not copy "E:\TreadSnow\TreadSnow Github2\ABP9.1.1\modules\account\src\Volo.Abp.Account.Web.OpenIddict\bin\Debug\net9.0\Volo.Abp.Account.Web.OpenIddict.dll" to "bin\Debug\net9.0\Volo.Abp.Account.Web.OpenIddict.dll". Beginning retry 8 in 1000ms. The process cannot access the file 'E:\TreadSnow\TreadSnow Github2\src\TreadSnow.HttpApi.Host\bin\Debug\net9.0\Volo.Abp.Account.Web.OpenIddict.dll' because it is being used by another process. The file is locked by: "TreadSnow.HttpApi.Host (46584)" [E:\TreadSnow\TreadSnow Github2\src\TreadSnow.HttpApi.Host\TreadSnow.HttpApi.Host.csproj]
C:\Program Files\dotnet\sdk\9.0.202\Microsoft.Common.CurrentVersion.targets(5063,5): warning MSB3026: Could not copy "E:\TreadSnow\TreadSnow Github2\ABP9.1.1\framework\src\Volo.Abp.ApiVersioning.Abstractions\bin\Debug\net9.0\Volo.Abp.ApiVersioning.Abstractions.dll" to "bin\Debug\net9.0\Volo.Abp.ApiVersioning.Abstractions.dll". Beginning retry 8 in 1000ms. The process cannot access the file 'E:\TreadSnow\TreadSnow Github2\src\TreadSnow.HttpApi.Host\bin\Debug\net9.0\Volo.Abp.ApiVersioning.Abstractions.dll' because it is being used by another process. The file is locked by: "TreadSnow.HttpApi.Host (46584)" [E:\TreadSnow\TreadSnow Github2\src\TreadSnow.HttpApi.Host\TreadSnow.HttpApi.Host.csproj]
C:\Program Files\dotnet\sdk\9.0.202\Microsoft.Common.CurrentVersion.targets(5063,5): warning MSB3026: Could not copy "E:\TreadSnow\TreadSnow Github2\ABP9.1.1\modules\account\src\Volo.Abp.Account.Application.Contracts\bin\Debug\net9.0\Volo.Abp.Account.Application.Contracts.dll" to "bin\Debug\net9.0\Volo.Abp.Account.Application.Contracts.dll". Beginning retry 9 in 1000ms. The process cannot access the file 'E:\TreadSnow\TreadSnow Github2\src\TreadSnow.HttpApi.Host\bin\Debug\net9.0\Volo.Abp.Account.Application.Contracts.dll' because it is being used by another process. The file is locked by: "TreadSnow.HttpApi.Host (46584)" [E:\TreadSnow\TreadSnow Github2\src\TreadSnow.HttpApi.Host\TreadSnow.HttpApi.Host.csproj]
C:\Program Files\dotnet\sdk\9.0.202\Microsoft.Common.CurrentVersion.targets(5063,5): warning MSB3026: Could not copy "E:\TreadSnow\TreadSnow Github2\ABP9.1.1\modules\account\src\Volo.Abp.Account.Application\bin\Debug\net9.0\Volo.Abp.Account.Application.dll" to "bin\Debug\net9.0\Volo.Abp.Account.Application.dll". Beginning retry 9 in 1000ms. The process cannot access the file 'E:\TreadSnow\TreadSnow Github2\src\TreadSnow.HttpApi.Host\bin\Debug\net9.0\Volo.Abp.Account.Application.dll' because it is being used by another process. The file is locked by: "TreadSnow.HttpApi.Host (46584)" [E:\TreadSnow\TreadSnow Github2\src\TreadSnow.HttpApi.Host\TreadSnow.HttpApi.Host.csproj]
C:\Program Files\dotnet\sdk\9.0.202\Microsoft.Common.CurrentVersion.targets(5063,5): warning MSB3026: Could not copy "E:\TreadSnow\TreadSnow Github2\ABP9.1.1\modules\account\src\Volo.Abp.Account.Web\bin\Debug\net9.0\Volo.Abp.Account.Web.dll" to "bin\Debug\net9.0\Volo.Abp.Account.Web.dll". Beginning retry 9 in 1000ms. The process cannot access the file 'E:\TreadSnow\TreadSnow Github2\src\TreadSnow.HttpApi.Host\bin\Debug\net9.0\Volo.Abp.Account.Web.dll' because it is being used by another process. The file is locked by: "TreadSnow.HttpApi.Host (46584)" [E:\TreadSnow\TreadSnow Github2\src\TreadSnow.HttpApi.Host\TreadSnow.HttpApi.Host.csproj]
C:\Program Files\dotnet\sdk\9.0.202\Microsoft.Common.CurrentVersion.targets(5063,5): warning MSB3026: Could not copy "E:\TreadSnow\TreadSnow Github2\ABP9.1.1\modules\account\src\Volo.Abp.Account.HttpApi\bin\Debug\net9.0\Volo.Abp.Account.HttpApi.dll" to "bin\Debug\net9.0\Volo.Abp.Account.HttpApi.dll". Beginning retry 9 in 1000ms. The process cannot access the file 'E:\TreadSnow\TreadSnow Github2\src\TreadSnow.HttpApi.Host\bin\Debug\net9.0\Volo.Abp.Account.HttpApi.dll' because it is being used by another process. The file is locked by: "TreadSnow.HttpApi.Host (46584)" [E:\TreadSnow\TreadSnow Github2\src\TreadSnow.HttpApi.Host\TreadSnow.HttpApi.Host.csproj]
C:\Program Files\dotnet\sdk\9.0.202\Microsoft.Common.CurrentVersion.targets(5063,5): warning MSB3026: Could not copy "E:\TreadSnow\TreadSnow Github2\ABP9.1.1\framework\src\Volo.Abp.ApiVersioning.Abstractions\bin\Debug\net9.0\Volo.Abp.ApiVersioning.Abstractions.dll" to "bin\Debug\net9.0\Volo.Abp.ApiVersioning.Abstractions.dll". Beginning retry 9 in 1000ms. The process cannot access the file 'E:\TreadSnow\TreadSnow Github2\src\TreadSnow.HttpApi.Host\bin\Debug\net9.0\Volo.Abp.ApiVersioning.Abstractions.dll' because it is being used by another process. The file is locked by: "TreadSnow.HttpApi.Host (46584)" [E:\TreadSnow\TreadSnow Github2\src\TreadSnow.HttpApi.Host\TreadSnow.HttpApi.Host.csproj]
C:\Program Files\dotnet\sdk\9.0.202\Microsoft.Common.CurrentVersion.targets(5063,5): warning MSB3026: Could not copy "E:\TreadSnow\TreadSnow Github2\ABP9.1.1\modules\account\src\Volo.Abp.Account.Web.OpenIddict\bin\Debug\net9.0\Volo.Abp.Account.Web.OpenIddict.dll" to "bin\Debug\net9.0\Volo.Abp.Account.Web.OpenIddict.dll". Beginning retry 9 in 1000ms. The process cannot access the file 'E:\TreadSnow\TreadSnow Github2\src\TreadSnow.HttpApi.Host\bin\Debug\net9.0\Volo.Abp.Account.Web.OpenIddict.dll' because it is being used by another process. The file is locked by: "TreadSnow.HttpApi.Host (46584)" [E:\TreadSnow\TreadSnow Github2\src\TreadSnow.HttpApi.Host\TreadSnow.HttpApi.Host.csproj]
C:\Program Files\dotnet\sdk\9.0.202\Microsoft.Common.CurrentVersion.targets(5063,5): warning MSB3026: Could not copy "E:\TreadSnow\TreadSnow Github2\ABP9.1.1\modules\account\src\Volo.Abp.Account.Application.Contracts\bin\Debug\net9.0\Volo.Abp.Account.Application.Contracts.dll" to "bin\Debug\net9.0\Volo.Abp.Account.Application.Contracts.dll". Beginning retry 10 in 1000ms. The process cannot access the file 'E:\TreadSnow\TreadSnow Github2\src\TreadSnow.HttpApi.Host\bin\Debug\net9.0\Volo.Abp.Account.Application.Contracts.dll' because it is being used by another process. The file is locked by: "TreadSnow.HttpApi.Host (46584)" [E:\TreadSnow\TreadSnow Github2\src\TreadSnow.HttpApi.Host\TreadSnow.HttpApi.Host.csproj]
C:\Program Files\dotnet\sdk\9.0.202\Microsoft.Common.CurrentVersion.targets(5063,5): warning MSB3026: Could not copy "E:\TreadSnow\TreadSnow Github2\ABP9.1.1\modules\account\src\Volo.Abp.Account.Web\bin\Debug\net9.0\Volo.Abp.Account.Web.dll" to "bin\Debug\net9.0\Volo.Abp.Account.Web.dll". Beginning retry 10 in 1000ms. The process cannot access the file 'E:\TreadSnow\TreadSnow Github2\src\TreadSnow.HttpApi.Host\bin\Debug\net9.0\Volo.Abp.Account.Web.dll' because it is being used by another process. The file is locked by: "TreadSnow.HttpApi.Host (46584)" [E:\TreadSnow\TreadSnow Github2\src\TreadSnow.HttpApi.Host\TreadSnow.HttpApi.Host.csproj]
C:\Program Files\dotnet\sdk\9.0.202\Microsoft.Common.CurrentVersion.targets(5063,5): warning MSB3026: Could not copy "E:\TreadSnow\TreadSnow Github2\ABP9.1.1\modules\account\src\Volo.Abp.Account.Application\bin\Debug\net9.0\Volo.Abp.Account.Application.dll" to "bin\Debug\net9.0\Volo.Abp.Account.Application.dll". Beginning retry 10 in 1000ms. The process cannot access the file 'E:\TreadSnow\TreadSnow Github2\src\TreadSnow.HttpApi.Host\bin\Debug\net9.0\Volo.Abp.Account.Application.dll' because it is being used by another process. The file is locked by: "TreadSnow.HttpApi.Host (46584)" [E:\TreadSnow\TreadSnow Github2\src\TreadSnow.HttpApi.Host\TreadSnow.HttpApi.Host.csproj]
C:\Program Files\dotnet\sdk\9.0.202\Microsoft.Common.CurrentVersion.targets(5063,5): warning MSB3026: Could not copy "E:\TreadSnow\TreadSnow Github2\ABP9.1.1\modules\account\src\Volo.Abp.Account.HttpApi\bin\Debug\net9.0\Volo.Abp.Account.HttpApi.dll" to "bin\Debug\net9.0\Volo.Abp.Account.HttpApi.dll". Beginning retry 10 in 1000ms. The process cannot access the file 'E:\TreadSnow\TreadSnow Github2\src\TreadSnow.HttpApi.Host\bin\Debug\net9.0\Volo.Abp.Account.HttpApi.dll' because it is being used by another process. The file is locked by: "TreadSnow.HttpApi.Host (46584)" [E:\TreadSnow\TreadSnow Github2\src\TreadSnow.HttpApi.Host\TreadSnow.HttpApi.Host.csproj]
C:\Program Files\dotnet\sdk\9.0.202\Microsoft.Common.CurrentVersion.targets(5063,5): warning MSB3026: Could not copy "E:\TreadSnow\TreadSnow Github2\ABP9.1.1\framework\src\Volo.Abp.ApiVersioning.Abstractions\bin\Debug\net9.0\Volo.Abp.ApiVersioning.Abstractions.dll" to "bin\Debug\net9.0\Volo.Abp.ApiVersioning.Abstractions.dll". Beginning retry 10 in 1000ms. The process cannot access the file 'E:\TreadSnow\TreadSnow Github2\src\TreadSnow.HttpApi.Host\bin\Debug\net9.0\Volo.Abp.ApiVersioning.Abstractions.dll' because it is being used by another process. The file is locked by: "TreadSnow.HttpApi.Host (46584)" [E:\TreadSnow\TreadSnow Github2\src\TreadSnow.HttpApi.Host\TreadSnow.HttpApi.Host.csproj]
C:\Program Files\dotnet\sdk\9.0.202\Microsoft.Common.CurrentVersion.targets(5063,5): warning MSB3026: Could not copy "E:\TreadSnow\TreadSnow Github2\ABP9.1.1\modules\account\src\Volo.Abp.Account.Web.OpenIddict\bin\Debug\net9.0\Volo.Abp.Account.Web.OpenIddict.dll" to "bin\Debug\net9.0\Volo.Abp.Account.Web.OpenIddict.dll". Beginning retry 10 in 1000ms. The process cannot access the file 'E:\TreadSnow\TreadSnow Github2\src\TreadSnow.HttpApi.Host\bin\Debug\net9.0\Volo.Abp.Account.Web.OpenIddict.dll' because it is being used by another process. The file is locked by: "TreadSnow.HttpApi.Host (46584)" [E:\TreadSnow\TreadSnow Github2\src\TreadSnow.HttpApi.Host\TreadSnow.HttpApi.Host.csproj]
C:\Program Files\dotnet\sdk\9.0.202\Microsoft.Common.CurrentVersion.targets(5063,5): error MSB3027: Could not copy "E:\TreadSnow\TreadSnow Github2\ABP9.1.1\modules\account\src\Volo.Abp.Account.Application.Contracts\bin\Debug\net9.0\Volo.Abp.Account.Application.Contracts.dll" to "bin\Debug\net9.0\Volo.Abp.Account.Application.Contracts.dll". Exceeded retry count of 10. Failed. The file is locked by: "TreadSnow.HttpApi.Host (46584)" [E:\TreadSnow\TreadSnow Github2\src\TreadSnow.HttpApi.Host\TreadSnow.HttpApi.Host.csproj]
C:\Program Files\dotnet\sdk\9.0.202\Microsoft.Common.CurrentVersion.targets(5063,5): error MSB3021: Unable to copy file "E:\TreadSnow\TreadSnow Github2\ABP9.1.1\modules\account\src\Volo.Abp.Account.Application.Contracts\bin\Debug\net9.0\Volo.Abp.Account.Application.Contracts.dll" to "bin\Debug\net9.0\Volo.Abp.Account.Application.Contracts.dll". The process cannot access the file 'E:\TreadSnow\TreadSnow Github2\src\TreadSnow.HttpApi.Host\bin\Debug\net9.0\Volo.Abp.Account.Application.Contracts.dll' because it is being used by another process. [E:\TreadSnow\TreadSnow Github2\src\TreadSnow.HttpApi.Host\TreadSnow.HttpApi.Host.csproj]
C:\Program Files\dotnet\sdk\9.0.202\Microsoft.Common.CurrentVersion.targets(5063,5): warning MSB3026: Could not copy "E:\TreadSnow\TreadSnow Github2\ABP9.1.1\framework\src\Volo.Abp.AspNetCore.Abstractions\bin\Debug\net9.0\Volo.Abp.AspNetCore.Abstractions.dll" to "bin\Debug\net9.0\Volo.Abp.AspNetCore.Abstractions.dll". Beginning retry 1 in 1000ms. The process cannot access the file 'E:\TreadSnow\TreadSnow Github2\src\TreadSnow.HttpApi.Host\bin\Debug\net9.0\Volo.Abp.AspNetCore.Abstractions.dll' because it is being used by another process. The file is locked by: "TreadSnow.HttpApi.Host (46584)" [E:\TreadSnow\TreadSnow Github2\src\TreadSnow.HttpApi.Host\TreadSnow.HttpApi.Host.csproj]
C:\Program Files\dotnet\sdk\9.0.202\Microsoft.Common.CurrentVersion.targets(5063,5): error MSB3027: Could not copy "E:\TreadSnow\TreadSnow Github2\ABP9.1.1\modules\account\src\Volo.Abp.Account.Web\bin\Debug\net9.0\Volo.Abp.Account.Web.dll" to "bin\Debug\net9.0\Volo.Abp.Account.Web.dll". Exceeded retry count of 10. Failed. The file is locked by: "TreadSnow.HttpApi.Host (46584)" [E:\TreadSnow\TreadSnow Github2\src\TreadSnow.HttpApi.Host\TreadSnow.HttpApi.Host.csproj]
C:\Program Files\dotnet\sdk\9.0.202\Microsoft.Common.CurrentVersion.targets(5063,5): error MSB3021: Unable to copy file "E:\TreadSnow\TreadSnow Github2\ABP9.1.1\modules\account\src\Volo.Abp.Account.Web\bin\Debug\net9.0\Volo.Abp.Account.Web.dll" to "bin\Debug\net9.0\Volo.Abp.Account.Web.dll". The process cannot access the file 'E:\TreadSnow\TreadSnow Github2\src\TreadSnow.HttpApi.Host\bin\Debug\net9.0\Volo.Abp.Account.Web.dll' because it is being used by another process. [E:\TreadSnow\TreadSnow Github2\src\TreadSnow.HttpApi.Host\TreadSnow.HttpApi.Host.csproj]
C:\Program Files\dotnet\sdk\9.0.202\Microsoft.Common.CurrentVersion.targets(5063,5): error MSB3027: Could not copy "E:\TreadSnow\TreadSnow Github2\ABP9.1.1\modules\account\src\Volo.Abp.Account.HttpApi\bin\Debug\net9.0\Volo.Abp.Account.HttpApi.dll" to "bin\Debug\net9.0\Volo.Abp.Account.HttpApi.dll". Exceeded retry count of 10. Failed. The file is locked by: "TreadSnow.HttpApi.Host (46584)" [E:\TreadSnow\TreadSnow Github2\src\TreadSnow.HttpApi.Host\TreadSnow.HttpApi.Host.csproj]
C:\Program Files\dotnet\sdk\9.0.202\Microsoft.Common.CurrentVersion.targets(5063,5): error MSB3021: Unable to copy file "E:\TreadSnow\TreadSnow Github2\ABP9.1.1\modules\account\src\Volo.Abp.Account.HttpApi\bin\Debug\net9.0\Volo.Abp.Account.HttpApi.dll" to "bin\Debug\net9.0\Volo.Abp.Account.HttpApi.dll". The process cannot access the file 'E:\TreadSnow\TreadSnow Github2\src\TreadSnow.HttpApi.Host\bin\Debug\net9.0\Volo.Abp.Account.HttpApi.dll' because it is being used by another process. [E:\TreadSnow\TreadSnow Github2\src\TreadSnow.HttpApi.Host\TreadSnow.HttpApi.Host.csproj]
C:\Program Files\dotnet\sdk\9.0.202\Microsoft.Common.CurrentVersion.targets(5063,5): error MSB3027: Could not copy "E:\TreadSnow\TreadSnow Github2\ABP9.1.1\modules\account\src\Volo.Abp.Account.Application\bin\Debug\net9.0\Volo.Abp.Account.Application.dll" to "bin\Debug\net9.0\Volo.Abp.Account.Application.dll". Exceeded retry count of 10. Failed. The file is locked by: "TreadSnow.HttpApi.Host (46584)" [E:\TreadSnow\TreadSnow Github2\src\TreadSnow.HttpApi.Host\TreadSnow.HttpApi.Host.csproj]
C:\Program Files\dotnet\sdk\9.0.202\Microsoft.Common.CurrentVersion.targets(5063,5): error MSB3021: Unable to copy file "E:\TreadSnow\TreadSnow Github2\ABP9.1.1\modules\account\src\Volo.Abp.Account.Application\bin\Debug\net9.0\Volo.Abp.Account.Application.dll" to "bin\Debug\net9.0\Volo.Abp.Account.Application.dll". The process cannot access the file 'E:\TreadSnow\TreadSnow Github2\src\TreadSnow.HttpApi.Host\bin\Debug\net9.0\Volo.Abp.Account.Application.dll' because it is being used by another process. [E:\TreadSnow\TreadSnow Github2\src\TreadSnow.HttpApi.Host\TreadSnow.HttpApi.Host.csproj]
C:\Program Files\dotnet\sdk\9.0.202\Microsoft.Common.CurrentVersion.targets(5063,5): warning MSB3026: Could not copy "E:\TreadSnow\TreadSnow Github2\ABP9.1.1\framework\src\Volo.Abp.AspNetCore.Bundling\bin\Debug\net9.0\Volo.Abp.AspNetCore.Bundling.dll" to "bin\Debug\net9.0\Volo.Abp.AspNetCore.Bundling.dll". Beginning retry 1 in 1000ms. The process cannot access the file 'E:\TreadSnow\TreadSnow Github2\src\TreadSnow.HttpApi.Host\bin\Debug\net9.0\Volo.Abp.AspNetCore.Bundling.dll' because it is being used by another process. The file is locked by: "TreadSnow.HttpApi.Host (46584)" [E:\TreadSnow\TreadSnow Github2\src\TreadSnow.HttpApi.Host\TreadSnow.HttpApi.Host.csproj]
C:\Program Files\dotnet\sdk\9.0.202\Microsoft.Common.CurrentVersion.targets(5063,5): warning MSB3026: Could not copy "E:\TreadSnow\TreadSnow Github2\ABP9.1.1\framework\src\Volo.Abp.AspNetCore\bin\Debug\net9.0\Volo.Abp.AspNetCore.dll" to "bin\Debug\net9.0\Volo.Abp.AspNetCore.dll". Beginning retry 1 in 1000ms. The process cannot access the file 'E:\TreadSnow\TreadSnow Github2\src\TreadSnow.HttpApi.Host\bin\Debug\net9.0\Volo.Abp.AspNetCore.dll' because it is being used by another process. The file is locked by: "TreadSnow.HttpApi.Host (46584)" [E:\TreadSnow\TreadSnow Github2\src\TreadSnow.HttpApi.Host\TreadSnow.HttpApi.Host.csproj]
C:\Program Files\dotnet\sdk\9.0.202\Microsoft.Common.CurrentVersion.targets(5063,5): warning MSB3026: Could not copy "E:\TreadSnow\TreadSnow Github2\ABP9.1.1\framework\src\Volo.Abp.AspNetCore.Mvc.Contracts\bin\Debug\net9.0\Volo.Abp.AspNetCore.Mvc.Contracts.dll" to "bin\Debug\net9.0\Volo.Abp.AspNetCore.Mvc.Contracts.dll". Beginning retry 1 in 1000ms. The process cannot access the file 'E:\TreadSnow\TreadSnow Github2\src\TreadSnow.HttpApi.Host\bin\Debug\net9.0\Volo.Abp.AspNetCore.Mvc.Contracts.dll' because it is being used by another process. The file is locked by: "TreadSnow.HttpApi.Host (46584)" [E:\TreadSnow\TreadSnow Github2\src\TreadSnow.HttpApi.Host\TreadSnow.HttpApi.Host.csproj]
C:\Program Files\dotnet\sdk\9.0.202\Microsoft.Common.CurrentVersion.targets(5063,5): error MSB3027: Could not copy "E:\TreadSnow\TreadSnow Github2\ABP9.1.1\modules\account\src\Volo.Abp.Account.Web.OpenIddict\bin\Debug\net9.0\Volo.Abp.Account.Web.OpenIddict.dll" to "bin\Debug\net9.0\Volo.Abp.Account.Web.OpenIddict.dll". Exceeded retry count of 10. Failed. The file is locked by: "TreadSnow.HttpApi.Host (46584)" [E:\TreadSnow\TreadSnow Github2\src\TreadSnow.HttpApi.Host\TreadSnow.HttpApi.Host.csproj]
C:\Program Files\dotnet\sdk\9.0.202\Microsoft.Common.CurrentVersion.targets(5063,5): error MSB3021: Unable to copy file "E:\TreadSnow\TreadSnow Github2\ABP9.1.1\modules\account\src\Volo.Abp.Account.Web.OpenIddict\bin\Debug\net9.0\Volo.Abp.Account.Web.OpenIddict.dll" to "bin\Debug\net9.0\Volo.Abp.Account.Web.OpenIddict.dll". The process cannot access the file 'E:\TreadSnow\TreadSnow Github2\src\TreadSnow.HttpApi.Host\bin\Debug\net9.0\Volo.Abp.Account.Web.OpenIddict.dll' because it is being used by another process. [E:\TreadSnow\TreadSnow Github2\src\TreadSnow.HttpApi.Host\TreadSnow.HttpApi.Host.csproj]
C:\Program Files\dotnet\sdk\9.0.202\Microsoft.Common.CurrentVersion.targets(5063,5): error MSB3027: Could not copy "E:\TreadSnow\TreadSnow Github2\ABP9.1.1\framework\src\Volo.Abp.ApiVersioning.Abstractions\bin\Debug\net9.0\Volo.Abp.ApiVersioning.Abstractions.dll" to "bin\Debug\net9.0\Volo.Abp.ApiVersioning.Abstractions.dll". Exceeded retry count of 10. Failed. The file is locked by: "TreadSnow.HttpApi.Host (46584)" [E:\TreadSnow\TreadSnow Github2\src\TreadSnow.HttpApi.Host\TreadSnow.HttpApi.Host.csproj]
C:\Program Files\dotnet\sdk\9.0.202\Microsoft.Common.CurrentVersion.targets(5063,5): error MSB3021: Unable to copy file "E:\TreadSnow\TreadSnow Github2\ABP9.1.1\framework\src\Volo.Abp.ApiVersioning.Abstractions\bin\Debug\net9.0\Volo.Abp.ApiVersioning.Abstractions.dll" to "bin\Debug\net9.0\Volo.Abp.ApiVersioning.Abstractions.dll". The process cannot access the file 'E:\TreadSnow\TreadSnow Github2\src\TreadSnow.HttpApi.Host\bin\Debug\net9.0\Volo.Abp.ApiVersioning.Abstractions.dll' because it is being used by another process. [E:\TreadSnow\TreadSnow Github2\src\TreadSnow.HttpApi.Host\TreadSnow.HttpApi.Host.csproj]
C:\Program Files\dotnet\sdk\9.0.202\Microsoft.Common.CurrentVersion.targets(5063,5): warning MSB3026: Could not copy "E:\TreadSnow\TreadSnow Github2\ABP9.1.1\framework\src\Volo.Abp.AspNetCore.Mvc\bin\Debug\net9.0\Volo.Abp.AspNetCore.Mvc.dll" to "bin\Debug\net9.0\Volo.Abp.AspNetCore.Mvc.dll". Beginning retry 1 in 1000ms. The process cannot access the file 'E:\TreadSnow\TreadSnow Github2\src\TreadSnow.HttpApi.Host\bin\Debug\net9.0\Volo.Abp.AspNetCore.Mvc.dll' because it is being used by another process. The file is locked by: "TreadSnow.HttpApi.Host (46584)" [E:\TreadSnow\TreadSnow Github2\src\TreadSnow.HttpApi.Host\TreadSnow.HttpApi.Host.csproj]
C:\Program Files\dotnet\sdk\9.0.202\Microsoft.Common.CurrentVersion.targets(5063,5): warning MSB3026: Could not copy "E:\TreadSnow\TreadSnow Github2\ABP9.1.1\framework\src\Volo.Abp.AspNetCore.Mvc.UI.Bootstrap\bin\Debug\net9.0\Volo.Abp.AspNetCore.Mvc.UI.Bootstrap.dll" to "bin\Debug\net9.0\Volo.Abp.AspNetCore.Mvc.UI.Bootstrap.dll". Beginning retry 1 in 1000ms. The process cannot access the file 'E:\TreadSnow\TreadSnow Github2\src\TreadSnow.HttpApi.Host\bin\Debug\net9.0\Volo.Abp.AspNetCore.Mvc.UI.Bootstrap.dll' because it is being used by another process. The file is locked by: "TreadSnow.HttpApi.Host (46584)" [E:\TreadSnow\TreadSnow Github2\src\TreadSnow.HttpApi.Host\TreadSnow.HttpApi.Host.csproj]
C:\Program Files\dotnet\sdk\9.0.202\Microsoft.Common.CurrentVersion.targets(5063,5): warning MSB3026: Could not copy "E:\TreadSnow\TreadSnow Github2\ABP9.1.1\framework\src\Volo.Abp.AspNetCore.Abstractions\bin\Debug\net9.0\Volo.Abp.AspNetCore.Abstractions.dll" to "bin\Debug\net9.0\Volo.Abp.AspNetCore.Abstractions.dll". Beginning retry 2 in 1000ms. The process cannot access the file 'E:\TreadSnow\TreadSnow Github2\src\TreadSnow.HttpApi.Host\bin\Debug\net9.0\Volo.Abp.AspNetCore.Abstractions.dll' because it is being used by another process. The file is locked by: "TreadSnow.HttpApi.Host (46584)" [E:\TreadSnow\TreadSnow Github2\src\TreadSnow.HttpApi.Host\TreadSnow.HttpApi.Host.csproj]
C:\Program Files\dotnet\sdk\9.0.202\Microsoft.Common.CurrentVersion.targets(5063,5): warning MSB3026: Could not copy "E:\TreadSnow\TreadSnow Github2\ABP9.1.1\framework\src\Volo.Abp.AspNetCore.Bundling\bin\Debug\net9.0\Volo.Abp.AspNetCore.Bundling.dll" to "bin\Debug\net9.0\Volo.Abp.AspNetCore.Bundling.dll". Beginning retry 2 in 1000ms. The process cannot access the file 'E:\TreadSnow\TreadSnow Github2\src\TreadSnow.HttpApi.Host\bin\Debug\net9.0\Volo.Abp.AspNetCore.Bundling.dll' because it is being used by another process. The file is locked by: "TreadSnow.HttpApi.Host (46584)" [E:\TreadSnow\TreadSnow Github2\src\TreadSnow.HttpApi.Host\TreadSnow.HttpApi.Host.csproj]
C:\Program Files\dotnet\sdk\9.0.202\Microsoft.Common.CurrentVersion.targets(5063,5): warning MSB3026: Could not copy "E:\TreadSnow\TreadSnow Github2\ABP9.1.1\framework\src\Volo.Abp.AspNetCore\bin\Debug\net9.0\Volo.Abp.AspNetCore.dll" to "bin\Debug\net9.0\Volo.Abp.AspNetCore.dll". Beginning retry 2 in 1000ms. The process cannot access the file 'E:\TreadSnow\TreadSnow Github2\src\TreadSnow.HttpApi.Host\bin\Debug\net9.0\Volo.Abp.AspNetCore.dll' because it is being used by another process. The file is locked by: "TreadSnow.HttpApi.Host (46584)" [E:\TreadSnow\TreadSnow Github2\src\TreadSnow.HttpApi.Host\TreadSnow.HttpApi.Host.csproj]
C:\Program Files\dotnet\sdk\9.0.202\Microsoft.Common.CurrentVersion.targets(5063,5): warning MSB3026: Could not copy "E:\TreadSnow\TreadSnow Github2\ABP9.1.1\framework\src\Volo.Abp.AspNetCore.Mvc.Contracts\bin\Debug\net9.0\Volo.Abp.AspNetCore.Mvc.Contracts.dll" to "bin\Debug\net9.0\Volo.Abp.AspNetCore.Mvc.Contracts.dll". Beginning retry 2 in 1000ms. The process cannot access the file 'E:\TreadSnow\TreadSnow Github2\src\TreadSnow.HttpApi.Host\bin\Debug\net9.0\Volo.Abp.AspNetCore.Mvc.Contracts.dll' because it is being used by another process. The file is locked by: "TreadSnow.HttpApi.Host (46584)" [E:\TreadSnow\TreadSnow Github2\src\TreadSnow.HttpApi.Host\TreadSnow.HttpApi.Host.csproj]
C:\Program Files\dotnet\sdk\9.0.202\Microsoft.Common.CurrentVersion.targets(5063,5): warning MSB3026: Could not copy "E:\TreadSnow\TreadSnow Github2\ABP9.1.1\framework\src\Volo.Abp.AspNetCore.Mvc\bin\Debug\net9.0\Volo.Abp.AspNetCore.Mvc.dll" to "bin\Debug\net9.0\Volo.Abp.AspNetCore.Mvc.dll". Beginning retry 2 in 1000ms. The process cannot access the file 'E:\TreadSnow\TreadSnow Github2\src\TreadSnow.HttpApi.Host\bin\Debug\net9.0\Volo.Abp.AspNetCore.Mvc.dll' because it is being used by another process. The file is locked by: "TreadSnow.HttpApi.Host (46584)" [E:\TreadSnow\TreadSnow Github2\src\TreadSnow.HttpApi.Host\TreadSnow.HttpApi.Host.csproj]
C:\Program Files\dotnet\sdk\9.0.202\Microsoft.Common.CurrentVersion.targets(5063,5): warning MSB3026: Could not copy "E:\TreadSnow\TreadSnow Github2\ABP9.1.1\framework\src\Volo.Abp.AspNetCore.Mvc.UI.Bootstrap\bin\Debug\net9.0\Volo.Abp.AspNetCore.Mvc.UI.Bootstrap.dll" to "bin\Debug\net9.0\Volo.Abp.AspNetCore.Mvc.UI.Bootstrap.dll". Beginning retry 2 in 1000ms. The process cannot access the file 'E:\TreadSnow\TreadSnow Github2\src\TreadSnow.HttpApi.Host\bin\Debug\net9.0\Volo.Abp.AspNetCore.Mvc.UI.Bootstrap.dll' because it is being used by another process. The file is locked by: "TreadSnow.HttpApi.Host (46584)" [E:\TreadSnow\TreadSnow Github2\src\TreadSnow.HttpApi.Host\TreadSnow.HttpApi.Host.csproj]
C:\Program Files\dotnet\sdk\9.0.202\Microsoft.Common.CurrentVersion.targets(5063,5): warning MSB3026: Could not copy "E:\TreadSnow\TreadSnow Github2\ABP9.1.1\framework\src\Volo.Abp.AspNetCore.Abstractions\bin\Debug\net9.0\Volo.Abp.AspNetCore.Abstractions.dll" to "bin\Debug\net9.0\Volo.Abp.AspNetCore.Abstractions.dll". Beginning retry 3 in 1000ms. The process cannot access the file 'E:\TreadSnow\TreadSnow Github2\src\TreadSnow.HttpApi.Host\bin\Debug\net9.0\Volo.Abp.AspNetCore.Abstractions.dll' because it is being used by another process. The file is locked by: "TreadSnow.HttpApi.Host (46584)" [E:\TreadSnow\TreadSnow Github2\src\TreadSnow.HttpApi.Host\TreadSnow.HttpApi.Host.csproj]
C:\Program Files\dotnet\sdk\9.0.202\Microsoft.Common.CurrentVersion.targets(5063,5): warning MSB3026: Could not copy "E:\TreadSnow\TreadSnow Github2\ABP9.1.1\framework\src\Volo.Abp.AspNetCore.Bundling\bin\Debug\net9.0\Volo.Abp.AspNetCore.Bundling.dll" to "bin\Debug\net9.0\Volo.Abp.AspNetCore.Bundling.dll". Beginning retry 3 in 1000ms. The process cannot access the file 'E:\TreadSnow\TreadSnow Github2\src\TreadSnow.HttpApi.Host\bin\Debug\net9.0\Volo.Abp.AspNetCore.Bundling.dll' because it is being used by another process. The file is locked by: "TreadSnow.HttpApi.Host (46584)" [E:\TreadSnow\TreadSnow Github2\src\TreadSnow.HttpApi.Host\TreadSnow.HttpApi.Host.csproj]
C:\Program Files\dotnet\sdk\9.0.202\Microsoft.Common.CurrentVersion.targets(5063,5): warning MSB3026: Could not copy "E:\TreadSnow\TreadSnow Github2\ABP9.1.1\framework\src\Volo.Abp.AspNetCore\bin\Debug\net9.0\Volo.Abp.AspNetCore.dll" to "bin\Debug\net9.0\Volo.Abp.AspNetCore.dll". Beginning retry 3 in 1000ms. The process cannot access the file 'E:\TreadSnow\TreadSnow Github2\src\TreadSnow.HttpApi.Host\bin\Debug\net9.0\Volo.Abp.AspNetCore.dll' because it is being used by another process. The file is locked by: "TreadSnow.HttpApi.Host (46584)" [E:\TreadSnow\TreadSnow Github2\src\TreadSnow.HttpApi.Host\TreadSnow.HttpApi.Host.csproj]
C:\Program Files\dotnet\sdk\9.0.202\Microsoft.Common.CurrentVersion.targets(5063,5): warning MSB3026: Could not copy "E:\TreadSnow\TreadSnow Github2\ABP9.1.1\framework\src\Volo.Abp.AspNetCore.Mvc.Contracts\bin\Debug\net9.0\Volo.Abp.AspNetCore.Mvc.Contracts.dll" to "bin\Debug\net9.0\Volo.Abp.AspNetCore.Mvc.Contracts.dll". Beginning retry 3 in 1000ms. The process cannot access the file 'E:\TreadSnow\TreadSnow Github2\src\TreadSnow.HttpApi.Host\bin\Debug\net9.0\Volo.Abp.AspNetCore.Mvc.Contracts.dll' because it is being used by another process. The file is locked by: "TreadSnow.HttpApi.Host (46584)" [E:\TreadSnow\TreadSnow Github2\src\TreadSnow.HttpApi.Host\TreadSnow.HttpApi.Host.csproj]
C:\Program Files\dotnet\sdk\9.0.202\Microsoft.Common.CurrentVersion.targets(5063,5): warning MSB3026: Could not copy "E:\TreadSnow\TreadSnow Github2\ABP9.1.1\framework\src\Volo.Abp.AspNetCore.Abstractions\bin\Debug\net9.0\Volo.Abp.AspNetCore.Abstractions.dll" to "bin\Debug\net9.0\Volo.Abp.AspNetCore.Abstractions.dll". Beginning retry 4 in 1000ms. The process cannot access the file 'E:\TreadSnow\TreadSnow Github2\src\TreadSnow.HttpApi.Host\bin\Debug\net9.0\Volo.Abp.AspNetCore.Abstractions.dll' because it is being used by another process. The file is locked by: "TreadSnow.HttpApi.Host (46584)" [E:\TreadSnow\TreadSnow Github2\src\TreadSnow.HttpApi.Host\TreadSnow.HttpApi.Host.csproj]
C:\Program Files\dotnet\sdk\9.0.202\Microsoft.Common.CurrentVersion.targets(5063,5): warning MSB3026: Could not copy "E:\TreadSnow\TreadSnow Github2\ABP9.1.1\framework\src\Volo.Abp.AspNetCore.Mvc\bin\Debug\net9.0\Volo.Abp.AspNetCore.Mvc.dll" to "bin\Debug\net9.0\Volo.Abp.AspNetCore.Mvc.dll". Beginning retry 3 in 1000ms. The process cannot access the file 'E:\TreadSnow\TreadSnow Github2\src\TreadSnow.HttpApi.Host\bin\Debug\net9.0\Volo.Abp.AspNetCore.Mvc.dll' because it is being used by another process. The file is locked by: "TreadSnow.HttpApi.Host (46584)" [E:\TreadSnow\TreadSnow Github2\src\TreadSnow.HttpApi.Host\TreadSnow.HttpApi.Host.csproj]
C:\Program Files\dotnet\sdk\9.0.202\Microsoft.Common.CurrentVersion.targets(5063,5): warning MSB3026: Could not copy "E:\TreadSnow\TreadSnow Github2\ABP9.1.1\framework\src\Volo.Abp.AspNetCore.Mvc.UI.Bootstrap\bin\Debug\net9.0\Volo.Abp.AspNetCore.Mvc.UI.Bootstrap.dll" to "bin\Debug\net9.0\Volo.Abp.AspNetCore.Mvc.UI.Bootstrap.dll". Beginning retry 3 in 1000ms. The process cannot access the file 'E:\TreadSnow\TreadSnow Github2\src\TreadSnow.HttpApi.Host\bin\Debug\net9.0\Volo.Abp.AspNetCore.Mvc.UI.Bootstrap.dll' because it is being used by another process. The file is locked by: "TreadSnow.HttpApi.Host (46584)" [E:\TreadSnow\TreadSnow Github2\src\TreadSnow.HttpApi.Host\TreadSnow.HttpApi.Host.csproj]
C:\Program Files\dotnet\sdk\9.0.202\Microsoft.Common.CurrentVersion.targets(5063,5): warning MSB3026: Could not copy "E:\TreadSnow\TreadSnow Github2\ABP9.1.1\framework\src\Volo.Abp.AspNetCore.Bundling\bin\Debug\net9.0\Volo.Abp.AspNetCore.Bundling.dll" to "bin\Debug\net9.0\Volo.Abp.AspNetCore.Bundling.dll". Beginning retry 4 in 1000ms. The process cannot access the file 'E:\TreadSnow\TreadSnow Github2\src\TreadSnow.HttpApi.Host\bin\Debug\net9.0\Volo.Abp.AspNetCore.Bundling.dll' because it is being used by another process. The file is locked by: "TreadSnow.HttpApi.Host (46584)" [E:\TreadSnow\TreadSnow Github2\src\TreadSnow.HttpApi.Host\TreadSnow.HttpApi.Host.csproj]
C:\Program Files\dotnet\sdk\9.0.202\Microsoft.Common.CurrentVersion.targets(5063,5): warning MSB3026: Could not copy "E:\TreadSnow\TreadSnow Github2\ABP9.1.1\framework\src\Volo.Abp.AspNetCore\bin\Debug\net9.0\Volo.Abp.AspNetCore.dll" to "bin\Debug\net9.0\Volo.Abp.AspNetCore.dll". Beginning retry 4 in 1000ms. The process cannot access the file 'E:\TreadSnow\TreadSnow Github2\src\TreadSnow.HttpApi.Host\bin\Debug\net9.0\Volo.Abp.AspNetCore.dll' because it is being used by another process. The file is locked by: "TreadSnow.HttpApi.Host (46584)" [E:\TreadSnow\TreadSnow Github2\src\TreadSnow.HttpApi.Host\TreadSnow.HttpApi.Host.csproj]
C:\Program Files\dotnet\sdk\9.0.202\Microsoft.Common.CurrentVersion.targets(5063,5): warning MSB3026: Could not copy "E:\TreadSnow\TreadSnow Github2\ABP9.1.1\framework\src\Volo.Abp.AspNetCore.Mvc.Contracts\bin\Debug\net9.0\Volo.Abp.AspNetCore.Mvc.Contracts.dll" to "bin\Debug\net9.0\Volo.Abp.AspNetCore.Mvc.Contracts.dll". Beginning retry 4 in 1000ms. The process cannot access the file 'E:\TreadSnow\TreadSnow Github2\src\TreadSnow.HttpApi.Host\bin\Debug\net9.0\Volo.Abp.AspNetCore.Mvc.Contracts.dll' because it is being used by another process. The file is locked by: "TreadSnow.HttpApi.Host (46584)" [E:\TreadSnow\TreadSnow Github2\src\TreadSnow.HttpApi.Host\TreadSnow.HttpApi.Host.csproj]
C:\Program Files\dotnet\sdk\9.0.202\Microsoft.Common.CurrentVersion.targets(5063,5): warning MSB3026: Could not copy "E:\TreadSnow\TreadSnow Github2\ABP9.1.1\framework\src\Volo.Abp.AspNetCore.Abstractions\bin\Debug\net9.0\Volo.Abp.AspNetCore.Abstractions.dll" to "bin\Debug\net9.0\Volo.Abp.AspNetCore.Abstractions.dll". Beginning retry 5 in 1000ms. The process cannot access the file 'E:\TreadSnow\TreadSnow Github2\src\TreadSnow.HttpApi.Host\bin\Debug\net9.0\Volo.Abp.AspNetCore.Abstractions.dll' because it is being used by another process. The file is locked by: "TreadSnow.HttpApi.Host (46584)" [E:\TreadSnow\TreadSnow Github2\src\TreadSnow.HttpApi.Host\TreadSnow.HttpApi.Host.csproj]
C:\Program Files\dotnet\sdk\9.0.202\Microsoft.Common.CurrentVersion.targets(5063,5): warning MSB3026: Could not copy "E:\TreadSnow\TreadSnow Github2\ABP9.1.1\framework\src\Volo.Abp.AspNetCore.Mvc\bin\Debug\net9.0\Volo.Abp.AspNetCore.Mvc.dll" to "bin\Debug\net9.0\Volo.Abp.AspNetCore.Mvc.dll". Beginning retry 4 in 1000ms. The process cannot access the file 'E:\TreadSnow\TreadSnow Github2\src\TreadSnow.HttpApi.Host\bin\Debug\net9.0\Volo.Abp.AspNetCore.Mvc.dll' because it is being used by another process. The file is locked by: "TreadSnow.HttpApi.Host (46584)" [E:\TreadSnow\TreadSnow Github2\src\TreadSnow.HttpApi.Host\TreadSnow.HttpApi.Host.csproj]
C:\Program Files\dotnet\sdk\9.0.202\Microsoft.Common.CurrentVersion.targets(5063,5): warning MSB3026: Could not copy "E:\TreadSnow\TreadSnow Github2\ABP9.1.1\framework\src\Volo.Abp.AspNetCore.Mvc.UI.Bootstrap\bin\Debug\net9.0\Volo.Abp.AspNetCore.Mvc.UI.Bootstrap.dll" to "bin\Debug\net9.0\Volo.Abp.AspNetCore.Mvc.UI.Bootstrap.dll". Beginning retry 4 in 1000ms. The process cannot access the file 'E:\TreadSnow\TreadSnow Github2\src\TreadSnow.HttpApi.Host\bin\Debug\net9.0\Volo.Abp.AspNetCore.Mvc.UI.Bootstrap.dll' because it is being used by another process. The file is locked by: "TreadSnow.HttpApi.Host (46584)" [E:\TreadSnow\TreadSnow Github2\src\TreadSnow.HttpApi.Host\TreadSnow.HttpApi.Host.csproj]
C:\Program Files\dotnet\sdk\9.0.202\Microsoft.Common.CurrentVersion.targets(5063,5): warning MSB3026: Could not copy "E:\TreadSnow\TreadSnow Github2\ABP9.1.1\framework\src\Volo.Abp.AspNetCore.Bundling\bin\Debug\net9.0\Volo.Abp.AspNetCore.Bundling.dll" to "bin\Debug\net9.0\Volo.Abp.AspNetCore.Bundling.dll". Beginning retry 5 in 1000ms. The process cannot access the file 'E:\TreadSnow\TreadSnow Github2\src\TreadSnow.HttpApi.Host\bin\Debug\net9.0\Volo.Abp.AspNetCore.Bundling.dll' because it is being used by another process. The file is locked by: "TreadSnow.HttpApi.Host (46584)" [E:\TreadSnow\TreadSnow Github2\src\TreadSnow.HttpApi.Host\TreadSnow.HttpApi.Host.csproj]
C:\Program Files\dotnet\sdk\9.0.202\Microsoft.Common.CurrentVersion.targets(5063,5): warning MSB3026: Could not copy "E:\TreadSnow\TreadSnow Github2\ABP9.1.1\framework\src\Volo.Abp.AspNetCore\bin\Debug\net9.0\Volo.Abp.AspNetCore.dll" to "bin\Debug\net9.0\Volo.Abp.AspNetCore.dll". Beginning retry 5 in 1000ms. The process cannot access the file 'E:\TreadSnow\TreadSnow Github2\src\TreadSnow.HttpApi.Host\bin\Debug\net9.0\Volo.Abp.AspNetCore.dll' because it is being used by another process. The file is locked by: "TreadSnow.HttpApi.Host (46584)" [E:\TreadSnow\TreadSnow Github2\src\TreadSnow.HttpApi.Host\TreadSnow.HttpApi.Host.csproj]
C:\Program Files\dotnet\sdk\9.0.202\Microsoft.Common.CurrentVersion.targets(5063,5): warning MSB3026: Could not copy "E:\TreadSnow\TreadSnow Github2\ABP9.1.1\framework\src\Volo.Abp.AspNetCore.Mvc.Contracts\bin\Debug\net9.0\Volo.Abp.AspNetCore.Mvc.Contracts.dll" to "bin\Debug\net9.0\Volo.Abp.AspNetCore.Mvc.Contracts.dll". Beginning retry 5 in 1000ms. The process cannot access the file 'E:\TreadSnow\TreadSnow Github2\src\TreadSnow.HttpApi.Host\bin\Debug\net9.0\Volo.Abp.AspNetCore.Mvc.Contracts.dll' because it is being used by another process. The file is locked by: "TreadSnow.HttpApi.Host (46584)" [E:\TreadSnow\TreadSnow Github2\src\TreadSnow.HttpApi.Host\TreadSnow.HttpApi.Host.csproj]
C:\Program Files\dotnet\sdk\9.0.202\Microsoft.Common.CurrentVersion.targets(5063,5): warning MSB3026: Could not copy "E:\TreadSnow\TreadSnow Github2\ABP9.1.1\framework\src\Volo.Abp.AspNetCore.Abstractions\bin\Debug\net9.0\Volo.Abp.AspNetCore.Abstractions.dll" to "bin\Debug\net9.0\Volo.Abp.AspNetCore.Abstractions.dll". Beginning retry 6 in 1000ms. The process cannot access the file 'E:\TreadSnow\TreadSnow Github2\src\TreadSnow.HttpApi.Host\bin\Debug\net9.0\Volo.Abp.AspNetCore.Abstractions.dll' because it is being used by another process. The file is locked by: "TreadSnow.HttpApi.Host (46584)" [E:\TreadSnow\TreadSnow Github2\src\TreadSnow.HttpApi.Host\TreadSnow.HttpApi.Host.csproj]
C:\Program Files\dotnet\sdk\9.0.202\Microsoft.Common.CurrentVersion.targets(5063,5): warning MSB3026: Could not copy "E:\TreadSnow\TreadSnow Github2\ABP9.1.1\framework\src\Volo.Abp.AspNetCore.Mvc\bin\Debug\net9.0\Volo.Abp.AspNetCore.Mvc.dll" to "bin\Debug\net9.0\Volo.Abp.AspNetCore.Mvc.dll". Beginning retry 5 in 1000ms. The process cannot access the file 'E:\TreadSnow\TreadSnow Github2\src\TreadSnow.HttpApi.Host\bin\Debug\net9.0\Volo.Abp.AspNetCore.Mvc.dll' because it is being used by another process. The file is locked by: "TreadSnow.HttpApi.Host (46584)" [E:\TreadSnow\TreadSnow Github2\src\TreadSnow.HttpApi.Host\TreadSnow.HttpApi.Host.csproj]
C:\Program Files\dotnet\sdk\9.0.202\Microsoft.Common.CurrentVersion.targets(5063,5): warning MSB3026: Could not copy "E:\TreadSnow\TreadSnow Github2\ABP9.1.1\framework\src\Volo.Abp.AspNetCore.Mvc.UI.Bootstrap\bin\Debug\net9.0\Volo.Abp.AspNetCore.Mvc.UI.Bootstrap.dll" to "bin\Debug\net9.0\Volo.Abp.AspNetCore.Mvc.UI.Bootstrap.dll". Beginning retry 5 in 1000ms. The process cannot access the file 'E:\TreadSnow\TreadSnow Github2\src\TreadSnow.HttpApi.Host\bin\Debug\net9.0\Volo.Abp.AspNetCore.Mvc.UI.Bootstrap.dll' because it is being used by another process. The file is locked by: "TreadSnow.HttpApi.Host (46584)" [E:\TreadSnow\TreadSnow Github2\src\TreadSnow.HttpApi.Host\TreadSnow.HttpApi.Host.csproj]
C:\Program Files\dotnet\sdk\9.0.202\Microsoft.Common.CurrentVersion.targets(5063,5): warning MSB3026: Could not copy "E:\TreadSnow\TreadSnow Github2\ABP9.1.1\framework\src\Volo.Abp.AspNetCore.Bundling\bin\Debug\net9.0\Volo.Abp.AspNetCore.Bundling.dll" to "bin\Debug\net9.0\Volo.Abp.AspNetCore.Bundling.dll". Beginning retry 6 in 1000ms. The process cannot access the file 'E:\TreadSnow\TreadSnow Github2\src\TreadSnow.HttpApi.Host\bin\Debug\net9.0\Volo.Abp.AspNetCore.Bundling.dll' because it is being used by another process. The file is locked by: "TreadSnow.HttpApi.Host (46584)" [E:\TreadSnow\TreadSnow Github2\src\TreadSnow.HttpApi.Host\TreadSnow.HttpApi.Host.csproj]
C:\Program Files\dotnet\sdk\9.0.202\Microsoft.Common.CurrentVersion.targets(5063,5): warning MSB3026: Could not copy "E:\TreadSnow\TreadSnow Github2\ABP9.1.1\framework\src\Volo.Abp.AspNetCore\bin\Debug\net9.0\Volo.Abp.AspNetCore.dll" to "bin\Debug\net9.0\Volo.Abp.AspNetCore.dll". Beginning retry 6 in 1000ms. The process cannot access the file 'E:\TreadSnow\TreadSnow Github2\src\TreadSnow.HttpApi.Host\bin\Debug\net9.0\Volo.Abp.AspNetCore.dll' because it is being used by another process. The file is locked by: "TreadSnow.HttpApi.Host (46584)" [E:\TreadSnow\TreadSnow Github2\src\TreadSnow.HttpApi.Host\TreadSnow.HttpApi.Host.csproj]
C:\Program Files\dotnet\sdk\9.0.202\Microsoft.Common.CurrentVersion.targets(5063,5): warning MSB3026: Could not copy "E:\TreadSnow\TreadSnow Github2\ABP9.1.1\framework\src\Volo.Abp.AspNetCore.Mvc.Contracts\bin\Debug\net9.0\Volo.Abp.AspNetCore.Mvc.Contracts.dll" to "bin\Debug\net9.0\Volo.Abp.AspNetCore.Mvc.Contracts.dll". Beginning retry 6 in 1000ms. The process cannot access the file 'E:\TreadSnow\TreadSnow Github2\src\TreadSnow.HttpApi.Host\bin\Debug\net9.0\Volo.Abp.AspNetCore.Mvc.Contracts.dll' because it is being used by another process. The file is locked by: "TreadSnow.HttpApi.Host (46584)" [E:\TreadSnow\TreadSnow Github2\src\TreadSnow.HttpApi.Host\TreadSnow.HttpApi.Host.csproj]
C:\Program Files\dotnet\sdk\9.0.202\Microsoft.Common.CurrentVersion.targets(5063,5): warning MSB3026: Could not copy "E:\TreadSnow\TreadSnow Github2\ABP9.1.1\framework\src\Volo.Abp.AspNetCore.Abstractions\bin\Debug\net9.0\Volo.Abp.AspNetCore.Abstractions.dll" to "bin\Debug\net9.0\Volo.Abp.AspNetCore.Abstractions.dll". Beginning retry 7 in 1000ms. The process cannot access the file 'E:\TreadSnow\TreadSnow Github2\src\TreadSnow.HttpApi.Host\bin\Debug\net9.0\Volo.Abp.AspNetCore.Abstractions.dll' because it is being used by another process. The file is locked by: "TreadSnow.HttpApi.Host (46584)" [E:\TreadSnow\TreadSnow Github2\src\TreadSnow.HttpApi.Host\TreadSnow.HttpApi.Host.csproj]
C:\Program Files\dotnet\sdk\9.0.202\Microsoft.Common.CurrentVersion.targets(5063,5): warning MSB3026: Could not copy "E:\TreadSnow\TreadSnow Github2\ABP9.1.1\framework\src\Volo.Abp.AspNetCore.Mvc\bin\Debug\net9.0\Volo.Abp.AspNetCore.Mvc.dll" to "bin\Debug\net9.0\Volo.Abp.AspNetCore.Mvc.dll". Beginning retry 6 in 1000ms. The process cannot access the file 'E:\TreadSnow\TreadSnow Github2\src\TreadSnow.HttpApi.Host\bin\Debug\net9.0\Volo.Abp.AspNetCore.Mvc.dll' because it is being used by another process. The file is locked by: "TreadSnow.HttpApi.Host (46584)" [E:\TreadSnow\TreadSnow Github2\src\TreadSnow.HttpApi.Host\TreadSnow.HttpApi.Host.csproj]
C:\Program Files\dotnet\sdk\9.0.202\Microsoft.Common.CurrentVersion.targets(5063,5): warning MSB3026: Could not copy "E:\TreadSnow\TreadSnow Github2\ABP9.1.1\framework\src\Volo.Abp.AspNetCore.Mvc.UI.Bootstrap\bin\Debug\net9.0\Volo.Abp.AspNetCore.Mvc.UI.Bootstrap.dll" to "bin\Debug\net9.0\Volo.Abp.AspNetCore.Mvc.UI.Bootstrap.dll". Beginning retry 6 in 1000ms. The process cannot access the file 'E:\TreadSnow\TreadSnow Github2\src\TreadSnow.HttpApi.Host\bin\Debug\net9.0\Volo.Abp.AspNetCore.Mvc.UI.Bootstrap.dll' because it is being used by another process. The file is locked by: "TreadSnow.HttpApi.Host (46584)" [E:\TreadSnow\TreadSnow Github2\src\TreadSnow.HttpApi.Host\TreadSnow.HttpApi.Host.csproj]
C:\Program Files\dotnet\sdk\9.0.202\Microsoft.Common.CurrentVersion.targets(5063,5): warning MSB3026: Could not copy "E:\TreadSnow\TreadSnow Github2\ABP9.1.1\framework\src\Volo.Abp.AspNetCore.Bundling\bin\Debug\net9.0\Volo.Abp.AspNetCore.Bundling.dll" to "bin\Debug\net9.0\Volo.Abp.AspNetCore.Bundling.dll". Beginning retry 7 in 1000ms. The process cannot access the file 'E:\TreadSnow\TreadSnow Github2\src\TreadSnow.HttpApi.Host\bin\Debug\net9.0\Volo.Abp.AspNetCore.Bundling.dll' because it is being used by another process. The file is locked by: "TreadSnow.HttpApi.Host (46584)" [E:\TreadSnow\TreadSnow Github2\src\TreadSnow.HttpApi.Host\TreadSnow.HttpApi.Host.csproj]
C:\Program Files\dotnet\sdk\9.0.202\Microsoft.Common.CurrentVersion.targets(5063,5): warning MSB3026: Could not copy "E:\TreadSnow\TreadSnow Github2\ABP9.1.1\framework\src\Volo.Abp.AspNetCore\bin\Debug\net9.0\Volo.Abp.AspNetCore.dll" to "bin\Debug\net9.0\Volo.Abp.AspNetCore.dll". Beginning retry 7 in 1000ms. The process cannot access the file 'E:\TreadSnow\TreadSnow Github2\src\TreadSnow.HttpApi.Host\bin\Debug\net9.0\Volo.Abp.AspNetCore.dll' because it is being used by another process. The file is locked by: "TreadSnow.HttpApi.Host (46584)" [E:\TreadSnow\TreadSnow Github2\src\TreadSnow.HttpApi.Host\TreadSnow.HttpApi.Host.csproj]
C:\Program Files\dotnet\sdk\9.0.202\Microsoft.Common.CurrentVersion.targets(5063,5): warning MSB3026: Could not copy "E:\TreadSnow\TreadSnow Github2\ABP9.1.1\framework\src\Volo.Abp.AspNetCore.Mvc.Contracts\bin\Debug\net9.0\Volo.Abp.AspNetCore.Mvc.Contracts.dll" to "bin\Debug\net9.0\Volo.Abp.AspNetCore.Mvc.Contracts.dll". Beginning retry 7 in 1000ms. The process cannot access the file 'E:\TreadSnow\TreadSnow Github2\src\TreadSnow.HttpApi.Host\bin\Debug\net9.0\Volo.Abp.AspNetCore.Mvc.Contracts.dll' because it is being used by another process. The file is locked by: "TreadSnow.HttpApi.Host (46584)" [E:\TreadSnow\TreadSnow Github2\src\TreadSnow.HttpApi.Host\TreadSnow.HttpApi.Host.csproj]
C:\Program Files\dotnet\sdk\9.0.202\Microsoft.Common.CurrentVersion.targets(5063,5): warning MSB3026: Could not copy "E:\TreadSnow\TreadSnow Github2\ABP9.1.1\framework\src\Volo.Abp.AspNetCore.Abstractions\bin\Debug\net9.0\Volo.Abp.AspNetCore.Abstractions.dll" to "bin\Debug\net9.0\Volo.Abp.AspNetCore.Abstractions.dll". Beginning retry 8 in 1000ms. The process cannot access the file 'E:\TreadSnow\TreadSnow Github2\src\TreadSnow.HttpApi.Host\bin\Debug\net9.0\Volo.Abp.AspNetCore.Abstractions.dll' because it is being used by another process. The file is locked by: "TreadSnow.HttpApi.Host (46584)" [E:\TreadSnow\TreadSnow Github2\src\TreadSnow.HttpApi.Host\TreadSnow.HttpApi.Host.csproj]
C:\Program Files\dotnet\sdk\9.0.202\Microsoft.Common.CurrentVersion.targets(5063,5): warning MSB3026: Could not copy "E:\TreadSnow\TreadSnow Github2\ABP9.1.1\framework\src\Volo.Abp.AspNetCore.Mvc\bin\Debug\net9.0\Volo.Abp.AspNetCore.Mvc.dll" to "bin\Debug\net9.0\Volo.Abp.AspNetCore.Mvc.dll". Beginning retry 7 in 1000ms. The process cannot access the file 'E:\TreadSnow\TreadSnow Github2\src\TreadSnow.HttpApi.Host\bin\Debug\net9.0\Volo.Abp.AspNetCore.Mvc.dll' because it is being used by another process. The file is locked by: "TreadSnow.HttpApi.Host (46584)" [E:\TreadSnow\TreadSnow Github2\src\TreadSnow.HttpApi.Host\TreadSnow.HttpApi.Host.csproj]
C:\Program Files\dotnet\sdk\9.0.202\Microsoft.Common.CurrentVersion.targets(5063,5): warning MSB3026: Could not copy "E:\TreadSnow\TreadSnow Github2\ABP9.1.1\framework\src\Volo.Abp.AspNetCore.Mvc.UI.Bootstrap\bin\Debug\net9.0\Volo.Abp.AspNetCore.Mvc.UI.Bootstrap.dll" to "bin\Debug\net9.0\Volo.Abp.AspNetCore.Mvc.UI.Bootstrap.dll". Beginning retry 7 in 1000ms. The process cannot access the file 'E:\TreadSnow\TreadSnow Github2\src\TreadSnow.HttpApi.Host\bin\Debug\net9.0\Volo.Abp.AspNetCore.Mvc.UI.Bootstrap.dll' because it is being used by another process. The file is locked by: "TreadSnow.HttpApi.Host (46584)" [E:\TreadSnow\TreadSnow Github2\src\TreadSnow.HttpApi.Host\TreadSnow.HttpApi.Host.csproj]
C:\Program Files\dotnet\sdk\9.0.202\Microsoft.Common.CurrentVersion.targets(5063,5): warning MSB3026: Could not copy "E:\TreadSnow\TreadSnow Github2\ABP9.1.1\framework\src\Volo.Abp.AspNetCore.Bundling\bin\Debug\net9.0\Volo.Abp.AspNetCore.Bundling.dll" to "bin\Debug\net9.0\Volo.Abp.AspNetCore.Bundling.dll". Beginning retry 8 in 1000ms. The process cannot access the file 'E:\TreadSnow\TreadSnow Github2\src\TreadSnow.HttpApi.Host\bin\Debug\net9.0\Volo.Abp.AspNetCore.Bundling.dll' because it is being used by another process. The file is locked by: "TreadSnow.HttpApi.Host (46584)" [E:\TreadSnow\TreadSnow Github2\src\TreadSnow.HttpApi.Host\TreadSnow.HttpApi.Host.csproj]
C:\Program Files\dotnet\sdk\9.0.202\Microsoft.Common.CurrentVersion.targets(5063,5): warning MSB3026: Could not copy "E:\TreadSnow\TreadSnow Github2\ABP9.1.1\framework\src\Volo.Abp.AspNetCore\bin\Debug\net9.0\Volo.Abp.AspNetCore.dll" to "bin\Debug\net9.0\Volo.Abp.AspNetCore.dll". Beginning retry 8 in 1000ms. The process cannot access the file 'E:\TreadSnow\TreadSnow Github2\src\TreadSnow.HttpApi.Host\bin\Debug\net9.0\Volo.Abp.AspNetCore.dll' because it is being used by another process. The file is locked by: "TreadSnow.HttpApi.Host (46584)" [E:\TreadSnow\TreadSnow Github2\src\TreadSnow.HttpApi.Host\TreadSnow.HttpApi.Host.csproj]
C:\Program Files\dotnet\sdk\9.0.202\Microsoft.Common.CurrentVersion.targets(5063,5): warning MSB3026: Could not copy "E:\TreadSnow\TreadSnow Github2\ABP9.1.1\framework\src\Volo.Abp.AspNetCore.Mvc.Contracts\bin\Debug\net9.0\Volo.Abp.AspNetCore.Mvc.Contracts.dll" to "bin\Debug\net9.0\Volo.Abp.AspNetCore.Mvc.Contracts.dll". Beginning retry 8 in 1000ms. The process cannot access the file 'E:\TreadSnow\TreadSnow Github2\src\TreadSnow.HttpApi.Host\bin\Debug\net9.0\Volo.Abp.AspNetCore.Mvc.Contracts.dll' because it is being used by another process. The file is locked by: "TreadSnow.HttpApi.Host (46584)" [E:\TreadSnow\TreadSnow Github2\src\TreadSnow.HttpApi.Host\TreadSnow.HttpApi.Host.csproj]
C:\Program Files\dotnet\sdk\9.0.202\Microsoft.Common.CurrentVersion.targets(5063,5): warning MSB3026: Could not copy "E:\TreadSnow\TreadSnow Github2\ABP9.1.1\framework\src\Volo.Abp.AspNetCore.Abstractions\bin\Debug\net9.0\Volo.Abp.AspNetCore.Abstractions.dll" to "bin\Debug\net9.0\Volo.Abp.AspNetCore.Abstractions.dll". Beginning retry 9 in 1000ms. The process cannot access the file 'E:\TreadSnow\TreadSnow Github2\src\TreadSnow.HttpApi.Host\bin\Debug\net9.0\Volo.Abp.AspNetCore.Abstractions.dll' because it is being used by another process. The file is locked by: "TreadSnow.HttpApi.Host (46584)" [E:\TreadSnow\TreadSnow Github2\src\TreadSnow.HttpApi.Host\TreadSnow.HttpApi.Host.csproj]
C:\Program Files\dotnet\sdk\9.0.202\Microsoft.Common.CurrentVersion.targets(5063,5): warning MSB3026: Could not copy "E:\TreadSnow\TreadSnow Github2\ABP9.1.1\framework\src\Volo.Abp.AspNetCore.Mvc\bin\Debug\net9.0\Volo.Abp.AspNetCore.Mvc.dll" to "bin\Debug\net9.0\Volo.Abp.AspNetCore.Mvc.dll". Beginning retry 8 in 1000ms. The process cannot access the file 'E:\TreadSnow\TreadSnow Github2\src\TreadSnow.HttpApi.Host\bin\Debug\net9.0\Volo.Abp.AspNetCore.Mvc.dll' because it is being used by another process. The file is locked by: "TreadSnow.HttpApi.Host (46584)" [E:\TreadSnow\TreadSnow Github2\src\TreadSnow.HttpApi.Host\TreadSnow.HttpApi.Host.csproj]
C:\Program Files\dotnet\sdk\9.0.202\Microsoft.Common.CurrentVersion.targets(5063,5): warning MSB3026: Could not copy "E:\TreadSnow\TreadSnow Github2\ABP9.1.1\framework\src\Volo.Abp.AspNetCore.Mvc.UI.Bootstrap\bin\Debug\net9.0\Volo.Abp.AspNetCore.Mvc.UI.Bootstrap.dll" to "bin\Debug\net9.0\Volo.Abp.AspNetCore.Mvc.UI.Bootstrap.dll". Beginning retry 8 in 1000ms. The process cannot access the file 'E:\TreadSnow\TreadSnow Github2\src\TreadSnow.HttpApi.Host\bin\Debug\net9.0\Volo.Abp.AspNetCore.Mvc.UI.Bootstrap.dll' because it is being used by another process. The file is locked by: "TreadSnow.HttpApi.Host (46584)" [E:\TreadSnow\TreadSnow Github2\src\TreadSnow.HttpApi.Host\TreadSnow.HttpApi.Host.csproj]
C:\Program Files\dotnet\sdk\9.0.202\Microsoft.Common.CurrentVersion.targets(5063,5): warning MSB3026: Could not copy "E:\TreadSnow\TreadSnow Github2\ABP9.1.1\framework\src\Volo.Abp.AspNetCore.Bundling\bin\Debug\net9.0\Volo.Abp.AspNetCore.Bundling.dll" to "bin\Debug\net9.0\Volo.Abp.AspNetCore.Bundling.dll". Beginning retry 9 in 1000ms. The process cannot access the file 'E:\TreadSnow\TreadSnow Github2\src\TreadSnow.HttpApi.Host\bin\Debug\net9.0\Volo.Abp.AspNetCore.Bundling.dll' because it is being used by another process. The file is locked by: "TreadSnow.HttpApi.Host (46584)" [E:\TreadSnow\TreadSnow Github2\src\TreadSnow.HttpApi.Host\TreadSnow.HttpApi.Host.csproj]
C:\Program Files\dotnet\sdk\9.0.202\Microsoft.Common.CurrentVersion.targets(5063,5): warning MSB3026: Could not copy "E:\TreadSnow\TreadSnow Github2\ABP9.1.1\framework\src\Volo.Abp.AspNetCore\bin\Debug\net9.0\Volo.Abp.AspNetCore.dll" to "bin\Debug\net9.0\Volo.Abp.AspNetCore.dll". Beginning retry 9 in 1000ms. The process cannot access the file 'E:\TreadSnow\TreadSnow Github2\src\TreadSnow.HttpApi.Host\bin\Debug\net9.0\Volo.Abp.AspNetCore.dll' because it is being used by another process. The file is locked by: "TreadSnow.HttpApi.Host (46584)" [E:\TreadSnow\TreadSnow Github2\src\TreadSnow.HttpApi.Host\TreadSnow.HttpApi.Host.csproj]
C:\Program Files\dotnet\sdk\9.0.202\Microsoft.Common.CurrentVersion.targets(5063,5): warning MSB3026: Could not copy "E:\TreadSnow\TreadSnow Github2\ABP9.1.1\framework\src\Volo.Abp.AspNetCore.Mvc.Contracts\bin\Debug\net9.0\Volo.Abp.AspNetCore.Mvc.Contracts.dll" to "bin\Debug\net9.0\Volo.Abp.AspNetCore.Mvc.Contracts.dll". Beginning retry 9 in 1000ms. The process cannot access the file 'E:\TreadSnow\TreadSnow Github2\src\TreadSnow.HttpApi.Host\bin\Debug\net9.0\Volo.Abp.AspNetCore.Mvc.Contracts.dll' because it is being used by another process. The file is locked by: "TreadSnow.HttpApi.Host (46584)" [E:\TreadSnow\TreadSnow Github2\src\TreadSnow.HttpApi.Host\TreadSnow.HttpApi.Host.csproj]
C:\Program Files\dotnet\sdk\9.0.202\Microsoft.Common.CurrentVersion.targets(5063,5): warning MSB3026: Could not copy "E:\TreadSnow\TreadSnow Github2\ABP9.1.1\framework\src\Volo.Abp.AspNetCore.Abstractions\bin\Debug\net9.0\Volo.Abp.AspNetCore.Abstractions.dll" to "bin\Debug\net9.0\Volo.Abp.AspNetCore.Abstractions.dll". Beginning retry 10 in 1000ms. The process cannot access the file 'E:\TreadSnow\TreadSnow Github2\src\TreadSnow.HttpApi.Host\bin\Debug\net9.0\Volo.Abp.AspNetCore.Abstractions.dll' because it is being used by another process. The file is locked by: "TreadSnow.HttpApi.Host (46584)" [E:\TreadSnow\TreadSnow Github2\src\TreadSnow.HttpApi.Host\TreadSnow.HttpApi.Host.csproj]
C:\Program Files\dotnet\sdk\9.0.202\Microsoft.Common.CurrentVersion.targets(5063,5): warning MSB3026: Could not copy "E:\TreadSnow\TreadSnow Github2\ABP9.1.1\framework\src\Volo.Abp.AspNetCore.Mvc\bin\Debug\net9.0\Volo.Abp.AspNetCore.Mvc.dll" to "bin\Debug\net9.0\Volo.Abp.AspNetCore.Mvc.dll". Beginning retry 9 in 1000ms. The process cannot access the file 'E:\TreadSnow\TreadSnow Github2\src\TreadSnow.HttpApi.Host\bin\Debug\net9.0\Volo.Abp.AspNetCore.Mvc.dll' because it is being used by another process. The file is locked by: "TreadSnow.HttpApi.Host (46584)" [E:\TreadSnow\TreadSnow Github2\src\TreadSnow.HttpApi.Host\TreadSnow.HttpApi.Host.csproj]
C:\Program Files\dotnet\sdk\9.0.202\Microsoft.Common.CurrentVersion.targets(5063,5): warning MSB3026: Could not copy "E:\TreadSnow\TreadSnow Github2\ABP9.1.1\framework\src\Volo.Abp.AspNetCore.Mvc.UI.Bootstrap\bin\Debug\net9.0\Volo.Abp.AspNetCore.Mvc.UI.Bootstrap.dll" to "bin\Debug\net9.0\Volo.Abp.AspNetCore.Mvc.UI.Bootstrap.dll". Beginning retry 9 in 1000ms. The process cannot access the file 'E:\TreadSnow\TreadSnow Github2\src\TreadSnow.HttpApi.Host\bin\Debug\net9.0\Volo.Abp.AspNetCore.Mvc.UI.Bootstrap.dll' because it is being used by another process. The file is locked by: "TreadSnow.HttpApi.Host (46584)" [E:\TreadSnow\TreadSnow Github2\src\TreadSnow.HttpApi.Host\TreadSnow.HttpApi.Host.csproj]
C:\Program Files\dotnet\sdk\9.0.202\Microsoft.Common.CurrentVersion.targets(5063,5): warning MSB3026: Could not copy "E:\TreadSnow\TreadSnow Github2\ABP9.1.1\framework\src\Volo.Abp.AspNetCore.Bundling\bin\Debug\net9.0\Volo.Abp.AspNetCore.Bundling.dll" to "bin\Debug\net9.0\Volo.Abp.AspNetCore.Bundling.dll". Beginning retry 10 in 1000ms. The process cannot access the file 'E:\TreadSnow\TreadSnow Github2\src\TreadSnow.HttpApi.Host\bin\Debug\net9.0\Volo.Abp.AspNetCore.Bundling.dll' because it is being used by another process. The file is locked by: "TreadSnow.HttpApi.Host (46584)" [E:\TreadSnow\TreadSnow Github2\src\TreadSnow.HttpApi.Host\TreadSnow.HttpApi.Host.csproj]
C:\Program Files\dotnet\sdk\9.0.202\Microsoft.Common.CurrentVersion.targets(5063,5): warning MSB3026: Could not copy "E:\TreadSnow\TreadSnow Github2\ABP9.1.1\framework\src\Volo.Abp.AspNetCore\bin\Debug\net9.0\Volo.Abp.AspNetCore.dll" to "bin\Debug\net9.0\Volo.Abp.AspNetCore.dll". Beginning retry 10 in 1000ms. The process cannot access the file 'E:\TreadSnow\TreadSnow Github2\src\TreadSnow.HttpApi.Host\bin\Debug\net9.0\Volo.Abp.AspNetCore.dll' because it is being used by another process. The file is locked by: "TreadSnow.HttpApi.Host (46584)" [E:\TreadSnow\TreadSnow Github2\src\TreadSnow.HttpApi.Host\TreadSnow.HttpApi.Host.csproj]
C:\Program Files\dotnet\sdk\9.0.202\Microsoft.Common.CurrentVersion.targets(5063,5): warning MSB3026: Could not copy "E:\TreadSnow\TreadSnow Github2\ABP9.1.1\framework\src\Volo.Abp.AspNetCore.Mvc.Contracts\bin\Debug\net9.0\Volo.Abp.AspNetCore.Mvc.Contracts.dll" to "bin\Debug\net9.0\Volo.Abp.AspNetCore.Mvc.Contracts.dll". Beginning retry 10 in 1000ms. The process cannot access the file 'E:\TreadSnow\TreadSnow Github2\src\TreadSnow.HttpApi.Host\bin\Debug\net9.0\Volo.Abp.AspNetCore.Mvc.Contracts.dll' because it is being used by another process. The file is locked by: "TreadSnow.HttpApi.Host (46584)" [E:\TreadSnow\TreadSnow Github2\src\TreadSnow.HttpApi.Host\TreadSnow.HttpApi.Host.csproj]
C:\Program Files\dotnet\sdk\9.0.202\Microsoft.Common.CurrentVersion.targets(5063,5): error MSB3027: Could not copy "E:\TreadSnow\TreadSnow Github2\ABP9.1.1\framework\src\Volo.Abp.AspNetCore.Abstractions\bin\Debug\net9.0\Volo.Abp.AspNetCore.Abstractions.dll" to "bin\Debug\net9.0\Volo.Abp.AspNetCore.Abstractions.dll". Exceeded retry count of 10. Failed. The file is locked by: "TreadSnow.HttpApi.Host (46584)" [E:\TreadSnow\TreadSnow Github2\src\TreadSnow.HttpApi.Host\TreadSnow.HttpApi.Host.csproj]
C:\Program Files\dotnet\sdk\9.0.202\Microsoft.Common.CurrentVersion.targets(5063,5): error MSB3021: Unable to copy file "E:\TreadSnow\TreadSnow Github2\ABP9.1.1\framework\src\Volo.Abp.AspNetCore.Abstractions\bin\Debug\net9.0\Volo.Abp.AspNetCore.Abstractions.dll" to "bin\Debug\net9.0\Volo.Abp.AspNetCore.Abstractions.dll". The process cannot access the file 'E:\TreadSnow\TreadSnow Github2\src\TreadSnow.HttpApi.Host\bin\Debug\net9.0\Volo.Abp.AspNetCore.Abstractions.dll' because it is being used by another process. [E:\TreadSnow\TreadSnow Github2\src\TreadSnow.HttpApi.Host\TreadSnow.HttpApi.Host.csproj]
C:\Program Files\dotnet\sdk\9.0.202\Microsoft.Common.CurrentVersion.targets(5063,5): warning MSB3026: Could not copy "E:\TreadSnow\TreadSnow Github2\ABP9.1.1\framework\src\Volo.Abp.AspNetCore.Mvc\bin\Debug\net9.0\Volo.Abp.AspNetCore.Mvc.dll" to "bin\Debug\net9.0\Volo.Abp.AspNetCore.Mvc.dll". Beginning retry 10 in 1000ms. The process cannot access the file 'E:\TreadSnow\TreadSnow Github2\src\TreadSnow.HttpApi.Host\bin\Debug\net9.0\Volo.Abp.AspNetCore.Mvc.dll' because it is being used by another process. The file is locked by: "TreadSnow.HttpApi.Host (46584)" [E:\TreadSnow\TreadSnow Github2\src\TreadSnow.HttpApi.Host\TreadSnow.HttpApi.Host.csproj]
C:\Program Files\dotnet\sdk\9.0.202\Microsoft.Common.CurrentVersion.targets(5063,5): warning MSB3026: Could not copy "E:\TreadSnow\TreadSnow Github2\ABP9.1.1\framework\src\Volo.Abp.AspNetCore.Mvc.UI.Bootstrap\bin\Debug\net9.0\Volo.Abp.AspNetCore.Mvc.UI.Bootstrap.dll" to "bin\Debug\net9.0\Volo.Abp.AspNetCore.Mvc.UI.Bootstrap.dll". Beginning retry 10 in 1000ms. The process cannot access the file 'E:\TreadSnow\TreadSnow Github2\src\TreadSnow.HttpApi.Host\bin\Debug\net9.0\Volo.Abp.AspNetCore.Mvc.UI.Bootstrap.dll' because it is being used by another process. The file is locked by: "TreadSnow.HttpApi.Host (46584)" [E:\TreadSnow\TreadSnow Github2\src\TreadSnow.HttpApi.Host\TreadSnow.HttpApi.Host.csproj]
C:\Program Files\dotnet\sdk\9.0.202\Microsoft.Common.CurrentVersion.targets(5063,5): warning MSB3026: Could not copy "E:\TreadSnow\TreadSnow Github2\ABP9.1.1\framework\src\Volo.Abp.AspNetCore.Mvc.UI.Bundling.Abstractions\bin\Debug\net9.0\Volo.Abp.AspNetCore.Mvc.UI.Bundling.Abstractions.dll" to "bin\Debug\net9.0\Volo.Abp.AspNetCore.Mvc.UI.Bundling.Abstractions.dll". Beginning retry 1 in 1000ms. The process cannot access the file 'E:\TreadSnow\TreadSnow Github2\src\TreadSnow.HttpApi.Host\bin\Debug\net9.0\Volo.Abp.AspNetCore.Mvc.UI.Bundling.Abstractions.dll' because it is being used by another process. The file is locked by: "TreadSnow.HttpApi.Host (46584)" [E:\TreadSnow\TreadSnow Github2\src\TreadSnow.HttpApi.Host\TreadSnow.HttpApi.Host.csproj]
C:\Program Files\dotnet\sdk\9.0.202\Microsoft.Common.CurrentVersion.targets(5063,5): error MSB3027: Could not copy "E:\TreadSnow\TreadSnow Github2\ABP9.1.1\framework\src\Volo.Abp.AspNetCore.Bundling\bin\Debug\net9.0\Volo.Abp.AspNetCore.Bundling.dll" to "bin\Debug\net9.0\Volo.Abp.AspNetCore.Bundling.dll". Exceeded retry count of 10. Failed. The file is locked by: "TreadSnow.HttpApi.Host (46584)" [E:\TreadSnow\TreadSnow Github2\src\TreadSnow.HttpApi.Host\TreadSnow.HttpApi.Host.csproj]
C:\Program Files\dotnet\sdk\9.0.202\Microsoft.Common.CurrentVersion.targets(5063,5): error MSB3021: Unable to copy file "E:\TreadSnow\TreadSnow Github2\ABP9.1.1\framework\src\Volo.Abp.AspNetCore.Bundling\bin\Debug\net9.0\Volo.Abp.AspNetCore.Bundling.dll" to "bin\Debug\net9.0\Volo.Abp.AspNetCore.Bundling.dll". The process cannot access the file 'E:\TreadSnow\TreadSnow Github2\src\TreadSnow.HttpApi.Host\bin\Debug\net9.0\Volo.Abp.AspNetCore.Bundling.dll' because it is being used by another process. [E:\TreadSnow\TreadSnow Github2\src\TreadSnow.HttpApi.Host\TreadSnow.HttpApi.Host.csproj]
C:\Program Files\dotnet\sdk\9.0.202\Microsoft.Common.CurrentVersion.targets(5063,5): warning MSB3026: Could not copy "E:\TreadSnow\TreadSnow Github2\ABP9.1.1\framework\src\Volo.Abp.AspNetCore.Mvc.UI.Bundling\bin\Debug\net9.0\Volo.Abp.AspNetCore.Mvc.UI.Bundling.dll" to "bin\Debug\net9.0\Volo.Abp.AspNetCore.Mvc.UI.Bundling.dll". Beginning retry 1 in 1000ms. The process cannot access the file 'E:\TreadSnow\TreadSnow Github2\src\TreadSnow.HttpApi.Host\bin\Debug\net9.0\Volo.Abp.AspNetCore.Mvc.UI.Bundling.dll' because it is being used by another process. The file is locked by: "TreadSnow.HttpApi.Host (46584)" [E:\TreadSnow\TreadSnow Github2\src\TreadSnow.HttpApi.Host\TreadSnow.HttpApi.Host.csproj]
C:\Program Files\dotnet\sdk\9.0.202\Microsoft.Common.CurrentVersion.targets(5063,5): error MSB3027: Could not copy "E:\TreadSnow\TreadSnow Github2\ABP9.1.1\framework\src\Volo.Abp.AspNetCore\bin\Debug\net9.0\Volo.Abp.AspNetCore.dll" to "bin\Debug\net9.0\Volo.Abp.AspNetCore.dll". Exceeded retry count of 10. Failed. The file is locked by: "TreadSnow.HttpApi.Host (46584)" [E:\TreadSnow\TreadSnow Github2\src\TreadSnow.HttpApi.Host\TreadSnow.HttpApi.Host.csproj]
C:\Program Files\dotnet\sdk\9.0.202\Microsoft.Common.CurrentVersion.targets(5063,5): error MSB3021: Unable to copy file "E:\TreadSnow\TreadSnow Github2\ABP9.1.1\framework\src\Volo.Abp.AspNetCore\bin\Debug\net9.0\Volo.Abp.AspNetCore.dll" to "bin\Debug\net9.0\Volo.Abp.AspNetCore.dll". The process cannot access the file 'E:\TreadSnow\TreadSnow Github2\src\TreadSnow.HttpApi.Host\bin\Debug\net9.0\Volo.Abp.AspNetCore.dll' because it is being used by another process. [E:\TreadSnow\TreadSnow Github2\src\TreadSnow.HttpApi.Host\TreadSnow.HttpApi.Host.csproj]
C:\Program Files\dotnet\sdk\9.0.202\Microsoft.Common.CurrentVersion.targets(5063,5): error MSB3027: Could not copy "E:\TreadSnow\TreadSnow Github2\ABP9.1.1\framework\src\Volo.Abp.AspNetCore.Mvc.Contracts\bin\Debug\net9.0\Volo.Abp.AspNetCore.Mvc.Contracts.dll" to "bin\Debug\net9.0\Volo.Abp.AspNetCore.Mvc.Contracts.dll". Exceeded retry count of 10. Failed. The file is locked by: "TreadSnow.HttpApi.Host (46584)" [E:\TreadSnow\TreadSnow Github2\src\TreadSnow.HttpApi.Host\TreadSnow.HttpApi.Host.csproj]
C:\Program Files\dotnet\sdk\9.0.202\Microsoft.Common.CurrentVersion.targets(5063,5): error MSB3021: Unable to copy file "E:\TreadSnow\TreadSnow Github2\ABP9.1.1\framework\src\Volo.Abp.AspNetCore.Mvc.Contracts\bin\Debug\net9.0\Volo.Abp.AspNetCore.Mvc.Contracts.dll" to "bin\Debug\net9.0\Volo.Abp.AspNetCore.Mvc.Contracts.dll". The process cannot access the file 'E:\TreadSnow\TreadSnow Github2\src\TreadSnow.HttpApi.Host\bin\Debug\net9.0\Volo.Abp.AspNetCore.Mvc.Contracts.dll' because it is being used by another process. [E:\TreadSnow\TreadSnow Github2\src\TreadSnow.HttpApi.Host\TreadSnow.HttpApi.Host.csproj]
C:\Program Files\dotnet\sdk\9.0.202\Microsoft.Common.CurrentVersion.targets(5063,5): warning MSB3026: Could not copy "E:\TreadSnow\TreadSnow Github2\ABP9.1.1\framework\src\Volo.Abp.AspNetCore.Mvc.UI\bin\Debug\net9.0\Volo.Abp.AspNetCore.Mvc.UI.dll" to "bin\Debug\net9.0\Volo.Abp.AspNetCore.Mvc.UI.dll". Beginning retry 1 in 1000ms. The process cannot access the file 'E:\TreadSnow\TreadSnow Github2\src\TreadSnow.HttpApi.Host\bin\Debug\net9.0\Volo.Abp.AspNetCore.Mvc.UI.dll' because it is being used by another process. The file is locked by: "TreadSnow.HttpApi.Host (46584)" [E:\TreadSnow\TreadSnow Github2\src\TreadSnow.HttpApi.Host\TreadSnow.HttpApi.Host.csproj]
C:\Program Files\dotnet\sdk\9.0.202\Microsoft.Common.CurrentVersion.targets(5063,5): warning MSB3026: Could not copy "E:\TreadSnow\TreadSnow Github2\ABP9.1.1\framework\src\Volo.Abp.AspNetCore.Mvc.UI.Packages\bin\Debug\net9.0\Volo.Abp.AspNetCore.Mvc.UI.Packages.dll" to "bin\Debug\net9.0\Volo.Abp.AspNetCore.Mvc.UI.Packages.dll". Beginning retry 1 in 1000ms. The process cannot access the file 'E:\TreadSnow\TreadSnow Github2\src\TreadSnow.HttpApi.Host\bin\Debug\net9.0\Volo.Abp.AspNetCore.Mvc.UI.Packages.dll' because it is being used by another process. The file is locked by: "TreadSnow.HttpApi.Host (46584)" [E:\TreadSnow\TreadSnow Github2\src\TreadSnow.HttpApi.Host\TreadSnow.HttpApi.Host.csproj]
C:\Program Files\dotnet\sdk\9.0.202\Microsoft.Common.CurrentVersion.targets(5063,5): error MSB3027: Could not copy "E:\TreadSnow\TreadSnow Github2\ABP9.1.1\framework\src\Volo.Abp.AspNetCore.Mvc\bin\Debug\net9.0\Volo.Abp.AspNetCore.Mvc.dll" to "bin\Debug\net9.0\Volo.Abp.AspNetCore.Mvc.dll". Exceeded retry count of 10. Failed. The file is locked by: "TreadSnow.HttpApi.Host (46584)" [E:\TreadSnow\TreadSnow Github2\src\TreadSnow.HttpApi.Host\TreadSnow.HttpApi.Host.csproj]
C:\Program Files\dotnet\sdk\9.0.202\Microsoft.Common.CurrentVersion.targets(5063,5): error MSB3021: Unable to copy file "E:\TreadSnow\TreadSnow Github2\ABP9.1.1\framework\src\Volo.Abp.AspNetCore.Mvc\bin\Debug\net9.0\Volo.Abp.AspNetCore.Mvc.dll" to "bin\Debug\net9.0\Volo.Abp.AspNetCore.Mvc.dll". The process cannot access the file 'E:\TreadSnow\TreadSnow Github2\src\TreadSnow.HttpApi.Host\bin\Debug\net9.0\Volo.Abp.AspNetCore.Mvc.dll' because it is being used by another process. [E:\TreadSnow\TreadSnow Github2\src\TreadSnow.HttpApi.Host\TreadSnow.HttpApi.Host.csproj]
C:\Program Files\dotnet\sdk\9.0.202\Microsoft.Common.CurrentVersion.targets(5063,5): error MSB3027: Could not copy "E:\TreadSnow\TreadSnow Github2\ABP9.1.1\framework\src\Volo.Abp.AspNetCore.Mvc.UI.Bootstrap\bin\Debug\net9.0\Volo.Abp.AspNetCore.Mvc.UI.Bootstrap.dll" to "bin\Debug\net9.0\Volo.Abp.AspNetCore.Mvc.UI.Bootstrap.dll". Exceeded retry count of 10. Failed. The file is locked by: "TreadSnow.HttpApi.Host (46584)" [E:\TreadSnow\TreadSnow Github2\src\TreadSnow.HttpApi.Host\TreadSnow.HttpApi.Host.csproj]
C:\Program Files\dotnet\sdk\9.0.202\Microsoft.Common.CurrentVersion.targets(5063,5): error MSB3021: Unable to copy file "E:\TreadSnow\TreadSnow Github2\ABP9.1.1\framework\src\Volo.Abp.AspNetCore.Mvc.UI.Bootstrap\bin\Debug\net9.0\Volo.Abp.AspNetCore.Mvc.UI.Bootstrap.dll" to "bin\Debug\net9.0\Volo.Abp.AspNetCore.Mvc.UI.Bootstrap.dll". The process cannot access the file 'E:\TreadSnow\TreadSnow Github2\src\TreadSnow.HttpApi.Host\bin\Debug\net9.0\Volo.Abp.AspNetCore.Mvc.UI.Bootstrap.dll' because it is being used by another process. [E:\TreadSnow\TreadSnow Github2\src\TreadSnow.HttpApi.Host\TreadSnow.HttpApi.Host.csproj]
C:\Program Files\dotnet\sdk\9.0.202\Microsoft.Common.CurrentVersion.targets(5063,5): warning MSB3026: Could not copy "E:\TreadSnow\TreadSnow Github2\ABP9.1.1\framework\src\Volo.Abp.AspNetCore.Mvc.UI.Bundling.Abstractions\bin\Debug\net9.0\Volo.Abp.AspNetCore.Mvc.UI.Bundling.Abstractions.dll" to "bin\Debug\net9.0\Volo.Abp.AspNetCore.Mvc.UI.Bundling.Abstractions.dll". Beginning retry 2 in 1000ms. The process cannot access the file 'E:\TreadSnow\TreadSnow Github2\src\TreadSnow.HttpApi.Host\bin\Debug\net9.0\Volo.Abp.AspNetCore.Mvc.UI.Bundling.Abstractions.dll' because it is being used by another process. The file is locked by: "TreadSnow.HttpApi.Host (46584)" [E:\TreadSnow\TreadSnow Github2\src\TreadSnow.HttpApi.Host\TreadSnow.HttpApi.Host.csproj]
C:\Program Files\dotnet\sdk\9.0.202\Microsoft.Common.CurrentVersion.targets(5063,5): warning MSB3026: Could not copy "E:\TreadSnow\TreadSnow Github2\ABP9.1.1\framework\src\Volo.Abp.AspNetCore.Mvc.UI.Theme.Shared\bin\Debug\net9.0\Volo.Abp.AspNetCore.Mvc.UI.Theme.Shared.dll" to "bin\Debug\net9.0\Volo.Abp.AspNetCore.Mvc.UI.Theme.Shared.dll". Beginning retry 1 in 1000ms. The process cannot access the file 'E:\TreadSnow\TreadSnow Github2\src\TreadSnow.HttpApi.Host\bin\Debug\net9.0\Volo.Abp.AspNetCore.Mvc.UI.Theme.Shared.dll' because it is being used by another process. The file is locked by: "TreadSnow.HttpApi.Host (46584)" [E:\TreadSnow\TreadSnow Github2\src\TreadSnow.HttpApi.Host\TreadSnow.HttpApi.Host.csproj]
C:\Program Files\dotnet\sdk\9.0.202\Microsoft.Common.CurrentVersion.targets(5063,5): warning MSB3026: Could not copy "E:\TreadSnow\TreadSnow Github2\ABP9.1.1\framework\src\Volo.Abp.AspNetCore.Mvc.UI.Widgets\bin\Debug\net9.0\Volo.Abp.AspNetCore.Mvc.UI.Widgets.dll" to "bin\Debug\net9.0\Volo.Abp.AspNetCore.Mvc.UI.Widgets.dll". Beginning retry 1 in 1000ms. The process cannot access the file 'E:\TreadSnow\TreadSnow Github2\src\TreadSnow.HttpApi.Host\bin\Debug\net9.0\Volo.Abp.AspNetCore.Mvc.UI.Widgets.dll' because it is being used by another process. The file is locked by: "TreadSnow.HttpApi.Host (46584)" [E:\TreadSnow\TreadSnow Github2\src\TreadSnow.HttpApi.Host\TreadSnow.HttpApi.Host.csproj]
C:\Program Files\dotnet\sdk\9.0.202\Microsoft.Common.CurrentVersion.targets(5063,5): warning MSB3026: Could not copy "E:\TreadSnow\TreadSnow Github2\ABP9.1.1\framework\src\Volo.Abp.AspNetCore.Mvc.UI.Bundling\bin\Debug\net9.0\Volo.Abp.AspNetCore.Mvc.UI.Bundling.dll" to "bin\Debug\net9.0\Volo.Abp.AspNetCore.Mvc.UI.Bundling.dll". Beginning retry 2 in 1000ms. The process cannot access the file 'E:\TreadSnow\TreadSnow Github2\src\TreadSnow.HttpApi.Host\bin\Debug\net9.0\Volo.Abp.AspNetCore.Mvc.UI.Bundling.dll' because it is being used by another process. The file is locked by: "TreadSnow.HttpApi.Host (46584)" [E:\TreadSnow\TreadSnow Github2\src\TreadSnow.HttpApi.Host\TreadSnow.HttpApi.Host.csproj]
C:\Program Files\dotnet\sdk\9.0.202\Microsoft.Common.CurrentVersion.targets(5063,5): warning MSB3026: Could not copy "E:\TreadSnow\TreadSnow Github2\ABP9.1.1\framework\src\Volo.Abp.AspNetCore.Mvc.UI\bin\Debug\net9.0\Volo.Abp.AspNetCore.Mvc.UI.dll" to "bin\Debug\net9.0\Volo.Abp.AspNetCore.Mvc.UI.dll". Beginning retry 2 in 1000ms. The process cannot access the file 'E:\TreadSnow\TreadSnow Github2\src\TreadSnow.HttpApi.Host\bin\Debug\net9.0\Volo.Abp.AspNetCore.Mvc.UI.dll' because it is being used by another process. The file is locked by: "TreadSnow.HttpApi.Host (46584)" [E:\TreadSnow\TreadSnow Github2\src\TreadSnow.HttpApi.Host\TreadSnow.HttpApi.Host.csproj]
C:\Program Files\dotnet\sdk\9.0.202\Microsoft.Common.CurrentVersion.targets(5063,5): warning MSB3026: Could not copy "E:\TreadSnow\TreadSnow Github2\ABP9.1.1\framework\src\Volo.Abp.AspNetCore.Mvc.UI.Packages\bin\Debug\net9.0\Volo.Abp.AspNetCore.Mvc.UI.Packages.dll" to "bin\Debug\net9.0\Volo.Abp.AspNetCore.Mvc.UI.Packages.dll". Beginning retry 2 in 1000ms. The process cannot access the file 'E:\TreadSnow\TreadSnow Github2\src\TreadSnow.HttpApi.Host\bin\Debug\net9.0\Volo.Abp.AspNetCore.Mvc.UI.Packages.dll' because it is being used by another process. The file is locked by: "TreadSnow.HttpApi.Host (46584)" [E:\TreadSnow\TreadSnow Github2\src\TreadSnow.HttpApi.Host\TreadSnow.HttpApi.Host.csproj]
C:\Program Files\dotnet\sdk\9.0.202\Microsoft.Common.CurrentVersion.targets(5063,5): warning MSB3026: Could not copy "E:\TreadSnow\TreadSnow Github2\ABP9.1.1\framework\src\Volo.Abp.AspNetCore.Mvc.UI.Bundling.Abstractions\bin\Debug\net9.0\Volo.Abp.AspNetCore.Mvc.UI.Bundling.Abstractions.dll" to "bin\Debug\net9.0\Volo.Abp.AspNetCore.Mvc.UI.Bundling.Abstractions.dll". Beginning retry 3 in 1000ms. The process cannot access the file 'E:\TreadSnow\TreadSnow Github2\src\TreadSnow.HttpApi.Host\bin\Debug\net9.0\Volo.Abp.AspNetCore.Mvc.UI.Bundling.Abstractions.dll' because it is being used by another process. The file is locked by: "TreadSnow.HttpApi.Host (46584)" [E:\TreadSnow\TreadSnow Github2\src\TreadSnow.HttpApi.Host\TreadSnow.HttpApi.Host.csproj]
C:\Program Files\dotnet\sdk\9.0.202\Microsoft.Common.CurrentVersion.targets(5063,5): warning MSB3026: Could not copy "E:\TreadSnow\TreadSnow Github2\ABP9.1.1\framework\src\Volo.Abp.AspNetCore.Mvc.UI.Theme.Shared\bin\Debug\net9.0\Volo.Abp.AspNetCore.Mvc.UI.Theme.Shared.dll" to "bin\Debug\net9.0\Volo.Abp.AspNetCore.Mvc.UI.Theme.Shared.dll". Beginning retry 2 in 1000ms. The process cannot access the file 'E:\TreadSnow\TreadSnow Github2\src\TreadSnow.HttpApi.Host\bin\Debug\net9.0\Volo.Abp.AspNetCore.Mvc.UI.Theme.Shared.dll' because it is being used by another process. The file is locked by: "TreadSnow.HttpApi.Host (46584)" [E:\TreadSnow\TreadSnow Github2\src\TreadSnow.HttpApi.Host\TreadSnow.HttpApi.Host.csproj]
C:\Program Files\dotnet\sdk\9.0.202\Microsoft.Common.CurrentVersion.targets(5063,5): warning MSB3026: Could not copy "E:\TreadSnow\TreadSnow Github2\ABP9.1.1\framework\src\Volo.Abp.AspNetCore.Mvc.UI.Widgets\bin\Debug\net9.0\Volo.Abp.AspNetCore.Mvc.UI.Widgets.dll" to "bin\Debug\net9.0\Volo.Abp.AspNetCore.Mvc.UI.Widgets.dll". Beginning retry 2 in 1000ms. The process cannot access the file 'E:\TreadSnow\TreadSnow Github2\src\TreadSnow.HttpApi.Host\bin\Debug\net9.0\Volo.Abp.AspNetCore.Mvc.UI.Widgets.dll' because it is being used by another process. The file is locked by: "TreadSnow.HttpApi.Host (46584)" [E:\TreadSnow\TreadSnow Github2\src\TreadSnow.HttpApi.Host\TreadSnow.HttpApi.Host.csproj]
C:\Program Files\dotnet\sdk\9.0.202\Microsoft.Common.CurrentVersion.targets(5063,5): warning MSB3026: Could not copy "E:\TreadSnow\TreadSnow Github2\ABP9.1.1\framework\src\Volo.Abp.AspNetCore.Mvc.UI.Bundling\bin\Debug\net9.0\Volo.Abp.AspNetCore.Mvc.UI.Bundling.dll" to "bin\Debug\net9.0\Volo.Abp.AspNetCore.Mvc.UI.Bundling.dll". Beginning retry 3 in 1000ms. The process cannot access the file 'E:\TreadSnow\TreadSnow Github2\src\TreadSnow.HttpApi.Host\bin\Debug\net9.0\Volo.Abp.AspNetCore.Mvc.UI.Bundling.dll' because it is being used by another process. The file is locked by: "TreadSnow.HttpApi.Host (46584)" [E:\TreadSnow\TreadSnow Github2\src\TreadSnow.HttpApi.Host\TreadSnow.HttpApi.Host.csproj]
C:\Program Files\dotnet\sdk\9.0.202\Microsoft.Common.CurrentVersion.targets(5063,5): warning MSB3026: Could not copy "E:\TreadSnow\TreadSnow Github2\ABP9.1.1\framework\src\Volo.Abp.AspNetCore.Mvc.UI\bin\Debug\net9.0\Volo.Abp.AspNetCore.Mvc.UI.dll" to "bin\Debug\net9.0\Volo.Abp.AspNetCore.Mvc.UI.dll". Beginning retry 3 in 1000ms. The process cannot access the file 'E:\TreadSnow\TreadSnow Github2\src\TreadSnow.HttpApi.Host\bin\Debug\net9.0\Volo.Abp.AspNetCore.Mvc.UI.dll' because it is being used by another process. The file is locked by: "TreadSnow.HttpApi.Host (46584)" [E:\TreadSnow\TreadSnow Github2\src\TreadSnow.HttpApi.Host\TreadSnow.HttpApi.Host.csproj]
C:\Program Files\dotnet\sdk\9.0.202\Microsoft.Common.CurrentVersion.targets(5063,5): warning MSB3026: Could not copy "E:\TreadSnow\TreadSnow Github2\ABP9.1.1\framework\src\Volo.Abp.AspNetCore.Mvc.UI.Packages\bin\Debug\net9.0\Volo.Abp.AspNetCore.Mvc.UI.Packages.dll" to "bin\Debug\net9.0\Volo.Abp.AspNetCore.Mvc.UI.Packages.dll". Beginning retry 3 in 1000ms. The process cannot access the file 'E:\TreadSnow\TreadSnow Github2\src\TreadSnow.HttpApi.Host\bin\Debug\net9.0\Volo.Abp.AspNetCore.Mvc.UI.Packages.dll' because it is being used by another process. The file is locked by: "TreadSnow.HttpApi.Host (46584)" [E:\TreadSnow\TreadSnow Github2\src\TreadSnow.HttpApi.Host\TreadSnow.HttpApi.Host.csproj]
C:\Program Files\dotnet\sdk\9.0.202\Microsoft.Common.CurrentVersion.targets(5063,5): warning MSB3026: Could not copy "E:\TreadSnow\TreadSnow Github2\ABP9.1.1\framework\src\Volo.Abp.AspNetCore.Mvc.UI.Widgets\bin\Debug\net9.0\Volo.Abp.AspNetCore.Mvc.UI.Widgets.dll" to "bin\Debug\net9.0\Volo.Abp.AspNetCore.Mvc.UI.Widgets.dll". Beginning retry 3 in 1000ms. The process cannot access the file 'E:\TreadSnow\TreadSnow Github2\src\TreadSnow.HttpApi.Host\bin\Debug\net9.0\Volo.Abp.AspNetCore.Mvc.UI.Widgets.dll' because it is being used by another process. The file is locked by: "TreadSnow.HttpApi.Host (46584)" [E:\TreadSnow\TreadSnow Github2\src\TreadSnow.HttpApi.Host\TreadSnow.HttpApi.Host.csproj]
C:\Program Files\dotnet\sdk\9.0.202\Microsoft.Common.CurrentVersion.targets(5063,5): warning MSB3026: Could not copy "E:\TreadSnow\TreadSnow Github2\ABP9.1.1\framework\src\Volo.Abp.AspNetCore.Mvc.UI.Theme.Shared\bin\Debug\net9.0\Volo.Abp.AspNetCore.Mvc.UI.Theme.Shared.dll" to "bin\Debug\net9.0\Volo.Abp.AspNetCore.Mvc.UI.Theme.Shared.dll". Beginning retry 3 in 1000ms. The process cannot access the file 'E:\TreadSnow\TreadSnow Github2\src\TreadSnow.HttpApi.Host\bin\Debug\net9.0\Volo.Abp.AspNetCore.Mvc.UI.Theme.Shared.dll' because it is being used by another process. The file is locked by: "TreadSnow.HttpApi.Host (46584)" [E:\TreadSnow\TreadSnow Github2\src\TreadSnow.HttpApi.Host\TreadSnow.HttpApi.Host.csproj]
C:\Program Files\dotnet\sdk\9.0.202\Microsoft.Common.CurrentVersion.targets(5063,5): warning MSB3026: Could not copy "E:\TreadSnow\TreadSnow Github2\ABP9.1.1\framework\src\Volo.Abp.AspNetCore.Mvc.UI.Bundling.Abstractions\bin\Debug\net9.0\Volo.Abp.AspNetCore.Mvc.UI.Bundling.Abstractions.dll" to "bin\Debug\net9.0\Volo.Abp.AspNetCore.Mvc.UI.Bundling.Abstractions.dll". Beginning retry 4 in 1000ms. The process cannot access the file 'E:\TreadSnow\TreadSnow Github2\src\TreadSnow.HttpApi.Host\bin\Debug\net9.0\Volo.Abp.AspNetCore.Mvc.UI.Bundling.Abstractions.dll' because it is being used by another process. The file is locked by: "TreadSnow.HttpApi.Host (46584)" [E:\TreadSnow\TreadSnow Github2\src\TreadSnow.HttpApi.Host\TreadSnow.HttpApi.Host.csproj]
C:\Program Files\dotnet\sdk\9.0.202\Microsoft.Common.CurrentVersion.targets(5063,5): warning MSB3026: Could not copy "E:\TreadSnow\TreadSnow Github2\ABP9.1.1\framework\src\Volo.Abp.AspNetCore.Mvc.UI.Bundling\bin\Debug\net9.0\Volo.Abp.AspNetCore.Mvc.UI.Bundling.dll" to "bin\Debug\net9.0\Volo.Abp.AspNetCore.Mvc.UI.Bundling.dll". Beginning retry 4 in 1000ms. The process cannot access the file 'E:\TreadSnow\TreadSnow Github2\src\TreadSnow.HttpApi.Host\bin\Debug\net9.0\Volo.Abp.AspNetCore.Mvc.UI.Bundling.dll' because it is being used by another process. The file is locked by: "TreadSnow.HttpApi.Host (46584)" [E:\TreadSnow\TreadSnow Github2\src\TreadSnow.HttpApi.Host\TreadSnow.HttpApi.Host.csproj]
C:\Program Files\dotnet\sdk\9.0.202\Microsoft.Common.CurrentVersion.targets(5063,5): warning MSB3026: Could not copy "E:\TreadSnow\TreadSnow Github2\ABP9.1.1\framework\src\Volo.Abp.AspNetCore.Mvc.UI\bin\Debug\net9.0\Volo.Abp.AspNetCore.Mvc.UI.dll" to "bin\Debug\net9.0\Volo.Abp.AspNetCore.Mvc.UI.dll". Beginning retry 4 in 1000ms. The process cannot access the file 'E:\TreadSnow\TreadSnow Github2\src\TreadSnow.HttpApi.Host\bin\Debug\net9.0\Volo.Abp.AspNetCore.Mvc.UI.dll' because it is being used by another process. The file is locked by: "TreadSnow.HttpApi.Host (46584)" [E:\TreadSnow\TreadSnow Github2\src\TreadSnow.HttpApi.Host\TreadSnow.HttpApi.Host.csproj]
C:\Program Files\dotnet\sdk\9.0.202\Microsoft.Common.CurrentVersion.targets(5063,5): warning MSB3026: Could not copy "E:\TreadSnow\TreadSnow Github2\ABP9.1.1\framework\src\Volo.Abp.AspNetCore.Mvc.UI.Packages\bin\Debug\net9.0\Volo.Abp.AspNetCore.Mvc.UI.Packages.dll" to "bin\Debug\net9.0\Volo.Abp.AspNetCore.Mvc.UI.Packages.dll". Beginning retry 4 in 1000ms. The process cannot access the file 'E:\TreadSnow\TreadSnow Github2\src\TreadSnow.HttpApi.Host\bin\Debug\net9.0\Volo.Abp.AspNetCore.Mvc.UI.Packages.dll' because it is being used by another process. The file is locked by: "TreadSnow.HttpApi.Host (46584)" [E:\TreadSnow\TreadSnow Github2\src\TreadSnow.HttpApi.Host\TreadSnow.HttpApi.Host.csproj]
C:\Program Files\dotnet\sdk\9.0.202\Microsoft.Common.CurrentVersion.targets(5063,5): warning MSB3026: Could not copy "E:\TreadSnow\TreadSnow Github2\ABP9.1.1\framework\src\Volo.Abp.AspNetCore.Mvc.UI.Bundling.Abstractions\bin\Debug\net9.0\Volo.Abp.AspNetCore.Mvc.UI.Bundling.Abstractions.dll" to "bin\Debug\net9.0\Volo.Abp.AspNetCore.Mvc.UI.Bundling.Abstractions.dll". Beginning retry 5 in 1000ms. The process cannot access the file 'E:\TreadSnow\TreadSnow Github2\src\TreadSnow.HttpApi.Host\bin\Debug\net9.0\Volo.Abp.AspNetCore.Mvc.UI.Bundling.Abstractions.dll' because it is being used by another process. The file is locked by: "TreadSnow.HttpApi.Host (46584)" [E:\TreadSnow\TreadSnow Github2\src\TreadSnow.HttpApi.Host\TreadSnow.HttpApi.Host.csproj]
C:\Program Files\dotnet\sdk\9.0.202\Microsoft.Common.CurrentVersion.targets(5063,5): warning MSB3026: Could not copy "E:\TreadSnow\TreadSnow Github2\ABP9.1.1\framework\src\Volo.Abp.AspNetCore.Mvc.UI.Theme.Shared\bin\Debug\net9.0\Volo.Abp.AspNetCore.Mvc.UI.Theme.Shared.dll" to "bin\Debug\net9.0\Volo.Abp.AspNetCore.Mvc.UI.Theme.Shared.dll". Beginning retry 4 in 1000ms. The process cannot access the file 'E:\TreadSnow\TreadSnow Github2\src\TreadSnow.HttpApi.Host\bin\Debug\net9.0\Volo.Abp.AspNetCore.Mvc.UI.Theme.Shared.dll' because it is being used by another process. The file is locked by: "TreadSnow.HttpApi.Host (46584)" [E:\TreadSnow\TreadSnow Github2\src\TreadSnow.HttpApi.Host\TreadSnow.HttpApi.Host.csproj]
C:\Program Files\dotnet\sdk\9.0.202\Microsoft.Common.CurrentVersion.targets(5063,5): warning MSB3026: Could not copy "E:\TreadSnow\TreadSnow Github2\ABP9.1.1\framework\src\Volo.Abp.AspNetCore.Mvc.UI.Widgets\bin\Debug\net9.0\Volo.Abp.AspNetCore.Mvc.UI.Widgets.dll" to "bin\Debug\net9.0\Volo.Abp.AspNetCore.Mvc.UI.Widgets.dll". Beginning retry 4 in 1000ms. The process cannot access the file 'E:\TreadSnow\TreadSnow Github2\src\TreadSnow.HttpApi.Host\bin\Debug\net9.0\Volo.Abp.AspNetCore.Mvc.UI.Widgets.dll' because it is being used by another process. The file is locked by: "TreadSnow.HttpApi.Host (46584)" [E:\TreadSnow\TreadSnow Github2\src\TreadSnow.HttpApi.Host\TreadSnow.HttpApi.Host.csproj]
C:\Program Files\dotnet\sdk\9.0.202\Microsoft.Common.CurrentVersion.targets(5063,5): warning MSB3026: Could not copy "E:\TreadSnow\TreadSnow Github2\ABP9.1.1\framework\src\Volo.Abp.AspNetCore.Mvc.UI.Bundling\bin\Debug\net9.0\Volo.Abp.AspNetCore.Mvc.UI.Bundling.dll" to "bin\Debug\net9.0\Volo.Abp.AspNetCore.Mvc.UI.Bundling.dll". Beginning retry 5 in 1000ms. The process cannot access the file 'E:\TreadSnow\TreadSnow Github2\src\TreadSnow.HttpApi.Host\bin\Debug\net9.0\Volo.Abp.AspNetCore.Mvc.UI.Bundling.dll' because it is being used by another process. The file is locked by: "TreadSnow.HttpApi.Host (46584)" [E:\TreadSnow\TreadSnow Github2\src\TreadSnow.HttpApi.Host\TreadSnow.HttpApi.Host.csproj]
C:\Program Files\dotnet\sdk\9.0.202\Microsoft.Common.CurrentVersion.targets(5063,5): warning MSB3026: Could not copy "E:\TreadSnow\TreadSnow Github2\ABP9.1.1\framework\src\Volo.Abp.AspNetCore.Mvc.UI\bin\Debug\net9.0\Volo.Abp.AspNetCore.Mvc.UI.dll" to "bin\Debug\net9.0\Volo.Abp.AspNetCore.Mvc.UI.dll". Beginning retry 5 in 1000ms. The process cannot access the file 'E:\TreadSnow\TreadSnow Github2\src\TreadSnow.HttpApi.Host\bin\Debug\net9.0\Volo.Abp.AspNetCore.Mvc.UI.dll' because it is being used by another process. The file is locked by: "TreadSnow.HttpApi.Host (46584)" [E:\TreadSnow\TreadSnow Github2\src\TreadSnow.HttpApi.Host\TreadSnow.HttpApi.Host.csproj]
C:\Program Files\dotnet\sdk\9.0.202\Microsoft.Common.CurrentVersion.targets(5063,5): warning MSB3026: Could not copy "E:\TreadSnow\TreadSnow Github2\ABP9.1.1\framework\src\Volo.Abp.AspNetCore.Mvc.UI.Packages\bin\Debug\net9.0\Volo.Abp.AspNetCore.Mvc.UI.Packages.dll" to "bin\Debug\net9.0\Volo.Abp.AspNetCore.Mvc.UI.Packages.dll". Beginning retry 5 in 1000ms. The process cannot access the file 'E:\TreadSnow\TreadSnow Github2\src\TreadSnow.HttpApi.Host\bin\Debug\net9.0\Volo.Abp.AspNetCore.Mvc.UI.Packages.dll' because it is being used by another process. The file is locked by: "TreadSnow.HttpApi.Host (46584)" [E:\TreadSnow\TreadSnow Github2\src\TreadSnow.HttpApi.Host\TreadSnow.HttpApi.Host.csproj]
C:\Program Files\dotnet\sdk\9.0.202\Microsoft.Common.CurrentVersion.targets(5063,5): warning MSB3026: Could not copy "E:\TreadSnow\TreadSnow Github2\ABP9.1.1\framework\src\Volo.Abp.AspNetCore.Mvc.UI.Bundling.Abstractions\bin\Debug\net9.0\Volo.Abp.AspNetCore.Mvc.UI.Bundling.Abstractions.dll" to "bin\Debug\net9.0\Volo.Abp.AspNetCore.Mvc.UI.Bundling.Abstractions.dll". Beginning retry 6 in 1000ms. The process cannot access the file 'E:\TreadSnow\TreadSnow Github2\src\TreadSnow.HttpApi.Host\bin\Debug\net9.0\Volo.Abp.AspNetCore.Mvc.UI.Bundling.Abstractions.dll' because it is being used by another process. The file is locked by: "TreadSnow.HttpApi.Host (46584)" [E:\TreadSnow\TreadSnow Github2\src\TreadSnow.HttpApi.Host\TreadSnow.HttpApi.Host.csproj]
C:\Program Files\dotnet\sdk\9.0.202\Microsoft.Common.CurrentVersion.targets(5063,5): warning MSB3026: Could not copy "E:\TreadSnow\TreadSnow Github2\ABP9.1.1\framework\src\Volo.Abp.AspNetCore.Mvc.UI.Widgets\bin\Debug\net9.0\Volo.Abp.AspNetCore.Mvc.UI.Widgets.dll" to "bin\Debug\net9.0\Volo.Abp.AspNetCore.Mvc.UI.Widgets.dll". Beginning retry 5 in 1000ms. The process cannot access the file 'E:\TreadSnow\TreadSnow Github2\src\TreadSnow.HttpApi.Host\bin\Debug\net9.0\Volo.Abp.AspNetCore.Mvc.UI.Widgets.dll' because it is being used by another process. The file is locked by: "TreadSnow.HttpApi.Host (46584)" [E:\TreadSnow\TreadSnow Github2\src\TreadSnow.HttpApi.Host\TreadSnow.HttpApi.Host.csproj]
C:\Program Files\dotnet\sdk\9.0.202\Microsoft.Common.CurrentVersion.targets(5063,5): warning MSB3026: Could not copy "E:\TreadSnow\TreadSnow Github2\ABP9.1.1\framework\src\Volo.Abp.AspNetCore.Mvc.UI.Theme.Shared\bin\Debug\net9.0\Volo.Abp.AspNetCore.Mvc.UI.Theme.Shared.dll" to "bin\Debug\net9.0\Volo.Abp.AspNetCore.Mvc.UI.Theme.Shared.dll". Beginning retry 5 in 1000ms. The process cannot access the file 'E:\TreadSnow\TreadSnow Github2\src\TreadSnow.HttpApi.Host\bin\Debug\net9.0\Volo.Abp.AspNetCore.Mvc.UI.Theme.Shared.dll' because it is being used by another process. The file is locked by: "TreadSnow.HttpApi.Host (46584)" [E:\TreadSnow\TreadSnow Github2\src\TreadSnow.HttpApi.Host\TreadSnow.HttpApi.Host.csproj]
C:\Program Files\dotnet\sdk\9.0.202\Microsoft.Common.CurrentVersion.targets(5063,5): warning MSB3026: Could not copy "E:\TreadSnow\TreadSnow Github2\ABP9.1.1\framework\src\Volo.Abp.AspNetCore.Mvc.UI.Bundling\bin\Debug\net9.0\Volo.Abp.AspNetCore.Mvc.UI.Bundling.dll" to "bin\Debug\net9.0\Volo.Abp.AspNetCore.Mvc.UI.Bundling.dll". Beginning retry 6 in 1000ms. The process cannot access the file 'E:\TreadSnow\TreadSnow Github2\src\TreadSnow.HttpApi.Host\bin\Debug\net9.0\Volo.Abp.AspNetCore.Mvc.UI.Bundling.dll' because it is being used by another process. The file is locked by: "TreadSnow.HttpApi.Host (46584)" [E:\TreadSnow\TreadSnow Github2\src\TreadSnow.HttpApi.Host\TreadSnow.HttpApi.Host.csproj]
C:\Program Files\dotnet\sdk\9.0.202\Microsoft.Common.CurrentVersion.targets(5063,5): warning MSB3026: Could not copy "E:\TreadSnow\TreadSnow Github2\ABP9.1.1\framework\src\Volo.Abp.AspNetCore.Mvc.UI\bin\Debug\net9.0\Volo.Abp.AspNetCore.Mvc.UI.dll" to "bin\Debug\net9.0\Volo.Abp.AspNetCore.Mvc.UI.dll". Beginning retry 6 in 1000ms. The process cannot access the file 'E:\TreadSnow\TreadSnow Github2\src\TreadSnow.HttpApi.Host\bin\Debug\net9.0\Volo.Abp.AspNetCore.Mvc.UI.dll' because it is being used by another process. The file is locked by: "TreadSnow.HttpApi.Host (46584)" [E:\TreadSnow\TreadSnow Github2\src\TreadSnow.HttpApi.Host\TreadSnow.HttpApi.Host.csproj]
C:\Program Files\dotnet\sdk\9.0.202\Microsoft.Common.CurrentVersion.targets(5063,5): warning MSB3026: Could not copy "E:\TreadSnow\TreadSnow Github2\ABP9.1.1\framework\src\Volo.Abp.AspNetCore.Mvc.UI.Packages\bin\Debug\net9.0\Volo.Abp.AspNetCore.Mvc.UI.Packages.dll" to "bin\Debug\net9.0\Volo.Abp.AspNetCore.Mvc.UI.Packages.dll". Beginning retry 6 in 1000ms. The process cannot access the file 'E:\TreadSnow\TreadSnow Github2\src\TreadSnow.HttpApi.Host\bin\Debug\net9.0\Volo.Abp.AspNetCore.Mvc.UI.Packages.dll' because it is being used by another process. The file is locked by: "TreadSnow.HttpApi.Host (46584)" [E:\TreadSnow\TreadSnow Github2\src\TreadSnow.HttpApi.Host\TreadSnow.HttpApi.Host.csproj]
C:\Program Files\dotnet\sdk\9.0.202\Microsoft.Common.CurrentVersion.targets(5063,5): warning MSB3026: Could not copy "E:\TreadSnow\TreadSnow Github2\ABP9.1.1\framework\src\Volo.Abp.AspNetCore.Mvc.UI.Bundling.Abstractions\bin\Debug\net9.0\Volo.Abp.AspNetCore.Mvc.UI.Bundling.Abstractions.dll" to "bin\Debug\net9.0\Volo.Abp.AspNetCore.Mvc.UI.Bundling.Abstractions.dll". Beginning retry 7 in 1000ms. The process cannot access the file 'E:\TreadSnow\TreadSnow Github2\src\TreadSnow.HttpApi.Host\bin\Debug\net9.0\Volo.Abp.AspNetCore.Mvc.UI.Bundling.Abstractions.dll' because it is being used by another process. The file is locked by: "TreadSnow.HttpApi.Host (46584)" [E:\TreadSnow\TreadSnow Github2\src\TreadSnow.HttpApi.Host\TreadSnow.HttpApi.Host.csproj]
C:\Program Files\dotnet\sdk\9.0.202\Microsoft.Common.CurrentVersion.targets(5063,5): warning MSB3026: Could not copy "E:\TreadSnow\TreadSnow Github2\ABP9.1.1\framework\src\Volo.Abp.AspNetCore.Mvc.UI.Theme.Shared\bin\Debug\net9.0\Volo.Abp.AspNetCore.Mvc.UI.Theme.Shared.dll" to "bin\Debug\net9.0\Volo.Abp.AspNetCore.Mvc.UI.Theme.Shared.dll". Beginning retry 6 in 1000ms. The process cannot access the file 'E:\TreadSnow\TreadSnow Github2\src\TreadSnow.HttpApi.Host\bin\Debug\net9.0\Volo.Abp.AspNetCore.Mvc.UI.Theme.Shared.dll' because it is being used by another process. The file is locked by: "TreadSnow.HttpApi.Host (46584)" [E:\TreadSnow\TreadSnow Github2\src\TreadSnow.HttpApi.Host\TreadSnow.HttpApi.Host.csproj]
C:\Program Files\dotnet\sdk\9.0.202\Microsoft.Common.CurrentVersion.targets(5063,5): warning MSB3026: Could not copy "E:\TreadSnow\TreadSnow Github2\ABP9.1.1\framework\src\Volo.Abp.AspNetCore.Mvc.UI.Widgets\bin\Debug\net9.0\Volo.Abp.AspNetCore.Mvc.UI.Widgets.dll" to "bin\Debug\net9.0\Volo.Abp.AspNetCore.Mvc.UI.Widgets.dll". Beginning retry 6 in 1000ms. The process cannot access the file 'E:\TreadSnow\TreadSnow Github2\src\TreadSnow.HttpApi.Host\bin\Debug\net9.0\Volo.Abp.AspNetCore.Mvc.UI.Widgets.dll' because it is being used by another process. The file is locked by: "TreadSnow.HttpApi.Host (46584)" [E:\TreadSnow\TreadSnow Github2\src\TreadSnow.HttpApi.Host\TreadSnow.HttpApi.Host.csproj]
C:\Program Files\dotnet\sdk\9.0.202\Microsoft.Common.CurrentVersion.targets(5063,5): warning MSB3026: Could not copy "E:\TreadSnow\TreadSnow Github2\ABP9.1.1\framework\src\Volo.Abp.AspNetCore.Mvc.UI.Bundling\bin\Debug\net9.0\Volo.Abp.AspNetCore.Mvc.UI.Bundling.dll" to "bin\Debug\net9.0\Volo.Abp.AspNetCore.Mvc.UI.Bundling.dll". Beginning retry 7 in 1000ms. The process cannot access the file 'E:\TreadSnow\TreadSnow Github2\src\TreadSnow.HttpApi.Host\bin\Debug\net9.0\Volo.Abp.AspNetCore.Mvc.UI.Bundling.dll' because it is being used by another process. The file is locked by: "TreadSnow.HttpApi.Host (46584)" [E:\TreadSnow\TreadSnow Github2\src\TreadSnow.HttpApi.Host\TreadSnow.HttpApi.Host.csproj]
C:\Program Files\dotnet\sdk\9.0.202\Microsoft.Common.CurrentVersion.targets(5063,5): warning MSB3026: Could not copy "E:\TreadSnow\TreadSnow Github2\ABP9.1.1\framework\src\Volo.Abp.AspNetCore.Mvc.UI\bin\Debug\net9.0\Volo.Abp.AspNetCore.Mvc.UI.dll" to "bin\Debug\net9.0\Volo.Abp.AspNetCore.Mvc.UI.dll". Beginning retry 7 in 1000ms. The process cannot access the file 'E:\TreadSnow\TreadSnow Github2\src\TreadSnow.HttpApi.Host\bin\Debug\net9.0\Volo.Abp.AspNetCore.Mvc.UI.dll' because it is being used by another process. The file is locked by: "TreadSnow.HttpApi.Host (46584)" [E:\TreadSnow\TreadSnow Github2\src\TreadSnow.HttpApi.Host\TreadSnow.HttpApi.Host.csproj]
C:\Program Files\dotnet\sdk\9.0.202\Microsoft.Common.CurrentVersion.targets(5063,5): warning MSB3026: Could not copy "E:\TreadSnow\TreadSnow Github2\ABP9.1.1\framework\src\Volo.Abp.AspNetCore.Mvc.UI.Packages\bin\Debug\net9.0\Volo.Abp.AspNetCore.Mvc.UI.Packages.dll" to "bin\Debug\net9.0\Volo.Abp.AspNetCore.Mvc.UI.Packages.dll". Beginning retry 7 in 1000ms. The process cannot access the file 'E:\TreadSnow\TreadSnow Github2\src\TreadSnow.HttpApi.Host\bin\Debug\net9.0\Volo.Abp.AspNetCore.Mvc.UI.Packages.dll' because it is being used by another process. The file is locked by: "TreadSnow.HttpApi.Host (46584)" [E:\TreadSnow\TreadSnow Github2\src\TreadSnow.HttpApi.Host\TreadSnow.HttpApi.Host.csproj]
C:\Program Files\dotnet\sdk\9.0.202\Microsoft.Common.CurrentVersion.targets(5063,5): warning MSB3026: Could not copy "E:\TreadSnow\TreadSnow Github2\ABP9.1.1\framework\src\Volo.Abp.AspNetCore.Mvc.UI.Bundling.Abstractions\bin\Debug\net9.0\Volo.Abp.AspNetCore.Mvc.UI.Bundling.Abstractions.dll" to "bin\Debug\net9.0\Volo.Abp.AspNetCore.Mvc.UI.Bundling.Abstractions.dll". Beginning retry 8 in 1000ms. The process cannot access the file 'E:\TreadSnow\TreadSnow Github2\src\TreadSnow.HttpApi.Host\bin\Debug\net9.0\Volo.Abp.AspNetCore.Mvc.UI.Bundling.Abstractions.dll' because it is being used by another process. The file is locked by: "TreadSnow.HttpApi.Host (46584)" [E:\TreadSnow\TreadSnow Github2\src\TreadSnow.HttpApi.Host\TreadSnow.HttpApi.Host.csproj]
C:\Program Files\dotnet\sdk\9.0.202\Microsoft.Common.CurrentVersion.targets(5063,5): warning MSB3026: Could not copy "E:\TreadSnow\TreadSnow Github2\ABP9.1.1\framework\src\Volo.Abp.AspNetCore.Mvc.UI.Theme.Shared\bin\Debug\net9.0\Volo.Abp.AspNetCore.Mvc.UI.Theme.Shared.dll" to "bin\Debug\net9.0\Volo.Abp.AspNetCore.Mvc.UI.Theme.Shared.dll". Beginning retry 7 in 1000ms. The process cannot access the file 'E:\TreadSnow\TreadSnow Github2\src\TreadSnow.HttpApi.Host\bin\Debug\net9.0\Volo.Abp.AspNetCore.Mvc.UI.Theme.Shared.dll' because it is being used by another process. The file is locked by: "TreadSnow.HttpApi.Host (46584)" [E:\TreadSnow\TreadSnow Github2\src\TreadSnow.HttpApi.Host\TreadSnow.HttpApi.Host.csproj]
C:\Program Files\dotnet\sdk\9.0.202\Microsoft.Common.CurrentVersion.targets(5063,5): warning MSB3026: Could not copy "E:\TreadSnow\TreadSnow Github2\ABP9.1.1\framework\src\Volo.Abp.AspNetCore.Mvc.UI.Widgets\bin\Debug\net9.0\Volo.Abp.AspNetCore.Mvc.UI.Widgets.dll" to "bin\Debug\net9.0\Volo.Abp.AspNetCore.Mvc.UI.Widgets.dll". Beginning retry 7 in 1000ms. The process cannot access the file 'E:\TreadSnow\TreadSnow Github2\src\TreadSnow.HttpApi.Host\bin\Debug\net9.0\Volo.Abp.AspNetCore.Mvc.UI.Widgets.dll' because it is being used by another process. The file is locked by: "TreadSnow.HttpApi.Host (46584)" [E:\TreadSnow\TreadSnow Github2\src\TreadSnow.HttpApi.Host\TreadSnow.HttpApi.Host.csproj]
C:\Program Files\dotnet\sdk\9.0.202\Microsoft.Common.CurrentVersion.targets(5063,5): warning MSB3026: Could not copy "E:\TreadSnow\TreadSnow Github2\ABP9.1.1\framework\src\Volo.Abp.AspNetCore.Mvc.UI.Bundling\bin\Debug\net9.0\Volo.Abp.AspNetCore.Mvc.UI.Bundling.dll" to "bin\Debug\net9.0\Volo.Abp.AspNetCore.Mvc.UI.Bundling.dll". Beginning retry 8 in 1000ms. The process cannot access the file 'E:\TreadSnow\TreadSnow Github2\src\TreadSnow.HttpApi.Host\bin\Debug\net9.0\Volo.Abp.AspNetCore.Mvc.UI.Bundling.dll' because it is being used by another process. The file is locked by: "TreadSnow.HttpApi.Host (46584)" [E:\TreadSnow\TreadSnow Github2\src\TreadSnow.HttpApi.Host\TreadSnow.HttpApi.Host.csproj]
C:\Program Files\dotnet\sdk\9.0.202\Microsoft.Common.CurrentVersion.targets(5063,5): warning MSB3026: Could not copy "E:\TreadSnow\TreadSnow Github2\ABP9.1.1\framework\src\Volo.Abp.AspNetCore.Mvc.UI\bin\Debug\net9.0\Volo.Abp.AspNetCore.Mvc.UI.dll" to "bin\Debug\net9.0\Volo.Abp.AspNetCore.Mvc.UI.dll". Beginning retry 8 in 1000ms. The process cannot access the file 'E:\TreadSnow\TreadSnow Github2\src\TreadSnow.HttpApi.Host\bin\Debug\net9.0\Volo.Abp.AspNetCore.Mvc.UI.dll' because it is being used by another process. The file is locked by: "TreadSnow.HttpApi.Host (46584)" [E:\TreadSnow\TreadSnow Github2\src\TreadSnow.HttpApi.Host\TreadSnow.HttpApi.Host.csproj]
C:\Program Files\dotnet\sdk\9.0.202\Microsoft.Common.CurrentVersion.targets(5063,5): warning MSB3026: Could not copy "E:\TreadSnow\TreadSnow Github2\ABP9.1.1\framework\src\Volo.Abp.AspNetCore.Mvc.UI.Packages\bin\Debug\net9.0\Volo.Abp.AspNetCore.Mvc.UI.Packages.dll" to "bin\Debug\net9.0\Volo.Abp.AspNetCore.Mvc.UI.Packages.dll". Beginning retry 8 in 1000ms. The process cannot access the file 'E:\TreadSnow\TreadSnow Github2\src\TreadSnow.HttpApi.Host\bin\Debug\net9.0\Volo.Abp.AspNetCore.Mvc.UI.Packages.dll' because it is being used by another process. The file is locked by: "TreadSnow.HttpApi.Host (46584)" [E:\TreadSnow\TreadSnow Github2\src\TreadSnow.HttpApi.Host\TreadSnow.HttpApi.Host.csproj]
C:\Program Files\dotnet\sdk\9.0.202\Microsoft.Common.CurrentVersion.targets(5063,5): warning MSB3026: Could not copy "E:\TreadSnow\TreadSnow Github2\ABP9.1.1\framework\src\Volo.Abp.AspNetCore.Mvc.UI.Bundling.Abstractions\bin\Debug\net9.0\Volo.Abp.AspNetCore.Mvc.UI.Bundling.Abstractions.dll" to "bin\Debug\net9.0\Volo.Abp.AspNetCore.Mvc.UI.Bundling.Abstractions.dll". Beginning retry 9 in 1000ms. The process cannot access the file 'E:\TreadSnow\TreadSnow Github2\src\TreadSnow.HttpApi.Host\bin\Debug\net9.0\Volo.Abp.AspNetCore.Mvc.UI.Bundling.Abstractions.dll' because it is being used by another process. The file is locked by: "TreadSnow.HttpApi.Host (46584)" [E:\TreadSnow\TreadSnow Github2\src\TreadSnow.HttpApi.Host\TreadSnow.HttpApi.Host.csproj]
C:\Program Files\dotnet\sdk\9.0.202\Microsoft.Common.CurrentVersion.targets(5063,5): warning MSB3026: Could not copy "E:\TreadSnow\TreadSnow Github2\ABP9.1.1\framework\src\Volo.Abp.AspNetCore.Mvc.UI.Theme.Shared\bin\Debug\net9.0\Volo.Abp.AspNetCore.Mvc.UI.Theme.Shared.dll" to "bin\Debug\net9.0\Volo.Abp.AspNetCore.Mvc.UI.Theme.Shared.dll". Beginning retry 8 in 1000ms. The process cannot access the file 'E:\TreadSnow\TreadSnow Github2\src\TreadSnow.HttpApi.Host\bin\Debug\net9.0\Volo.Abp.AspNetCore.Mvc.UI.Theme.Shared.dll' because it is being used by another process. The file is locked by: "TreadSnow.HttpApi.Host (46584)" [E:\TreadSnow\TreadSnow Github2\src\TreadSnow.HttpApi.Host\TreadSnow.HttpApi.Host.csproj]
C:\Program Files\dotnet\sdk\9.0.202\Microsoft.Common.CurrentVersion.targets(5063,5): warning MSB3026: Could not copy "E:\TreadSnow\TreadSnow Github2\ABP9.1.1\framework\src\Volo.Abp.AspNetCore.Mvc.UI.Widgets\bin\Debug\net9.0\Volo.Abp.AspNetCore.Mvc.UI.Widgets.dll" to "bin\Debug\net9.0\Volo.Abp.AspNetCore.Mvc.UI.Widgets.dll". Beginning retry 8 in 1000ms. The process cannot access the file 'E:\TreadSnow\TreadSnow Github2\src\TreadSnow.HttpApi.Host\bin\Debug\net9.0\Volo.Abp.AspNetCore.Mvc.UI.Widgets.dll' because it is being used by another process. The file is locked by: "TreadSnow.HttpApi.Host (46584)" [E:\TreadSnow\TreadSnow Github2\src\TreadSnow.HttpApi.Host\TreadSnow.HttpApi.Host.csproj]
C:\Program Files\dotnet\sdk\9.0.202\Microsoft.Common.CurrentVersion.targets(5063,5): warning MSB3026: Could not copy "E:\TreadSnow\TreadSnow Github2\ABP9.1.1\framework\src\Volo.Abp.AspNetCore.Mvc.UI.Bundling\bin\Debug\net9.0\Volo.Abp.AspNetCore.Mvc.UI.Bundling.dll" to "bin\Debug\net9.0\Volo.Abp.AspNetCore.Mvc.UI.Bundling.dll". Beginning retry 9 in 1000ms. The process cannot access the file 'E:\TreadSnow\TreadSnow Github2\src\TreadSnow.HttpApi.Host\bin\Debug\net9.0\Volo.Abp.AspNetCore.Mvc.UI.Bundling.dll' because it is being used by another process. The file is locked by: "TreadSnow.HttpApi.Host (46584)" [E:\TreadSnow\TreadSnow Github2\src\TreadSnow.HttpApi.Host\TreadSnow.HttpApi.Host.csproj]
C:\Program Files\dotnet\sdk\9.0.202\Microsoft.Common.CurrentVersion.targets(5063,5): warning MSB3026: Could not copy "E:\TreadSnow\TreadSnow Github2\ABP9.1.1\framework\src\Volo.Abp.AspNetCore.Mvc.UI\bin\Debug\net9.0\Volo.Abp.AspNetCore.Mvc.UI.dll" to "bin\Debug\net9.0\Volo.Abp.AspNetCore.Mvc.UI.dll". Beginning retry 9 in 1000ms. The process cannot access the file 'E:\TreadSnow\TreadSnow Github2\src\TreadSnow.HttpApi.Host\bin\Debug\net9.0\Volo.Abp.AspNetCore.Mvc.UI.dll' because it is being used by another process. The file is locked by: "TreadSnow.HttpApi.Host (46584)" [E:\TreadSnow\TreadSnow Github2\src\TreadSnow.HttpApi.Host\TreadSnow.HttpApi.Host.csproj]
C:\Program Files\dotnet\sdk\9.0.202\Microsoft.Common.CurrentVersion.targets(5063,5): warning MSB3026: Could not copy "E:\TreadSnow\TreadSnow Github2\ABP9.1.1\framework\src\Volo.Abp.AspNetCore.Mvc.UI.Packages\bin\Debug\net9.0\Volo.Abp.AspNetCore.Mvc.UI.Packages.dll" to "bin\Debug\net9.0\Volo.Abp.AspNetCore.Mvc.UI.Packages.dll". Beginning retry 9 in 1000ms. The process cannot access the file 'E:\TreadSnow\TreadSnow Github2\src\TreadSnow.HttpApi.Host\bin\Debug\net9.0\Volo.Abp.AspNetCore.Mvc.UI.Packages.dll' because it is being used by another process. The file is locked by: "TreadSnow.HttpApi.Host (46584)" [E:\TreadSnow\TreadSnow Github2\src\TreadSnow.HttpApi.Host\TreadSnow.HttpApi.Host.csproj]
C:\Program Files\dotnet\sdk\9.0.202\Microsoft.Common.CurrentVersion.targets(5063,5): warning MSB3026: Could not copy "E:\TreadSnow\TreadSnow Github2\ABP9.1.1\framework\src\Volo.Abp.AspNetCore.Mvc.UI.Bundling.Abstractions\bin\Debug\net9.0\Volo.Abp.AspNetCore.Mvc.UI.Bundling.Abstractions.dll" to "bin\Debug\net9.0\Volo.Abp.AspNetCore.Mvc.UI.Bundling.Abstractions.dll". Beginning retry 10 in 1000ms. The process cannot access the file 'E:\TreadSnow\TreadSnow Github2\src\TreadSnow.HttpApi.Host\bin\Debug\net9.0\Volo.Abp.AspNetCore.Mvc.UI.Bundling.Abstractions.dll' because it is being used by another process. The file is locked by: "TreadSnow.HttpApi.Host (46584)" [E:\TreadSnow\TreadSnow Github2\src\TreadSnow.HttpApi.Host\TreadSnow.HttpApi.Host.csproj]
C:\Program Files\dotnet\sdk\9.0.202\Microsoft.Common.CurrentVersion.targets(5063,5): warning MSB3026: Could not copy "E:\TreadSnow\TreadSnow Github2\ABP9.1.1\framework\src\Volo.Abp.AspNetCore.Mvc.UI.Theme.Shared\bin\Debug\net9.0\Volo.Abp.AspNetCore.Mvc.UI.Theme.Shared.dll" to "bin\Debug\net9.0\Volo.Abp.AspNetCore.Mvc.UI.Theme.Shared.dll". Beginning retry 9 in 1000ms. The process cannot access the file 'E:\TreadSnow\TreadSnow Github2\src\TreadSnow.HttpApi.Host\bin\Debug\net9.0\Volo.Abp.AspNetCore.Mvc.UI.Theme.Shared.dll' because it is being used by another process. The file is locked by: "TreadSnow.HttpApi.Host (46584)" [E:\TreadSnow\TreadSnow Github2\src\TreadSnow.HttpApi.Host\TreadSnow.HttpApi.Host.csproj]
C:\Program Files\dotnet\sdk\9.0.202\Microsoft.Common.CurrentVersion.targets(5063,5): warning MSB3026: Could not copy "E:\TreadSnow\TreadSnow Github2\ABP9.1.1\framework\src\Volo.Abp.AspNetCore.Mvc.UI.Bundling\bin\Debug\net9.0\Volo.Abp.AspNetCore.Mvc.UI.Bundling.dll" to "bin\Debug\net9.0\Volo.Abp.AspNetCore.Mvc.UI.Bundling.dll". Beginning retry 10 in 1000ms. The process cannot access the file 'E:\TreadSnow\TreadSnow Github2\src\TreadSnow.HttpApi.Host\bin\Debug\net9.0\Volo.Abp.AspNetCore.Mvc.UI.Bundling.dll' because it is being used by another process. The file is locked by: "TreadSnow.HttpApi.Host (46584)" [E:\TreadSnow\TreadSnow Github2\src\TreadSnow.HttpApi.Host\TreadSnow.HttpApi.Host.csproj]
C:\Program Files\dotnet\sdk\9.0.202\Microsoft.Common.CurrentVersion.targets(5063,5): warning MSB3026: Could not copy "E:\TreadSnow\TreadSnow Github2\ABP9.1.1\framework\src\Volo.Abp.AspNetCore.Mvc.UI.Widgets\bin\Debug\net9.0\Volo.Abp.AspNetCore.Mvc.UI.Widgets.dll" to "bin\Debug\net9.0\Volo.Abp.AspNetCore.Mvc.UI.Widgets.dll". Beginning retry 9 in 1000ms. The process cannot access the file 'E:\TreadSnow\TreadSnow Github2\src\TreadSnow.HttpApi.Host\bin\Debug\net9.0\Volo.Abp.AspNetCore.Mvc.UI.Widgets.dll' because it is being used by another process. The file is locked by: "TreadSnow.HttpApi.Host (46584)" [E:\TreadSnow\TreadSnow Github2\src\TreadSnow.HttpApi.Host\TreadSnow.HttpApi.Host.csproj]
C:\Program Files\dotnet\sdk\9.0.202\Microsoft.Common.CurrentVersion.targets(5063,5): warning MSB3026: Could not copy "E:\TreadSnow\TreadSnow Github2\ABP9.1.1\framework\src\Volo.Abp.AspNetCore.Mvc.UI\bin\Debug\net9.0\Volo.Abp.AspNetCore.Mvc.UI.dll" to "bin\Debug\net9.0\Volo.Abp.AspNetCore.Mvc.UI.dll". Beginning retry 10 in 1000ms. The process cannot access the file 'E:\TreadSnow\TreadSnow Github2\src\TreadSnow.HttpApi.Host\bin\Debug\net9.0\Volo.Abp.AspNetCore.Mvc.UI.dll' because it is being used by another process. The file is locked by: "TreadSnow.HttpApi.Host (46584)" [E:\TreadSnow\TreadSnow Github2\src\TreadSnow.HttpApi.Host\TreadSnow.HttpApi.Host.csproj]
C:\Program Files\dotnet\sdk\9.0.202\Microsoft.Common.CurrentVersion.targets(5063,5): warning MSB3026: Could not copy "E:\TreadSnow\TreadSnow Github2\ABP9.1.1\framework\src\Volo.Abp.AspNetCore.Mvc.UI.Packages\bin\Debug\net9.0\Volo.Abp.AspNetCore.Mvc.UI.Packages.dll" to "bin\Debug\net9.0\Volo.Abp.AspNetCore.Mvc.UI.Packages.dll". Beginning retry 10 in 1000ms. The process cannot access the file 'E:\TreadSnow\TreadSnow Github2\src\TreadSnow.HttpApi.Host\bin\Debug\net9.0\Volo.Abp.AspNetCore.Mvc.UI.Packages.dll' because it is being used by another process. The file is locked by: "TreadSnow.HttpApi.Host (46584)" [E:\TreadSnow\TreadSnow Github2\src\TreadSnow.HttpApi.Host\TreadSnow.HttpApi.Host.csproj]
C:\Program Files\dotnet\sdk\9.0.202\Microsoft.Common.CurrentVersion.targets(5063,5): error MSB3027: Could not copy "E:\TreadSnow\TreadSnow Github2\ABP9.1.1\framework\src\Volo.Abp.AspNetCore.Mvc.UI.Bundling.Abstractions\bin\Debug\net9.0\Volo.Abp.AspNetCore.Mvc.UI.Bundling.Abstractions.dll" to "bin\Debug\net9.0\Volo.Abp.AspNetCore.Mvc.UI.Bundling.Abstractions.dll". Exceeded retry count of 10. Failed. The file is locked by: "TreadSnow.HttpApi.Host (46584)" [E:\TreadSnow\TreadSnow Github2\src\TreadSnow.HttpApi.Host\TreadSnow.HttpApi.Host.csproj]
C:\Program Files\dotnet\sdk\9.0.202\Microsoft.Common.CurrentVersion.targets(5063,5): error MSB3021: Unable to copy file "E:\TreadSnow\TreadSnow Github2\ABP9.1.1\framework\src\Volo.Abp.AspNetCore.Mvc.UI.Bundling.Abstractions\bin\Debug\net9.0\Volo.Abp.AspNetCore.Mvc.UI.Bundling.Abstractions.dll" to "bin\Debug\net9.0\Volo.Abp.AspNetCore.Mvc.UI.Bundling.Abstractions.dll". The process cannot access the file 'E:\TreadSnow\TreadSnow Github2\src\TreadSnow.HttpApi.Host\bin\Debug\net9.0\Volo.Abp.AspNetCore.Mvc.UI.Bundling.Abstractions.dll' because it is being used by another process. [E:\TreadSnow\TreadSnow Github2\src\TreadSnow.HttpApi.Host\TreadSnow.HttpApi.Host.csproj]
C:\Program Files\dotnet\sdk\9.0.202\Microsoft.Common.CurrentVersion.targets(5063,5): warning MSB3026: Could not copy "E:\TreadSnow\TreadSnow Github2\ABP9.1.1\framework\src\Volo.Abp.Auditing.Contracts\bin\Debug\net9.0\Volo.Abp.Auditing.Contracts.dll" to "bin\Debug\net9.0\Volo.Abp.Auditing.Contracts.dll". Beginning retry 1 in 1000ms. The process cannot access the file 'E:\TreadSnow\TreadSnow Github2\src\TreadSnow.HttpApi.Host\bin\Debug\net9.0\Volo.Abp.Auditing.Contracts.dll' because it is being used by another process. The file is locked by: "TreadSnow.HttpApi.Host (46584)" [E:\TreadSnow\TreadSnow Github2\src\TreadSnow.HttpApi.Host\TreadSnow.HttpApi.Host.csproj]
C:\Program Files\dotnet\sdk\9.0.202\Microsoft.Common.CurrentVersion.targets(5063,5): warning MSB3026: Could not copy "E:\TreadSnow\TreadSnow Github2\ABP9.1.1\framework\src\Volo.Abp.AspNetCore.Mvc.UI.Theme.Shared\bin\Debug\net9.0\Volo.Abp.AspNetCore.Mvc.UI.Theme.Shared.dll" to "bin\Debug\net9.0\Volo.Abp.AspNetCore.Mvc.UI.Theme.Shared.dll". Beginning retry 10 in 1000ms. The process cannot access the file 'E:\TreadSnow\TreadSnow Github2\src\TreadSnow.HttpApi.Host\bin\Debug\net9.0\Volo.Abp.AspNetCore.Mvc.UI.Theme.Shared.dll' because it is being used by another process. The file is locked by: "TreadSnow.HttpApi.Host (46584)" [E:\TreadSnow\TreadSnow Github2\src\TreadSnow.HttpApi.Host\TreadSnow.HttpApi.Host.csproj]
C:\Program Files\dotnet\sdk\9.0.202\Microsoft.Common.CurrentVersion.targets(5063,5): warning MSB3026: Could not copy "E:\TreadSnow\TreadSnow Github2\ABP9.1.1\framework\src\Volo.Abp.AspNetCore.Mvc.UI.Widgets\bin\Debug\net9.0\Volo.Abp.AspNetCore.Mvc.UI.Widgets.dll" to "bin\Debug\net9.0\Volo.Abp.AspNetCore.Mvc.UI.Widgets.dll". Beginning retry 10 in 1000ms. The process cannot access the file 'E:\TreadSnow\TreadSnow Github2\src\TreadSnow.HttpApi.Host\bin\Debug\net9.0\Volo.Abp.AspNetCore.Mvc.UI.Widgets.dll' because it is being used by another process. The file is locked by: "TreadSnow.HttpApi.Host (46584)" [E:\TreadSnow\TreadSnow Github2\src\TreadSnow.HttpApi.Host\TreadSnow.HttpApi.Host.csproj]
C:\Program Files\dotnet\sdk\9.0.202\Microsoft.Common.CurrentVersion.targets(5063,5): error MSB3027: Could not copy "E:\TreadSnow\TreadSnow Github2\ABP9.1.1\framework\src\Volo.Abp.AspNetCore.Mvc.UI.Bundling\bin\Debug\net9.0\Volo.Abp.AspNetCore.Mvc.UI.Bundling.dll" to "bin\Debug\net9.0\Volo.Abp.AspNetCore.Mvc.UI.Bundling.dll". Exceeded retry count of 10. Failed. The file is locked by: "TreadSnow.HttpApi.Host (46584)" [E:\TreadSnow\TreadSnow Github2\src\TreadSnow.HttpApi.Host\TreadSnow.HttpApi.Host.csproj]
C:\Program Files\dotnet\sdk\9.0.202\Microsoft.Common.CurrentVersion.targets(5063,5): error MSB3021: Unable to copy file "E:\TreadSnow\TreadSnow Github2\ABP9.1.1\framework\src\Volo.Abp.AspNetCore.Mvc.UI.Bundling\bin\Debug\net9.0\Volo.Abp.AspNetCore.Mvc.UI.Bundling.dll" to "bin\Debug\net9.0\Volo.Abp.AspNetCore.Mvc.UI.Bundling.dll". The process cannot access the file 'E:\TreadSnow\TreadSnow Github2\src\TreadSnow.HttpApi.Host\bin\Debug\net9.0\Volo.Abp.AspNetCore.Mvc.UI.Bundling.dll' because it is being used by another process. [E:\TreadSnow\TreadSnow Github2\src\TreadSnow.HttpApi.Host\TreadSnow.HttpApi.Host.csproj]
C:\Program Files\dotnet\sdk\9.0.202\Microsoft.Common.CurrentVersion.targets(5063,5): error MSB3027: Could not copy "E:\TreadSnow\TreadSnow Github2\ABP9.1.1\framework\src\Volo.Abp.AspNetCore.Mvc.UI\bin\Debug\net9.0\Volo.Abp.AspNetCore.Mvc.UI.dll" to "bin\Debug\net9.0\Volo.Abp.AspNetCore.Mvc.UI.dll". Exceeded retry count of 10. Failed. The file is locked by: "TreadSnow.HttpApi.Host (46584)" [E:\TreadSnow\TreadSnow Github2\src\TreadSnow.HttpApi.Host\TreadSnow.HttpApi.Host.csproj]
C:\Program Files\dotnet\sdk\9.0.202\Microsoft.Common.CurrentVersion.targets(5063,5): error MSB3021: Unable to copy file "E:\TreadSnow\TreadSnow Github2\ABP9.1.1\framework\src\Volo.Abp.AspNetCore.Mvc.UI\bin\Debug\net9.0\Volo.Abp.AspNetCore.Mvc.UI.dll" to "bin\Debug\net9.0\Volo.Abp.AspNetCore.Mvc.UI.dll". The process cannot access the file 'E:\TreadSnow\TreadSnow Github2\src\TreadSnow.HttpApi.Host\bin\Debug\net9.0\Volo.Abp.AspNetCore.Mvc.UI.dll' because it is being used by another process. [E:\TreadSnow\TreadSnow Github2\src\TreadSnow.HttpApi.Host\TreadSnow.HttpApi.Host.csproj]
C:\Program Files\dotnet\sdk\9.0.202\Microsoft.Common.CurrentVersion.targets(5063,5): error MSB3027: Could not copy "E:\TreadSnow\TreadSnow Github2\ABP9.1.1\framework\src\Volo.Abp.AspNetCore.Mvc.UI.Packages\bin\Debug\net9.0\Volo.Abp.AspNetCore.Mvc.UI.Packages.dll" to "bin\Debug\net9.0\Volo.Abp.AspNetCore.Mvc.UI.Packages.dll". Exceeded retry count of 10. Failed. The file is locked by: "TreadSnow.HttpApi.Host (46584)" [E:\TreadSnow\TreadSnow Github2\src\TreadSnow.HttpApi.Host\TreadSnow.HttpApi.Host.csproj]
C:\Program Files\dotnet\sdk\9.0.202\Microsoft.Common.CurrentVersion.targets(5063,5): error MSB3021: Unable to copy file "E:\TreadSnow\TreadSnow Github2\ABP9.1.1\framework\src\Volo.Abp.AspNetCore.Mvc.UI.Packages\bin\Debug\net9.0\Volo.Abp.AspNetCore.Mvc.UI.Packages.dll" to "bin\Debug\net9.0\Volo.Abp.AspNetCore.Mvc.UI.Packages.dll". The process cannot access the file 'E:\TreadSnow\TreadSnow Github2\src\TreadSnow.HttpApi.Host\bin\Debug\net9.0\Volo.Abp.AspNetCore.Mvc.UI.Packages.dll' because it is being used by another process. [E:\TreadSnow\TreadSnow Github2\src\TreadSnow.HttpApi.Host\TreadSnow.HttpApi.Host.csproj]
C:\Program Files\dotnet\sdk\9.0.202\Microsoft.Common.CurrentVersion.targets(5063,5): warning MSB3026: Could not copy "E:\TreadSnow\TreadSnow Github2\ABP9.1.1\framework\src\Volo.Abp.Auditing\bin\Debug\net9.0\Volo.Abp.Auditing.dll" to "bin\Debug\net9.0\Volo.Abp.Auditing.dll". Beginning retry 1 in 1000ms. The process cannot access the file 'E:\TreadSnow\TreadSnow Github2\src\TreadSnow.HttpApi.Host\bin\Debug\net9.0\Volo.Abp.Auditing.dll' because it is being used by another process. The file is locked by: "TreadSnow.HttpApi.Host (46584)" [E:\TreadSnow\TreadSnow Github2\src\TreadSnow.HttpApi.Host\TreadSnow.HttpApi.Host.csproj]
C:\Program Files\dotnet\sdk\9.0.202\Microsoft.Common.CurrentVersion.targets(5063,5): warning MSB3026: Could not copy "E:\TreadSnow\TreadSnow Github2\ABP9.1.1\framework\src\Volo.Abp.Authorization.Abstractions\bin\Debug\net9.0\Volo.Abp.Authorization.Abstractions.dll" to "bin\Debug\net9.0\Volo.Abp.Authorization.Abstractions.dll". Beginning retry 1 in 1000ms. The process cannot access the file 'E:\TreadSnow\TreadSnow Github2\src\TreadSnow.HttpApi.Host\bin\Debug\net9.0\Volo.Abp.Authorization.Abstractions.dll' because it is being used by another process. The file is locked by: "TreadSnow.HttpApi.Host (46584)" [E:\TreadSnow\TreadSnow Github2\src\TreadSnow.HttpApi.Host\TreadSnow.HttpApi.Host.csproj]
C:\Program Files\dotnet\sdk\9.0.202\Microsoft.Common.CurrentVersion.targets(5063,5): warning MSB3026: Could not copy "E:\TreadSnow\TreadSnow Github2\ABP9.1.1\framework\src\Volo.Abp.Authorization\bin\Debug\net9.0\Volo.Abp.Authorization.dll" to "bin\Debug\net9.0\Volo.Abp.Authorization.dll". Beginning retry 1 in 1000ms. The process cannot access the file 'E:\TreadSnow\TreadSnow Github2\src\TreadSnow.HttpApi.Host\bin\Debug\net9.0\Volo.Abp.Authorization.dll' because it is being used by another process. The file is locked by: "TreadSnow.HttpApi.Host (46584)" [E:\TreadSnow\TreadSnow Github2\src\TreadSnow.HttpApi.Host\TreadSnow.HttpApi.Host.csproj]
C:\Program Files\dotnet\sdk\9.0.202\Microsoft.Common.CurrentVersion.targets(5063,5): warning MSB3026: Could not copy "E:\TreadSnow\TreadSnow Github2\ABP9.1.1\framework\src\Volo.Abp.Auditing.Contracts\bin\Debug\net9.0\Volo.Abp.Auditing.Contracts.dll" to "bin\Debug\net9.0\Volo.Abp.Auditing.Contracts.dll". Beginning retry 2 in 1000ms. The process cannot access the file 'E:\TreadSnow\TreadSnow Github2\src\TreadSnow.HttpApi.Host\bin\Debug\net9.0\Volo.Abp.Auditing.Contracts.dll' because it is being used by another process. The file is locked by: "TreadSnow.HttpApi.Host (46584)" [E:\TreadSnow\TreadSnow Github2\src\TreadSnow.HttpApi.Host\TreadSnow.HttpApi.Host.csproj]
C:\Program Files\dotnet\sdk\9.0.202\Microsoft.Common.CurrentVersion.targets(5063,5): error MSB3027: Could not copy "E:\TreadSnow\TreadSnow Github2\ABP9.1.1\framework\src\Volo.Abp.AspNetCore.Mvc.UI.Theme.Shared\bin\Debug\net9.0\Volo.Abp.AspNetCore.Mvc.UI.Theme.Shared.dll" to "bin\Debug\net9.0\Volo.Abp.AspNetCore.Mvc.UI.Theme.Shared.dll". Exceeded retry count of 10. Failed. The file is locked by: "TreadSnow.HttpApi.Host (46584)" [E:\TreadSnow\TreadSnow Github2\src\TreadSnow.HttpApi.Host\TreadSnow.HttpApi.Host.csproj]
C:\Program Files\dotnet\sdk\9.0.202\Microsoft.Common.CurrentVersion.targets(5063,5): error MSB3021: Unable to copy file "E:\TreadSnow\TreadSnow Github2\ABP9.1.1\framework\src\Volo.Abp.AspNetCore.Mvc.UI.Theme.Shared\bin\Debug\net9.0\Volo.Abp.AspNetCore.Mvc.UI.Theme.Shared.dll" to "bin\Debug\net9.0\Volo.Abp.AspNetCore.Mvc.UI.Theme.Shared.dll". The process cannot access the file 'E:\TreadSnow\TreadSnow Github2\src\TreadSnow.HttpApi.Host\bin\Debug\net9.0\Volo.Abp.AspNetCore.Mvc.UI.Theme.Shared.dll' because it is being used by another process. [E:\TreadSnow\TreadSnow Github2\src\TreadSnow.HttpApi.Host\TreadSnow.HttpApi.Host.csproj]
C:\Program Files\dotnet\sdk\9.0.202\Microsoft.Common.CurrentVersion.targets(5063,5): warning MSB3026: Could not copy "E:\TreadSnow\TreadSnow Github2\ABP9.1.1\framework\src\Volo.Abp.AutoMapper\bin\Debug\net9.0\Volo.Abp.AutoMapper.dll" to "bin\Debug\net9.0\Volo.Abp.AutoMapper.dll". Beginning retry 1 in 1000ms. The process cannot access the file 'E:\TreadSnow\TreadSnow Github2\src\TreadSnow.HttpApi.Host\bin\Debug\net9.0\Volo.Abp.AutoMapper.dll' because it is being used by another process. The file is locked by: "TreadSnow.HttpApi.Host (46584)" [E:\TreadSnow\TreadSnow Github2\src\TreadSnow.HttpApi.Host\TreadSnow.HttpApi.Host.csproj]
C:\Program Files\dotnet\sdk\9.0.202\Microsoft.Common.CurrentVersion.targets(5063,5): error MSB3027: Could not copy "E:\TreadSnow\TreadSnow Github2\ABP9.1.1\framework\src\Volo.Abp.AspNetCore.Mvc.UI.Widgets\bin\Debug\net9.0\Volo.Abp.AspNetCore.Mvc.UI.Widgets.dll" to "bin\Debug\net9.0\Volo.Abp.AspNetCore.Mvc.UI.Widgets.dll". Exceeded retry count of 10. Failed. The file is locked by: "TreadSnow.HttpApi.Host (46584)" [E:\TreadSnow\TreadSnow Github2\src\TreadSnow.HttpApi.Host\TreadSnow.HttpApi.Host.csproj]
C:\Program Files\dotnet\sdk\9.0.202\Microsoft.Common.CurrentVersion.targets(5063,5): error MSB3021: Unable to copy file "E:\TreadSnow\TreadSnow Github2\ABP9.1.1\framework\src\Volo.Abp.AspNetCore.Mvc.UI.Widgets\bin\Debug\net9.0\Volo.Abp.AspNetCore.Mvc.UI.Widgets.dll" to "bin\Debug\net9.0\Volo.Abp.AspNetCore.Mvc.UI.Widgets.dll". The process cannot access the file 'E:\TreadSnow\TreadSnow Github2\src\TreadSnow.HttpApi.Host\bin\Debug\net9.0\Volo.Abp.AspNetCore.Mvc.UI.Widgets.dll' because it is being used by another process. [E:\TreadSnow\TreadSnow Github2\src\TreadSnow.HttpApi.Host\TreadSnow.HttpApi.Host.csproj]
C:\Program Files\dotnet\sdk\9.0.202\Microsoft.Common.CurrentVersion.targets(5063,5): warning MSB3026: Could not copy "E:\TreadSnow\TreadSnow Github2\ABP9.1.1\framework\src\Volo.Abp.BackgroundJobs.Abstractions\bin\Debug\net9.0\Volo.Abp.BackgroundJobs.Abstractions.dll" to "bin\Debug\net9.0\Volo.Abp.BackgroundJobs.Abstractions.dll". Beginning retry 1 in 1000ms. The process cannot access the file 'E:\TreadSnow\TreadSnow Github2\src\TreadSnow.HttpApi.Host\bin\Debug\net9.0\Volo.Abp.BackgroundJobs.Abstractions.dll' because it is being used by another process. The file is locked by: "TreadSnow.HttpApi.Host (46584)" [E:\TreadSnow\TreadSnow Github2\src\TreadSnow.HttpApi.Host\TreadSnow.HttpApi.Host.csproj]
C:\Program Files\dotnet\sdk\9.0.202\Microsoft.Common.CurrentVersion.targets(5063,5): warning MSB3026: Could not copy "E:\TreadSnow\TreadSnow Github2\ABP9.1.1\framework\src\Volo.Abp.Auditing\bin\Debug\net9.0\Volo.Abp.Auditing.dll" to "bin\Debug\net9.0\Volo.Abp.Auditing.dll". Beginning retry 2 in 1000ms. The process cannot access the file 'E:\TreadSnow\TreadSnow Github2\src\TreadSnow.HttpApi.Host\bin\Debug\net9.0\Volo.Abp.Auditing.dll' because it is being used by another process. The file is locked by: "TreadSnow.HttpApi.Host (46584)" [E:\TreadSnow\TreadSnow Github2\src\TreadSnow.HttpApi.Host\TreadSnow.HttpApi.Host.csproj]
C:\Program Files\dotnet\sdk\9.0.202\Microsoft.Common.CurrentVersion.targets(5063,5): warning MSB3026: Could not copy "E:\TreadSnow\TreadSnow Github2\ABP9.1.1\framework\src\Volo.Abp.Authorization.Abstractions\bin\Debug\net9.0\Volo.Abp.Authorization.Abstractions.dll" to "bin\Debug\net9.0\Volo.Abp.Authorization.Abstractions.dll". Beginning retry 2 in 1000ms. The process cannot access the file 'E:\TreadSnow\TreadSnow Github2\src\TreadSnow.HttpApi.Host\bin\Debug\net9.0\Volo.Abp.Authorization.Abstractions.dll' because it is being used by another process. The file is locked by: "TreadSnow.HttpApi.Host (46584)" [E:\TreadSnow\TreadSnow Github2\src\TreadSnow.HttpApi.Host\TreadSnow.HttpApi.Host.csproj]
C:\Program Files\dotnet\sdk\9.0.202\Microsoft.Common.CurrentVersion.targets(5063,5): warning MSB3026: Could not copy "E:\TreadSnow\TreadSnow Github2\ABP9.1.1\framework\src\Volo.Abp.Authorization\bin\Debug\net9.0\Volo.Abp.Authorization.dll" to "bin\Debug\net9.0\Volo.Abp.Authorization.dll". Beginning retry 2 in 1000ms. The process cannot access the file 'E:\TreadSnow\TreadSnow Github2\src\TreadSnow.HttpApi.Host\bin\Debug\net9.0\Volo.Abp.Authorization.dll' because it is being used by another process. The file is locked by: "TreadSnow.HttpApi.Host (46584)" [E:\TreadSnow\TreadSnow Github2\src\TreadSnow.HttpApi.Host\TreadSnow.HttpApi.Host.csproj]
C:\Program Files\dotnet\sdk\9.0.202\Microsoft.Common.CurrentVersion.targets(5063,5): warning MSB3026: Could not copy "E:\TreadSnow\TreadSnow Github2\ABP9.1.1\framework\src\Volo.Abp.Auditing.Contracts\bin\Debug\net9.0\Volo.Abp.Auditing.Contracts.dll" to "bin\Debug\net9.0\Volo.Abp.Auditing.Contracts.dll". Beginning retry 3 in 1000ms. The process cannot access the file 'E:\TreadSnow\TreadSnow Github2\src\TreadSnow.HttpApi.Host\bin\Debug\net9.0\Volo.Abp.Auditing.Contracts.dll' because it is being used by another process. The file is locked by: "TreadSnow.HttpApi.Host (46584)" [E:\TreadSnow\TreadSnow Github2\src\TreadSnow.HttpApi.Host\TreadSnow.HttpApi.Host.csproj]
C:\Program Files\dotnet\sdk\9.0.202\Microsoft.Common.CurrentVersion.targets(5063,5): warning MSB3026: Could not copy "E:\TreadSnow\TreadSnow Github2\ABP9.1.1\framework\src\Volo.Abp.AutoMapper\bin\Debug\net9.0\Volo.Abp.AutoMapper.dll" to "bin\Debug\net9.0\Volo.Abp.AutoMapper.dll". Beginning retry 2 in 1000ms. The process cannot access the file 'E:\TreadSnow\TreadSnow Github2\src\TreadSnow.HttpApi.Host\bin\Debug\net9.0\Volo.Abp.AutoMapper.dll' because it is being used by another process. The file is locked by: "TreadSnow.HttpApi.Host (46584)" [E:\TreadSnow\TreadSnow Github2\src\TreadSnow.HttpApi.Host\TreadSnow.HttpApi.Host.csproj]
C:\Program Files\dotnet\sdk\9.0.202\Microsoft.Common.CurrentVersion.targets(5063,5): warning MSB3026: Could not copy "E:\TreadSnow\TreadSnow Github2\ABP9.1.1\framework\src\Volo.Abp.BackgroundJobs.Abstractions\bin\Debug\net9.0\Volo.Abp.BackgroundJobs.Abstractions.dll" to "bin\Debug\net9.0\Volo.Abp.BackgroundJobs.Abstractions.dll". Beginning retry 2 in 1000ms. The process cannot access the file 'E:\TreadSnow\TreadSnow Github2\src\TreadSnow.HttpApi.Host\bin\Debug\net9.0\Volo.Abp.BackgroundJobs.Abstractions.dll' because it is being used by another process. The file is locked by: "TreadSnow.HttpApi.Host (46584)" [E:\TreadSnow\TreadSnow Github2\src\TreadSnow.HttpApi.Host\TreadSnow.HttpApi.Host.csproj]
C:\Program Files\dotnet\sdk\9.0.202\Microsoft.Common.CurrentVersion.targets(5063,5): warning MSB3026: Could not copy "E:\TreadSnow\TreadSnow Github2\ABP9.1.1\framework\src\Volo.Abp.Auditing\bin\Debug\net9.0\Volo.Abp.Auditing.dll" to "bin\Debug\net9.0\Volo.Abp.Auditing.dll". Beginning retry 3 in 1000ms. The process cannot access the file 'E:\TreadSnow\TreadSnow Github2\src\TreadSnow.HttpApi.Host\bin\Debug\net9.0\Volo.Abp.Auditing.dll' because it is being used by another process. The file is locked by: "TreadSnow.HttpApi.Host (46584)" [E:\TreadSnow\TreadSnow Github2\src\TreadSnow.HttpApi.Host\TreadSnow.HttpApi.Host.csproj]
C:\Program Files\dotnet\sdk\9.0.202\Microsoft.Common.CurrentVersion.targets(5063,5): warning MSB3026: Could not copy "E:\TreadSnow\TreadSnow Github2\ABP9.1.1\framework\src\Volo.Abp.Authorization.Abstractions\bin\Debug\net9.0\Volo.Abp.Authorization.Abstractions.dll" to "bin\Debug\net9.0\Volo.Abp.Authorization.Abstractions.dll". Beginning retry 3 in 1000ms. The process cannot access the file 'E:\TreadSnow\TreadSnow Github2\src\TreadSnow.HttpApi.Host\bin\Debug\net9.0\Volo.Abp.Authorization.Abstractions.dll' because it is being used by another process. The file is locked by: "TreadSnow.HttpApi.Host (46584)" [E:\TreadSnow\TreadSnow Github2\src\TreadSnow.HttpApi.Host\TreadSnow.HttpApi.Host.csproj]
C:\Program Files\dotnet\sdk\9.0.202\Microsoft.Common.CurrentVersion.targets(5063,5): warning MSB3026: Could not copy "E:\TreadSnow\TreadSnow Github2\ABP9.1.1\framework\src\Volo.Abp.Authorization\bin\Debug\net9.0\Volo.Abp.Authorization.dll" to "bin\Debug\net9.0\Volo.Abp.Authorization.dll". Beginning retry 3 in 1000ms. The process cannot access the file 'E:\TreadSnow\TreadSnow Github2\src\TreadSnow.HttpApi.Host\bin\Debug\net9.0\Volo.Abp.Authorization.dll' because it is being used by another process. The file is locked by: "TreadSnow.HttpApi.Host (46584)" [E:\TreadSnow\TreadSnow Github2\src\TreadSnow.HttpApi.Host\TreadSnow.HttpApi.Host.csproj]
C:\Program Files\dotnet\sdk\9.0.202\Microsoft.Common.CurrentVersion.targets(5063,5): warning MSB3026: Could not copy "E:\TreadSnow\TreadSnow Github2\ABP9.1.1\framework\src\Volo.Abp.Auditing.Contracts\bin\Debug\net9.0\Volo.Abp.Auditing.Contracts.dll" to "bin\Debug\net9.0\Volo.Abp.Auditing.Contracts.dll". Beginning retry 4 in 1000ms. The process cannot access the file 'E:\TreadSnow\TreadSnow Github2\src\TreadSnow.HttpApi.Host\bin\Debug\net9.0\Volo.Abp.Auditing.Contracts.dll' because it is being used by another process. The file is locked by: "TreadSnow.HttpApi.Host (46584)" [E:\TreadSnow\TreadSnow Github2\src\TreadSnow.HttpApi.Host\TreadSnow.HttpApi.Host.csproj]
C:\Program Files\dotnet\sdk\9.0.202\Microsoft.Common.CurrentVersion.targets(5063,5): warning MSB3026: Could not copy "E:\TreadSnow\TreadSnow Github2\ABP9.1.1\framework\src\Volo.Abp.AutoMapper\bin\Debug\net9.0\Volo.Abp.AutoMapper.dll" to "bin\Debug\net9.0\Volo.Abp.AutoMapper.dll". Beginning retry 3 in 1000ms. The process cannot access the file 'E:\TreadSnow\TreadSnow Github2\src\TreadSnow.HttpApi.Host\bin\Debug\net9.0\Volo.Abp.AutoMapper.dll' because it is being used by another process. The file is locked by: "TreadSnow.HttpApi.Host (46584)" [E:\TreadSnow\TreadSnow Github2\src\TreadSnow.HttpApi.Host\TreadSnow.HttpApi.Host.csproj]
C:\Program Files\dotnet\sdk\9.0.202\Microsoft.Common.CurrentVersion.targets(5063,5): warning MSB3026: Could not copy "E:\TreadSnow\TreadSnow Github2\ABP9.1.1\framework\src\Volo.Abp.BackgroundJobs.Abstractions\bin\Debug\net9.0\Volo.Abp.BackgroundJobs.Abstractions.dll" to "bin\Debug\net9.0\Volo.Abp.BackgroundJobs.Abstractions.dll". Beginning retry 3 in 1000ms. The process cannot access the file 'E:\TreadSnow\TreadSnow Github2\src\TreadSnow.HttpApi.Host\bin\Debug\net9.0\Volo.Abp.BackgroundJobs.Abstractions.dll' because it is being used by another process. The file is locked by: "TreadSnow.HttpApi.Host (46584)" [E:\TreadSnow\TreadSnow Github2\src\TreadSnow.HttpApi.Host\TreadSnow.HttpApi.Host.csproj]
C:\Program Files\dotnet\sdk\9.0.202\Microsoft.Common.CurrentVersion.targets(5063,5): warning MSB3026: Could not copy "E:\TreadSnow\TreadSnow Github2\ABP9.1.1\framework\src\Volo.Abp.Auditing\bin\Debug\net9.0\Volo.Abp.Auditing.dll" to "bin\Debug\net9.0\Volo.Abp.Auditing.dll". Beginning retry 4 in 1000ms. The process cannot access the file 'E:\TreadSnow\TreadSnow Github2\src\TreadSnow.HttpApi.Host\bin\Debug\net9.0\Volo.Abp.Auditing.dll' because it is being used by another process. The file is locked by: "TreadSnow.HttpApi.Host (46584)" [E:\TreadSnow\TreadSnow Github2\src\TreadSnow.HttpApi.Host\TreadSnow.HttpApi.Host.csproj]
C:\Program Files\dotnet\sdk\9.0.202\Microsoft.Common.CurrentVersion.targets(5063,5): warning MSB3026: Could not copy "E:\TreadSnow\TreadSnow Github2\ABP9.1.1\framework\src\Volo.Abp.Authorization.Abstractions\bin\Debug\net9.0\Volo.Abp.Authorization.Abstractions.dll" to "bin\Debug\net9.0\Volo.Abp.Authorization.Abstractions.dll". Beginning retry 4 in 1000ms. The process cannot access the file 'E:\TreadSnow\TreadSnow Github2\src\TreadSnow.HttpApi.Host\bin\Debug\net9.0\Volo.Abp.Authorization.Abstractions.dll' because it is being used by another process. The file is locked by: "TreadSnow.HttpApi.Host (46584)" [E:\TreadSnow\TreadSnow Github2\src\TreadSnow.HttpApi.Host\TreadSnow.HttpApi.Host.csproj]
C:\Program Files\dotnet\sdk\9.0.202\Microsoft.Common.CurrentVersion.targets(5063,5): warning MSB3026: Could not copy "E:\TreadSnow\TreadSnow Github2\ABP9.1.1\framework\src\Volo.Abp.Authorization\bin\Debug\net9.0\Volo.Abp.Authorization.dll" to "bin\Debug\net9.0\Volo.Abp.Authorization.dll". Beginning retry 4 in 1000ms. The process cannot access the file 'E:\TreadSnow\TreadSnow Github2\src\TreadSnow.HttpApi.Host\bin\Debug\net9.0\Volo.Abp.Authorization.dll' because it is being used by another process. The file is locked by: "TreadSnow.HttpApi.Host (46584)" [E:\TreadSnow\TreadSnow Github2\src\TreadSnow.HttpApi.Host\TreadSnow.HttpApi.Host.csproj]
C:\Program Files\dotnet\sdk\9.0.202\Microsoft.Common.CurrentVersion.targets(5063,5): warning MSB3026: Could not copy "E:\TreadSnow\TreadSnow Github2\ABP9.1.1\framework\src\Volo.Abp.Auditing.Contracts\bin\Debug\net9.0\Volo.Abp.Auditing.Contracts.dll" to "bin\Debug\net9.0\Volo.Abp.Auditing.Contracts.dll". Beginning retry 5 in 1000ms. The process cannot access the file 'E:\TreadSnow\TreadSnow Github2\src\TreadSnow.HttpApi.Host\bin\Debug\net9.0\Volo.Abp.Auditing.Contracts.dll' because it is being used by another process. The file is locked by: "TreadSnow.HttpApi.Host (46584)" [E:\TreadSnow\TreadSnow Github2\src\TreadSnow.HttpApi.Host\TreadSnow.HttpApi.Host.csproj]
C:\Program Files\dotnet\sdk\9.0.202\Microsoft.Common.CurrentVersion.targets(5063,5): warning MSB3026: Could not copy "E:\TreadSnow\TreadSnow Github2\ABP9.1.1\framework\src\Volo.Abp.AutoMapper\bin\Debug\net9.0\Volo.Abp.AutoMapper.dll" to "bin\Debug\net9.0\Volo.Abp.AutoMapper.dll". Beginning retry 4 in 1000ms. The process cannot access the file 'E:\TreadSnow\TreadSnow Github2\src\TreadSnow.HttpApi.Host\bin\Debug\net9.0\Volo.Abp.AutoMapper.dll' because it is being used by another process. The file is locked by: "TreadSnow.HttpApi.Host (46584)" [E:\TreadSnow\TreadSnow Github2\src\TreadSnow.HttpApi.Host\TreadSnow.HttpApi.Host.csproj]
C:\Program Files\dotnet\sdk\9.0.202\Microsoft.Common.CurrentVersion.targets(5063,5): warning MSB3026: Could not copy "E:\TreadSnow\TreadSnow Github2\ABP9.1.1\framework\src\Volo.Abp.BackgroundJobs.Abstractions\bin\Debug\net9.0\Volo.Abp.BackgroundJobs.Abstractions.dll" to "bin\Debug\net9.0\Volo.Abp.BackgroundJobs.Abstractions.dll". Beginning retry 4 in 1000ms. The process cannot access the file 'E:\TreadSnow\TreadSnow Github2\src\TreadSnow.HttpApi.Host\bin\Debug\net9.0\Volo.Abp.BackgroundJobs.Abstractions.dll' because it is being used by another process. The file is locked by: "TreadSnow.HttpApi.Host (46584)" [E:\TreadSnow\TreadSnow Github2\src\TreadSnow.HttpApi.Host\TreadSnow.HttpApi.Host.csproj]
C:\Program Files\dotnet\sdk\9.0.202\Microsoft.Common.CurrentVersion.targets(5063,5): warning MSB3026: Could not copy "E:\TreadSnow\TreadSnow Github2\ABP9.1.1\framework\src\Volo.Abp.Auditing\bin\Debug\net9.0\Volo.Abp.Auditing.dll" to "bin\Debug\net9.0\Volo.Abp.Auditing.dll". Beginning retry 5 in 1000ms. The process cannot access the file 'E:\TreadSnow\TreadSnow Github2\src\TreadSnow.HttpApi.Host\bin\Debug\net9.0\Volo.Abp.Auditing.dll' because it is being used by another process. The file is locked by: "TreadSnow.HttpApi.Host (46584)" [E:\TreadSnow\TreadSnow Github2\src\TreadSnow.HttpApi.Host\TreadSnow.HttpApi.Host.csproj]
C:\Program Files\dotnet\sdk\9.0.202\Microsoft.Common.CurrentVersion.targets(5063,5): warning MSB3026: Could not copy "E:\TreadSnow\TreadSnow Github2\ABP9.1.1\framework\src\Volo.Abp.Authorization.Abstractions\bin\Debug\net9.0\Volo.Abp.Authorization.Abstractions.dll" to "bin\Debug\net9.0\Volo.Abp.Authorization.Abstractions.dll". Beginning retry 5 in 1000ms. The process cannot access the file 'E:\TreadSnow\TreadSnow Github2\src\TreadSnow.HttpApi.Host\bin\Debug\net9.0\Volo.Abp.Authorization.Abstractions.dll' because it is being used by another process. The file is locked by: "TreadSnow.HttpApi.Host (46584)" [E:\TreadSnow\TreadSnow Github2\src\TreadSnow.HttpApi.Host\TreadSnow.HttpApi.Host.csproj]
C:\Program Files\dotnet\sdk\9.0.202\Microsoft.Common.CurrentVersion.targets(5063,5): warning MSB3026: Could not copy "E:\TreadSnow\TreadSnow Github2\ABP9.1.1\framework\src\Volo.Abp.Authorization\bin\Debug\net9.0\Volo.Abp.Authorization.dll" to "bin\Debug\net9.0\Volo.Abp.Authorization.dll". Beginning retry 5 in 1000ms. The process cannot access the file 'E:\TreadSnow\TreadSnow Github2\src\TreadSnow.HttpApi.Host\bin\Debug\net9.0\Volo.Abp.Authorization.dll' because it is being used by another process. The file is locked by: "TreadSnow.HttpApi.Host (46584)" [E:\TreadSnow\TreadSnow Github2\src\TreadSnow.HttpApi.Host\TreadSnow.HttpApi.Host.csproj]
C:\Program Files\dotnet\sdk\9.0.202\Microsoft.Common.CurrentVersion.targets(5063,5): warning MSB3026: Could not copy "E:\TreadSnow\TreadSnow Github2\ABP9.1.1\framework\src\Volo.Abp.Auditing.Contracts\bin\Debug\net9.0\Volo.Abp.Auditing.Contracts.dll" to "bin\Debug\net9.0\Volo.Abp.Auditing.Contracts.dll". Beginning retry 6 in 1000ms. The process cannot access the file 'E:\TreadSnow\TreadSnow Github2\src\TreadSnow.HttpApi.Host\bin\Debug\net9.0\Volo.Abp.Auditing.Contracts.dll' because it is being used by another process. The file is locked by: "TreadSnow.HttpApi.Host (46584)" [E:\TreadSnow\TreadSnow Github2\src\TreadSnow.HttpApi.Host\TreadSnow.HttpApi.Host.csproj]
C:\Program Files\dotnet\sdk\9.0.202\Microsoft.Common.CurrentVersion.targets(5063,5): warning MSB3026: Could not copy "E:\TreadSnow\TreadSnow Github2\ABP9.1.1\framework\src\Volo.Abp.AutoMapper\bin\Debug\net9.0\Volo.Abp.AutoMapper.dll" to "bin\Debug\net9.0\Volo.Abp.AutoMapper.dll". Beginning retry 5 in 1000ms. The process cannot access the file 'E:\TreadSnow\TreadSnow Github2\src\TreadSnow.HttpApi.Host\bin\Debug\net9.0\Volo.Abp.AutoMapper.dll' because it is being used by another process. The file is locked by: "TreadSnow.HttpApi.Host (46584)" [E:\TreadSnow\TreadSnow Github2\src\TreadSnow.HttpApi.Host\TreadSnow.HttpApi.Host.csproj]
C:\Program Files\dotnet\sdk\9.0.202\Microsoft.Common.CurrentVersion.targets(5063,5): warning MSB3026: Could not copy "E:\TreadSnow\TreadSnow Github2\ABP9.1.1\framework\src\Volo.Abp.BackgroundJobs.Abstractions\bin\Debug\net9.0\Volo.Abp.BackgroundJobs.Abstractions.dll" to "bin\Debug\net9.0\Volo.Abp.BackgroundJobs.Abstractions.dll". Beginning retry 5 in 1000ms. The process cannot access the file 'E:\TreadSnow\TreadSnow Github2\src\TreadSnow.HttpApi.Host\bin\Debug\net9.0\Volo.Abp.BackgroundJobs.Abstractions.dll' because it is being used by another process. The file is locked by: "TreadSnow.HttpApi.Host (46584)" [E:\TreadSnow\TreadSnow Github2\src\TreadSnow.HttpApi.Host\TreadSnow.HttpApi.Host.csproj]
C:\Program Files\dotnet\sdk\9.0.202\Microsoft.Common.CurrentVersion.targets(5063,5): warning MSB3026: Could not copy "E:\TreadSnow\TreadSnow Github2\ABP9.1.1\framework\src\Volo.Abp.Auditing\bin\Debug\net9.0\Volo.Abp.Auditing.dll" to "bin\Debug\net9.0\Volo.Abp.Auditing.dll". Beginning retry 6 in 1000ms. The process cannot access the file 'E:\TreadSnow\TreadSnow Github2\src\TreadSnow.HttpApi.Host\bin\Debug\net9.0\Volo.Abp.Auditing.dll' because it is being used by another process. The file is locked by: "TreadSnow.HttpApi.Host (46584)" [E:\TreadSnow\TreadSnow Github2\src\TreadSnow.HttpApi.Host\TreadSnow.HttpApi.Host.csproj]
C:\Program Files\dotnet\sdk\9.0.202\Microsoft.Common.CurrentVersion.targets(5063,5): warning MSB3026: Could not copy "E:\TreadSnow\TreadSnow Github2\ABP9.1.1\framework\src\Volo.Abp.Authorization.Abstractions\bin\Debug\net9.0\Volo.Abp.Authorization.Abstractions.dll" to "bin\Debug\net9.0\Volo.Abp.Authorization.Abstractions.dll". Beginning retry 6 in 1000ms. The process cannot access the file 'E:\TreadSnow\TreadSnow Github2\src\TreadSnow.HttpApi.Host\bin\Debug\net9.0\Volo.Abp.Authorization.Abstractions.dll' because it is being used by another process. The file is locked by: "TreadSnow.HttpApi.Host (46584)" [E:\TreadSnow\TreadSnow Github2\src\TreadSnow.HttpApi.Host\TreadSnow.HttpApi.Host.csproj]
C:\Program Files\dotnet\sdk\9.0.202\Microsoft.Common.CurrentVersion.targets(5063,5): warning MSB3026: Could not copy "E:\TreadSnow\TreadSnow Github2\ABP9.1.1\framework\src\Volo.Abp.Authorization\bin\Debug\net9.0\Volo.Abp.Authorization.dll" to "bin\Debug\net9.0\Volo.Abp.Authorization.dll". Beginning retry 6 in 1000ms. The process cannot access the file 'E:\TreadSnow\TreadSnow Github2\src\TreadSnow.HttpApi.Host\bin\Debug\net9.0\Volo.Abp.Authorization.dll' because it is being used by another process. The file is locked by: "TreadSnow.HttpApi.Host (46584)" [E:\TreadSnow\TreadSnow Github2\src\TreadSnow.HttpApi.Host\TreadSnow.HttpApi.Host.csproj]
C:\Program Files\dotnet\sdk\9.0.202\Microsoft.Common.CurrentVersion.targets(5063,5): warning MSB3026: Could not copy "E:\TreadSnow\TreadSnow Github2\ABP9.1.1\framework\src\Volo.Abp.Auditing.Contracts\bin\Debug\net9.0\Volo.Abp.Auditing.Contracts.dll" to "bin\Debug\net9.0\Volo.Abp.Auditing.Contracts.dll". Beginning retry 7 in 1000ms. The process cannot access the file 'E:\TreadSnow\TreadSnow Github2\src\TreadSnow.HttpApi.Host\bin\Debug\net9.0\Volo.Abp.Auditing.Contracts.dll' because it is being used by another process. The file is locked by: "TreadSnow.HttpApi.Host (46584)" [E:\TreadSnow\TreadSnow Github2\src\TreadSnow.HttpApi.Host\TreadSnow.HttpApi.Host.csproj]
C:\Program Files\dotnet\sdk\9.0.202\Microsoft.Common.CurrentVersion.targets(5063,5): warning MSB3026: Could not copy "E:\TreadSnow\TreadSnow Github2\ABP9.1.1\framework\src\Volo.Abp.AutoMapper\bin\Debug\net9.0\Volo.Abp.AutoMapper.dll" to "bin\Debug\net9.0\Volo.Abp.AutoMapper.dll". Beginning retry 6 in 1000ms. The process cannot access the file 'E:\TreadSnow\TreadSnow Github2\src\TreadSnow.HttpApi.Host\bin\Debug\net9.0\Volo.Abp.AutoMapper.dll' because it is being used by another process. The file is locked by: "TreadSnow.HttpApi.Host (46584)" [E:\TreadSnow\TreadSnow Github2\src\TreadSnow.HttpApi.Host\TreadSnow.HttpApi.Host.csproj]
C:\Program Files\dotnet\sdk\9.0.202\Microsoft.Common.CurrentVersion.targets(5063,5): warning MSB3026: Could not copy "E:\TreadSnow\TreadSnow Github2\ABP9.1.1\framework\src\Volo.Abp.BackgroundJobs.Abstractions\bin\Debug\net9.0\Volo.Abp.BackgroundJobs.Abstractions.dll" to "bin\Debug\net9.0\Volo.Abp.BackgroundJobs.Abstractions.dll". Beginning retry 6 in 1000ms. The process cannot access the file 'E:\TreadSnow\TreadSnow Github2\src\TreadSnow.HttpApi.Host\bin\Debug\net9.0\Volo.Abp.BackgroundJobs.Abstractions.dll' because it is being used by another process. The file is locked by: "TreadSnow.HttpApi.Host (46584)" [E:\TreadSnow\TreadSnow Github2\src\TreadSnow.HttpApi.Host\TreadSnow.HttpApi.Host.csproj]
C:\Program Files\dotnet\sdk\9.0.202\Microsoft.Common.CurrentVersion.targets(5063,5): warning MSB3026: Could not copy "E:\TreadSnow\TreadSnow Github2\ABP9.1.1\framework\src\Volo.Abp.Auditing\bin\Debug\net9.0\Volo.Abp.Auditing.dll" to "bin\Debug\net9.0\Volo.Abp.Auditing.dll". Beginning retry 7 in 1000ms. The process cannot access the file 'E:\TreadSnow\TreadSnow Github2\src\TreadSnow.HttpApi.Host\bin\Debug\net9.0\Volo.Abp.Auditing.dll' because it is being used by another process. The file is locked by: "TreadSnow.HttpApi.Host (46584)" [E:\TreadSnow\TreadSnow Github2\src\TreadSnow.HttpApi.Host\TreadSnow.HttpApi.Host.csproj]
C:\Program Files\dotnet\sdk\9.0.202\Microsoft.Common.CurrentVersion.targets(5063,5): warning MSB3026: Could not copy "E:\TreadSnow\TreadSnow Github2\ABP9.1.1\framework\src\Volo.Abp.Authorization.Abstractions\bin\Debug\net9.0\Volo.Abp.Authorization.Abstractions.dll" to "bin\Debug\net9.0\Volo.Abp.Authorization.Abstractions.dll". Beginning retry 7 in 1000ms. The process cannot access the file 'E:\TreadSnow\TreadSnow Github2\src\TreadSnow.HttpApi.Host\bin\Debug\net9.0\Volo.Abp.Authorization.Abstractions.dll' because it is being used by another process. The file is locked by: "TreadSnow.HttpApi.Host (46584)" [E:\TreadSnow\TreadSnow Github2\src\TreadSnow.HttpApi.Host\TreadSnow.HttpApi.Host.csproj]
C:\Program Files\dotnet\sdk\9.0.202\Microsoft.Common.CurrentVersion.targets(5063,5): warning MSB3026: Could not copy "E:\TreadSnow\TreadSnow Github2\ABP9.1.1\framework\src\Volo.Abp.Authorization\bin\Debug\net9.0\Volo.Abp.Authorization.dll" to "bin\Debug\net9.0\Volo.Abp.Authorization.dll". Beginning retry 7 in 1000ms. The process cannot access the file 'E:\TreadSnow\TreadSnow Github2\src\TreadSnow.HttpApi.Host\bin\Debug\net9.0\Volo.Abp.Authorization.dll' because it is being used by another process. The file is locked by: "TreadSnow.HttpApi.Host (46584)" [E:\TreadSnow\TreadSnow Github2\src\TreadSnow.HttpApi.Host\TreadSnow.HttpApi.Host.csproj]
C:\Program Files\dotnet\sdk\9.0.202\Microsoft.Common.CurrentVersion.targets(5063,5): warning MSB3026: Could not copy "E:\TreadSnow\TreadSnow Github2\ABP9.1.1\framework\src\Volo.Abp.Auditing.Contracts\bin\Debug\net9.0\Volo.Abp.Auditing.Contracts.dll" to "bin\Debug\net9.0\Volo.Abp.Auditing.Contracts.dll". Beginning retry 8 in 1000ms. The process cannot access the file 'E:\TreadSnow\TreadSnow Github2\src\TreadSnow.HttpApi.Host\bin\Debug\net9.0\Volo.Abp.Auditing.Contracts.dll' because it is being used by another process. The file is locked by: "TreadSnow.HttpApi.Host (46584)" [E:\TreadSnow\TreadSnow Github2\src\TreadSnow.HttpApi.Host\TreadSnow.HttpApi.Host.csproj]
C:\Program Files\dotnet\sdk\9.0.202\Microsoft.Common.CurrentVersion.targets(5063,5): warning MSB3026: Could not copy "E:\TreadSnow\TreadSnow Github2\ABP9.1.1\framework\src\Volo.Abp.AutoMapper\bin\Debug\net9.0\Volo.Abp.AutoMapper.dll" to "bin\Debug\net9.0\Volo.Abp.AutoMapper.dll". Beginning retry 7 in 1000ms. The process cannot access the file 'E:\TreadSnow\TreadSnow Github2\src\TreadSnow.HttpApi.Host\bin\Debug\net9.0\Volo.Abp.AutoMapper.dll' because it is being used by another process. The file is locked by: "TreadSnow.HttpApi.Host (46584)" [E:\TreadSnow\TreadSnow Github2\src\TreadSnow.HttpApi.Host\TreadSnow.HttpApi.Host.csproj]
C:\Program Files\dotnet\sdk\9.0.202\Microsoft.Common.CurrentVersion.targets(5063,5): warning MSB3026: Could not copy "E:\TreadSnow\TreadSnow Github2\ABP9.1.1\framework\src\Volo.Abp.BackgroundJobs.Abstractions\bin\Debug\net9.0\Volo.Abp.BackgroundJobs.Abstractions.dll" to "bin\Debug\net9.0\Volo.Abp.BackgroundJobs.Abstractions.dll". Beginning retry 7 in 1000ms. The process cannot access the file 'E:\TreadSnow\TreadSnow Github2\src\TreadSnow.HttpApi.Host\bin\Debug\net9.0\Volo.Abp.BackgroundJobs.Abstractions.dll' because it is being used by another process. The file is locked by: "TreadSnow.HttpApi.Host (46584)" [E:\TreadSnow\TreadSnow Github2\src\TreadSnow.HttpApi.Host\TreadSnow.HttpApi.Host.csproj]
C:\Program Files\dotnet\sdk\9.0.202\Microsoft.Common.CurrentVersion.targets(5063,5): warning MSB3026: Could not copy "E:\TreadSnow\TreadSnow Github2\ABP9.1.1\framework\src\Volo.Abp.Auditing\bin\Debug\net9.0\Volo.Abp.Auditing.dll" to "bin\Debug\net9.0\Volo.Abp.Auditing.dll". Beginning retry 8 in 1000ms. The process cannot access the file 'E:\TreadSnow\TreadSnow Github2\src\TreadSnow.HttpApi.Host\bin\Debug\net9.0\Volo.Abp.Auditing.dll' because it is being used by another process. The file is locked by: "TreadSnow.HttpApi.Host (46584)" [E:\TreadSnow\TreadSnow Github2\src\TreadSnow.HttpApi.Host\TreadSnow.HttpApi.Host.csproj]
C:\Program Files\dotnet\sdk\9.0.202\Microsoft.Common.CurrentVersion.targets(5063,5): warning MSB3026: Could not copy "E:\TreadSnow\TreadSnow Github2\ABP9.1.1\framework\src\Volo.Abp.Authorization.Abstractions\bin\Debug\net9.0\Volo.Abp.Authorization.Abstractions.dll" to "bin\Debug\net9.0\Volo.Abp.Authorization.Abstractions.dll". Beginning retry 8 in 1000ms. The process cannot access the file 'E:\TreadSnow\TreadSnow Github2\src\TreadSnow.HttpApi.Host\bin\Debug\net9.0\Volo.Abp.Authorization.Abstractions.dll' because it is being used by another process. The file is locked by: "TreadSnow.HttpApi.Host (46584)" [E:\TreadSnow\TreadSnow Github2\src\TreadSnow.HttpApi.Host\TreadSnow.HttpApi.Host.csproj]
C:\Program Files\dotnet\sdk\9.0.202\Microsoft.Common.CurrentVersion.targets(5063,5): warning MSB3026: Could not copy "E:\TreadSnow\TreadSnow Github2\ABP9.1.1\framework\src\Volo.Abp.Authorization\bin\Debug\net9.0\Volo.Abp.Authorization.dll" to "bin\Debug\net9.0\Volo.Abp.Authorization.dll". Beginning retry 8 in 1000ms. The process cannot access the file 'E:\TreadSnow\TreadSnow Github2\src\TreadSnow.HttpApi.Host\bin\Debug\net9.0\Volo.Abp.Authorization.dll' because it is being used by another process. The file is locked by: "TreadSnow.HttpApi.Host (46584)" [E:\TreadSnow\TreadSnow Github2\src\TreadSnow.HttpApi.Host\TreadSnow.HttpApi.Host.csproj]
C:\Program Files\dotnet\sdk\9.0.202\Microsoft.Common.CurrentVersion.targets(5063,5): warning MSB3026: Could not copy "E:\TreadSnow\TreadSnow Github2\ABP9.1.1\framework\src\Volo.Abp.Auditing.Contracts\bin\Debug\net9.0\Volo.Abp.Auditing.Contracts.dll" to "bin\Debug\net9.0\Volo.Abp.Auditing.Contracts.dll". Beginning retry 9 in 1000ms. The process cannot access the file 'E:\TreadSnow\TreadSnow Github2\src\TreadSnow.HttpApi.Host\bin\Debug\net9.0\Volo.Abp.Auditing.Contracts.dll' because it is being used by another process. The file is locked by: "TreadSnow.HttpApi.Host (46584)" [E:\TreadSnow\TreadSnow Github2\src\TreadSnow.HttpApi.Host\TreadSnow.HttpApi.Host.csproj]
C:\Program Files\dotnet\sdk\9.0.202\Microsoft.Common.CurrentVersion.targets(5063,5): warning MSB3026: Could not copy "E:\TreadSnow\TreadSnow Github2\ABP9.1.1\framework\src\Volo.Abp.AutoMapper\bin\Debug\net9.0\Volo.Abp.AutoMapper.dll" to "bin\Debug\net9.0\Volo.Abp.AutoMapper.dll". Beginning retry 8 in 1000ms. The process cannot access the file 'E:\TreadSnow\TreadSnow Github2\src\TreadSnow.HttpApi.Host\bin\Debug\net9.0\Volo.Abp.AutoMapper.dll' because it is being used by another process. The file is locked by: "TreadSnow.HttpApi.Host (46584)" [E:\TreadSnow\TreadSnow Github2\src\TreadSnow.HttpApi.Host\TreadSnow.HttpApi.Host.csproj]
C:\Program Files\dotnet\sdk\9.0.202\Microsoft.Common.CurrentVersion.targets(5063,5): warning MSB3026: Could not copy "E:\TreadSnow\TreadSnow Github2\ABP9.1.1\framework\src\Volo.Abp.BackgroundJobs.Abstractions\bin\Debug\net9.0\Volo.Abp.BackgroundJobs.Abstractions.dll" to "bin\Debug\net9.0\Volo.Abp.BackgroundJobs.Abstractions.dll". Beginning retry 8 in 1000ms. The process cannot access the file 'E:\TreadSnow\TreadSnow Github2\src\TreadSnow.HttpApi.Host\bin\Debug\net9.0\Volo.Abp.BackgroundJobs.Abstractions.dll' because it is being used by another process. The file is locked by: "TreadSnow.HttpApi.Host (46584)" [E:\TreadSnow\TreadSnow Github2\src\TreadSnow.HttpApi.Host\TreadSnow.HttpApi.Host.csproj]
C:\Program Files\dotnet\sdk\9.0.202\Microsoft.Common.CurrentVersion.targets(5063,5): warning MSB3026: Could not copy "E:\TreadSnow\TreadSnow Github2\ABP9.1.1\framework\src\Volo.Abp.Auditing\bin\Debug\net9.0\Volo.Abp.Auditing.dll" to "bin\Debug\net9.0\Volo.Abp.Auditing.dll". Beginning retry 9 in 1000ms. The process cannot access the file 'E:\TreadSnow\TreadSnow Github2\src\TreadSnow.HttpApi.Host\bin\Debug\net9.0\Volo.Abp.Auditing.dll' because it is being used by another process. The file is locked by: "TreadSnow.HttpApi.Host (46584)" [E:\TreadSnow\TreadSnow Github2\src\TreadSnow.HttpApi.Host\TreadSnow.HttpApi.Host.csproj]
C:\Program Files\dotnet\sdk\9.0.202\Microsoft.Common.CurrentVersion.targets(5063,5): warning MSB3026: Could not copy "E:\TreadSnow\TreadSnow Github2\ABP9.1.1\framework\src\Volo.Abp.Authorization.Abstractions\bin\Debug\net9.0\Volo.Abp.Authorization.Abstractions.dll" to "bin\Debug\net9.0\Volo.Abp.Authorization.Abstractions.dll". Beginning retry 9 in 1000ms. The process cannot access the file 'E:\TreadSnow\TreadSnow Github2\src\TreadSnow.HttpApi.Host\bin\Debug\net9.0\Volo.Abp.Authorization.Abstractions.dll' because it is being used by another process. The file is locked by: "TreadSnow.HttpApi.Host (46584)" [E:\TreadSnow\TreadSnow Github2\src\TreadSnow.HttpApi.Host\TreadSnow.HttpApi.Host.csproj]
C:\Program Files\dotnet\sdk\9.0.202\Microsoft.Common.CurrentVersion.targets(5063,5): warning MSB3026: Could not copy "E:\TreadSnow\TreadSnow Github2\ABP9.1.1\framework\src\Volo.Abp.Authorization\bin\Debug\net9.0\Volo.Abp.Authorization.dll" to "bin\Debug\net9.0\Volo.Abp.Authorization.dll". Beginning retry 9 in 1000ms. The process cannot access the file 'E:\TreadSnow\TreadSnow Github2\src\TreadSnow.HttpApi.Host\bin\Debug\net9.0\Volo.Abp.Authorization.dll' because it is being used by another process. The file is locked by: "TreadSnow.HttpApi.Host (46584)" [E:\TreadSnow\TreadSnow Github2\src\TreadSnow.HttpApi.Host\TreadSnow.HttpApi.Host.csproj]
C:\Program Files\dotnet\sdk\9.0.202\Microsoft.Common.CurrentVersion.targets(5063,5): warning MSB3026: Could not copy "E:\TreadSnow\TreadSnow Github2\ABP9.1.1\framework\src\Volo.Abp.Auditing.Contracts\bin\Debug\net9.0\Volo.Abp.Auditing.Contracts.dll" to "bin\Debug\net9.0\Volo.Abp.Auditing.Contracts.dll". Beginning retry 10 in 1000ms. The process cannot access the file 'E:\TreadSnow\TreadSnow Github2\src\TreadSnow.HttpApi.Host\bin\Debug\net9.0\Volo.Abp.Auditing.Contracts.dll' because it is being used by another process. The file is locked by: "TreadSnow.HttpApi.Host (46584)" [E:\TreadSnow\TreadSnow Github2\src\TreadSnow.HttpApi.Host\TreadSnow.HttpApi.Host.csproj]
C:\Program Files\dotnet\sdk\9.0.202\Microsoft.Common.CurrentVersion.targets(5063,5): warning MSB3026: Could not copy "E:\TreadSnow\TreadSnow Github2\ABP9.1.1\framework\src\Volo.Abp.AutoMapper\bin\Debug\net9.0\Volo.Abp.AutoMapper.dll" to "bin\Debug\net9.0\Volo.Abp.AutoMapper.dll". Beginning retry 9 in 1000ms. The process cannot access the file 'E:\TreadSnow\TreadSnow Github2\src\TreadSnow.HttpApi.Host\bin\Debug\net9.0\Volo.Abp.AutoMapper.dll' because it is being used by another process. The file is locked by: "TreadSnow.HttpApi.Host (46584)" [E:\TreadSnow\TreadSnow Github2\src\TreadSnow.HttpApi.Host\TreadSnow.HttpApi.Host.csproj]
C:\Program Files\dotnet\sdk\9.0.202\Microsoft.Common.CurrentVersion.targets(5063,5): warning MSB3026: Could not copy "E:\TreadSnow\TreadSnow Github2\ABP9.1.1\framework\src\Volo.Abp.BackgroundJobs.Abstractions\bin\Debug\net9.0\Volo.Abp.BackgroundJobs.Abstractions.dll" to "bin\Debug\net9.0\Volo.Abp.BackgroundJobs.Abstractions.dll". Beginning retry 9 in 1000ms. The process cannot access the file 'E:\TreadSnow\TreadSnow Github2\src\TreadSnow.HttpApi.Host\bin\Debug\net9.0\Volo.Abp.BackgroundJobs.Abstractions.dll' because it is being used by another process. The file is locked by: "TreadSnow.HttpApi.Host (46584)" [E:\TreadSnow\TreadSnow Github2\src\TreadSnow.HttpApi.Host\TreadSnow.HttpApi.Host.csproj]
C:\Program Files\dotnet\sdk\9.0.202\Microsoft.Common.CurrentVersion.targets(5063,5): warning MSB3026: Could not copy "E:\TreadSnow\TreadSnow Github2\ABP9.1.1\framework\src\Volo.Abp.Auditing\bin\Debug\net9.0\Volo.Abp.Auditing.dll" to "bin\Debug\net9.0\Volo.Abp.Auditing.dll". Beginning retry 10 in 1000ms. The process cannot access the file 'E:\TreadSnow\TreadSnow Github2\src\TreadSnow.HttpApi.Host\bin\Debug\net9.0\Volo.Abp.Auditing.dll' because it is being used by another process. The file is locked by: "TreadSnow.HttpApi.Host (46584)" [E:\TreadSnow\TreadSnow Github2\src\TreadSnow.HttpApi.Host\TreadSnow.HttpApi.Host.csproj]
C:\Program Files\dotnet\sdk\9.0.202\Microsoft.Common.CurrentVersion.targets(5063,5): warning MSB3026: Could not copy "E:\TreadSnow\TreadSnow Github2\ABP9.1.1\framework\src\Volo.Abp.Authorization.Abstractions\bin\Debug\net9.0\Volo.Abp.Authorization.Abstractions.dll" to "bin\Debug\net9.0\Volo.Abp.Authorization.Abstractions.dll". Beginning retry 10 in 1000ms. The process cannot access the file 'E:\TreadSnow\TreadSnow Github2\src\TreadSnow.HttpApi.Host\bin\Debug\net9.0\Volo.Abp.Authorization.Abstractions.dll' because it is being used by another process. The file is locked by: "TreadSnow.HttpApi.Host (46584)" [E:\TreadSnow\TreadSnow Github2\src\TreadSnow.HttpApi.Host\TreadSnow.HttpApi.Host.csproj]
C:\Program Files\dotnet\sdk\9.0.202\Microsoft.Common.CurrentVersion.targets(5063,5): warning MSB3026: Could not copy "E:\TreadSnow\TreadSnow Github2\ABP9.1.1\framework\src\Volo.Abp.Authorization\bin\Debug\net9.0\Volo.Abp.Authorization.dll" to "bin\Debug\net9.0\Volo.Abp.Authorization.dll". Beginning retry 10 in 1000ms. The process cannot access the file 'E:\TreadSnow\TreadSnow Github2\src\TreadSnow.HttpApi.Host\bin\Debug\net9.0\Volo.Abp.Authorization.dll' because it is being used by another process. The file is locked by: "TreadSnow.HttpApi.Host (46584)" [E:\TreadSnow\TreadSnow Github2\src\TreadSnow.HttpApi.Host\TreadSnow.HttpApi.Host.csproj]
C:\Program Files\dotnet\sdk\9.0.202\Microsoft.Common.CurrentVersion.targets(5063,5): error MSB3027: Could not copy "E:\TreadSnow\TreadSnow Github2\ABP9.1.1\framework\src\Volo.Abp.Auditing.Contracts\bin\Debug\net9.0\Volo.Abp.Auditing.Contracts.dll" to "bin\Debug\net9.0\Volo.Abp.Auditing.Contracts.dll". Exceeded retry count of 10. Failed. The file is locked by: "TreadSnow.HttpApi.Host (46584)" [E:\TreadSnow\TreadSnow Github2\src\TreadSnow.HttpApi.Host\TreadSnow.HttpApi.Host.csproj]
C:\Program Files\dotnet\sdk\9.0.202\Microsoft.Common.CurrentVersion.targets(5063,5): error MSB3021: Unable to copy file "E:\TreadSnow\TreadSnow Github2\ABP9.1.1\framework\src\Volo.Abp.Auditing.Contracts\bin\Debug\net9.0\Volo.Abp.Auditing.Contracts.dll" to "bin\Debug\net9.0\Volo.Abp.Auditing.Contracts.dll". The process cannot access the file 'E:\TreadSnow\TreadSnow Github2\src\TreadSnow.HttpApi.Host\bin\Debug\net9.0\Volo.Abp.Auditing.Contracts.dll' because it is being used by another process. [E:\TreadSnow\TreadSnow Github2\src\TreadSnow.HttpApi.Host\TreadSnow.HttpApi.Host.csproj]
C:\Program Files\dotnet\sdk\9.0.202\Microsoft.Common.CurrentVersion.targets(5063,5): warning MSB3026: Could not copy "E:\TreadSnow\TreadSnow Github2\ABP9.1.1\framework\src\Volo.Abp.BackgroundWorkers\bin\Debug\net9.0\Volo.Abp.BackgroundWorkers.dll" to "bin\Debug\net9.0\Volo.Abp.BackgroundWorkers.dll". Beginning retry 1 in 1000ms. The process cannot access the file 'E:\TreadSnow\TreadSnow Github2\src\TreadSnow.HttpApi.Host\bin\Debug\net9.0\Volo.Abp.BackgroundWorkers.dll' because it is being used by another process. The file is locked by: "TreadSnow.HttpApi.Host (46584)" [E:\TreadSnow\TreadSnow Github2\src\TreadSnow.HttpApi.Host\TreadSnow.HttpApi.Host.csproj]
C:\Program Files\dotnet\sdk\9.0.202\Microsoft.Common.CurrentVersion.targets(5063,5): warning MSB3026: Could not copy "E:\TreadSnow\TreadSnow Github2\ABP9.1.1\framework\src\Volo.Abp.AutoMapper\bin\Debug\net9.0\Volo.Abp.AutoMapper.dll" to "bin\Debug\net9.0\Volo.Abp.AutoMapper.dll". Beginning retry 10 in 1000ms. The process cannot access the file 'E:\TreadSnow\TreadSnow Github2\src\TreadSnow.HttpApi.Host\bin\Debug\net9.0\Volo.Abp.AutoMapper.dll' because it is being used by another process. The file is locked by: "TreadSnow.HttpApi.Host (46584)" [E:\TreadSnow\TreadSnow Github2\src\TreadSnow.HttpApi.Host\TreadSnow.HttpApi.Host.csproj]
C:\Program Files\dotnet\sdk\9.0.202\Microsoft.Common.CurrentVersion.targets(5063,5): error MSB3027: Could not copy "E:\TreadSnow\TreadSnow Github2\ABP9.1.1\framework\src\Volo.Abp.Auditing\bin\Debug\net9.0\Volo.Abp.Auditing.dll" to "bin\Debug\net9.0\Volo.Abp.Auditing.dll". Exceeded retry count of 10. Failed. The file is locked by: "TreadSnow.HttpApi.Host (46584)" [E:\TreadSnow\TreadSnow Github2\src\TreadSnow.HttpApi.Host\TreadSnow.HttpApi.Host.csproj]
C:\Program Files\dotnet\sdk\9.0.202\Microsoft.Common.CurrentVersion.targets(5063,5): error MSB3021: Unable to copy file "E:\TreadSnow\TreadSnow Github2\ABP9.1.1\framework\src\Volo.Abp.Auditing\bin\Debug\net9.0\Volo.Abp.Auditing.dll" to "bin\Debug\net9.0\Volo.Abp.Auditing.dll". The process cannot access the file 'E:\TreadSnow\TreadSnow Github2\src\TreadSnow.HttpApi.Host\bin\Debug\net9.0\Volo.Abp.Auditing.dll' because it is being used by another process. [E:\TreadSnow\TreadSnow Github2\src\TreadSnow.HttpApi.Host\TreadSnow.HttpApi.Host.csproj]
C:\Program Files\dotnet\sdk\9.0.202\Microsoft.Common.CurrentVersion.targets(5063,5): error MSB3027: Could not copy "E:\TreadSnow\TreadSnow Github2\ABP9.1.1\framework\src\Volo.Abp.Authorization.Abstractions\bin\Debug\net9.0\Volo.Abp.Authorization.Abstractions.dll" to "bin\Debug\net9.0\Volo.Abp.Authorization.Abstractions.dll". Exceeded retry count of 10. Failed. The file is locked by: "TreadSnow.HttpApi.Host (46584)" [E:\TreadSnow\TreadSnow Github2\src\TreadSnow.HttpApi.Host\TreadSnow.HttpApi.Host.csproj]
C:\Program Files\dotnet\sdk\9.0.202\Microsoft.Common.CurrentVersion.targets(5063,5): error MSB3021: Unable to copy file "E:\TreadSnow\TreadSnow Github2\ABP9.1.1\framework\src\Volo.Abp.Authorization.Abstractions\bin\Debug\net9.0\Volo.Abp.Authorization.Abstractions.dll" to "bin\Debug\net9.0\Volo.Abp.Authorization.Abstractions.dll". The process cannot access the file 'E:\TreadSnow\TreadSnow Github2\src\TreadSnow.HttpApi.Host\bin\Debug\net9.0\Volo.Abp.Authorization.Abstractions.dll' because it is being used by another process. [E:\TreadSnow\TreadSnow Github2\src\TreadSnow.HttpApi.Host\TreadSnow.HttpApi.Host.csproj]
C:\Program Files\dotnet\sdk\9.0.202\Microsoft.Common.CurrentVersion.targets(5063,5): warning MSB3026: Could not copy "E:\TreadSnow\TreadSnow Github2\ABP9.1.1\framework\src\Volo.Abp.BackgroundJobs.Abstractions\bin\Debug\net9.0\Volo.Abp.BackgroundJobs.Abstractions.dll" to "bin\Debug\net9.0\Volo.Abp.BackgroundJobs.Abstractions.dll". Beginning retry 10 in 1000ms. The process cannot access the file 'E:\TreadSnow\TreadSnow Github2\src\TreadSnow.HttpApi.Host\bin\Debug\net9.0\Volo.Abp.BackgroundJobs.Abstractions.dll' because it is being used by another process. The file is locked by: "TreadSnow.HttpApi.Host (46584)" [E:\TreadSnow\TreadSnow Github2\src\TreadSnow.HttpApi.Host\TreadSnow.HttpApi.Host.csproj]
C:\Program Files\dotnet\sdk\9.0.202\Microsoft.Common.CurrentVersion.targets(5063,5): error MSB3027: Could not copy "E:\TreadSnow\TreadSnow Github2\ABP9.1.1\framework\src\Volo.Abp.Authorization\bin\Debug\net9.0\Volo.Abp.Authorization.dll" to "bin\Debug\net9.0\Volo.Abp.Authorization.dll". Exceeded retry count of 10. Failed. The file is locked by: "TreadSnow.HttpApi.Host (46584)" [E:\TreadSnow\TreadSnow Github2\src\TreadSnow.HttpApi.Host\TreadSnow.HttpApi.Host.csproj]
C:\Program Files\dotnet\sdk\9.0.202\Microsoft.Common.CurrentVersion.targets(5063,5): error MSB3021: Unable to copy file "E:\TreadSnow\TreadSnow Github2\ABP9.1.1\framework\src\Volo.Abp.Authorization\bin\Debug\net9.0\Volo.Abp.Authorization.dll" to "bin\Debug\net9.0\Volo.Abp.Authorization.dll". The process cannot access the file 'E:\TreadSnow\TreadSnow Github2\src\TreadSnow.HttpApi.Host\bin\Debug\net9.0\Volo.Abp.Authorization.dll' because it is being used by another process. [E:\TreadSnow\TreadSnow Github2\src\TreadSnow.HttpApi.Host\TreadSnow.HttpApi.Host.csproj]
C:\Program Files\dotnet\sdk\9.0.202\Microsoft.Common.CurrentVersion.targets(5063,5): warning MSB3026: Could not copy "E:\TreadSnow\TreadSnow Github2\ABP9.1.1\framework\src\Volo.Abp.Core\bin\Debug\net9.0\Volo.Abp.Core.dll" to "bin\Debug\net9.0\Volo.Abp.Core.dll". Beginning retry 1 in 1000ms. The process cannot access the file 'E:\TreadSnow\TreadSnow Github2\src\TreadSnow.HttpApi.Host\bin\Debug\net9.0\Volo.Abp.Core.dll' because it is being used by another process. The file is locked by: "TreadSnow.HttpApi.Host (46584)" [E:\TreadSnow\TreadSnow Github2\src\TreadSnow.HttpApi.Host\TreadSnow.HttpApi.Host.csproj]
C:\Program Files\dotnet\sdk\9.0.202\Microsoft.Common.CurrentVersion.targets(5063,5): warning MSB3026: Could not copy "E:\TreadSnow\TreadSnow Github2\ABP9.1.1\framework\src\Volo.Abp.Data\bin\Debug\net9.0\Volo.Abp.Data.dll" to "bin\Debug\net9.0\Volo.Abp.Data.dll". Beginning retry 1 in 1000ms. The process cannot access the file 'E:\TreadSnow\TreadSnow Github2\src\TreadSnow.HttpApi.Host\bin\Debug\net9.0\Volo.Abp.Data.dll' because it is being used by another process. The file is locked by: "TreadSnow.HttpApi.Host (46584)" [E:\TreadSnow\TreadSnow Github2\src\TreadSnow.HttpApi.Host\TreadSnow.HttpApi.Host.csproj]
C:\Program Files\dotnet\sdk\9.0.202\Microsoft.Common.CurrentVersion.targets(5063,5): warning MSB3026: Could not copy "E:\TreadSnow\TreadSnow Github2\ABP9.1.1\framework\src\Volo.Abp.Ddd.Application.Contracts\bin\Debug\net9.0\Volo.Abp.Ddd.Application.Contracts.dll" to "bin\Debug\net9.0\Volo.Abp.Ddd.Application.Contracts.dll". Beginning retry 1 in 1000ms. The process cannot access the file 'E:\TreadSnow\TreadSnow Github2\src\TreadSnow.HttpApi.Host\bin\Debug\net9.0\Volo.Abp.Ddd.Application.Contracts.dll' because it is being used by another process. The file is locked by: "TreadSnow.HttpApi.Host (46584)" [E:\TreadSnow\TreadSnow Github2\src\TreadSnow.HttpApi.Host\TreadSnow.HttpApi.Host.csproj]
C:\Program Files\dotnet\sdk\9.0.202\Microsoft.Common.CurrentVersion.targets(5063,5): warning MSB3026: Could not copy "E:\TreadSnow\TreadSnow Github2\ABP9.1.1\framework\src\Volo.Abp.BackgroundWorkers\bin\Debug\net9.0\Volo.Abp.BackgroundWorkers.dll" to "bin\Debug\net9.0\Volo.Abp.BackgroundWorkers.dll". Beginning retry 2 in 1000ms. The process cannot access the file 'E:\TreadSnow\TreadSnow Github2\src\TreadSnow.HttpApi.Host\bin\Debug\net9.0\Volo.Abp.BackgroundWorkers.dll' because it is being used by another process. The file is locked by: "TreadSnow.HttpApi.Host (46584)" [E:\TreadSnow\TreadSnow Github2\src\TreadSnow.HttpApi.Host\TreadSnow.HttpApi.Host.csproj]
C:\Program Files\dotnet\sdk\9.0.202\Microsoft.Common.CurrentVersion.targets(5063,5): error MSB3027: Could not copy "E:\TreadSnow\TreadSnow Github2\ABP9.1.1\framework\src\Volo.Abp.AutoMapper\bin\Debug\net9.0\Volo.Abp.AutoMapper.dll" to "bin\Debug\net9.0\Volo.Abp.AutoMapper.dll". Exceeded retry count of 10. Failed. The file is locked by: "TreadSnow.HttpApi.Host (46584)" [E:\TreadSnow\TreadSnow Github2\src\TreadSnow.HttpApi.Host\TreadSnow.HttpApi.Host.csproj]
C:\Program Files\dotnet\sdk\9.0.202\Microsoft.Common.CurrentVersion.targets(5063,5): error MSB3021: Unable to copy file "E:\TreadSnow\TreadSnow Github2\ABP9.1.1\framework\src\Volo.Abp.AutoMapper\bin\Debug\net9.0\Volo.Abp.AutoMapper.dll" to "bin\Debug\net9.0\Volo.Abp.AutoMapper.dll". The process cannot access the file 'E:\TreadSnow\TreadSnow Github2\src\TreadSnow.HttpApi.Host\bin\Debug\net9.0\Volo.Abp.AutoMapper.dll' because it is being used by another process. [E:\TreadSnow\TreadSnow Github2\src\TreadSnow.HttpApi.Host\TreadSnow.HttpApi.Host.csproj]
C:\Program Files\dotnet\sdk\9.0.202\Microsoft.Common.CurrentVersion.targets(5063,5): warning MSB3026: Could not copy "E:\TreadSnow\TreadSnow Github2\ABP9.1.1\framework\src\Volo.Abp.Ddd.Application\bin\Debug\net9.0\Volo.Abp.Ddd.Application.dll" to "bin\Debug\net9.0\Volo.Abp.Ddd.Application.dll". Beginning retry 1 in 1000ms. The process cannot access the file 'E:\TreadSnow\TreadSnow Github2\src\TreadSnow.HttpApi.Host\bin\Debug\net9.0\Volo.Abp.Ddd.Application.dll' because it is being used by another process. The file is locked by: "TreadSnow.HttpApi.Host (46584)" [E:\TreadSnow\TreadSnow Github2\src\TreadSnow.HttpApi.Host\TreadSnow.HttpApi.Host.csproj]
C:\Program Files\dotnet\sdk\9.0.202\Microsoft.Common.CurrentVersion.targets(5063,5): error MSB3027: Could not copy "E:\TreadSnow\TreadSnow Github2\ABP9.1.1\framework\src\Volo.Abp.BackgroundJobs.Abstractions\bin\Debug\net9.0\Volo.Abp.BackgroundJobs.Abstractions.dll" to "bin\Debug\net9.0\Volo.Abp.BackgroundJobs.Abstractions.dll". Exceeded retry count of 10. Failed. The file is locked by: "TreadSnow.HttpApi.Host (46584)" [E:\TreadSnow\TreadSnow Github2\src\TreadSnow.HttpApi.Host\TreadSnow.HttpApi.Host.csproj]
C:\Program Files\dotnet\sdk\9.0.202\Microsoft.Common.CurrentVersion.targets(5063,5): error MSB3021: Unable to copy file "E:\TreadSnow\TreadSnow Github2\ABP9.1.1\framework\src\Volo.Abp.BackgroundJobs.Abstractions\bin\Debug\net9.0\Volo.Abp.BackgroundJobs.Abstractions.dll" to "bin\Debug\net9.0\Volo.Abp.BackgroundJobs.Abstractions.dll". The process cannot access the file 'E:\TreadSnow\TreadSnow Github2\src\TreadSnow.HttpApi.Host\bin\Debug\net9.0\Volo.Abp.BackgroundJobs.Abstractions.dll' because it is being used by another process. [E:\TreadSnow\TreadSnow Github2\src\TreadSnow.HttpApi.Host\TreadSnow.HttpApi.Host.csproj]
C:\Program Files\dotnet\sdk\9.0.202\Microsoft.Common.CurrentVersion.targets(5063,5): warning MSB3026: Could not copy "E:\TreadSnow\TreadSnow Github2\ABP9.1.1\framework\src\Volo.Abp.Ddd.Domain\bin\Debug\net9.0\Volo.Abp.Ddd.Domain.dll" to "bin\Debug\net9.0\Volo.Abp.Ddd.Domain.dll". Beginning retry 1 in 1000ms. The process cannot access the file 'E:\TreadSnow\TreadSnow Github2\src\TreadSnow.HttpApi.Host\bin\Debug\net9.0\Volo.Abp.Ddd.Domain.dll' because it is being used by another process. The file is locked by: "TreadSnow.HttpApi.Host (46584)" [E:\TreadSnow\TreadSnow Github2\src\TreadSnow.HttpApi.Host\TreadSnow.HttpApi.Host.csproj]
C:\Program Files\dotnet\sdk\9.0.202\Microsoft.Common.CurrentVersion.targets(5063,5): warning MSB3026: Could not copy "E:\TreadSnow\TreadSnow Github2\ABP9.1.1\framework\src\Volo.Abp.Data\bin\Debug\net9.0\Volo.Abp.Data.dll" to "bin\Debug\net9.0\Volo.Abp.Data.dll". Beginning retry 2 in 1000ms. The process cannot access the file 'E:\TreadSnow\TreadSnow Github2\src\TreadSnow.HttpApi.Host\bin\Debug\net9.0\Volo.Abp.Data.dll' because it is being used by another process. The file is locked by: "TreadSnow.HttpApi.Host (46584)" [E:\TreadSnow\TreadSnow Github2\src\TreadSnow.HttpApi.Host\TreadSnow.HttpApi.Host.csproj]
C:\Program Files\dotnet\sdk\9.0.202\Microsoft.Common.CurrentVersion.targets(5063,5): warning MSB3026: Could not copy "E:\TreadSnow\TreadSnow Github2\ABP9.1.1\framework\src\Volo.Abp.Ddd.Application.Contracts\bin\Debug\net9.0\Volo.Abp.Ddd.Application.Contracts.dll" to "bin\Debug\net9.0\Volo.Abp.Ddd.Application.Contracts.dll". Beginning retry 2 in 1000ms. The process cannot access the file 'E:\TreadSnow\TreadSnow Github2\src\TreadSnow.HttpApi.Host\bin\Debug\net9.0\Volo.Abp.Ddd.Application.Contracts.dll' because it is being used by another process. The file is locked by: "TreadSnow.HttpApi.Host (46584)" [E:\TreadSnow\TreadSnow Github2\src\TreadSnow.HttpApi.Host\TreadSnow.HttpApi.Host.csproj]
C:\Program Files\dotnet\sdk\9.0.202\Microsoft.Common.CurrentVersion.targets(5063,5): warning MSB3026: Could not copy "E:\TreadSnow\TreadSnow Github2\ABP9.1.1\framework\src\Volo.Abp.Core\bin\Debug\net9.0\Volo.Abp.Core.dll" to "bin\Debug\net9.0\Volo.Abp.Core.dll". Beginning retry 2 in 1000ms. The process cannot access the file 'E:\TreadSnow\TreadSnow Github2\src\TreadSnow.HttpApi.Host\bin\Debug\net9.0\Volo.Abp.Core.dll' because it is being used by another process. The file is locked by: "TreadSnow.HttpApi.Host (46584)" [E:\TreadSnow\TreadSnow Github2\src\TreadSnow.HttpApi.Host\TreadSnow.HttpApi.Host.csproj]
C:\Program Files\dotnet\sdk\9.0.202\Microsoft.Common.CurrentVersion.targets(5063,5): warning MSB3026: Could not copy "E:\TreadSnow\TreadSnow Github2\ABP9.1.1\framework\src\Volo.Abp.BackgroundWorkers\bin\Debug\net9.0\Volo.Abp.BackgroundWorkers.dll" to "bin\Debug\net9.0\Volo.Abp.BackgroundWorkers.dll". Beginning retry 3 in 1000ms. The process cannot access the file 'E:\TreadSnow\TreadSnow Github2\src\TreadSnow.HttpApi.Host\bin\Debug\net9.0\Volo.Abp.BackgroundWorkers.dll' because it is being used by another process. The file is locked by: "TreadSnow.HttpApi.Host (46584)" [E:\TreadSnow\TreadSnow Github2\src\TreadSnow.HttpApi.Host\TreadSnow.HttpApi.Host.csproj]
C:\Program Files\dotnet\sdk\9.0.202\Microsoft.Common.CurrentVersion.targets(5063,5): warning MSB3026: Could not copy "E:\TreadSnow\TreadSnow Github2\ABP9.1.1\framework\src\Volo.Abp.Ddd.Application\bin\Debug\net9.0\Volo.Abp.Ddd.Application.dll" to "bin\Debug\net9.0\Volo.Abp.Ddd.Application.dll". Beginning retry 2 in 1000ms. The process cannot access the file 'E:\TreadSnow\TreadSnow Github2\src\TreadSnow.HttpApi.Host\bin\Debug\net9.0\Volo.Abp.Ddd.Application.dll' because it is being used by another process. The file is locked by: "TreadSnow.HttpApi.Host (46584)" [E:\TreadSnow\TreadSnow Github2\src\TreadSnow.HttpApi.Host\TreadSnow.HttpApi.Host.csproj]
C:\Program Files\dotnet\sdk\9.0.202\Microsoft.Common.CurrentVersion.targets(5063,5): warning MSB3026: Could not copy "E:\TreadSnow\TreadSnow Github2\ABP9.1.1\framework\src\Volo.Abp.Ddd.Domain\bin\Debug\net9.0\Volo.Abp.Ddd.Domain.dll" to "bin\Debug\net9.0\Volo.Abp.Ddd.Domain.dll". Beginning retry 2 in 1000ms. The process cannot access the file 'E:\TreadSnow\TreadSnow Github2\src\TreadSnow.HttpApi.Host\bin\Debug\net9.0\Volo.Abp.Ddd.Domain.dll' because it is being used by another process. The file is locked by: "TreadSnow.HttpApi.Host (46584)" [E:\TreadSnow\TreadSnow Github2\src\TreadSnow.HttpApi.Host\TreadSnow.HttpApi.Host.csproj]
C:\Program Files\dotnet\sdk\9.0.202\Microsoft.Common.CurrentVersion.targets(5063,5): warning MSB3026: Could not copy "E:\TreadSnow\TreadSnow Github2\ABP9.1.1\framework\src\Volo.Abp.Data\bin\Debug\net9.0\Volo.Abp.Data.dll" to "bin\Debug\net9.0\Volo.Abp.Data.dll". Beginning retry 3 in 1000ms. The process cannot access the file 'E:\TreadSnow\TreadSnow Github2\src\TreadSnow.HttpApi.Host\bin\Debug\net9.0\Volo.Abp.Data.dll' because it is being used by another process. The file is locked by: "TreadSnow.HttpApi.Host (46584)" [E:\TreadSnow\TreadSnow Github2\src\TreadSnow.HttpApi.Host\TreadSnow.HttpApi.Host.csproj]
C:\Program Files\dotnet\sdk\9.0.202\Microsoft.Common.CurrentVersion.targets(5063,5): warning MSB3026: Could not copy "E:\TreadSnow\TreadSnow Github2\ABP9.1.1\framework\src\Volo.Abp.Core\bin\Debug\net9.0\Volo.Abp.Core.dll" to "bin\Debug\net9.0\Volo.Abp.Core.dll". Beginning retry 3 in 1000ms. The process cannot access the file 'E:\TreadSnow\TreadSnow Github2\src\TreadSnow.HttpApi.Host\bin\Debug\net9.0\Volo.Abp.Core.dll' because it is being used by another process. The file is locked by: "TreadSnow.HttpApi.Host (46584)" [E:\TreadSnow\TreadSnow Github2\src\TreadSnow.HttpApi.Host\TreadSnow.HttpApi.Host.csproj]
C:\Program Files\dotnet\sdk\9.0.202\Microsoft.Common.CurrentVersion.targets(5063,5): warning MSB3026: Could not copy "E:\TreadSnow\TreadSnow Github2\ABP9.1.1\framework\src\Volo.Abp.Ddd.Application.Contracts\bin\Debug\net9.0\Volo.Abp.Ddd.Application.Contracts.dll" to "bin\Debug\net9.0\Volo.Abp.Ddd.Application.Contracts.dll". Beginning retry 3 in 1000ms. The process cannot access the file 'E:\TreadSnow\TreadSnow Github2\src\TreadSnow.HttpApi.Host\bin\Debug\net9.0\Volo.Abp.Ddd.Application.Contracts.dll' because it is being used by another process. The file is locked by: "TreadSnow.HttpApi.Host (46584)" [E:\TreadSnow\TreadSnow Github2\src\TreadSnow.HttpApi.Host\TreadSnow.HttpApi.Host.csproj]
C:\Program Files\dotnet\sdk\9.0.202\Microsoft.Common.CurrentVersion.targets(5063,5): warning MSB3026: Could not copy "E:\TreadSnow\TreadSnow Github2\ABP9.1.1\framework\src\Volo.Abp.BackgroundWorkers\bin\Debug\net9.0\Volo.Abp.BackgroundWorkers.dll" to "bin\Debug\net9.0\Volo.Abp.BackgroundWorkers.dll". Beginning retry 4 in 1000ms. The process cannot access the file 'E:\TreadSnow\TreadSnow Github2\src\TreadSnow.HttpApi.Host\bin\Debug\net9.0\Volo.Abp.BackgroundWorkers.dll' because it is being used by another process. The file is locked by: "TreadSnow.HttpApi.Host (46584)" [E:\TreadSnow\TreadSnow Github2\src\TreadSnow.HttpApi.Host\TreadSnow.HttpApi.Host.csproj]
C:\Program Files\dotnet\sdk\9.0.202\Microsoft.Common.CurrentVersion.targets(5063,5): warning MSB3026: Could not copy "E:\TreadSnow\TreadSnow Github2\ABP9.1.1\framework\src\Volo.Abp.Ddd.Application\bin\Debug\net9.0\Volo.Abp.Ddd.Application.dll" to "bin\Debug\net9.0\Volo.Abp.Ddd.Application.dll". Beginning retry 3 in 1000ms. The process cannot access the file 'E:\TreadSnow\TreadSnow Github2\src\TreadSnow.HttpApi.Host\bin\Debug\net9.0\Volo.Abp.Ddd.Application.dll' because it is being used by another process. The file is locked by: "TreadSnow.HttpApi.Host (46584)" [E:\TreadSnow\TreadSnow Github2\src\TreadSnow.HttpApi.Host\TreadSnow.HttpApi.Host.csproj]
C:\Program Files\dotnet\sdk\9.0.202\Microsoft.Common.CurrentVersion.targets(5063,5): warning MSB3026: Could not copy "E:\TreadSnow\TreadSnow Github2\ABP9.1.1\framework\src\Volo.Abp.Ddd.Domain\bin\Debug\net9.0\Volo.Abp.Ddd.Domain.dll" to "bin\Debug\net9.0\Volo.Abp.Ddd.Domain.dll". Beginning retry 3 in 1000ms. The process cannot access the file 'E:\TreadSnow\TreadSnow Github2\src\TreadSnow.HttpApi.Host\bin\Debug\net9.0\Volo.Abp.Ddd.Domain.dll' because it is being used by another process. The file is locked by: "TreadSnow.HttpApi.Host (46584)" [E:\TreadSnow\TreadSnow Github2\src\TreadSnow.HttpApi.Host\TreadSnow.HttpApi.Host.csproj]
C:\Program Files\dotnet\sdk\9.0.202\Microsoft.Common.CurrentVersion.targets(5063,5): warning MSB3026: Could not copy "E:\TreadSnow\TreadSnow Github2\ABP9.1.1\framework\src\Volo.Abp.Data\bin\Debug\net9.0\Volo.Abp.Data.dll" to "bin\Debug\net9.0\Volo.Abp.Data.dll". Beginning retry 4 in 1000ms. The process cannot access the file 'E:\TreadSnow\TreadSnow Github2\src\TreadSnow.HttpApi.Host\bin\Debug\net9.0\Volo.Abp.Data.dll' because it is being used by another process. The file is locked by: "TreadSnow.HttpApi.Host (46584)" [E:\TreadSnow\TreadSnow Github2\src\TreadSnow.HttpApi.Host\TreadSnow.HttpApi.Host.csproj]
C:\Program Files\dotnet\sdk\9.0.202\Microsoft.Common.CurrentVersion.targets(5063,5): warning MSB3026: Could not copy "E:\TreadSnow\TreadSnow Github2\ABP9.1.1\framework\src\Volo.Abp.Core\bin\Debug\net9.0\Volo.Abp.Core.dll" to "bin\Debug\net9.0\Volo.Abp.Core.dll". Beginning retry 4 in 1000ms. The process cannot access the file 'E:\TreadSnow\TreadSnow Github2\src\TreadSnow.HttpApi.Host\bin\Debug\net9.0\Volo.Abp.Core.dll' because it is being used by another process. The file is locked by: "TreadSnow.HttpApi.Host (46584)" [E:\TreadSnow\TreadSnow Github2\src\TreadSnow.HttpApi.Host\TreadSnow.HttpApi.Host.csproj]
C:\Program Files\dotnet\sdk\9.0.202\Microsoft.Common.CurrentVersion.targets(5063,5): warning MSB3026: Could not copy "E:\TreadSnow\TreadSnow Github2\ABP9.1.1\framework\src\Volo.Abp.Ddd.Application.Contracts\bin\Debug\net9.0\Volo.Abp.Ddd.Application.Contracts.dll" to "bin\Debug\net9.0\Volo.Abp.Ddd.Application.Contracts.dll". Beginning retry 4 in 1000ms. The process cannot access the file 'E:\TreadSnow\TreadSnow Github2\src\TreadSnow.HttpApi.Host\bin\Debug\net9.0\Volo.Abp.Ddd.Application.Contracts.dll' because it is being used by another process. The file is locked by: "TreadSnow.HttpApi.Host (46584)" [E:\TreadSnow\TreadSnow Github2\src\TreadSnow.HttpApi.Host\TreadSnow.HttpApi.Host.csproj]
C:\Program Files\dotnet\sdk\9.0.202\Microsoft.Common.CurrentVersion.targets(5063,5): warning MSB3026: Could not copy "E:\TreadSnow\TreadSnow Github2\ABP9.1.1\framework\src\Volo.Abp.BackgroundWorkers\bin\Debug\net9.0\Volo.Abp.BackgroundWorkers.dll" to "bin\Debug\net9.0\Volo.Abp.BackgroundWorkers.dll". Beginning retry 5 in 1000ms. The process cannot access the file 'E:\TreadSnow\TreadSnow Github2\src\TreadSnow.HttpApi.Host\bin\Debug\net9.0\Volo.Abp.BackgroundWorkers.dll' because it is being used by another process. The file is locked by: "TreadSnow.HttpApi.Host (46584)" [E:\TreadSnow\TreadSnow Github2\src\TreadSnow.HttpApi.Host\TreadSnow.HttpApi.Host.csproj]
C:\Program Files\dotnet\sdk\9.0.202\Microsoft.Common.CurrentVersion.targets(5063,5): warning MSB3026: Could not copy "E:\TreadSnow\TreadSnow Github2\ABP9.1.1\framework\src\Volo.Abp.Ddd.Application\bin\Debug\net9.0\Volo.Abp.Ddd.Application.dll" to "bin\Debug\net9.0\Volo.Abp.Ddd.Application.dll". Beginning retry 4 in 1000ms. The process cannot access the file 'E:\TreadSnow\TreadSnow Github2\src\TreadSnow.HttpApi.Host\bin\Debug\net9.0\Volo.Abp.Ddd.Application.dll' because it is being used by another process. The file is locked by: "TreadSnow.HttpApi.Host (46584)" [E:\TreadSnow\TreadSnow Github2\src\TreadSnow.HttpApi.Host\TreadSnow.HttpApi.Host.csproj]
C:\Program Files\dotnet\sdk\9.0.202\Microsoft.Common.CurrentVersion.targets(5063,5): warning MSB3026: Could not copy "E:\TreadSnow\TreadSnow Github2\ABP9.1.1\framework\src\Volo.Abp.Data\bin\Debug\net9.0\Volo.Abp.Data.dll" to "bin\Debug\net9.0\Volo.Abp.Data.dll". Beginning retry 5 in 1000ms. The process cannot access the file 'E:\TreadSnow\TreadSnow Github2\src\TreadSnow.HttpApi.Host\bin\Debug\net9.0\Volo.Abp.Data.dll' because it is being used by another process. The file is locked by: "TreadSnow.HttpApi.Host (46584)" [E:\TreadSnow\TreadSnow Github2\src\TreadSnow.HttpApi.Host\TreadSnow.HttpApi.Host.csproj]
C:\Program Files\dotnet\sdk\9.0.202\Microsoft.Common.CurrentVersion.targets(5063,5): warning MSB3026: Could not copy "E:\TreadSnow\TreadSnow Github2\ABP9.1.1\framework\src\Volo.Abp.Ddd.Domain\bin\Debug\net9.0\Volo.Abp.Ddd.Domain.dll" to "bin\Debug\net9.0\Volo.Abp.Ddd.Domain.dll". Beginning retry 4 in 1000ms. The process cannot access the file 'E:\TreadSnow\TreadSnow Github2\src\TreadSnow.HttpApi.Host\bin\Debug\net9.0\Volo.Abp.Ddd.Domain.dll' because it is being used by another process. The file is locked by: "TreadSnow.HttpApi.Host (46584)" [E:\TreadSnow\TreadSnow Github2\src\TreadSnow.HttpApi.Host\TreadSnow.HttpApi.Host.csproj]
C:\Program Files\dotnet\sdk\9.0.202\Microsoft.Common.CurrentVersion.targets(5063,5): warning MSB3026: Could not copy "E:\TreadSnow\TreadSnow Github2\ABP9.1.1\framework\src\Volo.Abp.Core\bin\Debug\net9.0\Volo.Abp.Core.dll" to "bin\Debug\net9.0\Volo.Abp.Core.dll". Beginning retry 5 in 1000ms. The process cannot access the file 'E:\TreadSnow\TreadSnow Github2\src\TreadSnow.HttpApi.Host\bin\Debug\net9.0\Volo.Abp.Core.dll' because it is being used by another process. The file is locked by: "TreadSnow.HttpApi.Host (46584)" [E:\TreadSnow\TreadSnow Github2\src\TreadSnow.HttpApi.Host\TreadSnow.HttpApi.Host.csproj]
C:\Program Files\dotnet\sdk\9.0.202\Microsoft.Common.CurrentVersion.targets(5063,5): warning MSB3026: Could not copy "E:\TreadSnow\TreadSnow Github2\ABP9.1.1\framework\src\Volo.Abp.Ddd.Application.Contracts\bin\Debug\net9.0\Volo.Abp.Ddd.Application.Contracts.dll" to "bin\Debug\net9.0\Volo.Abp.Ddd.Application.Contracts.dll". Beginning retry 5 in 1000ms. The process cannot access the file 'E:\TreadSnow\TreadSnow Github2\src\TreadSnow.HttpApi.Host\bin\Debug\net9.0\Volo.Abp.Ddd.Application.Contracts.dll' because it is being used by another process. The file is locked by: "TreadSnow.HttpApi.Host (46584)" [E:\TreadSnow\TreadSnow Github2\src\TreadSnow.HttpApi.Host\TreadSnow.HttpApi.Host.csproj]
C:\Program Files\dotnet\sdk\9.0.202\Microsoft.Common.CurrentVersion.targets(5063,5): warning MSB3026: Could not copy "E:\TreadSnow\TreadSnow Github2\ABP9.1.1\framework\src\Volo.Abp.BackgroundWorkers\bin\Debug\net9.0\Volo.Abp.BackgroundWorkers.dll" to "bin\Debug\net9.0\Volo.Abp.BackgroundWorkers.dll". Beginning retry 6 in 1000ms. The process cannot access the file 'E:\TreadSnow\TreadSnow Github2\src\TreadSnow.HttpApi.Host\bin\Debug\net9.0\Volo.Abp.BackgroundWorkers.dll' because it is being used by another process. The file is locked by: "TreadSnow.HttpApi.Host (46584)" [E:\TreadSnow\TreadSnow Github2\src\TreadSnow.HttpApi.Host\TreadSnow.HttpApi.Host.csproj]
C:\Program Files\dotnet\sdk\9.0.202\Microsoft.Common.CurrentVersion.targets(5063,5): warning MSB3026: Could not copy "E:\TreadSnow\TreadSnow Github2\ABP9.1.1\framework\src\Volo.Abp.Ddd.Application\bin\Debug\net9.0\Volo.Abp.Ddd.Application.dll" to "bin\Debug\net9.0\Volo.Abp.Ddd.Application.dll". Beginning retry 5 in 1000ms. The process cannot access the file 'E:\TreadSnow\TreadSnow Github2\src\TreadSnow.HttpApi.Host\bin\Debug\net9.0\Volo.Abp.Ddd.Application.dll' because it is being used by another process. The file is locked by: "TreadSnow.HttpApi.Host (46584)" [E:\TreadSnow\TreadSnow Github2\src\TreadSnow.HttpApi.Host\TreadSnow.HttpApi.Host.csproj]
C:\Program Files\dotnet\sdk\9.0.202\Microsoft.Common.CurrentVersion.targets(5063,5): warning MSB3026: Could not copy "E:\TreadSnow\TreadSnow Github2\ABP9.1.1\framework\src\Volo.Abp.Data\bin\Debug\net9.0\Volo.Abp.Data.dll" to "bin\Debug\net9.0\Volo.Abp.Data.dll". Beginning retry 6 in 1000ms. The process cannot access the file 'E:\TreadSnow\TreadSnow Github2\src\TreadSnow.HttpApi.Host\bin\Debug\net9.0\Volo.Abp.Data.dll' because it is being used by another process. The file is locked by: "TreadSnow.HttpApi.Host (46584)" [E:\TreadSnow\TreadSnow Github2\src\TreadSnow.HttpApi.Host\TreadSnow.HttpApi.Host.csproj]
C:\Program Files\dotnet\sdk\9.0.202\Microsoft.Common.CurrentVersion.targets(5063,5): warning MSB3026: Could not copy "E:\TreadSnow\TreadSnow Github2\ABP9.1.1\framework\src\Volo.Abp.Ddd.Domain\bin\Debug\net9.0\Volo.Abp.Ddd.Domain.dll" to "bin\Debug\net9.0\Volo.Abp.Ddd.Domain.dll". Beginning retry 5 in 1000ms. The process cannot access the file 'E:\TreadSnow\TreadSnow Github2\src\TreadSnow.HttpApi.Host\bin\Debug\net9.0\Volo.Abp.Ddd.Domain.dll' because it is being used by another process. The file is locked by: "TreadSnow.HttpApi.Host (46584)" [E:\TreadSnow\TreadSnow Github2\src\TreadSnow.HttpApi.Host\TreadSnow.HttpApi.Host.csproj]
C:\Program Files\dotnet\sdk\9.0.202\Microsoft.Common.CurrentVersion.targets(5063,5): warning MSB3026: Could not copy "E:\TreadSnow\TreadSnow Github2\ABP9.1.1\framework\src\Volo.Abp.Ddd.Application.Contracts\bin\Debug\net9.0\Volo.Abp.Ddd.Application.Contracts.dll" to "bin\Debug\net9.0\Volo.Abp.Ddd.Application.Contracts.dll". Beginning retry 6 in 1000ms. The process cannot access the file 'E:\TreadSnow\TreadSnow Github2\src\TreadSnow.HttpApi.Host\bin\Debug\net9.0\Volo.Abp.Ddd.Application.Contracts.dll' because it is being used by another process. The file is locked by: "TreadSnow.HttpApi.Host (46584)" [E:\TreadSnow\TreadSnow Github2\src\TreadSnow.HttpApi.Host\TreadSnow.HttpApi.Host.csproj]
C:\Program Files\dotnet\sdk\9.0.202\Microsoft.Common.CurrentVersion.targets(5063,5): warning MSB3026: Could not copy "E:\TreadSnow\TreadSnow Github2\ABP9.1.1\framework\src\Volo.Abp.Core\bin\Debug\net9.0\Volo.Abp.Core.dll" to "bin\Debug\net9.0\Volo.Abp.Core.dll". Beginning retry 6 in 1000ms. The process cannot access the file 'E:\TreadSnow\TreadSnow Github2\src\TreadSnow.HttpApi.Host\bin\Debug\net9.0\Volo.Abp.Core.dll' because it is being used by another process. The file is locked by: "TreadSnow.HttpApi.Host (46584)" [E:\TreadSnow\TreadSnow Github2\src\TreadSnow.HttpApi.Host\TreadSnow.HttpApi.Host.csproj]
C:\Program Files\dotnet\sdk\9.0.202\Microsoft.Common.CurrentVersion.targets(5063,5): warning MSB3026: Could not copy "E:\TreadSnow\TreadSnow Github2\ABP9.1.1\framework\src\Volo.Abp.BackgroundWorkers\bin\Debug\net9.0\Volo.Abp.BackgroundWorkers.dll" to "bin\Debug\net9.0\Volo.Abp.BackgroundWorkers.dll". Beginning retry 7 in 1000ms. The process cannot access the file 'E:\TreadSnow\TreadSnow Github2\src\TreadSnow.HttpApi.Host\bin\Debug\net9.0\Volo.Abp.BackgroundWorkers.dll' because it is being used by another process. The file is locked by: "TreadSnow.HttpApi.Host (46584)" [E:\TreadSnow\TreadSnow Github2\src\TreadSnow.HttpApi.Host\TreadSnow.HttpApi.Host.csproj]
C:\Program Files\dotnet\sdk\9.0.202\Microsoft.Common.CurrentVersion.targets(5063,5): warning MSB3026: Could not copy "E:\TreadSnow\TreadSnow Github2\ABP9.1.1\framework\src\Volo.Abp.Ddd.Application\bin\Debug\net9.0\Volo.Abp.Ddd.Application.dll" to "bin\Debug\net9.0\Volo.Abp.Ddd.Application.dll". Beginning retry 6 in 1000ms. The process cannot access the file 'E:\TreadSnow\TreadSnow Github2\src\TreadSnow.HttpApi.Host\bin\Debug\net9.0\Volo.Abp.Ddd.Application.dll' because it is being used by another process. The file is locked by: "TreadSnow.HttpApi.Host (46584)" [E:\TreadSnow\TreadSnow Github2\src\TreadSnow.HttpApi.Host\TreadSnow.HttpApi.Host.csproj]
C:\Program Files\dotnet\sdk\9.0.202\Microsoft.Common.CurrentVersion.targets(5063,5): warning MSB3026: Could not copy "E:\TreadSnow\TreadSnow Github2\ABP9.1.1\framework\src\Volo.Abp.Data\bin\Debug\net9.0\Volo.Abp.Data.dll" to "bin\Debug\net9.0\Volo.Abp.Data.dll". Beginning retry 7 in 1000ms. The process cannot access the file 'E:\TreadSnow\TreadSnow Github2\src\TreadSnow.HttpApi.Host\bin\Debug\net9.0\Volo.Abp.Data.dll' because it is being used by another process. The file is locked by: "TreadSnow.HttpApi.Host (46584)" [E:\TreadSnow\TreadSnow Github2\src\TreadSnow.HttpApi.Host\TreadSnow.HttpApi.Host.csproj]
C:\Program Files\dotnet\sdk\9.0.202\Microsoft.Common.CurrentVersion.targets(5063,5): warning MSB3026: Could not copy "E:\TreadSnow\TreadSnow Github2\ABP9.1.1\framework\src\Volo.Abp.Ddd.Domain\bin\Debug\net9.0\Volo.Abp.Ddd.Domain.dll" to "bin\Debug\net9.0\Volo.Abp.Ddd.Domain.dll". Beginning retry 6 in 1000ms. The process cannot access the file 'E:\TreadSnow\TreadSnow Github2\src\TreadSnow.HttpApi.Host\bin\Debug\net9.0\Volo.Abp.Ddd.Domain.dll' because it is being used by another process. The file is locked by: "TreadSnow.HttpApi.Host (46584)" [E:\TreadSnow\TreadSnow Github2\src\TreadSnow.HttpApi.Host\TreadSnow.HttpApi.Host.csproj]
C:\Program Files\dotnet\sdk\9.0.202\Microsoft.Common.CurrentVersion.targets(5063,5): warning MSB3026: Could not copy "E:\TreadSnow\TreadSnow Github2\ABP9.1.1\framework\src\Volo.Abp.Core\bin\Debug\net9.0\Volo.Abp.Core.dll" to "bin\Debug\net9.0\Volo.Abp.Core.dll". Beginning retry 7 in 1000ms. The process cannot access the file 'E:\TreadSnow\TreadSnow Github2\src\TreadSnow.HttpApi.Host\bin\Debug\net9.0\Volo.Abp.Core.dll' because it is being used by another process. The file is locked by: "TreadSnow.HttpApi.Host (46584)" [E:\TreadSnow\TreadSnow Github2\src\TreadSnow.HttpApi.Host\TreadSnow.HttpApi.Host.csproj]
C:\Program Files\dotnet\sdk\9.0.202\Microsoft.Common.CurrentVersion.targets(5063,5): warning MSB3026: Could not copy "E:\TreadSnow\TreadSnow Github2\ABP9.1.1\framework\src\Volo.Abp.Ddd.Application.Contracts\bin\Debug\net9.0\Volo.Abp.Ddd.Application.Contracts.dll" to "bin\Debug\net9.0\Volo.Abp.Ddd.Application.Contracts.dll". Beginning retry 7 in 1000ms. The process cannot access the file 'E:\TreadSnow\TreadSnow Github2\src\TreadSnow.HttpApi.Host\bin\Debug\net9.0\Volo.Abp.Ddd.Application.Contracts.dll' because it is being used by another process. The file is locked by: "TreadSnow.HttpApi.Host (46584)" [E:\TreadSnow\TreadSnow Github2\src\TreadSnow.HttpApi.Host\TreadSnow.HttpApi.Host.csproj]
C:\Program Files\dotnet\sdk\9.0.202\Microsoft.Common.CurrentVersion.targets(5063,5): warning MSB3026: Could not copy "E:\TreadSnow\TreadSnow Github2\ABP9.1.1\framework\src\Volo.Abp.BackgroundWorkers\bin\Debug\net9.0\Volo.Abp.BackgroundWorkers.dll" to "bin\Debug\net9.0\Volo.Abp.BackgroundWorkers.dll". Beginning retry 8 in 1000ms. The process cannot access the file 'E:\TreadSnow\TreadSnow Github2\src\TreadSnow.HttpApi.Host\bin\Debug\net9.0\Volo.Abp.BackgroundWorkers.dll' because it is being used by another process. The file is locked by: "TreadSnow.HttpApi.Host (46584)" [E:\TreadSnow\TreadSnow Github2\src\TreadSnow.HttpApi.Host\TreadSnow.HttpApi.Host.csproj]
C:\Program Files\dotnet\sdk\9.0.202\Microsoft.Common.CurrentVersion.targets(5063,5): warning MSB3026: Could not copy "E:\TreadSnow\TreadSnow Github2\ABP9.1.1\framework\src\Volo.Abp.Ddd.Application\bin\Debug\net9.0\Volo.Abp.Ddd.Application.dll" to "bin\Debug\net9.0\Volo.Abp.Ddd.Application.dll". Beginning retry 7 in 1000ms. The process cannot access the file 'E:\TreadSnow\TreadSnow Github2\src\TreadSnow.HttpApi.Host\bin\Debug\net9.0\Volo.Abp.Ddd.Application.dll' because it is being used by another process. The file is locked by: "TreadSnow.HttpApi.Host (46584)" [E:\TreadSnow\TreadSnow Github2\src\TreadSnow.HttpApi.Host\TreadSnow.HttpApi.Host.csproj]
C:\Program Files\dotnet\sdk\9.0.202\Microsoft.Common.CurrentVersion.targets(5063,5): warning MSB3026: Could not copy "E:\TreadSnow\TreadSnow Github2\ABP9.1.1\framework\src\Volo.Abp.Data\bin\Debug\net9.0\Volo.Abp.Data.dll" to "bin\Debug\net9.0\Volo.Abp.Data.dll". Beginning retry 8 in 1000ms. The process cannot access the file 'E:\TreadSnow\TreadSnow Github2\src\TreadSnow.HttpApi.Host\bin\Debug\net9.0\Volo.Abp.Data.dll' because it is being used by another process. The file is locked by: "TreadSnow.HttpApi.Host (46584)" [E:\TreadSnow\TreadSnow Github2\src\TreadSnow.HttpApi.Host\TreadSnow.HttpApi.Host.csproj]
C:\Program Files\dotnet\sdk\9.0.202\Microsoft.Common.CurrentVersion.targets(5063,5): warning MSB3026: Could not copy "E:\TreadSnow\TreadSnow Github2\ABP9.1.1\framework\src\Volo.Abp.Ddd.Domain\bin\Debug\net9.0\Volo.Abp.Ddd.Domain.dll" to "bin\Debug\net9.0\Volo.Abp.Ddd.Domain.dll". Beginning retry 7 in 1000ms. The process cannot access the file 'E:\TreadSnow\TreadSnow Github2\src\TreadSnow.HttpApi.Host\bin\Debug\net9.0\Volo.Abp.Ddd.Domain.dll' because it is being used by another process. The file is locked by: "TreadSnow.HttpApi.Host (46584)" [E:\TreadSnow\TreadSnow Github2\src\TreadSnow.HttpApi.Host\TreadSnow.HttpApi.Host.csproj]
C:\Program Files\dotnet\sdk\9.0.202\Microsoft.Common.CurrentVersion.targets(5063,5): warning MSB3026: Could not copy "E:\TreadSnow\TreadSnow Github2\ABP9.1.1\framework\src\Volo.Abp.Core\bin\Debug\net9.0\Volo.Abp.Core.dll" to "bin\Debug\net9.0\Volo.Abp.Core.dll". Beginning retry 8 in 1000ms. The process cannot access the file 'E:\TreadSnow\TreadSnow Github2\src\TreadSnow.HttpApi.Host\bin\Debug\net9.0\Volo.Abp.Core.dll' because it is being used by another process. The file is locked by: "TreadSnow.HttpApi.Host (46584)" [E:\TreadSnow\TreadSnow Github2\src\TreadSnow.HttpApi.Host\TreadSnow.HttpApi.Host.csproj]
C:\Program Files\dotnet\sdk\9.0.202\Microsoft.Common.CurrentVersion.targets(5063,5): warning MSB3026: Could not copy "E:\TreadSnow\TreadSnow Github2\ABP9.1.1\framework\src\Volo.Abp.Ddd.Application.Contracts\bin\Debug\net9.0\Volo.Abp.Ddd.Application.Contracts.dll" to "bin\Debug\net9.0\Volo.Abp.Ddd.Application.Contracts.dll". Beginning retry 8 in 1000ms. The process cannot access the file 'E:\TreadSnow\TreadSnow Github2\src\TreadSnow.HttpApi.Host\bin\Debug\net9.0\Volo.Abp.Ddd.Application.Contracts.dll' because it is being used by another process. The file is locked by: "TreadSnow.HttpApi.Host (46584)" [E:\TreadSnow\TreadSnow Github2\src\TreadSnow.HttpApi.Host\TreadSnow.HttpApi.Host.csproj]
C:\Program Files\dotnet\sdk\9.0.202\Microsoft.Common.CurrentVersion.targets(5063,5): warning MSB3026: Could not copy "E:\TreadSnow\TreadSnow Github2\ABP9.1.1\framework\src\Volo.Abp.BackgroundWorkers\bin\Debug\net9.0\Volo.Abp.BackgroundWorkers.dll" to "bin\Debug\net9.0\Volo.Abp.BackgroundWorkers.dll". Beginning retry 9 in 1000ms. The process cannot access the file 'E:\TreadSnow\TreadSnow Github2\src\TreadSnow.HttpApi.Host\bin\Debug\net9.0\Volo.Abp.BackgroundWorkers.dll' because it is being used by another process. The file is locked by: "TreadSnow.HttpApi.Host (46584)" [E:\TreadSnow\TreadSnow Github2\src\TreadSnow.HttpApi.Host\TreadSnow.HttpApi.Host.csproj]
C:\Program Files\dotnet\sdk\9.0.202\Microsoft.Common.CurrentVersion.targets(5063,5): warning MSB3026: Could not copy "E:\TreadSnow\TreadSnow Github2\ABP9.1.1\framework\src\Volo.Abp.Ddd.Application\bin\Debug\net9.0\Volo.Abp.Ddd.Application.dll" to "bin\Debug\net9.0\Volo.Abp.Ddd.Application.dll". Beginning retry 8 in 1000ms. The process cannot access the file 'E:\TreadSnow\TreadSnow Github2\src\TreadSnow.HttpApi.Host\bin\Debug\net9.0\Volo.Abp.Ddd.Application.dll' because it is being used by another process. The file is locked by: "TreadSnow.HttpApi.Host (46584)" [E:\TreadSnow\TreadSnow Github2\src\TreadSnow.HttpApi.Host\TreadSnow.HttpApi.Host.csproj]
C:\Program Files\dotnet\sdk\9.0.202\Microsoft.Common.CurrentVersion.targets(5063,5): warning MSB3026: Could not copy "E:\TreadSnow\TreadSnow Github2\ABP9.1.1\framework\src\Volo.Abp.Data\bin\Debug\net9.0\Volo.Abp.Data.dll" to "bin\Debug\net9.0\Volo.Abp.Data.dll". Beginning retry 9 in 1000ms. The process cannot access the file 'E:\TreadSnow\TreadSnow Github2\src\TreadSnow.HttpApi.Host\bin\Debug\net9.0\Volo.Abp.Data.dll' because it is being used by another process. The file is locked by: "TreadSnow.HttpApi.Host (46584)" [E:\TreadSnow\TreadSnow Github2\src\TreadSnow.HttpApi.Host\TreadSnow.HttpApi.Host.csproj]
C:\Program Files\dotnet\sdk\9.0.202\Microsoft.Common.CurrentVersion.targets(5063,5): warning MSB3026: Could not copy "E:\TreadSnow\TreadSnow Github2\ABP9.1.1\framework\src\Volo.Abp.Ddd.Domain\bin\Debug\net9.0\Volo.Abp.Ddd.Domain.dll" to "bin\Debug\net9.0\Volo.Abp.Ddd.Domain.dll". Beginning retry 8 in 1000ms. The process cannot access the file 'E:\TreadSnow\TreadSnow Github2\src\TreadSnow.HttpApi.Host\bin\Debug\net9.0\Volo.Abp.Ddd.Domain.dll' because it is being used by another process. The file is locked by: "TreadSnow.HttpApi.Host (46584)" [E:\TreadSnow\TreadSnow Github2\src\TreadSnow.HttpApi.Host\TreadSnow.HttpApi.Host.csproj]
C:\Program Files\dotnet\sdk\9.0.202\Microsoft.Common.CurrentVersion.targets(5063,5): warning MSB3026: Could not copy "E:\TreadSnow\TreadSnow Github2\ABP9.1.1\framework\src\Volo.Abp.Ddd.Application.Contracts\bin\Debug\net9.0\Volo.Abp.Ddd.Application.Contracts.dll" to "bin\Debug\net9.0\Volo.Abp.Ddd.Application.Contracts.dll". Beginning retry 9 in 1000ms. The process cannot access the file 'E:\TreadSnow\TreadSnow Github2\src\TreadSnow.HttpApi.Host\bin\Debug\net9.0\Volo.Abp.Ddd.Application.Contracts.dll' because it is being used by another process. The file is locked by: "TreadSnow.HttpApi.Host (46584)" [E:\TreadSnow\TreadSnow Github2\src\TreadSnow.HttpApi.Host\TreadSnow.HttpApi.Host.csproj]
C:\Program Files\dotnet\sdk\9.0.202\Microsoft.Common.CurrentVersion.targets(5063,5): warning MSB3026: Could not copy "E:\TreadSnow\TreadSnow Github2\ABP9.1.1\framework\src\Volo.Abp.Core\bin\Debug\net9.0\Volo.Abp.Core.dll" to "bin\Debug\net9.0\Volo.Abp.Core.dll". Beginning retry 9 in 1000ms. The process cannot access the file 'E:\TreadSnow\TreadSnow Github2\src\TreadSnow.HttpApi.Host\bin\Debug\net9.0\Volo.Abp.Core.dll' because it is being used by another process. The file is locked by: "TreadSnow.HttpApi.Host (46584)" [E:\TreadSnow\TreadSnow Github2\src\TreadSnow.HttpApi.Host\TreadSnow.HttpApi.Host.csproj]
C:\Program Files\dotnet\sdk\9.0.202\Microsoft.Common.CurrentVersion.targets(5063,5): warning MSB3026: Could not copy "E:\TreadSnow\TreadSnow Github2\ABP9.1.1\framework\src\Volo.Abp.BackgroundWorkers\bin\Debug\net9.0\Volo.Abp.BackgroundWorkers.dll" to "bin\Debug\net9.0\Volo.Abp.BackgroundWorkers.dll". Beginning retry 10 in 1000ms. The process cannot access the file 'E:\TreadSnow\TreadSnow Github2\src\TreadSnow.HttpApi.Host\bin\Debug\net9.0\Volo.Abp.BackgroundWorkers.dll' because it is being used by another process. The file is locked by: "TreadSnow.HttpApi.Host (46584)" [E:\TreadSnow\TreadSnow Github2\src\TreadSnow.HttpApi.Host\TreadSnow.HttpApi.Host.csproj]
C:\Program Files\dotnet\sdk\9.0.202\Microsoft.Common.CurrentVersion.targets(5063,5): warning MSB3026: Could not copy "E:\TreadSnow\TreadSnow Github2\ABP9.1.1\framework\src\Volo.Abp.Ddd.Application\bin\Debug\net9.0\Volo.Abp.Ddd.Application.dll" to "bin\Debug\net9.0\Volo.Abp.Ddd.Application.dll". Beginning retry 9 in 1000ms. The process cannot access the file 'E:\TreadSnow\TreadSnow Github2\src\TreadSnow.HttpApi.Host\bin\Debug\net9.0\Volo.Abp.Ddd.Application.dll' because it is being used by another process. The file is locked by: "TreadSnow.HttpApi.Host (46584)" [E:\TreadSnow\TreadSnow Github2\src\TreadSnow.HttpApi.Host\TreadSnow.HttpApi.Host.csproj]
C:\Program Files\dotnet\sdk\9.0.202\Microsoft.Common.CurrentVersion.targets(5063,5): warning MSB3026: Could not copy "E:\TreadSnow\TreadSnow Github2\ABP9.1.1\framework\src\Volo.Abp.Data\bin\Debug\net9.0\Volo.Abp.Data.dll" to "bin\Debug\net9.0\Volo.Abp.Data.dll". Beginning retry 10 in 1000ms. The process cannot access the file 'E:\TreadSnow\TreadSnow Github2\src\TreadSnow.HttpApi.Host\bin\Debug\net9.0\Volo.Abp.Data.dll' because it is being used by another process. The file is locked by: "TreadSnow.HttpApi.Host (46584)" [E:\TreadSnow\TreadSnow Github2\src\TreadSnow.HttpApi.Host\TreadSnow.HttpApi.Host.csproj]
C:\Program Files\dotnet\sdk\9.0.202\Microsoft.Common.CurrentVersion.targets(5063,5): warning MSB3026: Could not copy "E:\TreadSnow\TreadSnow Github2\ABP9.1.1\framework\src\Volo.Abp.Ddd.Domain\bin\Debug\net9.0\Volo.Abp.Ddd.Domain.dll" to "bin\Debug\net9.0\Volo.Abp.Ddd.Domain.dll". Beginning retry 9 in 1000ms. The process cannot access the file 'E:\TreadSnow\TreadSnow Github2\src\TreadSnow.HttpApi.Host\bin\Debug\net9.0\Volo.Abp.Ddd.Domain.dll' because it is being used by another process. The file is locked by: "TreadSnow.HttpApi.Host (46584)" [E:\TreadSnow\TreadSnow Github2\src\TreadSnow.HttpApi.Host\TreadSnow.HttpApi.Host.csproj]
C:\Program Files\dotnet\sdk\9.0.202\Microsoft.Common.CurrentVersion.targets(5063,5): warning MSB3026: Could not copy "E:\TreadSnow\TreadSnow Github2\ABP9.1.1\framework\src\Volo.Abp.Ddd.Application.Contracts\bin\Debug\net9.0\Volo.Abp.Ddd.Application.Contracts.dll" to "bin\Debug\net9.0\Volo.Abp.Ddd.Application.Contracts.dll". Beginning retry 10 in 1000ms. The process cannot access the file 'E:\TreadSnow\TreadSnow Github2\src\TreadSnow.HttpApi.Host\bin\Debug\net9.0\Volo.Abp.Ddd.Application.Contracts.dll' because it is being used by another process. The file is locked by: "TreadSnow.HttpApi.Host (46584)" [E:\TreadSnow\TreadSnow Github2\src\TreadSnow.HttpApi.Host\TreadSnow.HttpApi.Host.csproj]
C:\Program Files\dotnet\sdk\9.0.202\Microsoft.Common.CurrentVersion.targets(5063,5): warning MSB3026: Could not copy "E:\TreadSnow\TreadSnow Github2\ABP9.1.1\framework\src\Volo.Abp.Core\bin\Debug\net9.0\Volo.Abp.Core.dll" to "bin\Debug\net9.0\Volo.Abp.Core.dll". Beginning retry 10 in 1000ms. The process cannot access the file 'E:\TreadSnow\TreadSnow Github2\src\TreadSnow.HttpApi.Host\bin\Debug\net9.0\Volo.Abp.Core.dll' because it is being used by another process. The file is locked by: "TreadSnow.HttpApi.Host (46584)" [E:\TreadSnow\TreadSnow Github2\src\TreadSnow.HttpApi.Host\TreadSnow.HttpApi.Host.csproj]
C:\Program Files\dotnet\sdk\9.0.202\Microsoft.Common.CurrentVersion.targets(5063,5): error MSB3027: Could not copy "E:\TreadSnow\TreadSnow Github2\ABP9.1.1\framework\src\Volo.Abp.BackgroundWorkers\bin\Debug\net9.0\Volo.Abp.BackgroundWorkers.dll" to "bin\Debug\net9.0\Volo.Abp.BackgroundWorkers.dll". Exceeded retry count of 10. Failed. The file is locked by: "TreadSnow.HttpApi.Host (46584)" [E:\TreadSnow\TreadSnow Github2\src\TreadSnow.HttpApi.Host\TreadSnow.HttpApi.Host.csproj]
C:\Program Files\dotnet\sdk\9.0.202\Microsoft.Common.CurrentVersion.targets(5063,5): error MSB3021: Unable to copy file "E:\TreadSnow\TreadSnow Github2\ABP9.1.1\framework\src\Volo.Abp.BackgroundWorkers\bin\Debug\net9.0\Volo.Abp.BackgroundWorkers.dll" to "bin\Debug\net9.0\Volo.Abp.BackgroundWorkers.dll". The process cannot access the file 'E:\TreadSnow\TreadSnow Github2\src\TreadSnow.HttpApi.Host\bin\Debug\net9.0\Volo.Abp.BackgroundWorkers.dll' because it is being used by another process. [E:\TreadSnow\TreadSnow Github2\src\TreadSnow.HttpApi.Host\TreadSnow.HttpApi.Host.csproj]
C:\Program Files\dotnet\sdk\9.0.202\Microsoft.Common.CurrentVersion.targets(5063,5): warning MSB3026: Could not copy "E:\TreadSnow\TreadSnow Github2\ABP9.1.1\framework\src\Volo.Abp.Ddd.Domain.Shared\bin\Debug\net9.0\Volo.Abp.Ddd.Domain.Shared.dll" to "bin\Debug\net9.0\Volo.Abp.Ddd.Domain.Shared.dll". Beginning retry 1 in 1000ms. The process cannot access the file 'E:\TreadSnow\TreadSnow Github2\src\TreadSnow.HttpApi.Host\bin\Debug\net9.0\Volo.Abp.Ddd.Domain.Shared.dll' because it is being used by another process. The file is locked by: "TreadSnow.HttpApi.Host (46584)" [E:\TreadSnow\TreadSnow Github2\src\TreadSnow.HttpApi.Host\TreadSnow.HttpApi.Host.csproj]
C:\Program Files\dotnet\sdk\9.0.202\Microsoft.Common.CurrentVersion.targets(5063,5): warning MSB3026: Could not copy "E:\TreadSnow\TreadSnow Github2\ABP9.1.1\framework\src\Volo.Abp.Ddd.Application\bin\Debug\net9.0\Volo.Abp.Ddd.Application.dll" to "bin\Debug\net9.0\Volo.Abp.Ddd.Application.dll". Beginning retry 10 in 1000ms. The process cannot access the file 'E:\TreadSnow\TreadSnow Github2\src\TreadSnow.HttpApi.Host\bin\Debug\net9.0\Volo.Abp.Ddd.Application.dll' because it is being used by another process. The file is locked by: "TreadSnow.HttpApi.Host (46584)" [E:\TreadSnow\TreadSnow Github2\src\TreadSnow.HttpApi.Host\TreadSnow.HttpApi.Host.csproj]
C:\Program Files\dotnet\sdk\9.0.202\Microsoft.Common.CurrentVersion.targets(5063,5): warning MSB3026: Could not copy "E:\TreadSnow\TreadSnow Github2\ABP9.1.1\framework\src\Volo.Abp.Ddd.Domain\bin\Debug\net9.0\Volo.Abp.Ddd.Domain.dll" to "bin\Debug\net9.0\Volo.Abp.Ddd.Domain.dll". Beginning retry 10 in 1000ms. The process cannot access the file 'E:\TreadSnow\TreadSnow Github2\src\TreadSnow.HttpApi.Host\bin\Debug\net9.0\Volo.Abp.Ddd.Domain.dll' because it is being used by another process. The file is locked by: "TreadSnow.HttpApi.Host (46584)" [E:\TreadSnow\TreadSnow Github2\src\TreadSnow.HttpApi.Host\TreadSnow.HttpApi.Host.csproj]
C:\Program Files\dotnet\sdk\9.0.202\Microsoft.Common.CurrentVersion.targets(5063,5): error MSB3027: Could not copy "E:\TreadSnow\TreadSnow Github2\ABP9.1.1\framework\src\Volo.Abp.Data\bin\Debug\net9.0\Volo.Abp.Data.dll" to "bin\Debug\net9.0\Volo.Abp.Data.dll". Exceeded retry count of 10. Failed. The file is locked by: "TreadSnow.HttpApi.Host (46584)" [E:\TreadSnow\TreadSnow Github2\src\TreadSnow.HttpApi.Host\TreadSnow.HttpApi.Host.csproj]
C:\Program Files\dotnet\sdk\9.0.202\Microsoft.Common.CurrentVersion.targets(5063,5): error MSB3021: Unable to copy file "E:\TreadSnow\TreadSnow Github2\ABP9.1.1\framework\src\Volo.Abp.Data\bin\Debug\net9.0\Volo.Abp.Data.dll" to "bin\Debug\net9.0\Volo.Abp.Data.dll". The process cannot access the file 'E:\TreadSnow\TreadSnow Github2\src\TreadSnow.HttpApi.Host\bin\Debug\net9.0\Volo.Abp.Data.dll' because it is being used by another process. [E:\TreadSnow\TreadSnow Github2\src\TreadSnow.HttpApi.Host\TreadSnow.HttpApi.Host.csproj]
C:\Program Files\dotnet\sdk\9.0.202\Microsoft.Common.CurrentVersion.targets(5063,5): warning MSB3026: Could not copy "E:\TreadSnow\TreadSnow Github2\ABP9.1.1\framework\src\Volo.Abp.DistributedLocking.Abstractions\bin\Debug\net9.0\Volo.Abp.DistributedLocking.Abstractions.dll" to "bin\Debug\net9.0\Volo.Abp.DistributedLocking.Abstractions.dll". Beginning retry 1 in 1000ms. The process cannot access the file 'E:\TreadSnow\TreadSnow Github2\src\TreadSnow.HttpApi.Host\bin\Debug\net9.0\Volo.Abp.DistributedLocking.Abstractions.dll' because it is being used by another process. The file is locked by: "TreadSnow.HttpApi.Host (46584)" [E:\TreadSnow\TreadSnow Github2\src\TreadSnow.HttpApi.Host\TreadSnow.HttpApi.Host.csproj]
C:\Program Files\dotnet\sdk\9.0.202\Microsoft.Common.CurrentVersion.targets(5063,5): error MSB3027: Could not copy "E:\TreadSnow\TreadSnow Github2\ABP9.1.1\framework\src\Volo.Abp.Ddd.Application.Contracts\bin\Debug\net9.0\Volo.Abp.Ddd.Application.Contracts.dll" to "bin\Debug\net9.0\Volo.Abp.Ddd.Application.Contracts.dll". Exceeded retry count of 10. Failed. The file is locked by: "TreadSnow.HttpApi.Host (46584)" [E:\TreadSnow\TreadSnow Github2\src\TreadSnow.HttpApi.Host\TreadSnow.HttpApi.Host.csproj]
C:\Program Files\dotnet\sdk\9.0.202\Microsoft.Common.CurrentVersion.targets(5063,5): error MSB3021: Unable to copy file "E:\TreadSnow\TreadSnow Github2\ABP9.1.1\framework\src\Volo.Abp.Ddd.Application.Contracts\bin\Debug\net9.0\Volo.Abp.Ddd.Application.Contracts.dll" to "bin\Debug\net9.0\Volo.Abp.Ddd.Application.Contracts.dll". The process cannot access the file 'E:\TreadSnow\TreadSnow Github2\src\TreadSnow.HttpApi.Host\bin\Debug\net9.0\Volo.Abp.Ddd.Application.Contracts.dll' because it is being used by another process. [E:\TreadSnow\TreadSnow Github2\src\TreadSnow.HttpApi.Host\TreadSnow.HttpApi.Host.csproj]
C:\Program Files\dotnet\sdk\9.0.202\Microsoft.Common.CurrentVersion.targets(5063,5): error MSB3027: Could not copy "E:\TreadSnow\TreadSnow Github2\ABP9.1.1\framework\src\Volo.Abp.Core\bin\Debug\net9.0\Volo.Abp.Core.dll" to "bin\Debug\net9.0\Volo.Abp.Core.dll". Exceeded retry count of 10. Failed. The file is locked by: "TreadSnow.HttpApi.Host (46584)" [E:\TreadSnow\TreadSnow Github2\src\TreadSnow.HttpApi.Host\TreadSnow.HttpApi.Host.csproj]
C:\Program Files\dotnet\sdk\9.0.202\Microsoft.Common.CurrentVersion.targets(5063,5): error MSB3021: Unable to copy file "E:\TreadSnow\TreadSnow Github2\ABP9.1.1\framework\src\Volo.Abp.Core\bin\Debug\net9.0\Volo.Abp.Core.dll" to "bin\Debug\net9.0\Volo.Abp.Core.dll". The process cannot access the file 'E:\TreadSnow\TreadSnow Github2\src\TreadSnow.HttpApi.Host\bin\Debug\net9.0\Volo.Abp.Core.dll' because it is being used by another process. [E:\TreadSnow\TreadSnow Github2\src\TreadSnow.HttpApi.Host\TreadSnow.HttpApi.Host.csproj]
C:\Program Files\dotnet\sdk\9.0.202\Microsoft.Common.CurrentVersion.targets(5063,5): warning MSB3026: Could not copy "E:\TreadSnow\TreadSnow Github2\ABP9.1.1\framework\src\Volo.Abp.Emailing\bin\Debug\net9.0\Volo.Abp.Emailing.dll" to "bin\Debug\net9.0\Volo.Abp.Emailing.dll". Beginning retry 1 in 1000ms. The process cannot access the file 'E:\TreadSnow\TreadSnow Github2\src\TreadSnow.HttpApi.Host\bin\Debug\net9.0\Volo.Abp.Emailing.dll' because it is being used by another process. The file is locked by: "TreadSnow.HttpApi.Host (46584)" [E:\TreadSnow\TreadSnow Github2\src\TreadSnow.HttpApi.Host\TreadSnow.HttpApi.Host.csproj]
C:\Program Files\dotnet\sdk\9.0.202\Microsoft.Common.CurrentVersion.targets(5063,5): warning MSB3026: Could not copy "E:\TreadSnow\TreadSnow Github2\ABP9.1.1\framework\src\Volo.Abp.EntityFrameworkCore\bin\Debug\net9.0\Volo.Abp.EntityFrameworkCore.dll" to "bin\Debug\net9.0\Volo.Abp.EntityFrameworkCore.dll". Beginning retry 1 in 1000ms. The process cannot access the file 'E:\TreadSnow\TreadSnow Github2\src\TreadSnow.HttpApi.Host\bin\Debug\net9.0\Volo.Abp.EntityFrameworkCore.dll' because it is being used by another process. The file is locked by: "TreadSnow.HttpApi.Host (46584)" [E:\TreadSnow\TreadSnow Github2\src\TreadSnow.HttpApi.Host\TreadSnow.HttpApi.Host.csproj]
C:\Program Files\dotnet\sdk\9.0.202\Microsoft.Common.CurrentVersion.targets(5063,5): error MSB3027: Could not copy "E:\TreadSnow\TreadSnow Github2\ABP9.1.1\framework\src\Volo.Abp.Ddd.Application\bin\Debug\net9.0\Volo.Abp.Ddd.Application.dll" to "bin\Debug\net9.0\Volo.Abp.Ddd.Application.dll". Exceeded retry count of 10. Failed. The file is locked by: "TreadSnow.HttpApi.Host (46584)" [E:\TreadSnow\TreadSnow Github2\src\TreadSnow.HttpApi.Host\TreadSnow.HttpApi.Host.csproj]
C:\Program Files\dotnet\sdk\9.0.202\Microsoft.Common.CurrentVersion.targets(5063,5): error MSB3021: Unable to copy file "E:\TreadSnow\TreadSnow Github2\ABP9.1.1\framework\src\Volo.Abp.Ddd.Application\bin\Debug\net9.0\Volo.Abp.Ddd.Application.dll" to "bin\Debug\net9.0\Volo.Abp.Ddd.Application.dll". The process cannot access the file 'E:\TreadSnow\TreadSnow Github2\src\TreadSnow.HttpApi.Host\bin\Debug\net9.0\Volo.Abp.Ddd.Application.dll' because it is being used by another process. [E:\TreadSnow\TreadSnow Github2\src\TreadSnow.HttpApi.Host\TreadSnow.HttpApi.Host.csproj]
C:\Program Files\dotnet\sdk\9.0.202\Microsoft.Common.CurrentVersion.targets(5063,5): warning MSB3026: Could not copy "E:\TreadSnow\TreadSnow Github2\ABP9.1.1\framework\src\Volo.Abp.Ddd.Domain.Shared\bin\Debug\net9.0\Volo.Abp.Ddd.Domain.Shared.dll" to "bin\Debug\net9.0\Volo.Abp.Ddd.Domain.Shared.dll". Beginning retry 2 in 1000ms. The process cannot access the file 'E:\TreadSnow\TreadSnow Github2\src\TreadSnow.HttpApi.Host\bin\Debug\net9.0\Volo.Abp.Ddd.Domain.Shared.dll' because it is being used by another process. The file is locked by: "TreadSnow.HttpApi.Host (46584)" [E:\TreadSnow\TreadSnow Github2\src\TreadSnow.HttpApi.Host\TreadSnow.HttpApi.Host.csproj]
C:\Program Files\dotnet\sdk\9.0.202\Microsoft.Common.CurrentVersion.targets(5063,5): warning MSB3026: Could not copy "E:\TreadSnow\TreadSnow Github2\ABP9.1.1\framework\src\Volo.Abp.EventBus.Abstractions\bin\Debug\net9.0\Volo.Abp.EventBus.Abstractions.dll" to "bin\Debug\net9.0\Volo.Abp.EventBus.Abstractions.dll". Beginning retry 1 in 1000ms. The process cannot access the file 'E:\TreadSnow\TreadSnow Github2\src\TreadSnow.HttpApi.Host\bin\Debug\net9.0\Volo.Abp.EventBus.Abstractions.dll' because it is being used by another process. The file is locked by: "TreadSnow.HttpApi.Host (46584)" [E:\TreadSnow\TreadSnow Github2\src\TreadSnow.HttpApi.Host\TreadSnow.HttpApi.Host.csproj]
C:\Program Files\dotnet\sdk\9.0.202\Microsoft.Common.CurrentVersion.targets(5063,5): error MSB3027: Could not copy "E:\TreadSnow\TreadSnow Github2\ABP9.1.1\framework\src\Volo.Abp.Ddd.Domain\bin\Debug\net9.0\Volo.Abp.Ddd.Domain.dll" to "bin\Debug\net9.0\Volo.Abp.Ddd.Domain.dll". Exceeded retry count of 10. Failed. The file is locked by: "TreadSnow.HttpApi.Host (46584)" [E:\TreadSnow\TreadSnow Github2\src\TreadSnow.HttpApi.Host\TreadSnow.HttpApi.Host.csproj]
C:\Program Files\dotnet\sdk\9.0.202\Microsoft.Common.CurrentVersion.targets(5063,5): error MSB3021: Unable to copy file "E:\TreadSnow\TreadSnow Github2\ABP9.1.1\framework\src\Volo.Abp.Ddd.Domain\bin\Debug\net9.0\Volo.Abp.Ddd.Domain.dll" to "bin\Debug\net9.0\Volo.Abp.Ddd.Domain.dll". The process cannot access the file 'E:\TreadSnow\TreadSnow Github2\src\TreadSnow.HttpApi.Host\bin\Debug\net9.0\Volo.Abp.Ddd.Domain.dll' because it is being used by another process. [E:\TreadSnow\TreadSnow Github2\src\TreadSnow.HttpApi.Host\TreadSnow.HttpApi.Host.csproj]
C:\Program Files\dotnet\sdk\9.0.202\Microsoft.Common.CurrentVersion.targets(5063,5): warning MSB3026: Could not copy "E:\TreadSnow\TreadSnow Github2\ABP9.1.1\framework\src\Volo.Abp.EventBus\bin\Debug\net9.0\Volo.Abp.EventBus.dll" to "bin\Debug\net9.0\Volo.Abp.EventBus.dll". Beginning retry 1 in 1000ms. The process cannot access the file 'E:\TreadSnow\TreadSnow Github2\src\TreadSnow.HttpApi.Host\bin\Debug\net9.0\Volo.Abp.EventBus.dll' because it is being used by another process. The file is locked by: "TreadSnow.HttpApi.Host (46584)" [E:\TreadSnow\TreadSnow Github2\src\TreadSnow.HttpApi.Host\TreadSnow.HttpApi.Host.csproj]
C:\Program Files\dotnet\sdk\9.0.202\Microsoft.Common.CurrentVersion.targets(5063,5): warning MSB3026: Could not copy "E:\TreadSnow\TreadSnow Github2\ABP9.1.1\framework\src\Volo.Abp.DistributedLocking.Abstractions\bin\Debug\net9.0\Volo.Abp.DistributedLocking.Abstractions.dll" to "bin\Debug\net9.0\Volo.Abp.DistributedLocking.Abstractions.dll". Beginning retry 2 in 1000ms. The process cannot access the file 'E:\TreadSnow\TreadSnow Github2\src\TreadSnow.HttpApi.Host\bin\Debug\net9.0\Volo.Abp.DistributedLocking.Abstractions.dll' because it is being used by another process. The file is locked by: "TreadSnow.HttpApi.Host (46584)" [E:\TreadSnow\TreadSnow Github2\src\TreadSnow.HttpApi.Host\TreadSnow.HttpApi.Host.csproj]
C:\Program Files\dotnet\sdk\9.0.202\Microsoft.Common.CurrentVersion.targets(5063,5): warning MSB3026: Could not copy "E:\TreadSnow\TreadSnow Github2\ABP9.1.1\framework\src\Volo.Abp.Emailing\bin\Debug\net9.0\Volo.Abp.Emailing.dll" to "bin\Debug\net9.0\Volo.Abp.Emailing.dll". Beginning retry 2 in 1000ms. The process cannot access the file 'E:\TreadSnow\TreadSnow Github2\src\TreadSnow.HttpApi.Host\bin\Debug\net9.0\Volo.Abp.Emailing.dll' because it is being used by another process. The file is locked by: "TreadSnow.HttpApi.Host (46584)" [E:\TreadSnow\TreadSnow Github2\src\TreadSnow.HttpApi.Host\TreadSnow.HttpApi.Host.csproj]
C:\Program Files\dotnet\sdk\9.0.202\Microsoft.Common.CurrentVersion.targets(5063,5): warning MSB3026: Could not copy "E:\TreadSnow\TreadSnow Github2\ABP9.1.1\framework\src\Volo.Abp.EntityFrameworkCore\bin\Debug\net9.0\Volo.Abp.EntityFrameworkCore.dll" to "bin\Debug\net9.0\Volo.Abp.EntityFrameworkCore.dll". Beginning retry 2 in 1000ms. The process cannot access the file 'E:\TreadSnow\TreadSnow Github2\src\TreadSnow.HttpApi.Host\bin\Debug\net9.0\Volo.Abp.EntityFrameworkCore.dll' because it is being used by another process. The file is locked by: "TreadSnow.HttpApi.Host (46584)" [E:\TreadSnow\TreadSnow Github2\src\TreadSnow.HttpApi.Host\TreadSnow.HttpApi.Host.csproj]
C:\Program Files\dotnet\sdk\9.0.202\Microsoft.Common.CurrentVersion.targets(5063,5): warning MSB3026: Could not copy "E:\TreadSnow\TreadSnow Github2\ABP9.1.1\framework\src\Volo.Abp.Ddd.Domain.Shared\bin\Debug\net9.0\Volo.Abp.Ddd.Domain.Shared.dll" to "bin\Debug\net9.0\Volo.Abp.Ddd.Domain.Shared.dll". Beginning retry 3 in 1000ms. The process cannot access the file 'E:\TreadSnow\TreadSnow Github2\src\TreadSnow.HttpApi.Host\bin\Debug\net9.0\Volo.Abp.Ddd.Domain.Shared.dll' because it is being used by another process. The file is locked by: "TreadSnow.HttpApi.Host (46584)" [E:\TreadSnow\TreadSnow Github2\src\TreadSnow.HttpApi.Host\TreadSnow.HttpApi.Host.csproj]
C:\Program Files\dotnet\sdk\9.0.202\Microsoft.Common.CurrentVersion.targets(5063,5): warning MSB3026: Could not copy "E:\TreadSnow\TreadSnow Github2\ABP9.1.1\framework\src\Volo.Abp.EventBus.Abstractions\bin\Debug\net9.0\Volo.Abp.EventBus.Abstractions.dll" to "bin\Debug\net9.0\Volo.Abp.EventBus.Abstractions.dll". Beginning retry 2 in 1000ms. The process cannot access the file 'E:\TreadSnow\TreadSnow Github2\src\TreadSnow.HttpApi.Host\bin\Debug\net9.0\Volo.Abp.EventBus.Abstractions.dll' because it is being used by another process. The file is locked by: "TreadSnow.HttpApi.Host (46584)" [E:\TreadSnow\TreadSnow Github2\src\TreadSnow.HttpApi.Host\TreadSnow.HttpApi.Host.csproj]
C:\Program Files\dotnet\sdk\9.0.202\Microsoft.Common.CurrentVersion.targets(5063,5): warning MSB3026: Could not copy "E:\TreadSnow\TreadSnow Github2\ABP9.1.1\framework\src\Volo.Abp.EventBus\bin\Debug\net9.0\Volo.Abp.EventBus.dll" to "bin\Debug\net9.0\Volo.Abp.EventBus.dll". Beginning retry 2 in 1000ms. The process cannot access the file 'E:\TreadSnow\TreadSnow Github2\src\TreadSnow.HttpApi.Host\bin\Debug\net9.0\Volo.Abp.EventBus.dll' because it is being used by another process. The file is locked by: "TreadSnow.HttpApi.Host (46584)" [E:\TreadSnow\TreadSnow Github2\src\TreadSnow.HttpApi.Host\TreadSnow.HttpApi.Host.csproj]
C:\Program Files\dotnet\sdk\9.0.202\Microsoft.Common.CurrentVersion.targets(5063,5): warning MSB3026: Could not copy "E:\TreadSnow\TreadSnow Github2\ABP9.1.1\framework\src\Volo.Abp.DistributedLocking.Abstractions\bin\Debug\net9.0\Volo.Abp.DistributedLocking.Abstractions.dll" to "bin\Debug\net9.0\Volo.Abp.DistributedLocking.Abstractions.dll". Beginning retry 3 in 1000ms. The process cannot access the file 'E:\TreadSnow\TreadSnow Github2\src\TreadSnow.HttpApi.Host\bin\Debug\net9.0\Volo.Abp.DistributedLocking.Abstractions.dll' because it is being used by another process. The file is locked by: "TreadSnow.HttpApi.Host (46584)" [E:\TreadSnow\TreadSnow Github2\src\TreadSnow.HttpApi.Host\TreadSnow.HttpApi.Host.csproj]
C:\Program Files\dotnet\sdk\9.0.202\Microsoft.Common.CurrentVersion.targets(5063,5): warning MSB3026: Could not copy "E:\TreadSnow\TreadSnow Github2\ABP9.1.1\framework\src\Volo.Abp.Emailing\bin\Debug\net9.0\Volo.Abp.Emailing.dll" to "bin\Debug\net9.0\Volo.Abp.Emailing.dll". Beginning retry 3 in 1000ms. The process cannot access the file 'E:\TreadSnow\TreadSnow Github2\src\TreadSnow.HttpApi.Host\bin\Debug\net9.0\Volo.Abp.Emailing.dll' because it is being used by another process. The file is locked by: "TreadSnow.HttpApi.Host (46584)" [E:\TreadSnow\TreadSnow Github2\src\TreadSnow.HttpApi.Host\TreadSnow.HttpApi.Host.csproj]
C:\Program Files\dotnet\sdk\9.0.202\Microsoft.Common.CurrentVersion.targets(5063,5): warning MSB3026: Could not copy "E:\TreadSnow\TreadSnow Github2\ABP9.1.1\framework\src\Volo.Abp.EntityFrameworkCore\bin\Debug\net9.0\Volo.Abp.EntityFrameworkCore.dll" to "bin\Debug\net9.0\Volo.Abp.EntityFrameworkCore.dll". Beginning retry 3 in 1000ms. The process cannot access the file 'E:\TreadSnow\TreadSnow Github2\src\TreadSnow.HttpApi.Host\bin\Debug\net9.0\Volo.Abp.EntityFrameworkCore.dll' because it is being used by another process. The file is locked by: "TreadSnow.HttpApi.Host (46584)" [E:\TreadSnow\TreadSnow Github2\src\TreadSnow.HttpApi.Host\TreadSnow.HttpApi.Host.csproj]
C:\Program Files\dotnet\sdk\9.0.202\Microsoft.Common.CurrentVersion.targets(5063,5): warning MSB3026: Could not copy "E:\TreadSnow\TreadSnow Github2\ABP9.1.1\framework\src\Volo.Abp.Ddd.Domain.Shared\bin\Debug\net9.0\Volo.Abp.Ddd.Domain.Shared.dll" to "bin\Debug\net9.0\Volo.Abp.Ddd.Domain.Shared.dll". Beginning retry 4 in 1000ms. The process cannot access the file 'E:\TreadSnow\TreadSnow Github2\src\TreadSnow.HttpApi.Host\bin\Debug\net9.0\Volo.Abp.Ddd.Domain.Shared.dll' because it is being used by another process. The file is locked by: "TreadSnow.HttpApi.Host (46584)" [E:\TreadSnow\TreadSnow Github2\src\TreadSnow.HttpApi.Host\TreadSnow.HttpApi.Host.csproj]
C:\Program Files\dotnet\sdk\9.0.202\Microsoft.Common.CurrentVersion.targets(5063,5): warning MSB3026: Could not copy "E:\TreadSnow\TreadSnow Github2\ABP9.1.1\framework\src\Volo.Abp.EventBus.Abstractions\bin\Debug\net9.0\Volo.Abp.EventBus.Abstractions.dll" to "bin\Debug\net9.0\Volo.Abp.EventBus.Abstractions.dll". Beginning retry 3 in 1000ms. The process cannot access the file 'E:\TreadSnow\TreadSnow Github2\src\TreadSnow.HttpApi.Host\bin\Debug\net9.0\Volo.Abp.EventBus.Abstractions.dll' because it is being used by another process. The file is locked by: "TreadSnow.HttpApi.Host (46584)" [E:\TreadSnow\TreadSnow Github2\src\TreadSnow.HttpApi.Host\TreadSnow.HttpApi.Host.csproj]
C:\Program Files\dotnet\sdk\9.0.202\Microsoft.Common.CurrentVersion.targets(5063,5): warning MSB3026: Could not copy "E:\TreadSnow\TreadSnow Github2\ABP9.1.1\framework\src\Volo.Abp.EventBus\bin\Debug\net9.0\Volo.Abp.EventBus.dll" to "bin\Debug\net9.0\Volo.Abp.EventBus.dll". Beginning retry 3 in 1000ms. The process cannot access the file 'E:\TreadSnow\TreadSnow Github2\src\TreadSnow.HttpApi.Host\bin\Debug\net9.0\Volo.Abp.EventBus.dll' because it is being used by another process. The file is locked by: "TreadSnow.HttpApi.Host (46584)" [E:\TreadSnow\TreadSnow Github2\src\TreadSnow.HttpApi.Host\TreadSnow.HttpApi.Host.csproj]
C:\Program Files\dotnet\sdk\9.0.202\Microsoft.Common.CurrentVersion.targets(5063,5): warning MSB3026: Could not copy "E:\TreadSnow\TreadSnow Github2\ABP9.1.1\framework\src\Volo.Abp.DistributedLocking.Abstractions\bin\Debug\net9.0\Volo.Abp.DistributedLocking.Abstractions.dll" to "bin\Debug\net9.0\Volo.Abp.DistributedLocking.Abstractions.dll". Beginning retry 4 in 1000ms. The process cannot access the file 'E:\TreadSnow\TreadSnow Github2\src\TreadSnow.HttpApi.Host\bin\Debug\net9.0\Volo.Abp.DistributedLocking.Abstractions.dll' because it is being used by another process. The file is locked by: "TreadSnow.HttpApi.Host (46584)" [E:\TreadSnow\TreadSnow Github2\src\TreadSnow.HttpApi.Host\TreadSnow.HttpApi.Host.csproj]
C:\Program Files\dotnet\sdk\9.0.202\Microsoft.Common.CurrentVersion.targets(5063,5): warning MSB3026: Could not copy "E:\TreadSnow\TreadSnow Github2\ABP9.1.1\framework\src\Volo.Abp.Emailing\bin\Debug\net9.0\Volo.Abp.Emailing.dll" to "bin\Debug\net9.0\Volo.Abp.Emailing.dll". Beginning retry 4 in 1000ms. The process cannot access the file 'E:\TreadSnow\TreadSnow Github2\src\TreadSnow.HttpApi.Host\bin\Debug\net9.0\Volo.Abp.Emailing.dll' because it is being used by another process. The file is locked by: "TreadSnow.HttpApi.Host (46584)" [E:\TreadSnow\TreadSnow Github2\src\TreadSnow.HttpApi.Host\TreadSnow.HttpApi.Host.csproj]
C:\Program Files\dotnet\sdk\9.0.202\Microsoft.Common.CurrentVersion.targets(5063,5): warning MSB3026: Could not copy "E:\TreadSnow\TreadSnow Github2\ABP9.1.1\framework\src\Volo.Abp.EntityFrameworkCore\bin\Debug\net9.0\Volo.Abp.EntityFrameworkCore.dll" to "bin\Debug\net9.0\Volo.Abp.EntityFrameworkCore.dll". Beginning retry 4 in 1000ms. The process cannot access the file 'E:\TreadSnow\TreadSnow Github2\src\TreadSnow.HttpApi.Host\bin\Debug\net9.0\Volo.Abp.EntityFrameworkCore.dll' because it is being used by another process. The file is locked by: "TreadSnow.HttpApi.Host (46584)" [E:\TreadSnow\TreadSnow Github2\src\TreadSnow.HttpApi.Host\TreadSnow.HttpApi.Host.csproj]
C:\Program Files\dotnet\sdk\9.0.202\Microsoft.Common.CurrentVersion.targets(5063,5): warning MSB3026: Could not copy "E:\TreadSnow\TreadSnow Github2\ABP9.1.1\framework\src\Volo.Abp.Ddd.Domain.Shared\bin\Debug\net9.0\Volo.Abp.Ddd.Domain.Shared.dll" to "bin\Debug\net9.0\Volo.Abp.Ddd.Domain.Shared.dll". Beginning retry 5 in 1000ms. The process cannot access the file 'E:\TreadSnow\TreadSnow Github2\src\TreadSnow.HttpApi.Host\bin\Debug\net9.0\Volo.Abp.Ddd.Domain.Shared.dll' because it is being used by another process. The file is locked by: "TreadSnow.HttpApi.Host (46584)" [E:\TreadSnow\TreadSnow Github2\src\TreadSnow.HttpApi.Host\TreadSnow.HttpApi.Host.csproj]
C:\Program Files\dotnet\sdk\9.0.202\Microsoft.Common.CurrentVersion.targets(5063,5): warning MSB3026: Could not copy "E:\TreadSnow\TreadSnow Github2\ABP9.1.1\framework\src\Volo.Abp.EventBus.Abstractions\bin\Debug\net9.0\Volo.Abp.EventBus.Abstractions.dll" to "bin\Debug\net9.0\Volo.Abp.EventBus.Abstractions.dll". Beginning retry 4 in 1000ms. The process cannot access the file 'E:\TreadSnow\TreadSnow Github2\src\TreadSnow.HttpApi.Host\bin\Debug\net9.0\Volo.Abp.EventBus.Abstractions.dll' because it is being used by another process. The file is locked by: "TreadSnow.HttpApi.Host (46584)" [E:\TreadSnow\TreadSnow Github2\src\TreadSnow.HttpApi.Host\TreadSnow.HttpApi.Host.csproj]
C:\Program Files\dotnet\sdk\9.0.202\Microsoft.Common.CurrentVersion.targets(5063,5): warning MSB3026: Could not copy "E:\TreadSnow\TreadSnow Github2\ABP9.1.1\framework\src\Volo.Abp.EventBus\bin\Debug\net9.0\Volo.Abp.EventBus.dll" to "bin\Debug\net9.0\Volo.Abp.EventBus.dll". Beginning retry 4 in 1000ms. The process cannot access the file 'E:\TreadSnow\TreadSnow Github2\src\TreadSnow.HttpApi.Host\bin\Debug\net9.0\Volo.Abp.EventBus.dll' because it is being used by another process. The file is locked by: "TreadSnow.HttpApi.Host (46584)" [E:\TreadSnow\TreadSnow Github2\src\TreadSnow.HttpApi.Host\TreadSnow.HttpApi.Host.csproj]
C:\Program Files\dotnet\sdk\9.0.202\Microsoft.Common.CurrentVersion.targets(5063,5): warning MSB3026: Could not copy "E:\TreadSnow\TreadSnow Github2\ABP9.1.1\framework\src\Volo.Abp.DistributedLocking.Abstractions\bin\Debug\net9.0\Volo.Abp.DistributedLocking.Abstractions.dll" to "bin\Debug\net9.0\Volo.Abp.DistributedLocking.Abstractions.dll". Beginning retry 5 in 1000ms. The process cannot access the file 'E:\TreadSnow\TreadSnow Github2\src\TreadSnow.HttpApi.Host\bin\Debug\net9.0\Volo.Abp.DistributedLocking.Abstractions.dll' because it is being used by another process. The file is locked by: "TreadSnow.HttpApi.Host (46584)" [E:\TreadSnow\TreadSnow Github2\src\TreadSnow.HttpApi.Host\TreadSnow.HttpApi.Host.csproj]
C:\Program Files\dotnet\sdk\9.0.202\Microsoft.Common.CurrentVersion.targets(5063,5): warning MSB3026: Could not copy "E:\TreadSnow\TreadSnow Github2\ABP9.1.1\framework\src\Volo.Abp.EntityFrameworkCore\bin\Debug\net9.0\Volo.Abp.EntityFrameworkCore.dll" to "bin\Debug\net9.0\Volo.Abp.EntityFrameworkCore.dll". Beginning retry 5 in 1000ms. The process cannot access the file 'E:\TreadSnow\TreadSnow Github2\src\TreadSnow.HttpApi.Host\bin\Debug\net9.0\Volo.Abp.EntityFrameworkCore.dll' because it is being used by another process. The file is locked by: "TreadSnow.HttpApi.Host (46584)" [E:\TreadSnow\TreadSnow Github2\src\TreadSnow.HttpApi.Host\TreadSnow.HttpApi.Host.csproj]
C:\Program Files\dotnet\sdk\9.0.202\Microsoft.Common.CurrentVersion.targets(5063,5): warning MSB3026: Could not copy "E:\TreadSnow\TreadSnow Github2\ABP9.1.1\framework\src\Volo.Abp.Emailing\bin\Debug\net9.0\Volo.Abp.Emailing.dll" to "bin\Debug\net9.0\Volo.Abp.Emailing.dll". Beginning retry 5 in 1000ms. The process cannot access the file 'E:\TreadSnow\TreadSnow Github2\src\TreadSnow.HttpApi.Host\bin\Debug\net9.0\Volo.Abp.Emailing.dll' because it is being used by another process. The file is locked by: "TreadSnow.HttpApi.Host (46584)" [E:\TreadSnow\TreadSnow Github2\src\TreadSnow.HttpApi.Host\TreadSnow.HttpApi.Host.csproj]
C:\Program Files\dotnet\sdk\9.0.202\Microsoft.Common.CurrentVersion.targets(5063,5): warning MSB3026: Could not copy "E:\TreadSnow\TreadSnow Github2\ABP9.1.1\framework\src\Volo.Abp.Ddd.Domain.Shared\bin\Debug\net9.0\Volo.Abp.Ddd.Domain.Shared.dll" to "bin\Debug\net9.0\Volo.Abp.Ddd.Domain.Shared.dll". Beginning retry 6 in 1000ms. The process cannot access the file 'E:\TreadSnow\TreadSnow Github2\src\TreadSnow.HttpApi.Host\bin\Debug\net9.0\Volo.Abp.Ddd.Domain.Shared.dll' because it is being used by another process. The file is locked by: "TreadSnow.HttpApi.Host (46584)" [E:\TreadSnow\TreadSnow Github2\src\TreadSnow.HttpApi.Host\TreadSnow.HttpApi.Host.csproj]
C:\Program Files\dotnet\sdk\9.0.202\Microsoft.Common.CurrentVersion.targets(5063,5): warning MSB3026: Could not copy "E:\TreadSnow\TreadSnow Github2\ABP9.1.1\framework\src\Volo.Abp.EventBus.Abstractions\bin\Debug\net9.0\Volo.Abp.EventBus.Abstractions.dll" to "bin\Debug\net9.0\Volo.Abp.EventBus.Abstractions.dll". Beginning retry 5 in 1000ms. The process cannot access the file 'E:\TreadSnow\TreadSnow Github2\src\TreadSnow.HttpApi.Host\bin\Debug\net9.0\Volo.Abp.EventBus.Abstractions.dll' because it is being used by another process. The file is locked by: "TreadSnow.HttpApi.Host (46584)" [E:\TreadSnow\TreadSnow Github2\src\TreadSnow.HttpApi.Host\TreadSnow.HttpApi.Host.csproj]
C:\Program Files\dotnet\sdk\9.0.202\Microsoft.Common.CurrentVersion.targets(5063,5): warning MSB3026: Could not copy "E:\TreadSnow\TreadSnow Github2\ABP9.1.1\framework\src\Volo.Abp.EventBus\bin\Debug\net9.0\Volo.Abp.EventBus.dll" to "bin\Debug\net9.0\Volo.Abp.EventBus.dll". Beginning retry 5 in 1000ms. The process cannot access the file 'E:\TreadSnow\TreadSnow Github2\src\TreadSnow.HttpApi.Host\bin\Debug\net9.0\Volo.Abp.EventBus.dll' because it is being used by another process. The file is locked by: "TreadSnow.HttpApi.Host (46584)" [E:\TreadSnow\TreadSnow Github2\src\TreadSnow.HttpApi.Host\TreadSnow.HttpApi.Host.csproj]
C:\Program Files\dotnet\sdk\9.0.202\Microsoft.Common.CurrentVersion.targets(5063,5): warning MSB3026: Could not copy "E:\TreadSnow\TreadSnow Github2\ABP9.1.1\framework\src\Volo.Abp.DistributedLocking.Abstractions\bin\Debug\net9.0\Volo.Abp.DistributedLocking.Abstractions.dll" to "bin\Debug\net9.0\Volo.Abp.DistributedLocking.Abstractions.dll". Beginning retry 6 in 1000ms. The process cannot access the file 'E:\TreadSnow\TreadSnow Github2\src\TreadSnow.HttpApi.Host\bin\Debug\net9.0\Volo.Abp.DistributedLocking.Abstractions.dll' because it is being used by another process. The file is locked by: "TreadSnow.HttpApi.Host (46584)" [E:\TreadSnow\TreadSnow Github2\src\TreadSnow.HttpApi.Host\TreadSnow.HttpApi.Host.csproj]
C:\Program Files\dotnet\sdk\9.0.202\Microsoft.Common.CurrentVersion.targets(5063,5): warning MSB3026: Could not copy "E:\TreadSnow\TreadSnow Github2\ABP9.1.1\framework\src\Volo.Abp.Emailing\bin\Debug\net9.0\Volo.Abp.Emailing.dll" to "bin\Debug\net9.0\Volo.Abp.Emailing.dll". Beginning retry 6 in 1000ms. The process cannot access the file 'E:\TreadSnow\TreadSnow Github2\src\TreadSnow.HttpApi.Host\bin\Debug\net9.0\Volo.Abp.Emailing.dll' because it is being used by another process. The file is locked by: "TreadSnow.HttpApi.Host (46584)" [E:\TreadSnow\TreadSnow Github2\src\TreadSnow.HttpApi.Host\TreadSnow.HttpApi.Host.csproj]
C:\Program Files\dotnet\sdk\9.0.202\Microsoft.Common.CurrentVersion.targets(5063,5): warning MSB3026: Could not copy "E:\TreadSnow\TreadSnow Github2\ABP9.1.1\framework\src\Volo.Abp.EntityFrameworkCore\bin\Debug\net9.0\Volo.Abp.EntityFrameworkCore.dll" to "bin\Debug\net9.0\Volo.Abp.EntityFrameworkCore.dll". Beginning retry 6 in 1000ms. The process cannot access the file 'E:\TreadSnow\TreadSnow Github2\src\TreadSnow.HttpApi.Host\bin\Debug\net9.0\Volo.Abp.EntityFrameworkCore.dll' because it is being used by another process. The file is locked by: "TreadSnow.HttpApi.Host (46584)" [E:\TreadSnow\TreadSnow Github2\src\TreadSnow.HttpApi.Host\TreadSnow.HttpApi.Host.csproj]
C:\Program Files\dotnet\sdk\9.0.202\Microsoft.Common.CurrentVersion.targets(5063,5): warning MSB3026: Could not copy "E:\TreadSnow\TreadSnow Github2\ABP9.1.1\framework\src\Volo.Abp.Ddd.Domain.Shared\bin\Debug\net9.0\Volo.Abp.Ddd.Domain.Shared.dll" to "bin\Debug\net9.0\Volo.Abp.Ddd.Domain.Shared.dll". Beginning retry 7 in 1000ms. The process cannot access the file 'E:\TreadSnow\TreadSnow Github2\src\TreadSnow.HttpApi.Host\bin\Debug\net9.0\Volo.Abp.Ddd.Domain.Shared.dll' because it is being used by another process. The file is locked by: "TreadSnow.HttpApi.Host (46584)" [E:\TreadSnow\TreadSnow Github2\src\TreadSnow.HttpApi.Host\TreadSnow.HttpApi.Host.csproj]
C:\Program Files\dotnet\sdk\9.0.202\Microsoft.Common.CurrentVersion.targets(5063,5): warning MSB3026: Could not copy "E:\TreadSnow\TreadSnow Github2\ABP9.1.1\framework\src\Volo.Abp.EventBus.Abstractions\bin\Debug\net9.0\Volo.Abp.EventBus.Abstractions.dll" to "bin\Debug\net9.0\Volo.Abp.EventBus.Abstractions.dll". Beginning retry 6 in 1000ms. The process cannot access the file 'E:\TreadSnow\TreadSnow Github2\src\TreadSnow.HttpApi.Host\bin\Debug\net9.0\Volo.Abp.EventBus.Abstractions.dll' because it is being used by another process. The file is locked by: "TreadSnow.HttpApi.Host (46584)" [E:\TreadSnow\TreadSnow Github2\src\TreadSnow.HttpApi.Host\TreadSnow.HttpApi.Host.csproj]
C:\Program Files\dotnet\sdk\9.0.202\Microsoft.Common.CurrentVersion.targets(5063,5): warning MSB3026: Could not copy "E:\TreadSnow\TreadSnow Github2\ABP9.1.1\framework\src\Volo.Abp.EventBus\bin\Debug\net9.0\Volo.Abp.EventBus.dll" to "bin\Debug\net9.0\Volo.Abp.EventBus.dll". Beginning retry 6 in 1000ms. The process cannot access the file 'E:\TreadSnow\TreadSnow Github2\src\TreadSnow.HttpApi.Host\bin\Debug\net9.0\Volo.Abp.EventBus.dll' because it is being used by another process. The file is locked by: "TreadSnow.HttpApi.Host (46584)" [E:\TreadSnow\TreadSnow Github2\src\TreadSnow.HttpApi.Host\TreadSnow.HttpApi.Host.csproj]
C:\Program Files\dotnet\sdk\9.0.202\Microsoft.Common.CurrentVersion.targets(5063,5): warning MSB3026: Could not copy "E:\TreadSnow\TreadSnow Github2\ABP9.1.1\framework\src\Volo.Abp.DistributedLocking.Abstractions\bin\Debug\net9.0\Volo.Abp.DistributedLocking.Abstractions.dll" to "bin\Debug\net9.0\Volo.Abp.DistributedLocking.Abstractions.dll". Beginning retry 7 in 1000ms. The process cannot access the file 'E:\TreadSnow\TreadSnow Github2\src\TreadSnow.HttpApi.Host\bin\Debug\net9.0\Volo.Abp.DistributedLocking.Abstractions.dll' because it is being used by another process. The file is locked by: "TreadSnow.HttpApi.Host (46584)" [E:\TreadSnow\TreadSnow Github2\src\TreadSnow.HttpApi.Host\TreadSnow.HttpApi.Host.csproj]
C:\Program Files\dotnet\sdk\9.0.202\Microsoft.Common.CurrentVersion.targets(5063,5): warning MSB3026: Could not copy "E:\TreadSnow\TreadSnow Github2\ABP9.1.1\framework\src\Volo.Abp.Emailing\bin\Debug\net9.0\Volo.Abp.Emailing.dll" to "bin\Debug\net9.0\Volo.Abp.Emailing.dll". Beginning retry 7 in 1000ms. The process cannot access the file 'E:\TreadSnow\TreadSnow Github2\src\TreadSnow.HttpApi.Host\bin\Debug\net9.0\Volo.Abp.Emailing.dll' because it is being used by another process. The file is locked by: "TreadSnow.HttpApi.Host (46584)" [E:\TreadSnow\TreadSnow Github2\src\TreadSnow.HttpApi.Host\TreadSnow.HttpApi.Host.csproj]
C:\Program Files\dotnet\sdk\9.0.202\Microsoft.Common.CurrentVersion.targets(5063,5): warning MSB3026: Could not copy "E:\TreadSnow\TreadSnow Github2\ABP9.1.1\framework\src\Volo.Abp.EntityFrameworkCore\bin\Debug\net9.0\Volo.Abp.EntityFrameworkCore.dll" to "bin\Debug\net9.0\Volo.Abp.EntityFrameworkCore.dll". Beginning retry 7 in 1000ms. The process cannot access the file 'E:\TreadSnow\TreadSnow Github2\src\TreadSnow.HttpApi.Host\bin\Debug\net9.0\Volo.Abp.EntityFrameworkCore.dll' because it is being used by another process. The file is locked by: "TreadSnow.HttpApi.Host (46584)" [E:\TreadSnow\TreadSnow Github2\src\TreadSnow.HttpApi.Host\TreadSnow.HttpApi.Host.csproj]
C:\Program Files\dotnet\sdk\9.0.202\Microsoft.Common.CurrentVersion.targets(5063,5): warning MSB3026: Could not copy "E:\TreadSnow\TreadSnow Github2\ABP9.1.1\framework\src\Volo.Abp.Ddd.Domain.Shared\bin\Debug\net9.0\Volo.Abp.Ddd.Domain.Shared.dll" to "bin\Debug\net9.0\Volo.Abp.Ddd.Domain.Shared.dll". Beginning retry 8 in 1000ms. The process cannot access the file 'E:\TreadSnow\TreadSnow Github2\src\TreadSnow.HttpApi.Host\bin\Debug\net9.0\Volo.Abp.Ddd.Domain.Shared.dll' because it is being used by another process. The file is locked by: "TreadSnow.HttpApi.Host (46584)" [E:\TreadSnow\TreadSnow Github2\src\TreadSnow.HttpApi.Host\TreadSnow.HttpApi.Host.csproj]
C:\Program Files\dotnet\sdk\9.0.202\Microsoft.Common.CurrentVersion.targets(5063,5): warning MSB3026: Could not copy "E:\TreadSnow\TreadSnow Github2\ABP9.1.1\framework\src\Volo.Abp.EventBus.Abstractions\bin\Debug\net9.0\Volo.Abp.EventBus.Abstractions.dll" to "bin\Debug\net9.0\Volo.Abp.EventBus.Abstractions.dll". Beginning retry 7 in 1000ms. The process cannot access the file 'E:\TreadSnow\TreadSnow Github2\src\TreadSnow.HttpApi.Host\bin\Debug\net9.0\Volo.Abp.EventBus.Abstractions.dll' because it is being used by another process. The file is locked by: "TreadSnow.HttpApi.Host (46584)" [E:\TreadSnow\TreadSnow Github2\src\TreadSnow.HttpApi.Host\TreadSnow.HttpApi.Host.csproj]
C:\Program Files\dotnet\sdk\9.0.202\Microsoft.Common.CurrentVersion.targets(5063,5): warning MSB3026: Could not copy "E:\TreadSnow\TreadSnow Github2\ABP9.1.1\framework\src\Volo.Abp.EventBus\bin\Debug\net9.0\Volo.Abp.EventBus.dll" to "bin\Debug\net9.0\Volo.Abp.EventBus.dll". Beginning retry 7 in 1000ms. The process cannot access the file 'E:\TreadSnow\TreadSnow Github2\src\TreadSnow.HttpApi.Host\bin\Debug\net9.0\Volo.Abp.EventBus.dll' because it is being used by another process. The file is locked by: "TreadSnow.HttpApi.Host (46584)" [E:\TreadSnow\TreadSnow Github2\src\TreadSnow.HttpApi.Host\TreadSnow.HttpApi.Host.csproj]
C:\Program Files\dotnet\sdk\9.0.202\Microsoft.Common.CurrentVersion.targets(5063,5): warning MSB3026: Could not copy "E:\TreadSnow\TreadSnow Github2\ABP9.1.1\framework\src\Volo.Abp.DistributedLocking.Abstractions\bin\Debug\net9.0\Volo.Abp.DistributedLocking.Abstractions.dll" to "bin\Debug\net9.0\Volo.Abp.DistributedLocking.Abstractions.dll". Beginning retry 8 in 1000ms. The process cannot access the file 'E:\TreadSnow\TreadSnow Github2\src\TreadSnow.HttpApi.Host\bin\Debug\net9.0\Volo.Abp.DistributedLocking.Abstractions.dll' because it is being used by another process. The file is locked by: "TreadSnow.HttpApi.Host (46584)" [E:\TreadSnow\TreadSnow Github2\src\TreadSnow.HttpApi.Host\TreadSnow.HttpApi.Host.csproj]
C:\Program Files\dotnet\sdk\9.0.202\Microsoft.Common.CurrentVersion.targets(5063,5): warning MSB3026: Could not copy "E:\TreadSnow\TreadSnow Github2\ABP9.1.1\framework\src\Volo.Abp.Emailing\bin\Debug\net9.0\Volo.Abp.Emailing.dll" to "bin\Debug\net9.0\Volo.Abp.Emailing.dll". Beginning retry 8 in 1000ms. The process cannot access the file 'E:\TreadSnow\TreadSnow Github2\src\TreadSnow.HttpApi.Host\bin\Debug\net9.0\Volo.Abp.Emailing.dll' because it is being used by another process. The file is locked by: "TreadSnow.HttpApi.Host (46584)" [E:\TreadSnow\TreadSnow Github2\src\TreadSnow.HttpApi.Host\TreadSnow.HttpApi.Host.csproj]
C:\Program Files\dotnet\sdk\9.0.202\Microsoft.Common.CurrentVersion.targets(5063,5): warning MSB3026: Could not copy "E:\TreadSnow\TreadSnow Github2\ABP9.1.1\framework\src\Volo.Abp.EntityFrameworkCore\bin\Debug\net9.0\Volo.Abp.EntityFrameworkCore.dll" to "bin\Debug\net9.0\Volo.Abp.EntityFrameworkCore.dll". Beginning retry 8 in 1000ms. The process cannot access the file 'E:\TreadSnow\TreadSnow Github2\src\TreadSnow.HttpApi.Host\bin\Debug\net9.0\Volo.Abp.EntityFrameworkCore.dll' because it is being used by another process. The file is locked by: "TreadSnow.HttpApi.Host (46584)" [E:\TreadSnow\TreadSnow Github2\src\TreadSnow.HttpApi.Host\TreadSnow.HttpApi.Host.csproj]
C:\Program Files\dotnet\sdk\9.0.202\Microsoft.Common.CurrentVersion.targets(5063,5): warning MSB3026: Could not copy "E:\TreadSnow\TreadSnow Github2\ABP9.1.1\framework\src\Volo.Abp.Ddd.Domain.Shared\bin\Debug\net9.0\Volo.Abp.Ddd.Domain.Shared.dll" to "bin\Debug\net9.0\Volo.Abp.Ddd.Domain.Shared.dll". Beginning retry 9 in 1000ms. The process cannot access the file 'E:\TreadSnow\TreadSnow Github2\src\TreadSnow.HttpApi.Host\bin\Debug\net9.0\Volo.Abp.Ddd.Domain.Shared.dll' because it is being used by another process. The file is locked by: "TreadSnow.HttpApi.Host (46584)" [E:\TreadSnow\TreadSnow Github2\src\TreadSnow.HttpApi.Host\TreadSnow.HttpApi.Host.csproj]
C:\Program Files\dotnet\sdk\9.0.202\Microsoft.Common.CurrentVersion.targets(5063,5): warning MSB3026: Could not copy "E:\TreadSnow\TreadSnow Github2\ABP9.1.1\framework\src\Volo.Abp.EventBus.Abstractions\bin\Debug\net9.0\Volo.Abp.EventBus.Abstractions.dll" to "bin\Debug\net9.0\Volo.Abp.EventBus.Abstractions.dll". Beginning retry 8 in 1000ms. The process cannot access the file 'E:\TreadSnow\TreadSnow Github2\src\TreadSnow.HttpApi.Host\bin\Debug\net9.0\Volo.Abp.EventBus.Abstractions.dll' because it is being used by another process. The file is locked by: "TreadSnow.HttpApi.Host (46584)" [E:\TreadSnow\TreadSnow Github2\src\TreadSnow.HttpApi.Host\TreadSnow.HttpApi.Host.csproj]
C:\Program Files\dotnet\sdk\9.0.202\Microsoft.Common.CurrentVersion.targets(5063,5): warning MSB3026: Could not copy "E:\TreadSnow\TreadSnow Github2\ABP9.1.1\framework\src\Volo.Abp.DistributedLocking.Abstractions\bin\Debug\net9.0\Volo.Abp.DistributedLocking.Abstractions.dll" to "bin\Debug\net9.0\Volo.Abp.DistributedLocking.Abstractions.dll". Beginning retry 9 in 1000ms. The process cannot access the file 'E:\TreadSnow\TreadSnow Github2\src\TreadSnow.HttpApi.Host\bin\Debug\net9.0\Volo.Abp.DistributedLocking.Abstractions.dll' because it is being used by another process. The file is locked by: "TreadSnow.HttpApi.Host (46584)" [E:\TreadSnow\TreadSnow Github2\src\TreadSnow.HttpApi.Host\TreadSnow.HttpApi.Host.csproj]
C:\Program Files\dotnet\sdk\9.0.202\Microsoft.Common.CurrentVersion.targets(5063,5): warning MSB3026: Could not copy "E:\TreadSnow\TreadSnow Github2\ABP9.1.1\framework\src\Volo.Abp.EventBus\bin\Debug\net9.0\Volo.Abp.EventBus.dll" to "bin\Debug\net9.0\Volo.Abp.EventBus.dll". Beginning retry 8 in 1000ms. The process cannot access the file 'E:\TreadSnow\TreadSnow Github2\src\TreadSnow.HttpApi.Host\bin\Debug\net9.0\Volo.Abp.EventBus.dll' because it is being used by another process. The file is locked by: "TreadSnow.HttpApi.Host (46584)" [E:\TreadSnow\TreadSnow Github2\src\TreadSnow.HttpApi.Host\TreadSnow.HttpApi.Host.csproj]
C:\Program Files\dotnet\sdk\9.0.202\Microsoft.Common.CurrentVersion.targets(5063,5): warning MSB3026: Could not copy "E:\TreadSnow\TreadSnow Github2\ABP9.1.1\framework\src\Volo.Abp.EntityFrameworkCore\bin\Debug\net9.0\Volo.Abp.EntityFrameworkCore.dll" to "bin\Debug\net9.0\Volo.Abp.EntityFrameworkCore.dll". Beginning retry 9 in 1000ms. The process cannot access the file 'E:\TreadSnow\TreadSnow Github2\src\TreadSnow.HttpApi.Host\bin\Debug\net9.0\Volo.Abp.EntityFrameworkCore.dll' because it is being used by another process. The file is locked by: "TreadSnow.HttpApi.Host (46584)" [E:\TreadSnow\TreadSnow Github2\src\TreadSnow.HttpApi.Host\TreadSnow.HttpApi.Host.csproj]
C:\Program Files\dotnet\sdk\9.0.202\Microsoft.Common.CurrentVersion.targets(5063,5): warning MSB3026: Could not copy "E:\TreadSnow\TreadSnow Github2\ABP9.1.1\framework\src\Volo.Abp.Ddd.Domain.Shared\bin\Debug\net9.0\Volo.Abp.Ddd.Domain.Shared.dll" to "bin\Debug\net9.0\Volo.Abp.Ddd.Domain.Shared.dll". Beginning retry 10 in 1000ms. The process cannot access the file 'E:\TreadSnow\TreadSnow Github2\src\TreadSnow.HttpApi.Host\bin\Debug\net9.0\Volo.Abp.Ddd.Domain.Shared.dll' because it is being used by another process. The file is locked by: "TreadSnow.HttpApi.Host (46584)" [E:\TreadSnow\TreadSnow Github2\src\TreadSnow.HttpApi.Host\TreadSnow.HttpApi.Host.csproj]
C:\Program Files\dotnet\sdk\9.0.202\Microsoft.Common.CurrentVersion.targets(5063,5): warning MSB3026: Could not copy "E:\TreadSnow\TreadSnow Github2\ABP9.1.1\framework\src\Volo.Abp.Emailing\bin\Debug\net9.0\Volo.Abp.Emailing.dll" to "bin\Debug\net9.0\Volo.Abp.Emailing.dll". Beginning retry 9 in 1000ms. The process cannot access the file 'E:\TreadSnow\TreadSnow Github2\src\TreadSnow.HttpApi.Host\bin\Debug\net9.0\Volo.Abp.Emailing.dll' because it is being used by another process. The file is locked by: "TreadSnow.HttpApi.Host (46584)" [E:\TreadSnow\TreadSnow Github2\src\TreadSnow.HttpApi.Host\TreadSnow.HttpApi.Host.csproj]
C:\Program Files\dotnet\sdk\9.0.202\Microsoft.Common.CurrentVersion.targets(5063,5): warning MSB3026: Could not copy "E:\TreadSnow\TreadSnow Github2\ABP9.1.1\framework\src\Volo.Abp.EventBus.Abstractions\bin\Debug\net9.0\Volo.Abp.EventBus.Abstractions.dll" to "bin\Debug\net9.0\Volo.Abp.EventBus.Abstractions.dll". Beginning retry 9 in 1000ms. The process cannot access the file 'E:\TreadSnow\TreadSnow Github2\src\TreadSnow.HttpApi.Host\bin\Debug\net9.0\Volo.Abp.EventBus.Abstractions.dll' because it is being used by another process. The file is locked by: "TreadSnow.HttpApi.Host (46584)" [E:\TreadSnow\TreadSnow Github2\src\TreadSnow.HttpApi.Host\TreadSnow.HttpApi.Host.csproj]
C:\Program Files\dotnet\sdk\9.0.202\Microsoft.Common.CurrentVersion.targets(5063,5): warning MSB3026: Could not copy "E:\TreadSnow\TreadSnow Github2\ABP9.1.1\framework\src\Volo.Abp.EventBus\bin\Debug\net9.0\Volo.Abp.EventBus.dll" to "bin\Debug\net9.0\Volo.Abp.EventBus.dll". Beginning retry 9 in 1000ms. The process cannot access the file 'E:\TreadSnow\TreadSnow Github2\src\TreadSnow.HttpApi.Host\bin\Debug\net9.0\Volo.Abp.EventBus.dll' because it is being used by another process. The file is locked by: "TreadSnow.HttpApi.Host (46584)" [E:\TreadSnow\TreadSnow Github2\src\TreadSnow.HttpApi.Host\TreadSnow.HttpApi.Host.csproj]
C:\Program Files\dotnet\sdk\9.0.202\Microsoft.Common.CurrentVersion.targets(5063,5): warning MSB3026: Could not copy "E:\TreadSnow\TreadSnow Github2\ABP9.1.1\framework\src\Volo.Abp.DistributedLocking.Abstractions\bin\Debug\net9.0\Volo.Abp.DistributedLocking.Abstractions.dll" to "bin\Debug\net9.0\Volo.Abp.DistributedLocking.Abstractions.dll". Beginning retry 10 in 1000ms. The process cannot access the file 'E:\TreadSnow\TreadSnow Github2\src\TreadSnow.HttpApi.Host\bin\Debug\net9.0\Volo.Abp.DistributedLocking.Abstractions.dll' because it is being used by another process. The file is locked by: "TreadSnow.HttpApi.Host (46584)" [E:\TreadSnow\TreadSnow Github2\src\TreadSnow.HttpApi.Host\TreadSnow.HttpApi.Host.csproj]
C:\Program Files\dotnet\sdk\9.0.202\Microsoft.Common.CurrentVersion.targets(5063,5): warning MSB3026: Could not copy "E:\TreadSnow\TreadSnow Github2\ABP9.1.1\framework\src\Volo.Abp.EntityFrameworkCore\bin\Debug\net9.0\Volo.Abp.EntityFrameworkCore.dll" to "bin\Debug\net9.0\Volo.Abp.EntityFrameworkCore.dll". Beginning retry 10 in 1000ms. The process cannot access the file 'E:\TreadSnow\TreadSnow Github2\src\TreadSnow.HttpApi.Host\bin\Debug\net9.0\Volo.Abp.EntityFrameworkCore.dll' because it is being used by another process. The file is locked by: "TreadSnow.HttpApi.Host (46584)" [E:\TreadSnow\TreadSnow Github2\src\TreadSnow.HttpApi.Host\TreadSnow.HttpApi.Host.csproj]
C:\Program Files\dotnet\sdk\9.0.202\Microsoft.Common.CurrentVersion.targets(5063,5): error MSB3027: Could not copy "E:\TreadSnow\TreadSnow Github2\ABP9.1.1\framework\src\Volo.Abp.Ddd.Domain.Shared\bin\Debug\net9.0\Volo.Abp.Ddd.Domain.Shared.dll" to "bin\Debug\net9.0\Volo.Abp.Ddd.Domain.Shared.dll". Exceeded retry count of 10. Failed. The file is locked by: "TreadSnow.HttpApi.Host (46584)" [E:\TreadSnow\TreadSnow Github2\src\TreadSnow.HttpApi.Host\TreadSnow.HttpApi.Host.csproj]
C:\Program Files\dotnet\sdk\9.0.202\Microsoft.Common.CurrentVersion.targets(5063,5): error MSB3021: Unable to copy file "E:\TreadSnow\TreadSnow Github2\ABP9.1.1\framework\src\Volo.Abp.Ddd.Domain.Shared\bin\Debug\net9.0\Volo.Abp.Ddd.Domain.Shared.dll" to "bin\Debug\net9.0\Volo.Abp.Ddd.Domain.Shared.dll". The process cannot access the file 'E:\TreadSnow\TreadSnow Github2\src\TreadSnow.HttpApi.Host\bin\Debug\net9.0\Volo.Abp.Ddd.Domain.Shared.dll' because it is being used by another process. [E:\TreadSnow\TreadSnow Github2\src\TreadSnow.HttpApi.Host\TreadSnow.HttpApi.Host.csproj]
C:\Program Files\dotnet\sdk\9.0.202\Microsoft.Common.CurrentVersion.targets(5063,5): warning MSB3026: Could not copy "E:\TreadSnow\TreadSnow Github2\ABP9.1.1\framework\src\Volo.Abp.Emailing\bin\Debug\net9.0\Volo.Abp.Emailing.dll" to "bin\Debug\net9.0\Volo.Abp.Emailing.dll". Beginning retry 10 in 1000ms. The process cannot access the file 'E:\TreadSnow\TreadSnow Github2\src\TreadSnow.HttpApi.Host\bin\Debug\net9.0\Volo.Abp.Emailing.dll' because it is being used by another process. The file is locked by: "TreadSnow.HttpApi.Host (46584)" [E:\TreadSnow\TreadSnow Github2\src\TreadSnow.HttpApi.Host\TreadSnow.HttpApi.Host.csproj]
C:\Program Files\dotnet\sdk\9.0.202\Microsoft.Common.CurrentVersion.targets(5063,5): warning MSB3026: Could not copy "E:\TreadSnow\TreadSnow Github2\ABP9.1.1\framework\src\Volo.Abp.EventBus.Abstractions\bin\Debug\net9.0\Volo.Abp.EventBus.Abstractions.dll" to "bin\Debug\net9.0\Volo.Abp.EventBus.Abstractions.dll". Beginning retry 10 in 1000ms. The process cannot access the file 'E:\TreadSnow\TreadSnow Github2\src\TreadSnow.HttpApi.Host\bin\Debug\net9.0\Volo.Abp.EventBus.Abstractions.dll' because it is being used by another process. The file is locked by: "TreadSnow.HttpApi.Host (46584)" [E:\TreadSnow\TreadSnow Github2\src\TreadSnow.HttpApi.Host\TreadSnow.HttpApi.Host.csproj]
C:\Program Files\dotnet\sdk\9.0.202\Microsoft.Common.CurrentVersion.targets(5063,5): warning MSB3026: Could not copy "E:\TreadSnow\TreadSnow Github2\ABP9.1.1\framework\src\Volo.Abp.ExceptionHandling\bin\Debug\net9.0\Volo.Abp.ExceptionHandling.dll" to "bin\Debug\net9.0\Volo.Abp.ExceptionHandling.dll". Beginning retry 1 in 1000ms. The process cannot access the file 'E:\TreadSnow\TreadSnow Github2\src\TreadSnow.HttpApi.Host\bin\Debug\net9.0\Volo.Abp.ExceptionHandling.dll' because it is being used by another process. The file is locked by: "TreadSnow.HttpApi.Host (46584)" [E:\TreadSnow\TreadSnow Github2\src\TreadSnow.HttpApi.Host\TreadSnow.HttpApi.Host.csproj]
C:\Program Files\dotnet\sdk\9.0.202\Microsoft.Common.CurrentVersion.targets(5063,5): warning MSB3026: Could not copy "E:\TreadSnow\TreadSnow Github2\ABP9.1.1\framework\src\Volo.Abp.EventBus\bin\Debug\net9.0\Volo.Abp.EventBus.dll" to "bin\Debug\net9.0\Volo.Abp.EventBus.dll". Beginning retry 10 in 1000ms. The process cannot access the file 'E:\TreadSnow\TreadSnow Github2\src\TreadSnow.HttpApi.Host\bin\Debug\net9.0\Volo.Abp.EventBus.dll' because it is being used by another process. The file is locked by: "TreadSnow.HttpApi.Host (46584)" [E:\TreadSnow\TreadSnow Github2\src\TreadSnow.HttpApi.Host\TreadSnow.HttpApi.Host.csproj]
C:\Program Files\dotnet\sdk\9.0.202\Microsoft.Common.CurrentVersion.targets(5063,5): error MSB3027: Could not copy "E:\TreadSnow\TreadSnow Github2\ABP9.1.1\framework\src\Volo.Abp.DistributedLocking.Abstractions\bin\Debug\net9.0\Volo.Abp.DistributedLocking.Abstractions.dll" to "bin\Debug\net9.0\Volo.Abp.DistributedLocking.Abstractions.dll". Exceeded retry count of 10. Failed. The file is locked by: "TreadSnow.HttpApi.Host (46584)" [E:\TreadSnow\TreadSnow Github2\src\TreadSnow.HttpApi.Host\TreadSnow.HttpApi.Host.csproj]
C:\Program Files\dotnet\sdk\9.0.202\Microsoft.Common.CurrentVersion.targets(5063,5): error MSB3021: Unable to copy file "E:\TreadSnow\TreadSnow Github2\ABP9.1.1\framework\src\Volo.Abp.DistributedLocking.Abstractions\bin\Debug\net9.0\Volo.Abp.DistributedLocking.Abstractions.dll" to "bin\Debug\net9.0\Volo.Abp.DistributedLocking.Abstractions.dll". The process cannot access the file 'E:\TreadSnow\TreadSnow Github2\src\TreadSnow.HttpApi.Host\bin\Debug\net9.0\Volo.Abp.DistributedLocking.Abstractions.dll' because it is being used by another process. [E:\TreadSnow\TreadSnow Github2\src\TreadSnow.HttpApi.Host\TreadSnow.HttpApi.Host.csproj]
C:\Program Files\dotnet\sdk\9.0.202\Microsoft.Common.CurrentVersion.targets(5063,5): warning MSB3026: Could not copy "E:\TreadSnow\TreadSnow Github2\ABP9.1.1\framework\src\Volo.Abp.Features\bin\Debug\net9.0\Volo.Abp.Features.dll" to "bin\Debug\net9.0\Volo.Abp.Features.dll". Beginning retry 1 in 1000ms. The process cannot access the file 'E:\TreadSnow\TreadSnow Github2\src\TreadSnow.HttpApi.Host\bin\Debug\net9.0\Volo.Abp.Features.dll' because it is being used by another process. The file is locked by: "TreadSnow.HttpApi.Host (46584)" [E:\TreadSnow\TreadSnow Github2\src\TreadSnow.HttpApi.Host\TreadSnow.HttpApi.Host.csproj]
C:\Program Files\dotnet\sdk\9.0.202\Microsoft.Common.CurrentVersion.targets(5063,5): error MSB3027: Could not copy "E:\TreadSnow\TreadSnow Github2\ABP9.1.1\framework\src\Volo.Abp.EntityFrameworkCore\bin\Debug\net9.0\Volo.Abp.EntityFrameworkCore.dll" to "bin\Debug\net9.0\Volo.Abp.EntityFrameworkCore.dll". Exceeded retry count of 10. Failed. The file is locked by: "TreadSnow.HttpApi.Host (46584)" [E:\TreadSnow\TreadSnow Github2\src\TreadSnow.HttpApi.Host\TreadSnow.HttpApi.Host.csproj]
C:\Program Files\dotnet\sdk\9.0.202\Microsoft.Common.CurrentVersion.targets(5063,5): error MSB3021: Unable to copy file "E:\TreadSnow\TreadSnow Github2\ABP9.1.1\framework\src\Volo.Abp.EntityFrameworkCore\bin\Debug\net9.0\Volo.Abp.EntityFrameworkCore.dll" to "bin\Debug\net9.0\Volo.Abp.EntityFrameworkCore.dll". The process cannot access the file 'E:\TreadSnow\TreadSnow Github2\src\TreadSnow.HttpApi.Host\bin\Debug\net9.0\Volo.Abp.EntityFrameworkCore.dll' because it is being used by another process. [E:\TreadSnow\TreadSnow Github2\src\TreadSnow.HttpApi.Host\TreadSnow.HttpApi.Host.csproj]
C:\Program Files\dotnet\sdk\9.0.202\Microsoft.Common.CurrentVersion.targets(5063,5): error MSB3027: Could not copy "E:\TreadSnow\TreadSnow Github2\ABP9.1.1\framework\src\Volo.Abp.Emailing\bin\Debug\net9.0\Volo.Abp.Emailing.dll" to "bin\Debug\net9.0\Volo.Abp.Emailing.dll". Exceeded retry count of 10. Failed. The file is locked by: "TreadSnow.HttpApi.Host (46584)" [E:\TreadSnow\TreadSnow Github2\src\TreadSnow.HttpApi.Host\TreadSnow.HttpApi.Host.csproj]
C:\Program Files\dotnet\sdk\9.0.202\Microsoft.Common.CurrentVersion.targets(5063,5): error MSB3021: Unable to copy file "E:\TreadSnow\TreadSnow Github2\ABP9.1.1\framework\src\Volo.Abp.Emailing\bin\Debug\net9.0\Volo.Abp.Emailing.dll" to "bin\Debug\net9.0\Volo.Abp.Emailing.dll". The process cannot access the file 'E:\TreadSnow\TreadSnow Github2\src\TreadSnow.HttpApi.Host\bin\Debug\net9.0\Volo.Abp.Emailing.dll' because it is being used by another process. [E:\TreadSnow\TreadSnow Github2\src\TreadSnow.HttpApi.Host\TreadSnow.HttpApi.Host.csproj]
C:\Program Files\dotnet\sdk\9.0.202\Microsoft.Common.CurrentVersion.targets(5063,5): warning MSB3026: Could not copy "E:\TreadSnow\TreadSnow Github2\ABP9.1.1\framework\src\Volo.Abp.Guids\bin\Debug\net9.0\Volo.Abp.Guids.dll" to "bin\Debug\net9.0\Volo.Abp.Guids.dll". Beginning retry 1 in 1000ms. The process cannot access the file 'E:\TreadSnow\TreadSnow Github2\src\TreadSnow.HttpApi.Host\bin\Debug\net9.0\Volo.Abp.Guids.dll' because it is being used by another process. The file is locked by: "TreadSnow.HttpApi.Host (46584)" [E:\TreadSnow\TreadSnow Github2\src\TreadSnow.HttpApi.Host\TreadSnow.HttpApi.Host.csproj]
C:\Program Files\dotnet\sdk\9.0.202\Microsoft.Common.CurrentVersion.targets(5063,5): error MSB3027: Could not copy "E:\TreadSnow\TreadSnow Github2\ABP9.1.1\framework\src\Volo.Abp.EventBus.Abstractions\bin\Debug\net9.0\Volo.Abp.EventBus.Abstractions.dll" to "bin\Debug\net9.0\Volo.Abp.EventBus.Abstractions.dll". Exceeded retry count of 10. Failed. The file is locked by: "TreadSnow.HttpApi.Host (46584)" [E:\TreadSnow\TreadSnow Github2\src\TreadSnow.HttpApi.Host\TreadSnow.HttpApi.Host.csproj]
C:\Program Files\dotnet\sdk\9.0.202\Microsoft.Common.CurrentVersion.targets(5063,5): error MSB3021: Unable to copy file "E:\TreadSnow\TreadSnow Github2\ABP9.1.1\framework\src\Volo.Abp.EventBus.Abstractions\bin\Debug\net9.0\Volo.Abp.EventBus.Abstractions.dll" to "bin\Debug\net9.0\Volo.Abp.EventBus.Abstractions.dll". The process cannot access the file 'E:\TreadSnow\TreadSnow Github2\src\TreadSnow.HttpApi.Host\bin\Debug\net9.0\Volo.Abp.EventBus.Abstractions.dll' because it is being used by another process. [E:\TreadSnow\TreadSnow Github2\src\TreadSnow.HttpApi.Host\TreadSnow.HttpApi.Host.csproj]
C:\Program Files\dotnet\sdk\9.0.202\Microsoft.Common.CurrentVersion.targets(5063,5): warning MSB3026: Could not copy "E:\TreadSnow\TreadSnow Github2\ABP9.1.1\framework\src\Volo.Abp.ExceptionHandling\bin\Debug\net9.0\Volo.Abp.ExceptionHandling.dll" to "bin\Debug\net9.0\Volo.Abp.ExceptionHandling.dll". Beginning retry 2 in 1000ms. The process cannot access the file 'E:\TreadSnow\TreadSnow Github2\src\TreadSnow.HttpApi.Host\bin\Debug\net9.0\Volo.Abp.ExceptionHandling.dll' because it is being used by another process. The file is locked by: "TreadSnow.HttpApi.Host (46584)" [E:\TreadSnow\TreadSnow Github2\src\TreadSnow.HttpApi.Host\TreadSnow.HttpApi.Host.csproj]
C:\Program Files\dotnet\sdk\9.0.202\Microsoft.Common.CurrentVersion.targets(5063,5): warning MSB3026: Could not copy "E:\TreadSnow\TreadSnow Github2\ABP9.1.1\framework\src\Volo.Abp.Http.Abstractions\bin\Debug\net9.0\Volo.Abp.Http.Abstractions.dll" to "bin\Debug\net9.0\Volo.Abp.Http.Abstractions.dll". Beginning retry 1 in 1000ms. The process cannot access the file 'E:\TreadSnow\TreadSnow Github2\src\TreadSnow.HttpApi.Host\bin\Debug\net9.0\Volo.Abp.Http.Abstractions.dll' because it is being used by another process. The file is locked by: "TreadSnow.HttpApi.Host (46584)" [E:\TreadSnow\TreadSnow Github2\src\TreadSnow.HttpApi.Host\TreadSnow.HttpApi.Host.csproj]
C:\Program Files\dotnet\sdk\9.0.202\Microsoft.Common.CurrentVersion.targets(5063,5): warning MSB3026: Could not copy "E:\TreadSnow\TreadSnow Github2\ABP9.1.1\framework\src\Volo.Abp.Http\bin\Debug\net9.0\Volo.Abp.Http.dll" to "bin\Debug\net9.0\Volo.Abp.Http.dll". Beginning retry 1 in 1000ms. The process cannot access the file 'E:\TreadSnow\TreadSnow Github2\src\TreadSnow.HttpApi.Host\bin\Debug\net9.0\Volo.Abp.Http.dll' because it is being used by another process. The file is locked by: "TreadSnow.HttpApi.Host (46584)" [E:\TreadSnow\TreadSnow Github2\src\TreadSnow.HttpApi.Host\TreadSnow.HttpApi.Host.csproj]
C:\Program Files\dotnet\sdk\9.0.202\Microsoft.Common.CurrentVersion.targets(5063,5): error MSB3027: Could not copy "E:\TreadSnow\TreadSnow Github2\ABP9.1.1\framework\src\Volo.Abp.EventBus\bin\Debug\net9.0\Volo.Abp.EventBus.dll" to "bin\Debug\net9.0\Volo.Abp.EventBus.dll". Exceeded retry count of 10. Failed. The file is locked by: "TreadSnow.HttpApi.Host (46584)" [E:\TreadSnow\TreadSnow Github2\src\TreadSnow.HttpApi.Host\TreadSnow.HttpApi.Host.csproj]
C:\Program Files\dotnet\sdk\9.0.202\Microsoft.Common.CurrentVersion.targets(5063,5): error MSB3021: Unable to copy file "E:\TreadSnow\TreadSnow Github2\ABP9.1.1\framework\src\Volo.Abp.EventBus\bin\Debug\net9.0\Volo.Abp.EventBus.dll" to "bin\Debug\net9.0\Volo.Abp.EventBus.dll". The process cannot access the file 'E:\TreadSnow\TreadSnow Github2\src\TreadSnow.HttpApi.Host\bin\Debug\net9.0\Volo.Abp.EventBus.dll' because it is being used by another process. [E:\TreadSnow\TreadSnow Github2\src\TreadSnow.HttpApi.Host\TreadSnow.HttpApi.Host.csproj]
C:\Program Files\dotnet\sdk\9.0.202\Microsoft.Common.CurrentVersion.targets(5063,5): warning MSB3026: Could not copy "E:\TreadSnow\TreadSnow Github2\ABP9.1.1\modules\identity\src\Volo.Abp.Identity.Application.Contracts\bin\Debug\net9.0\Volo.Abp.Identity.Application.Contracts.dll" to "bin\Debug\net9.0\Volo.Abp.Identity.Application.Contracts.dll". Beginning retry 1 in 1000ms. The process cannot access the file 'E:\TreadSnow\TreadSnow Github2\src\TreadSnow.HttpApi.Host\bin\Debug\net9.0\Volo.Abp.Identity.Application.Contracts.dll' because it is being used by another process. The file is locked by: "TreadSnow.HttpApi.Host (46584)" [E:\TreadSnow\TreadSnow Github2\src\TreadSnow.HttpApi.Host\TreadSnow.HttpApi.Host.csproj]
C:\Program Files\dotnet\sdk\9.0.202\Microsoft.Common.CurrentVersion.targets(5063,5): warning MSB3026: Could not copy "E:\TreadSnow\TreadSnow Github2\ABP9.1.1\framework\src\Volo.Abp.Features\bin\Debug\net9.0\Volo.Abp.Features.dll" to "bin\Debug\net9.0\Volo.Abp.Features.dll". Beginning retry 2 in 1000ms. The process cannot access the file 'E:\TreadSnow\TreadSnow Github2\src\TreadSnow.HttpApi.Host\bin\Debug\net9.0\Volo.Abp.Features.dll' because it is being used by another process. The file is locked by: "TreadSnow.HttpApi.Host (46584)" [E:\TreadSnow\TreadSnow Github2\src\TreadSnow.HttpApi.Host\TreadSnow.HttpApi.Host.csproj]
C:\Program Files\dotnet\sdk\9.0.202\Microsoft.Common.CurrentVersion.targets(5063,5): warning MSB3026: Could not copy "E:\TreadSnow\TreadSnow Github2\ABP9.1.1\framework\src\Volo.Abp.Guids\bin\Debug\net9.0\Volo.Abp.Guids.dll" to "bin\Debug\net9.0\Volo.Abp.Guids.dll". Beginning retry 2 in 1000ms. The process cannot access the file 'E:\TreadSnow\TreadSnow Github2\src\TreadSnow.HttpApi.Host\bin\Debug\net9.0\Volo.Abp.Guids.dll' because it is being used by another process. The file is locked by: "TreadSnow.HttpApi.Host (46584)" [E:\TreadSnow\TreadSnow Github2\src\TreadSnow.HttpApi.Host\TreadSnow.HttpApi.Host.csproj]
C:\Program Files\dotnet\sdk\9.0.202\Microsoft.Common.CurrentVersion.targets(5063,5): warning MSB3026: Could not copy "E:\TreadSnow\TreadSnow Github2\ABP9.1.1\framework\src\Volo.Abp.Http.Abstractions\bin\Debug\net9.0\Volo.Abp.Http.Abstractions.dll" to "bin\Debug\net9.0\Volo.Abp.Http.Abstractions.dll". Beginning retry 2 in 1000ms. The process cannot access the file 'E:\TreadSnow\TreadSnow Github2\src\TreadSnow.HttpApi.Host\bin\Debug\net9.0\Volo.Abp.Http.Abstractions.dll' because it is being used by another process. The file is locked by: "TreadSnow.HttpApi.Host (46584)" [E:\TreadSnow\TreadSnow Github2\src\TreadSnow.HttpApi.Host\TreadSnow.HttpApi.Host.csproj]
C:\Program Files\dotnet\sdk\9.0.202\Microsoft.Common.CurrentVersion.targets(5063,5): warning MSB3026: Could not copy "E:\TreadSnow\TreadSnow Github2\ABP9.1.1\framework\src\Volo.Abp.ExceptionHandling\bin\Debug\net9.0\Volo.Abp.ExceptionHandling.dll" to "bin\Debug\net9.0\Volo.Abp.ExceptionHandling.dll". Beginning retry 3 in 1000ms. The process cannot access the file 'E:\TreadSnow\TreadSnow Github2\src\TreadSnow.HttpApi.Host\bin\Debug\net9.0\Volo.Abp.ExceptionHandling.dll' because it is being used by another process. The file is locked by: "TreadSnow.HttpApi.Host (46584)" [E:\TreadSnow\TreadSnow Github2\src\TreadSnow.HttpApi.Host\TreadSnow.HttpApi.Host.csproj]
C:\Program Files\dotnet\sdk\9.0.202\Microsoft.Common.CurrentVersion.targets(5063,5): warning MSB3026: Could not copy "E:\TreadSnow\TreadSnow Github2\ABP9.1.1\framework\src\Volo.Abp.Http\bin\Debug\net9.0\Volo.Abp.Http.dll" to "bin\Debug\net9.0\Volo.Abp.Http.dll". Beginning retry 2 in 1000ms. The process cannot access the file 'E:\TreadSnow\TreadSnow Github2\src\TreadSnow.HttpApi.Host\bin\Debug\net9.0\Volo.Abp.Http.dll' because it is being used by another process. The file is locked by: "TreadSnow.HttpApi.Host (46584)" [E:\TreadSnow\TreadSnow Github2\src\TreadSnow.HttpApi.Host\TreadSnow.HttpApi.Host.csproj]
C:\Program Files\dotnet\sdk\9.0.202\Microsoft.Common.CurrentVersion.targets(5063,5): warning MSB3026: Could not copy "E:\TreadSnow\TreadSnow Github2\ABP9.1.1\modules\identity\src\Volo.Abp.Identity.Application.Contracts\bin\Debug\net9.0\Volo.Abp.Identity.Application.Contracts.dll" to "bin\Debug\net9.0\Volo.Abp.Identity.Application.Contracts.dll". Beginning retry 2 in 1000ms. The process cannot access the file 'E:\TreadSnow\TreadSnow Github2\src\TreadSnow.HttpApi.Host\bin\Debug\net9.0\Volo.Abp.Identity.Application.Contracts.dll' because it is being used by another process. The file is locked by: "TreadSnow.HttpApi.Host (46584)" [E:\TreadSnow\TreadSnow Github2\src\TreadSnow.HttpApi.Host\TreadSnow.HttpApi.Host.csproj]
C:\Program Files\dotnet\sdk\9.0.202\Microsoft.Common.CurrentVersion.targets(5063,5): warning MSB3026: Could not copy "E:\TreadSnow\TreadSnow Github2\ABP9.1.1\framework\src\Volo.Abp.Features\bin\Debug\net9.0\Volo.Abp.Features.dll" to "bin\Debug\net9.0\Volo.Abp.Features.dll". Beginning retry 3 in 1000ms. The process cannot access the file 'E:\TreadSnow\TreadSnow Github2\src\TreadSnow.HttpApi.Host\bin\Debug\net9.0\Volo.Abp.Features.dll' because it is being used by another process. The file is locked by: "TreadSnow.HttpApi.Host (46584)" [E:\TreadSnow\TreadSnow Github2\src\TreadSnow.HttpApi.Host\TreadSnow.HttpApi.Host.csproj]
C:\Program Files\dotnet\sdk\9.0.202\Microsoft.Common.CurrentVersion.targets(5063,5): warning MSB3026: Could not copy "E:\TreadSnow\TreadSnow Github2\ABP9.1.1\framework\src\Volo.Abp.Guids\bin\Debug\net9.0\Volo.Abp.Guids.dll" to "bin\Debug\net9.0\Volo.Abp.Guids.dll". Beginning retry 3 in 1000ms. The process cannot access the file 'E:\TreadSnow\TreadSnow Github2\src\TreadSnow.HttpApi.Host\bin\Debug\net9.0\Volo.Abp.Guids.dll' because it is being used by another process. The file is locked by: "TreadSnow.HttpApi.Host (46584)" [E:\TreadSnow\TreadSnow Github2\src\TreadSnow.HttpApi.Host\TreadSnow.HttpApi.Host.csproj]
C:\Program Files\dotnet\sdk\9.0.202\Microsoft.Common.CurrentVersion.targets(5063,5): warning MSB3026: Could not copy "E:\TreadSnow\TreadSnow Github2\ABP9.1.1\framework\src\Volo.Abp.ExceptionHandling\bin\Debug\net9.0\Volo.Abp.ExceptionHandling.dll" to "bin\Debug\net9.0\Volo.Abp.ExceptionHandling.dll". Beginning retry 4 in 1000ms. The process cannot access the file 'E:\TreadSnow\TreadSnow Github2\src\TreadSnow.HttpApi.Host\bin\Debug\net9.0\Volo.Abp.ExceptionHandling.dll' because it is being used by another process. The file is locked by: "TreadSnow.HttpApi.Host (46584)" [E:\TreadSnow\TreadSnow Github2\src\TreadSnow.HttpApi.Host\TreadSnow.HttpApi.Host.csproj]
C:\Program Files\dotnet\sdk\9.0.202\Microsoft.Common.CurrentVersion.targets(5063,5): warning MSB3026: Could not copy "E:\TreadSnow\TreadSnow Github2\ABP9.1.1\framework\src\Volo.Abp.Http.Abstractions\bin\Debug\net9.0\Volo.Abp.Http.Abstractions.dll" to "bin\Debug\net9.0\Volo.Abp.Http.Abstractions.dll". Beginning retry 3 in 1000ms. The process cannot access the file 'E:\TreadSnow\TreadSnow Github2\src\TreadSnow.HttpApi.Host\bin\Debug\net9.0\Volo.Abp.Http.Abstractions.dll' because it is being used by another process. The file is locked by: "TreadSnow.HttpApi.Host (46584)" [E:\TreadSnow\TreadSnow Github2\src\TreadSnow.HttpApi.Host\TreadSnow.HttpApi.Host.csproj]
C:\Program Files\dotnet\sdk\9.0.202\Microsoft.Common.CurrentVersion.targets(5063,5): warning MSB3026: Could not copy "E:\TreadSnow\TreadSnow Github2\ABP9.1.1\framework\src\Volo.Abp.Http\bin\Debug\net9.0\Volo.Abp.Http.dll" to "bin\Debug\net9.0\Volo.Abp.Http.dll". Beginning retry 3 in 1000ms. The process cannot access the file 'E:\TreadSnow\TreadSnow Github2\src\TreadSnow.HttpApi.Host\bin\Debug\net9.0\Volo.Abp.Http.dll' because it is being used by another process. The file is locked by: "TreadSnow.HttpApi.Host (46584)" [E:\TreadSnow\TreadSnow Github2\src\TreadSnow.HttpApi.Host\TreadSnow.HttpApi.Host.csproj]
C:\Program Files\dotnet\sdk\9.0.202\Microsoft.Common.CurrentVersion.targets(5063,5): warning MSB3026: Could not copy "E:\TreadSnow\TreadSnow Github2\ABP9.1.1\modules\identity\src\Volo.Abp.Identity.Application.Contracts\bin\Debug\net9.0\Volo.Abp.Identity.Application.Contracts.dll" to "bin\Debug\net9.0\Volo.Abp.Identity.Application.Contracts.dll". Beginning retry 3 in 1000ms. The process cannot access the file 'E:\TreadSnow\TreadSnow Github2\src\TreadSnow.HttpApi.Host\bin\Debug\net9.0\Volo.Abp.Identity.Application.Contracts.dll' because it is being used by another process. The file is locked by: "TreadSnow.HttpApi.Host (46584)" [E:\TreadSnow\TreadSnow Github2\src\TreadSnow.HttpApi.Host\TreadSnow.HttpApi.Host.csproj]
C:\Program Files\dotnet\sdk\9.0.202\Microsoft.Common.CurrentVersion.targets(5063,5): warning MSB3026: Could not copy "E:\TreadSnow\TreadSnow Github2\ABP9.1.1\framework\src\Volo.Abp.Features\bin\Debug\net9.0\Volo.Abp.Features.dll" to "bin\Debug\net9.0\Volo.Abp.Features.dll". Beginning retry 4 in 1000ms. The process cannot access the file 'E:\TreadSnow\TreadSnow Github2\src\TreadSnow.HttpApi.Host\bin\Debug\net9.0\Volo.Abp.Features.dll' because it is being used by another process. The file is locked by: "TreadSnow.HttpApi.Host (46584)" [E:\TreadSnow\TreadSnow Github2\src\TreadSnow.HttpApi.Host\TreadSnow.HttpApi.Host.csproj]
C:\Program Files\dotnet\sdk\9.0.202\Microsoft.Common.CurrentVersion.targets(5063,5): warning MSB3026: Could not copy "E:\TreadSnow\TreadSnow Github2\ABP9.1.1\framework\src\Volo.Abp.Guids\bin\Debug\net9.0\Volo.Abp.Guids.dll" to "bin\Debug\net9.0\Volo.Abp.Guids.dll". Beginning retry 4 in 1000ms. The process cannot access the file 'E:\TreadSnow\TreadSnow Github2\src\TreadSnow.HttpApi.Host\bin\Debug\net9.0\Volo.Abp.Guids.dll' because it is being used by another process. The file is locked by: "TreadSnow.HttpApi.Host (46584)" [E:\TreadSnow\TreadSnow Github2\src\TreadSnow.HttpApi.Host\TreadSnow.HttpApi.Host.csproj]
C:\Program Files\dotnet\sdk\9.0.202\Microsoft.Common.CurrentVersion.targets(5063,5): warning MSB3026: Could not copy "E:\TreadSnow\TreadSnow Github2\ABP9.1.1\framework\src\Volo.Abp.ExceptionHandling\bin\Debug\net9.0\Volo.Abp.ExceptionHandling.dll" to "bin\Debug\net9.0\Volo.Abp.ExceptionHandling.dll". Beginning retry 5 in 1000ms. The process cannot access the file 'E:\TreadSnow\TreadSnow Github2\src\TreadSnow.HttpApi.Host\bin\Debug\net9.0\Volo.Abp.ExceptionHandling.dll' because it is being used by another process. The file is locked by: "TreadSnow.HttpApi.Host (46584)" [E:\TreadSnow\TreadSnow Github2\src\TreadSnow.HttpApi.Host\TreadSnow.HttpApi.Host.csproj]
C:\Program Files\dotnet\sdk\9.0.202\Microsoft.Common.CurrentVersion.targets(5063,5): warning MSB3026: Could not copy "E:\TreadSnow\TreadSnow Github2\ABP9.1.1\framework\src\Volo.Abp.Http.Abstractions\bin\Debug\net9.0\Volo.Abp.Http.Abstractions.dll" to "bin\Debug\net9.0\Volo.Abp.Http.Abstractions.dll". Beginning retry 4 in 1000ms. The process cannot access the file 'E:\TreadSnow\TreadSnow Github2\src\TreadSnow.HttpApi.Host\bin\Debug\net9.0\Volo.Abp.Http.Abstractions.dll' because it is being used by another process. The file is locked by: "TreadSnow.HttpApi.Host (46584)" [E:\TreadSnow\TreadSnow Github2\src\TreadSnow.HttpApi.Host\TreadSnow.HttpApi.Host.csproj]
C:\Program Files\dotnet\sdk\9.0.202\Microsoft.Common.CurrentVersion.targets(5063,5): warning MSB3026: Could not copy "E:\TreadSnow\TreadSnow Github2\ABP9.1.1\framework\src\Volo.Abp.Http\bin\Debug\net9.0\Volo.Abp.Http.dll" to "bin\Debug\net9.0\Volo.Abp.Http.dll". Beginning retry 4 in 1000ms. The process cannot access the file 'E:\TreadSnow\TreadSnow Github2\src\TreadSnow.HttpApi.Host\bin\Debug\net9.0\Volo.Abp.Http.dll' because it is being used by another process. The file is locked by: "TreadSnow.HttpApi.Host (46584)" [E:\TreadSnow\TreadSnow Github2\src\TreadSnow.HttpApi.Host\TreadSnow.HttpApi.Host.csproj]
C:\Program Files\dotnet\sdk\9.0.202\Microsoft.Common.CurrentVersion.targets(5063,5): warning MSB3026: Could not copy "E:\TreadSnow\TreadSnow Github2\ABP9.1.1\modules\identity\src\Volo.Abp.Identity.Application.Contracts\bin\Debug\net9.0\Volo.Abp.Identity.Application.Contracts.dll" to "bin\Debug\net9.0\Volo.Abp.Identity.Application.Contracts.dll". Beginning retry 4 in 1000ms. The process cannot access the file 'E:\TreadSnow\TreadSnow Github2\src\TreadSnow.HttpApi.Host\bin\Debug\net9.0\Volo.Abp.Identity.Application.Contracts.dll' because it is being used by another process. The file is locked by: "TreadSnow.HttpApi.Host (46584)" [E:\TreadSnow\TreadSnow Github2\src\TreadSnow.HttpApi.Host\TreadSnow.HttpApi.Host.csproj]
C:\Program Files\dotnet\sdk\9.0.202\Microsoft.Common.CurrentVersion.targets(5063,5): warning MSB3026: Could not copy "E:\TreadSnow\TreadSnow Github2\ABP9.1.1\framework\src\Volo.Abp.Features\bin\Debug\net9.0\Volo.Abp.Features.dll" to "bin\Debug\net9.0\Volo.Abp.Features.dll". Beginning retry 5 in 1000ms. The process cannot access the file 'E:\TreadSnow\TreadSnow Github2\src\TreadSnow.HttpApi.Host\bin\Debug\net9.0\Volo.Abp.Features.dll' because it is being used by another process. The file is locked by: "TreadSnow.HttpApi.Host (46584)" [E:\TreadSnow\TreadSnow Github2\src\TreadSnow.HttpApi.Host\TreadSnow.HttpApi.Host.csproj]
C:\Program Files\dotnet\sdk\9.0.202\Microsoft.Common.CurrentVersion.targets(5063,5): warning MSB3026: Could not copy "E:\TreadSnow\TreadSnow Github2\ABP9.1.1\framework\src\Volo.Abp.Guids\bin\Debug\net9.0\Volo.Abp.Guids.dll" to "bin\Debug\net9.0\Volo.Abp.Guids.dll". Beginning retry 5 in 1000ms. The process cannot access the file 'E:\TreadSnow\TreadSnow Github2\src\TreadSnow.HttpApi.Host\bin\Debug\net9.0\Volo.Abp.Guids.dll' because it is being used by another process. The file is locked by: "TreadSnow.HttpApi.Host (46584)" [E:\TreadSnow\TreadSnow Github2\src\TreadSnow.HttpApi.Host\TreadSnow.HttpApi.Host.csproj]
C:\Program Files\dotnet\sdk\9.0.202\Microsoft.Common.CurrentVersion.targets(5063,5): warning MSB3026: Could not copy "E:\TreadSnow\TreadSnow Github2\ABP9.1.1\framework\src\Volo.Abp.ExceptionHandling\bin\Debug\net9.0\Volo.Abp.ExceptionHandling.dll" to "bin\Debug\net9.0\Volo.Abp.ExceptionHandling.dll". Beginning retry 6 in 1000ms. The process cannot access the file 'E:\TreadSnow\TreadSnow Github2\src\TreadSnow.HttpApi.Host\bin\Debug\net9.0\Volo.Abp.ExceptionHandling.dll' because it is being used by another process. The file is locked by: "TreadSnow.HttpApi.Host (46584)" [E:\TreadSnow\TreadSnow Github2\src\TreadSnow.HttpApi.Host\TreadSnow.HttpApi.Host.csproj]
C:\Program Files\dotnet\sdk\9.0.202\Microsoft.Common.CurrentVersion.targets(5063,5): warning MSB3026: Could not copy "E:\TreadSnow\TreadSnow Github2\ABP9.1.1\framework\src\Volo.Abp.Http.Abstractions\bin\Debug\net9.0\Volo.Abp.Http.Abstractions.dll" to "bin\Debug\net9.0\Volo.Abp.Http.Abstractions.dll". Beginning retry 5 in 1000ms. The process cannot access the file 'E:\TreadSnow\TreadSnow Github2\src\TreadSnow.HttpApi.Host\bin\Debug\net9.0\Volo.Abp.Http.Abstractions.dll' because it is being used by another process. The file is locked by: "TreadSnow.HttpApi.Host (46584)" [E:\TreadSnow\TreadSnow Github2\src\TreadSnow.HttpApi.Host\TreadSnow.HttpApi.Host.csproj]
C:\Program Files\dotnet\sdk\9.0.202\Microsoft.Common.CurrentVersion.targets(5063,5): warning MSB3026: Could not copy "E:\TreadSnow\TreadSnow Github2\ABP9.1.1\framework\src\Volo.Abp.Http\bin\Debug\net9.0\Volo.Abp.Http.dll" to "bin\Debug\net9.0\Volo.Abp.Http.dll". Beginning retry 5 in 1000ms. The process cannot access the file 'E:\TreadSnow\TreadSnow Github2\src\TreadSnow.HttpApi.Host\bin\Debug\net9.0\Volo.Abp.Http.dll' because it is being used by another process. The file is locked by: "TreadSnow.HttpApi.Host (46584)" [E:\TreadSnow\TreadSnow Github2\src\TreadSnow.HttpApi.Host\TreadSnow.HttpApi.Host.csproj]
C:\Program Files\dotnet\sdk\9.0.202\Microsoft.Common.CurrentVersion.targets(5063,5): warning MSB3026: Could not copy "E:\TreadSnow\TreadSnow Github2\ABP9.1.1\modules\identity\src\Volo.Abp.Identity.Application.Contracts\bin\Debug\net9.0\Volo.Abp.Identity.Application.Contracts.dll" to "bin\Debug\net9.0\Volo.Abp.Identity.Application.Contracts.dll". Beginning retry 5 in 1000ms. The process cannot access the file 'E:\TreadSnow\TreadSnow Github2\src\TreadSnow.HttpApi.Host\bin\Debug\net9.0\Volo.Abp.Identity.Application.Contracts.dll' because it is being used by another process. The file is locked by: "TreadSnow.HttpApi.Host (46584)" [E:\TreadSnow\TreadSnow Github2\src\TreadSnow.HttpApi.Host\TreadSnow.HttpApi.Host.csproj]
C:\Program Files\dotnet\sdk\9.0.202\Microsoft.Common.CurrentVersion.targets(5063,5): warning MSB3026: Could not copy "E:\TreadSnow\TreadSnow Github2\ABP9.1.1\framework\src\Volo.Abp.Features\bin\Debug\net9.0\Volo.Abp.Features.dll" to "bin\Debug\net9.0\Volo.Abp.Features.dll". Beginning retry 6 in 1000ms. The process cannot access the file 'E:\TreadSnow\TreadSnow Github2\src\TreadSnow.HttpApi.Host\bin\Debug\net9.0\Volo.Abp.Features.dll' because it is being used by another process. The file is locked by: "TreadSnow.HttpApi.Host (46584)" [E:\TreadSnow\TreadSnow Github2\src\TreadSnow.HttpApi.Host\TreadSnow.HttpApi.Host.csproj]
C:\Program Files\dotnet\sdk\9.0.202\Microsoft.Common.CurrentVersion.targets(5063,5): warning MSB3026: Could not copy "E:\TreadSnow\TreadSnow Github2\ABP9.1.1\framework\src\Volo.Abp.Guids\bin\Debug\net9.0\Volo.Abp.Guids.dll" to "bin\Debug\net9.0\Volo.Abp.Guids.dll". Beginning retry 6 in 1000ms. The process cannot access the file 'E:\TreadSnow\TreadSnow Github2\src\TreadSnow.HttpApi.Host\bin\Debug\net9.0\Volo.Abp.Guids.dll' because it is being used by another process. The file is locked by: "TreadSnow.HttpApi.Host (46584)" [E:\TreadSnow\TreadSnow Github2\src\TreadSnow.HttpApi.Host\TreadSnow.HttpApi.Host.csproj]
C:\Program Files\dotnet\sdk\9.0.202\Microsoft.Common.CurrentVersion.targets(5063,5): warning MSB3026: Could not copy "E:\TreadSnow\TreadSnow Github2\ABP9.1.1\framework\src\Volo.Abp.ExceptionHandling\bin\Debug\net9.0\Volo.Abp.ExceptionHandling.dll" to "bin\Debug\net9.0\Volo.Abp.ExceptionHandling.dll". Beginning retry 7 in 1000ms. The process cannot access the file 'E:\TreadSnow\TreadSnow Github2\src\TreadSnow.HttpApi.Host\bin\Debug\net9.0\Volo.Abp.ExceptionHandling.dll' because it is being used by another process. The file is locked by: "TreadSnow.HttpApi.Host (46584)" [E:\TreadSnow\TreadSnow Github2\src\TreadSnow.HttpApi.Host\TreadSnow.HttpApi.Host.csproj]
C:\Program Files\dotnet\sdk\9.0.202\Microsoft.Common.CurrentVersion.targets(5063,5): warning MSB3026: Could not copy "E:\TreadSnow\TreadSnow Github2\ABP9.1.1\framework\src\Volo.Abp.Http.Abstractions\bin\Debug\net9.0\Volo.Abp.Http.Abstractions.dll" to "bin\Debug\net9.0\Volo.Abp.Http.Abstractions.dll". Beginning retry 6 in 1000ms. The process cannot access the file 'E:\TreadSnow\TreadSnow Github2\src\TreadSnow.HttpApi.Host\bin\Debug\net9.0\Volo.Abp.Http.Abstractions.dll' because it is being used by another process. The file is locked by: "TreadSnow.HttpApi.Host (46584)" [E:\TreadSnow\TreadSnow Github2\src\TreadSnow.HttpApi.Host\TreadSnow.HttpApi.Host.csproj]
C:\Program Files\dotnet\sdk\9.0.202\Microsoft.Common.CurrentVersion.targets(5063,5): warning MSB3026: Could not copy "E:\TreadSnow\TreadSnow Github2\ABP9.1.1\framework\src\Volo.Abp.Http\bin\Debug\net9.0\Volo.Abp.Http.dll" to "bin\Debug\net9.0\Volo.Abp.Http.dll". Beginning retry 6 in 1000ms. The process cannot access the file 'E:\TreadSnow\TreadSnow Github2\src\TreadSnow.HttpApi.Host\bin\Debug\net9.0\Volo.Abp.Http.dll' because it is being used by another process. The file is locked by: "TreadSnow.HttpApi.Host (46584)" [E:\TreadSnow\TreadSnow Github2\src\TreadSnow.HttpApi.Host\TreadSnow.HttpApi.Host.csproj]
C:\Program Files\dotnet\sdk\9.0.202\Microsoft.Common.CurrentVersion.targets(5063,5): warning MSB3026: Could not copy "E:\TreadSnow\TreadSnow Github2\ABP9.1.1\modules\identity\src\Volo.Abp.Identity.Application.Contracts\bin\Debug\net9.0\Volo.Abp.Identity.Application.Contracts.dll" to "bin\Debug\net9.0\Volo.Abp.Identity.Application.Contracts.dll". Beginning retry 6 in 1000ms. The process cannot access the file 'E:\TreadSnow\TreadSnow Github2\src\TreadSnow.HttpApi.Host\bin\Debug\net9.0\Volo.Abp.Identity.Application.Contracts.dll' because it is being used by another process. The file is locked by: "TreadSnow.HttpApi.Host (46584)" [E:\TreadSnow\TreadSnow Github2\src\TreadSnow.HttpApi.Host\TreadSnow.HttpApi.Host.csproj]
C:\Program Files\dotnet\sdk\9.0.202\Microsoft.Common.CurrentVersion.targets(5063,5): warning MSB3026: Could not copy "E:\TreadSnow\TreadSnow Github2\ABP9.1.1\framework\src\Volo.Abp.Features\bin\Debug\net9.0\Volo.Abp.Features.dll" to "bin\Debug\net9.0\Volo.Abp.Features.dll". Beginning retry 7 in 1000ms. The process cannot access the file 'E:\TreadSnow\TreadSnow Github2\src\TreadSnow.HttpApi.Host\bin\Debug\net9.0\Volo.Abp.Features.dll' because it is being used by another process. The file is locked by: "TreadSnow.HttpApi.Host (46584)" [E:\TreadSnow\TreadSnow Github2\src\TreadSnow.HttpApi.Host\TreadSnow.HttpApi.Host.csproj]
C:\Program Files\dotnet\sdk\9.0.202\Microsoft.Common.CurrentVersion.targets(5063,5): warning MSB3026: Could not copy "E:\TreadSnow\TreadSnow Github2\ABP9.1.1\framework\src\Volo.Abp.Guids\bin\Debug\net9.0\Volo.Abp.Guids.dll" to "bin\Debug\net9.0\Volo.Abp.Guids.dll". Beginning retry 7 in 1000ms. The process cannot access the file 'E:\TreadSnow\TreadSnow Github2\src\TreadSnow.HttpApi.Host\bin\Debug\net9.0\Volo.Abp.Guids.dll' because it is being used by another process. The file is locked by: "TreadSnow.HttpApi.Host (46584)" [E:\TreadSnow\TreadSnow Github2\src\TreadSnow.HttpApi.Host\TreadSnow.HttpApi.Host.csproj]
C:\Program Files\dotnet\sdk\9.0.202\Microsoft.Common.CurrentVersion.targets(5063,5): warning MSB3026: Could not copy "E:\TreadSnow\TreadSnow Github2\ABP9.1.1\framework\src\Volo.Abp.ExceptionHandling\bin\Debug\net9.0\Volo.Abp.ExceptionHandling.dll" to "bin\Debug\net9.0\Volo.Abp.ExceptionHandling.dll". Beginning retry 8 in 1000ms. The process cannot access the file 'E:\TreadSnow\TreadSnow Github2\src\TreadSnow.HttpApi.Host\bin\Debug\net9.0\Volo.Abp.ExceptionHandling.dll' because it is being used by another process. The file is locked by: "TreadSnow.HttpApi.Host (46584)" [E:\TreadSnow\TreadSnow Github2\src\TreadSnow.HttpApi.Host\TreadSnow.HttpApi.Host.csproj]
C:\Program Files\dotnet\sdk\9.0.202\Microsoft.Common.CurrentVersion.targets(5063,5): warning MSB3026: Could not copy "E:\TreadSnow\TreadSnow Github2\ABP9.1.1\framework\src\Volo.Abp.Http.Abstractions\bin\Debug\net9.0\Volo.Abp.Http.Abstractions.dll" to "bin\Debug\net9.0\Volo.Abp.Http.Abstractions.dll". Beginning retry 7 in 1000ms. The process cannot access the file 'E:\TreadSnow\TreadSnow Github2\src\TreadSnow.HttpApi.Host\bin\Debug\net9.0\Volo.Abp.Http.Abstractions.dll' because it is being used by another process. The file is locked by: "TreadSnow.HttpApi.Host (46584)" [E:\TreadSnow\TreadSnow Github2\src\TreadSnow.HttpApi.Host\TreadSnow.HttpApi.Host.csproj]
C:\Program Files\dotnet\sdk\9.0.202\Microsoft.Common.CurrentVersion.targets(5063,5): warning MSB3026: Could not copy "E:\TreadSnow\TreadSnow Github2\ABP9.1.1\framework\src\Volo.Abp.Http\bin\Debug\net9.0\Volo.Abp.Http.dll" to "bin\Debug\net9.0\Volo.Abp.Http.dll". Beginning retry 7 in 1000ms. The process cannot access the file 'E:\TreadSnow\TreadSnow Github2\src\TreadSnow.HttpApi.Host\bin\Debug\net9.0\Volo.Abp.Http.dll' because it is being used by another process. The file is locked by: "TreadSnow.HttpApi.Host (46584)" [E:\TreadSnow\TreadSnow Github2\src\TreadSnow.HttpApi.Host\TreadSnow.HttpApi.Host.csproj]
C:\Program Files\dotnet\sdk\9.0.202\Microsoft.Common.CurrentVersion.targets(5063,5): warning MSB3026: Could not copy "E:\TreadSnow\TreadSnow Github2\ABP9.1.1\modules\identity\src\Volo.Abp.Identity.Application.Contracts\bin\Debug\net9.0\Volo.Abp.Identity.Application.Contracts.dll" to "bin\Debug\net9.0\Volo.Abp.Identity.Application.Contracts.dll". Beginning retry 7 in 1000ms. The process cannot access the file 'E:\TreadSnow\TreadSnow Github2\src\TreadSnow.HttpApi.Host\bin\Debug\net9.0\Volo.Abp.Identity.Application.Contracts.dll' because it is being used by another process. The file is locked by: "TreadSnow.HttpApi.Host (46584)" [E:\TreadSnow\TreadSnow Github2\src\TreadSnow.HttpApi.Host\TreadSnow.HttpApi.Host.csproj]
C:\Program Files\dotnet\sdk\9.0.202\Microsoft.Common.CurrentVersion.targets(5063,5): warning MSB3026: Could not copy "E:\TreadSnow\TreadSnow Github2\ABP9.1.1\framework\src\Volo.Abp.Features\bin\Debug\net9.0\Volo.Abp.Features.dll" to "bin\Debug\net9.0\Volo.Abp.Features.dll". Beginning retry 8 in 1000ms. The process cannot access the file 'E:\TreadSnow\TreadSnow Github2\src\TreadSnow.HttpApi.Host\bin\Debug\net9.0\Volo.Abp.Features.dll' because it is being used by another process. The file is locked by: "TreadSnow.HttpApi.Host (46584)" [E:\TreadSnow\TreadSnow Github2\src\TreadSnow.HttpApi.Host\TreadSnow.HttpApi.Host.csproj]
C:\Program Files\dotnet\sdk\9.0.202\Microsoft.Common.CurrentVersion.targets(5063,5): warning MSB3026: Could not copy "E:\TreadSnow\TreadSnow Github2\ABP9.1.1\framework\src\Volo.Abp.Guids\bin\Debug\net9.0\Volo.Abp.Guids.dll" to "bin\Debug\net9.0\Volo.Abp.Guids.dll". Beginning retry 8 in 1000ms. The process cannot access the file 'E:\TreadSnow\TreadSnow Github2\src\TreadSnow.HttpApi.Host\bin\Debug\net9.0\Volo.Abp.Guids.dll' because it is being used by another process. The file is locked by: "TreadSnow.HttpApi.Host (46584)" [E:\TreadSnow\TreadSnow Github2\src\TreadSnow.HttpApi.Host\TreadSnow.HttpApi.Host.csproj]
C:\Program Files\dotnet\sdk\9.0.202\Microsoft.Common.CurrentVersion.targets(5063,5): warning MSB3026: Could not copy "E:\TreadSnow\TreadSnow Github2\ABP9.1.1\framework\src\Volo.Abp.ExceptionHandling\bin\Debug\net9.0\Volo.Abp.ExceptionHandling.dll" to "bin\Debug\net9.0\Volo.Abp.ExceptionHandling.dll". Beginning retry 9 in 1000ms. The process cannot access the file 'E:\TreadSnow\TreadSnow Github2\src\TreadSnow.HttpApi.Host\bin\Debug\net9.0\Volo.Abp.ExceptionHandling.dll' because it is being used by another process. The file is locked by: "TreadSnow.HttpApi.Host (46584)" [E:\TreadSnow\TreadSnow Github2\src\TreadSnow.HttpApi.Host\TreadSnow.HttpApi.Host.csproj]
C:\Program Files\dotnet\sdk\9.0.202\Microsoft.Common.CurrentVersion.targets(5063,5): warning MSB3026: Could not copy "E:\TreadSnow\TreadSnow Github2\ABP9.1.1\framework\src\Volo.Abp.Http.Abstractions\bin\Debug\net9.0\Volo.Abp.Http.Abstractions.dll" to "bin\Debug\net9.0\Volo.Abp.Http.Abstractions.dll". Beginning retry 8 in 1000ms. The process cannot access the file 'E:\TreadSnow\TreadSnow Github2\src\TreadSnow.HttpApi.Host\bin\Debug\net9.0\Volo.Abp.Http.Abstractions.dll' because it is being used by another process. The file is locked by: "TreadSnow.HttpApi.Host (46584)" [E:\TreadSnow\TreadSnow Github2\src\TreadSnow.HttpApi.Host\TreadSnow.HttpApi.Host.csproj]
C:\Program Files\dotnet\sdk\9.0.202\Microsoft.Common.CurrentVersion.targets(5063,5): warning MSB3026: Could not copy "E:\TreadSnow\TreadSnow Github2\ABP9.1.1\framework\src\Volo.Abp.Http\bin\Debug\net9.0\Volo.Abp.Http.dll" to "bin\Debug\net9.0\Volo.Abp.Http.dll". Beginning retry 8 in 1000ms. The process cannot access the file 'E:\TreadSnow\TreadSnow Github2\src\TreadSnow.HttpApi.Host\bin\Debug\net9.0\Volo.Abp.Http.dll' because it is being used by another process. The file is locked by: "TreadSnow.HttpApi.Host (46584)" [E:\TreadSnow\TreadSnow Github2\src\TreadSnow.HttpApi.Host\TreadSnow.HttpApi.Host.csproj]
C:\Program Files\dotnet\sdk\9.0.202\Microsoft.Common.CurrentVersion.targets(5063,5): warning MSB3026: Could not copy "E:\TreadSnow\TreadSnow Github2\ABP9.1.1\framework\src\Volo.Abp.Features\bin\Debug\net9.0\Volo.Abp.Features.dll" to "bin\Debug\net9.0\Volo.Abp.Features.dll". Beginning retry 9 in 1000ms. The process cannot access the file 'E:\TreadSnow\TreadSnow Github2\src\TreadSnow.HttpApi.Host\bin\Debug\net9.0\Volo.Abp.Features.dll' because it is being used by another process. The file is locked by: "TreadSnow.HttpApi.Host (46584)" [E:\TreadSnow\TreadSnow Github2\src\TreadSnow.HttpApi.Host\TreadSnow.HttpApi.Host.csproj]
C:\Program Files\dotnet\sdk\9.0.202\Microsoft.Common.CurrentVersion.targets(5063,5): warning MSB3026: Could not copy "E:\TreadSnow\TreadSnow Github2\ABP9.1.1\modules\identity\src\Volo.Abp.Identity.Application.Contracts\bin\Debug\net9.0\Volo.Abp.Identity.Application.Contracts.dll" to "bin\Debug\net9.0\Volo.Abp.Identity.Application.Contracts.dll". Beginning retry 8 in 1000ms. The process cannot access the file 'E:\TreadSnow\TreadSnow Github2\src\TreadSnow.HttpApi.Host\bin\Debug\net9.0\Volo.Abp.Identity.Application.Contracts.dll' because it is being used by another process. The file is locked by: "TreadSnow.HttpApi.Host (46584)" [E:\TreadSnow\TreadSnow Github2\src\TreadSnow.HttpApi.Host\TreadSnow.HttpApi.Host.csproj]
C:\Program Files\dotnet\sdk\9.0.202\Microsoft.Common.CurrentVersion.targets(5063,5): warning MSB3026: Could not copy "E:\TreadSnow\TreadSnow Github2\ABP9.1.1\framework\src\Volo.Abp.Guids\bin\Debug\net9.0\Volo.Abp.Guids.dll" to "bin\Debug\net9.0\Volo.Abp.Guids.dll". Beginning retry 9 in 1000ms. The process cannot access the file 'E:\TreadSnow\TreadSnow Github2\src\TreadSnow.HttpApi.Host\bin\Debug\net9.0\Volo.Abp.Guids.dll' because it is being used by another process. The file is locked by: "TreadSnow.HttpApi.Host (46584)" [E:\TreadSnow\TreadSnow Github2\src\TreadSnow.HttpApi.Host\TreadSnow.HttpApi.Host.csproj]
C:\Program Files\dotnet\sdk\9.0.202\Microsoft.Common.CurrentVersion.targets(5063,5): warning MSB3026: Could not copy "E:\TreadSnow\TreadSnow Github2\ABP9.1.1\framework\src\Volo.Abp.ExceptionHandling\bin\Debug\net9.0\Volo.Abp.ExceptionHandling.dll" to "bin\Debug\net9.0\Volo.Abp.ExceptionHandling.dll". Beginning retry 10 in 1000ms. The process cannot access the file 'E:\TreadSnow\TreadSnow Github2\src\TreadSnow.HttpApi.Host\bin\Debug\net9.0\Volo.Abp.ExceptionHandling.dll' because it is being used by another process. The file is locked by: "TreadSnow.HttpApi.Host (46584)" [E:\TreadSnow\TreadSnow Github2\src\TreadSnow.HttpApi.Host\TreadSnow.HttpApi.Host.csproj]
C:\Program Files\dotnet\sdk\9.0.202\Microsoft.Common.CurrentVersion.targets(5063,5): warning MSB3026: Could not copy "E:\TreadSnow\TreadSnow Github2\ABP9.1.1\framework\src\Volo.Abp.Http.Abstractions\bin\Debug\net9.0\Volo.Abp.Http.Abstractions.dll" to "bin\Debug\net9.0\Volo.Abp.Http.Abstractions.dll". Beginning retry 9 in 1000ms. The process cannot access the file 'E:\TreadSnow\TreadSnow Github2\src\TreadSnow.HttpApi.Host\bin\Debug\net9.0\Volo.Abp.Http.Abstractions.dll' because it is being used by another process. The file is locked by: "TreadSnow.HttpApi.Host (46584)" [E:\TreadSnow\TreadSnow Github2\src\TreadSnow.HttpApi.Host\TreadSnow.HttpApi.Host.csproj]
C:\Program Files\dotnet\sdk\9.0.202\Microsoft.Common.CurrentVersion.targets(5063,5): warning MSB3026: Could not copy "E:\TreadSnow\TreadSnow Github2\ABP9.1.1\framework\src\Volo.Abp.Http\bin\Debug\net9.0\Volo.Abp.Http.dll" to "bin\Debug\net9.0\Volo.Abp.Http.dll". Beginning retry 9 in 1000ms. The process cannot access the file 'E:\TreadSnow\TreadSnow Github2\src\TreadSnow.HttpApi.Host\bin\Debug\net9.0\Volo.Abp.Http.dll' because it is being used by another process. The file is locked by: "TreadSnow.HttpApi.Host (46584)" [E:\TreadSnow\TreadSnow Github2\src\TreadSnow.HttpApi.Host\TreadSnow.HttpApi.Host.csproj]
C:\Program Files\dotnet\sdk\9.0.202\Microsoft.Common.CurrentVersion.targets(5063,5): warning MSB3026: Could not copy "E:\TreadSnow\TreadSnow Github2\ABP9.1.1\framework\src\Volo.Abp.Features\bin\Debug\net9.0\Volo.Abp.Features.dll" to "bin\Debug\net9.0\Volo.Abp.Features.dll". Beginning retry 10 in 1000ms. The process cannot access the file 'E:\TreadSnow\TreadSnow Github2\src\TreadSnow.HttpApi.Host\bin\Debug\net9.0\Volo.Abp.Features.dll' because it is being used by another process. The file is locked by: "TreadSnow.HttpApi.Host (46584)" [E:\TreadSnow\TreadSnow Github2\src\TreadSnow.HttpApi.Host\TreadSnow.HttpApi.Host.csproj]
C:\Program Files\dotnet\sdk\9.0.202\Microsoft.Common.CurrentVersion.targets(5063,5): warning MSB3026: Could not copy "E:\TreadSnow\TreadSnow Github2\ABP9.1.1\modules\identity\src\Volo.Abp.Identity.Application.Contracts\bin\Debug\net9.0\Volo.Abp.Identity.Application.Contracts.dll" to "bin\Debug\net9.0\Volo.Abp.Identity.Application.Contracts.dll". Beginning retry 9 in 1000ms. The process cannot access the file 'E:\TreadSnow\TreadSnow Github2\src\TreadSnow.HttpApi.Host\bin\Debug\net9.0\Volo.Abp.Identity.Application.Contracts.dll' because it is being used by another process. The file is locked by: "TreadSnow.HttpApi.Host (46584)" [E:\TreadSnow\TreadSnow Github2\src\TreadSnow.HttpApi.Host\TreadSnow.HttpApi.Host.csproj]
C:\Program Files\dotnet\sdk\9.0.202\Microsoft.Common.CurrentVersion.targets(5063,5): warning MSB3026: Could not copy "E:\TreadSnow\TreadSnow Github2\ABP9.1.1\framework\src\Volo.Abp.Guids\bin\Debug\net9.0\Volo.Abp.Guids.dll" to "bin\Debug\net9.0\Volo.Abp.Guids.dll". Beginning retry 10 in 1000ms. The process cannot access the file 'E:\TreadSnow\TreadSnow Github2\src\TreadSnow.HttpApi.Host\bin\Debug\net9.0\Volo.Abp.Guids.dll' because it is being used by another process. The file is locked by: "TreadSnow.HttpApi.Host (46584)" [E:\TreadSnow\TreadSnow Github2\src\TreadSnow.HttpApi.Host\TreadSnow.HttpApi.Host.csproj]
C:\Program Files\dotnet\sdk\9.0.202\Microsoft.Common.CurrentVersion.targets(5063,5): error MSB3027: Could not copy "E:\TreadSnow\TreadSnow Github2\ABP9.1.1\framework\src\Volo.Abp.ExceptionHandling\bin\Debug\net9.0\Volo.Abp.ExceptionHandling.dll" to "bin\Debug\net9.0\Volo.Abp.ExceptionHandling.dll". Exceeded retry count of 10. Failed. The file is locked by: "TreadSnow.HttpApi.Host (46584)" [E:\TreadSnow\TreadSnow Github2\src\TreadSnow.HttpApi.Host\TreadSnow.HttpApi.Host.csproj]
C:\Program Files\dotnet\sdk\9.0.202\Microsoft.Common.CurrentVersion.targets(5063,5): error MSB3021: Unable to copy file "E:\TreadSnow\TreadSnow Github2\ABP9.1.1\framework\src\Volo.Abp.ExceptionHandling\bin\Debug\net9.0\Volo.Abp.ExceptionHandling.dll" to "bin\Debug\net9.0\Volo.Abp.ExceptionHandling.dll". The process cannot access the file 'E:\TreadSnow\TreadSnow Github2\src\TreadSnow.HttpApi.Host\bin\Debug\net9.0\Volo.Abp.ExceptionHandling.dll' because it is being used by another process. [E:\TreadSnow\TreadSnow Github2\src\TreadSnow.HttpApi.Host\TreadSnow.HttpApi.Host.csproj]
C:\Program Files\dotnet\sdk\9.0.202\Microsoft.Common.CurrentVersion.targets(5063,5): warning MSB3026: Could not copy "E:\TreadSnow\TreadSnow Github2\ABP9.1.1\framework\src\Volo.Abp.Http.Abstractions\bin\Debug\net9.0\Volo.Abp.Http.Abstractions.dll" to "bin\Debug\net9.0\Volo.Abp.Http.Abstractions.dll". Beginning retry 10 in 1000ms. The process cannot access the file 'E:\TreadSnow\TreadSnow Github2\src\TreadSnow.HttpApi.Host\bin\Debug\net9.0\Volo.Abp.Http.Abstractions.dll' because it is being used by another process. The file is locked by: "TreadSnow.HttpApi.Host (46584)" [E:\TreadSnow\TreadSnow Github2\src\TreadSnow.HttpApi.Host\TreadSnow.HttpApi.Host.csproj]
C:\Program Files\dotnet\sdk\9.0.202\Microsoft.Common.CurrentVersion.targets(5063,5): warning MSB3026: Could not copy "E:\TreadSnow\TreadSnow Github2\ABP9.1.1\modules\identity\src\Volo.Abp.Identity.Application\bin\Debug\net9.0\Volo.Abp.Identity.Application.dll" to "bin\Debug\net9.0\Volo.Abp.Identity.Application.dll". Beginning retry 1 in 1000ms. The process cannot access the file 'E:\TreadSnow\TreadSnow Github2\src\TreadSnow.HttpApi.Host\bin\Debug\net9.0\Volo.Abp.Identity.Application.dll' because it is being used by another process. The file is locked by: "TreadSnow.HttpApi.Host (46584)" [E:\TreadSnow\TreadSnow Github2\src\TreadSnow.HttpApi.Host\TreadSnow.HttpApi.Host.csproj]
C:\Program Files\dotnet\sdk\9.0.202\Microsoft.Common.CurrentVersion.targets(5063,5): warning MSB3026: Could not copy "E:\TreadSnow\TreadSnow Github2\ABP9.1.1\framework\src\Volo.Abp.Http\bin\Debug\net9.0\Volo.Abp.Http.dll" to "bin\Debug\net9.0\Volo.Abp.Http.dll". Beginning retry 10 in 1000ms. The process cannot access the file 'E:\TreadSnow\TreadSnow Github2\src\TreadSnow.HttpApi.Host\bin\Debug\net9.0\Volo.Abp.Http.dll' because it is being used by another process. The file is locked by: "TreadSnow.HttpApi.Host (46584)" [E:\TreadSnow\TreadSnow Github2\src\TreadSnow.HttpApi.Host\TreadSnow.HttpApi.Host.csproj]
C:\Program Files\dotnet\sdk\9.0.202\Microsoft.Common.CurrentVersion.targets(5063,5): error MSB3027: Could not copy "E:\TreadSnow\TreadSnow Github2\ABP9.1.1\framework\src\Volo.Abp.Features\bin\Debug\net9.0\Volo.Abp.Features.dll" to "bin\Debug\net9.0\Volo.Abp.Features.dll". Exceeded retry count of 10. Failed. The file is locked by: "TreadSnow.HttpApi.Host (46584)" [E:\TreadSnow\TreadSnow Github2\src\TreadSnow.HttpApi.Host\TreadSnow.HttpApi.Host.csproj]
C:\Program Files\dotnet\sdk\9.0.202\Microsoft.Common.CurrentVersion.targets(5063,5): error MSB3021: Unable to copy file "E:\TreadSnow\TreadSnow Github2\ABP9.1.1\framework\src\Volo.Abp.Features\bin\Debug\net9.0\Volo.Abp.Features.dll" to "bin\Debug\net9.0\Volo.Abp.Features.dll". The process cannot access the file 'E:\TreadSnow\TreadSnow Github2\src\TreadSnow.HttpApi.Host\bin\Debug\net9.0\Volo.Abp.Features.dll' because it is being used by another process. [E:\TreadSnow\TreadSnow Github2\src\TreadSnow.HttpApi.Host\TreadSnow.HttpApi.Host.csproj]
C:\Program Files\dotnet\sdk\9.0.202\Microsoft.Common.CurrentVersion.targets(5063,5): warning MSB3026: Could not copy "E:\TreadSnow\TreadSnow Github2\ABP9.1.1\modules\identity\src\Volo.Abp.Identity.Application.Contracts\bin\Debug\net9.0\Volo.Abp.Identity.Application.Contracts.dll" to "bin\Debug\net9.0\Volo.Abp.Identity.Application.Contracts.dll". Beginning retry 10 in 1000ms. The process cannot access the file 'E:\TreadSnow\TreadSnow Github2\src\TreadSnow.HttpApi.Host\bin\Debug\net9.0\Volo.Abp.Identity.Application.Contracts.dll' because it is being used by another process. The file is locked by: "TreadSnow.HttpApi.Host (46584)" [E:\TreadSnow\TreadSnow Github2\src\TreadSnow.HttpApi.Host\TreadSnow.HttpApi.Host.csproj]
C:\Program Files\dotnet\sdk\9.0.202\Microsoft.Common.CurrentVersion.targets(5063,5): warning MSB3026: Could not copy "E:\TreadSnow\TreadSnow Github2\ABP9.1.1\modules\identity\src\Volo.Abp.Identity.AspNetCore\bin\Debug\net9.0\Volo.Abp.Identity.AspNetCore.dll" to "bin\Debug\net9.0\Volo.Abp.Identity.AspNetCore.dll". Beginning retry 1 in 1000ms. The process cannot access the file 'E:\TreadSnow\TreadSnow Github2\src\TreadSnow.HttpApi.Host\bin\Debug\net9.0\Volo.Abp.Identity.AspNetCore.dll' because it is being used by another process. The file is locked by: "TreadSnow.HttpApi.Host (46584)" [E:\TreadSnow\TreadSnow Github2\src\TreadSnow.HttpApi.Host\TreadSnow.HttpApi.Host.csproj]
C:\Program Files\dotnet\sdk\9.0.202\Microsoft.Common.CurrentVersion.targets(5063,5): error MSB3027: Could not copy "E:\TreadSnow\TreadSnow Github2\ABP9.1.1\framework\src\Volo.Abp.Guids\bin\Debug\net9.0\Volo.Abp.Guids.dll" to "bin\Debug\net9.0\Volo.Abp.Guids.dll". Exceeded retry count of 10. Failed. The file is locked by: "TreadSnow.HttpApi.Host (46584)" [E:\TreadSnow\TreadSnow Github2\src\TreadSnow.HttpApi.Host\TreadSnow.HttpApi.Host.csproj]
C:\Program Files\dotnet\sdk\9.0.202\Microsoft.Common.CurrentVersion.targets(5063,5): error MSB3021: Unable to copy file "E:\TreadSnow\TreadSnow Github2\ABP9.1.1\framework\src\Volo.Abp.Guids\bin\Debug\net9.0\Volo.Abp.Guids.dll" to "bin\Debug\net9.0\Volo.Abp.Guids.dll". The process cannot access the file 'E:\TreadSnow\TreadSnow Github2\src\TreadSnow.HttpApi.Host\bin\Debug\net9.0\Volo.Abp.Guids.dll' because it is being used by another process. [E:\TreadSnow\TreadSnow Github2\src\TreadSnow.HttpApi.Host\TreadSnow.HttpApi.Host.csproj]
C:\Program Files\dotnet\sdk\9.0.202\Microsoft.Common.CurrentVersion.targets(5063,5): warning MSB3026: Could not copy "E:\TreadSnow\TreadSnow Github2\ABP9.1.1\modules\identity\src\Volo.Abp.Identity.Domain\bin\Debug\net9.0\Volo.Abp.Identity.Domain.dll" to "bin\Debug\net9.0\Volo.Abp.Identity.Domain.dll". Beginning retry 1 in 1000ms. The process cannot access the file 'E:\TreadSnow\TreadSnow Github2\src\TreadSnow.HttpApi.Host\bin\Debug\net9.0\Volo.Abp.Identity.Domain.dll' because it is being used by another process. The file is locked by: "TreadSnow.HttpApi.Host (46584)" [E:\TreadSnow\TreadSnow Github2\src\TreadSnow.HttpApi.Host\TreadSnow.HttpApi.Host.csproj]
C:\Program Files\dotnet\sdk\9.0.202\Microsoft.Common.CurrentVersion.targets(5063,5): error MSB3027: Could not copy "E:\TreadSnow\TreadSnow Github2\ABP9.1.1\framework\src\Volo.Abp.Http.Abstractions\bin\Debug\net9.0\Volo.Abp.Http.Abstractions.dll" to "bin\Debug\net9.0\Volo.Abp.Http.Abstractions.dll". Exceeded retry count of 10. Failed. The file is locked by: "TreadSnow.HttpApi.Host (46584)" [E:\TreadSnow\TreadSnow Github2\src\TreadSnow.HttpApi.Host\TreadSnow.HttpApi.Host.csproj]
C:\Program Files\dotnet\sdk\9.0.202\Microsoft.Common.CurrentVersion.targets(5063,5): error MSB3021: Unable to copy file "E:\TreadSnow\TreadSnow Github2\ABP9.1.1\framework\src\Volo.Abp.Http.Abstractions\bin\Debug\net9.0\Volo.Abp.Http.Abstractions.dll" to "bin\Debug\net9.0\Volo.Abp.Http.Abstractions.dll". The process cannot access the file 'E:\TreadSnow\TreadSnow Github2\src\TreadSnow.HttpApi.Host\bin\Debug\net9.0\Volo.Abp.Http.Abstractions.dll' because it is being used by another process. [E:\TreadSnow\TreadSnow Github2\src\TreadSnow.HttpApi.Host\TreadSnow.HttpApi.Host.csproj]
C:\Program Files\dotnet\sdk\9.0.202\Microsoft.Common.CurrentVersion.targets(5063,5): warning MSB3026: Could not copy "E:\TreadSnow\TreadSnow Github2\ABP9.1.1\modules\identity\src\Volo.Abp.Identity.Application\bin\Debug\net9.0\Volo.Abp.Identity.Application.dll" to "bin\Debug\net9.0\Volo.Abp.Identity.Application.dll". Beginning retry 2 in 1000ms. The process cannot access the file 'E:\TreadSnow\TreadSnow Github2\src\TreadSnow.HttpApi.Host\bin\Debug\net9.0\Volo.Abp.Identity.Application.dll' because it is being used by another process. The file is locked by: "TreadSnow.HttpApi.Host (46584)" [E:\TreadSnow\TreadSnow Github2\src\TreadSnow.HttpApi.Host\TreadSnow.HttpApi.Host.csproj]
C:\Program Files\dotnet\sdk\9.0.202\Microsoft.Common.CurrentVersion.targets(5063,5): error MSB3027: Could not copy "E:\TreadSnow\TreadSnow Github2\ABP9.1.1\framework\src\Volo.Abp.Http\bin\Debug\net9.0\Volo.Abp.Http.dll" to "bin\Debug\net9.0\Volo.Abp.Http.dll". Exceeded retry count of 10. Failed. The file is locked by: "TreadSnow.HttpApi.Host (46584)" [E:\TreadSnow\TreadSnow Github2\src\TreadSnow.HttpApi.Host\TreadSnow.HttpApi.Host.csproj]
C:\Program Files\dotnet\sdk\9.0.202\Microsoft.Common.CurrentVersion.targets(5063,5): error MSB3021: Unable to copy file "E:\TreadSnow\TreadSnow Github2\ABP9.1.1\framework\src\Volo.Abp.Http\bin\Debug\net9.0\Volo.Abp.Http.dll" to "bin\Debug\net9.0\Volo.Abp.Http.dll". The process cannot access the file 'E:\TreadSnow\TreadSnow Github2\src\TreadSnow.HttpApi.Host\bin\Debug\net9.0\Volo.Abp.Http.dll' because it is being used by another process. [E:\TreadSnow\TreadSnow Github2\src\TreadSnow.HttpApi.Host\TreadSnow.HttpApi.Host.csproj]
C:\Program Files\dotnet\sdk\9.0.202\Microsoft.Common.CurrentVersion.targets(5063,5): warning MSB3026: Could not copy "E:\TreadSnow\TreadSnow Github2\ABP9.1.1\modules\identity\src\Volo.Abp.Identity.Domain.Shared\bin\Debug\net9.0\Volo.Abp.Identity.Domain.Shared.dll" to "bin\Debug\net9.0\Volo.Abp.Identity.Domain.Shared.dll". Beginning retry 1 in 1000ms. The process cannot access the file 'E:\TreadSnow\TreadSnow Github2\src\TreadSnow.HttpApi.Host\bin\Debug\net9.0\Volo.Abp.Identity.Domain.Shared.dll' because it is being used by another process. The file is locked by: "TreadSnow.HttpApi.Host (46584)" [E:\TreadSnow\TreadSnow Github2\src\TreadSnow.HttpApi.Host\TreadSnow.HttpApi.Host.csproj]
C:\Program Files\dotnet\sdk\9.0.202\Microsoft.Common.CurrentVersion.targets(5063,5): warning MSB3026: Could not copy "E:\TreadSnow\TreadSnow Github2\ABP9.1.1\modules\identity\src\Volo.Abp.Identity.EntityFrameworkCore\bin\Debug\net9.0\Volo.Abp.Identity.EntityFrameworkCore.dll" to "bin\Debug\net9.0\Volo.Abp.Identity.EntityFrameworkCore.dll". Beginning retry 1 in 1000ms. The process cannot access the file 'E:\TreadSnow\TreadSnow Github2\src\TreadSnow.HttpApi.Host\bin\Debug\net9.0\Volo.Abp.Identity.EntityFrameworkCore.dll' because it is being used by another process. The file is locked by: "TreadSnow.HttpApi.Host (46584)" [E:\TreadSnow\TreadSnow Github2\src\TreadSnow.HttpApi.Host\TreadSnow.HttpApi.Host.csproj]
C:\Program Files\dotnet\sdk\9.0.202\Microsoft.Common.CurrentVersion.targets(5063,5): error MSB3027: Could not copy "E:\TreadSnow\TreadSnow Github2\ABP9.1.1\modules\identity\src\Volo.Abp.Identity.Application.Contracts\bin\Debug\net9.0\Volo.Abp.Identity.Application.Contracts.dll" to "bin\Debug\net9.0\Volo.Abp.Identity.Application.Contracts.dll". Exceeded retry count of 10. Failed. The file is locked by: "TreadSnow.HttpApi.Host (46584)" [E:\TreadSnow\TreadSnow Github2\src\TreadSnow.HttpApi.Host\TreadSnow.HttpApi.Host.csproj]
C:\Program Files\dotnet\sdk\9.0.202\Microsoft.Common.CurrentVersion.targets(5063,5): error MSB3021: Unable to copy file "E:\TreadSnow\TreadSnow Github2\ABP9.1.1\modules\identity\src\Volo.Abp.Identity.Application.Contracts\bin\Debug\net9.0\Volo.Abp.Identity.Application.Contracts.dll" to "bin\Debug\net9.0\Volo.Abp.Identity.Application.Contracts.dll". The process cannot access the file 'E:\TreadSnow\TreadSnow Github2\src\TreadSnow.HttpApi.Host\bin\Debug\net9.0\Volo.Abp.Identity.Application.Contracts.dll' because it is being used by another process. [E:\TreadSnow\TreadSnow Github2\src\TreadSnow.HttpApi.Host\TreadSnow.HttpApi.Host.csproj]
C:\Program Files\dotnet\sdk\9.0.202\Microsoft.Common.CurrentVersion.targets(5063,5): warning MSB3026: Could not copy "E:\TreadSnow\TreadSnow Github2\ABP9.1.1\modules\identity\src\Volo.Abp.Identity.AspNetCore\bin\Debug\net9.0\Volo.Abp.Identity.AspNetCore.dll" to "bin\Debug\net9.0\Volo.Abp.Identity.AspNetCore.dll". Beginning retry 2 in 1000ms. The process cannot access the file 'E:\TreadSnow\TreadSnow Github2\src\TreadSnow.HttpApi.Host\bin\Debug\net9.0\Volo.Abp.Identity.AspNetCore.dll' because it is being used by another process. The file is locked by: "TreadSnow.HttpApi.Host (46584)" [E:\TreadSnow\TreadSnow Github2\src\TreadSnow.HttpApi.Host\TreadSnow.HttpApi.Host.csproj]
C:\Program Files\dotnet\sdk\9.0.202\Microsoft.Common.CurrentVersion.targets(5063,5): warning MSB3026: Could not copy "E:\TreadSnow\TreadSnow Github2\ABP9.1.1\modules\identity\src\Volo.Abp.Identity.HttpApi\bin\Debug\net9.0\Volo.Abp.Identity.HttpApi.dll" to "bin\Debug\net9.0\Volo.Abp.Identity.HttpApi.dll". Beginning retry 1 in 1000ms. The process cannot access the file 'E:\TreadSnow\TreadSnow Github2\src\TreadSnow.HttpApi.Host\bin\Debug\net9.0\Volo.Abp.Identity.HttpApi.dll' because it is being used by another process. The file is locked by: "TreadSnow.HttpApi.Host (46584)" [E:\TreadSnow\TreadSnow Github2\src\TreadSnow.HttpApi.Host\TreadSnow.HttpApi.Host.csproj]
C:\Program Files\dotnet\sdk\9.0.202\Microsoft.Common.CurrentVersion.targets(5063,5): warning MSB3026: Could not copy "E:\TreadSnow\TreadSnow Github2\ABP9.1.1\modules\identity\src\Volo.Abp.Identity.Domain\bin\Debug\net9.0\Volo.Abp.Identity.Domain.dll" to "bin\Debug\net9.0\Volo.Abp.Identity.Domain.dll". Beginning retry 2 in 1000ms. The process cannot access the file 'E:\TreadSnow\TreadSnow Github2\src\TreadSnow.HttpApi.Host\bin\Debug\net9.0\Volo.Abp.Identity.Domain.dll' because it is being used by another process. The file is locked by: "TreadSnow.HttpApi.Host (46584)" [E:\TreadSnow\TreadSnow Github2\src\TreadSnow.HttpApi.Host\TreadSnow.HttpApi.Host.csproj]
C:\Program Files\dotnet\sdk\9.0.202\Microsoft.Common.CurrentVersion.targets(5063,5): warning MSB3026: Could not copy "E:\TreadSnow\TreadSnow Github2\ABP9.1.1\modules\identity\src\Volo.Abp.Identity.Application\bin\Debug\net9.0\Volo.Abp.Identity.Application.dll" to "bin\Debug\net9.0\Volo.Abp.Identity.Application.dll". Beginning retry 3 in 1000ms. The process cannot access the file 'E:\TreadSnow\TreadSnow Github2\src\TreadSnow.HttpApi.Host\bin\Debug\net9.0\Volo.Abp.Identity.Application.dll' because it is being used by another process. The file is locked by: "TreadSnow.HttpApi.Host (46584)" [E:\TreadSnow\TreadSnow Github2\src\TreadSnow.HttpApi.Host\TreadSnow.HttpApi.Host.csproj]
C:\Program Files\dotnet\sdk\9.0.202\Microsoft.Common.CurrentVersion.targets(5063,5): warning MSB3026: Could not copy "E:\TreadSnow\TreadSnow Github2\ABP9.1.1\modules\identity\src\Volo.Abp.Identity.Domain.Shared\bin\Debug\net9.0\Volo.Abp.Identity.Domain.Shared.dll" to "bin\Debug\net9.0\Volo.Abp.Identity.Domain.Shared.dll". Beginning retry 2 in 1000ms. The process cannot access the file 'E:\TreadSnow\TreadSnow Github2\src\TreadSnow.HttpApi.Host\bin\Debug\net9.0\Volo.Abp.Identity.Domain.Shared.dll' because it is being used by another process. The file is locked by: "TreadSnow.HttpApi.Host (46584)" [E:\TreadSnow\TreadSnow Github2\src\TreadSnow.HttpApi.Host\TreadSnow.HttpApi.Host.csproj]
C:\Program Files\dotnet\sdk\9.0.202\Microsoft.Common.CurrentVersion.targets(5063,5): warning MSB3026: Could not copy "E:\TreadSnow\TreadSnow Github2\ABP9.1.1\modules\identity\src\Volo.Abp.Identity.EntityFrameworkCore\bin\Debug\net9.0\Volo.Abp.Identity.EntityFrameworkCore.dll" to "bin\Debug\net9.0\Volo.Abp.Identity.EntityFrameworkCore.dll". Beginning retry 2 in 1000ms. The process cannot access the file 'E:\TreadSnow\TreadSnow Github2\src\TreadSnow.HttpApi.Host\bin\Debug\net9.0\Volo.Abp.Identity.EntityFrameworkCore.dll' because it is being used by another process. The file is locked by: "TreadSnow.HttpApi.Host (46584)" [E:\TreadSnow\TreadSnow Github2\src\TreadSnow.HttpApi.Host\TreadSnow.HttpApi.Host.csproj]
C:\Program Files\dotnet\sdk\9.0.202\Microsoft.Common.CurrentVersion.targets(5063,5): warning MSB3026: Could not copy "E:\TreadSnow\TreadSnow Github2\ABP9.1.1\modules\identity\src\Volo.Abp.Identity.AspNetCore\bin\Debug\net9.0\Volo.Abp.Identity.AspNetCore.dll" to "bin\Debug\net9.0\Volo.Abp.Identity.AspNetCore.dll". Beginning retry 3 in 1000ms. The process cannot access the file 'E:\TreadSnow\TreadSnow Github2\src\TreadSnow.HttpApi.Host\bin\Debug\net9.0\Volo.Abp.Identity.AspNetCore.dll' because it is being used by another process. The file is locked by: "TreadSnow.HttpApi.Host (46584)" [E:\TreadSnow\TreadSnow Github2\src\TreadSnow.HttpApi.Host\TreadSnow.HttpApi.Host.csproj]
C:\Program Files\dotnet\sdk\9.0.202\Microsoft.Common.CurrentVersion.targets(5063,5): warning MSB3026: Could not copy "E:\TreadSnow\TreadSnow Github2\ABP9.1.1\modules\identity\src\Volo.Abp.Identity.HttpApi\bin\Debug\net9.0\Volo.Abp.Identity.HttpApi.dll" to "bin\Debug\net9.0\Volo.Abp.Identity.HttpApi.dll". Beginning retry 2 in 1000ms. The process cannot access the file 'E:\TreadSnow\TreadSnow Github2\src\TreadSnow.HttpApi.Host\bin\Debug\net9.0\Volo.Abp.Identity.HttpApi.dll' because it is being used by another process. The file is locked by: "TreadSnow.HttpApi.Host (46584)" [E:\TreadSnow\TreadSnow Github2\src\TreadSnow.HttpApi.Host\TreadSnow.HttpApi.Host.csproj]
C:\Program Files\dotnet\sdk\9.0.202\Microsoft.Common.CurrentVersion.targets(5063,5): warning MSB3026: Could not copy "E:\TreadSnow\TreadSnow Github2\ABP9.1.1\modules\identity\src\Volo.Abp.Identity.Domain\bin\Debug\net9.0\Volo.Abp.Identity.Domain.dll" to "bin\Debug\net9.0\Volo.Abp.Identity.Domain.dll". Beginning retry 3 in 1000ms. The process cannot access the file 'E:\TreadSnow\TreadSnow Github2\src\TreadSnow.HttpApi.Host\bin\Debug\net9.0\Volo.Abp.Identity.Domain.dll' because it is being used by another process. The file is locked by: "TreadSnow.HttpApi.Host (46584)" [E:\TreadSnow\TreadSnow Github2\src\TreadSnow.HttpApi.Host\TreadSnow.HttpApi.Host.csproj]
C:\Program Files\dotnet\sdk\9.0.202\Microsoft.Common.CurrentVersion.targets(5063,5): warning MSB3026: Could not copy "E:\TreadSnow\TreadSnow Github2\ABP9.1.1\modules\identity\src\Volo.Abp.Identity.Application\bin\Debug\net9.0\Volo.Abp.Identity.Application.dll" to "bin\Debug\net9.0\Volo.Abp.Identity.Application.dll". Beginning retry 4 in 1000ms. The process cannot access the file 'E:\TreadSnow\TreadSnow Github2\src\TreadSnow.HttpApi.Host\bin\Debug\net9.0\Volo.Abp.Identity.Application.dll' because it is being used by another process. The file is locked by: "TreadSnow.HttpApi.Host (46584)" [E:\TreadSnow\TreadSnow Github2\src\TreadSnow.HttpApi.Host\TreadSnow.HttpApi.Host.csproj]
C:\Program Files\dotnet\sdk\9.0.202\Microsoft.Common.CurrentVersion.targets(5063,5): warning MSB3026: Could not copy "E:\TreadSnow\TreadSnow Github2\ABP9.1.1\modules\identity\src\Volo.Abp.Identity.Domain.Shared\bin\Debug\net9.0\Volo.Abp.Identity.Domain.Shared.dll" to "bin\Debug\net9.0\Volo.Abp.Identity.Domain.Shared.dll". Beginning retry 3 in 1000ms. The process cannot access the file 'E:\TreadSnow\TreadSnow Github2\src\TreadSnow.HttpApi.Host\bin\Debug\net9.0\Volo.Abp.Identity.Domain.Shared.dll' because it is being used by another process. The file is locked by: "TreadSnow.HttpApi.Host (46584)" [E:\TreadSnow\TreadSnow Github2\src\TreadSnow.HttpApi.Host\TreadSnow.HttpApi.Host.csproj]
C:\Program Files\dotnet\sdk\9.0.202\Microsoft.Common.CurrentVersion.targets(5063,5): warning MSB3026: Could not copy "E:\TreadSnow\TreadSnow Github2\ABP9.1.1\modules\identity\src\Volo.Abp.Identity.EntityFrameworkCore\bin\Debug\net9.0\Volo.Abp.Identity.EntityFrameworkCore.dll" to "bin\Debug\net9.0\Volo.Abp.Identity.EntityFrameworkCore.dll". Beginning retry 3 in 1000ms. The process cannot access the file 'E:\TreadSnow\TreadSnow Github2\src\TreadSnow.HttpApi.Host\bin\Debug\net9.0\Volo.Abp.Identity.EntityFrameworkCore.dll' because it is being used by another process. The file is locked by: "TreadSnow.HttpApi.Host (46584)" [E:\TreadSnow\TreadSnow Github2\src\TreadSnow.HttpApi.Host\TreadSnow.HttpApi.Host.csproj]
C:\Program Files\dotnet\sdk\9.0.202\Microsoft.Common.CurrentVersion.targets(5063,5): warning MSB3026: Could not copy "E:\TreadSnow\TreadSnow Github2\ABP9.1.1\modules\identity\src\Volo.Abp.Identity.AspNetCore\bin\Debug\net9.0\Volo.Abp.Identity.AspNetCore.dll" to "bin\Debug\net9.0\Volo.Abp.Identity.AspNetCore.dll". Beginning retry 4 in 1000ms. The process cannot access the file 'E:\TreadSnow\TreadSnow Github2\src\TreadSnow.HttpApi.Host\bin\Debug\net9.0\Volo.Abp.Identity.AspNetCore.dll' because it is being used by another process. The file is locked by: "TreadSnow.HttpApi.Host (46584)" [E:\TreadSnow\TreadSnow Github2\src\TreadSnow.HttpApi.Host\TreadSnow.HttpApi.Host.csproj]
C:\Program Files\dotnet\sdk\9.0.202\Microsoft.Common.CurrentVersion.targets(5063,5): warning MSB3026: Could not copy "E:\TreadSnow\TreadSnow Github2\ABP9.1.1\modules\identity\src\Volo.Abp.Identity.HttpApi\bin\Debug\net9.0\Volo.Abp.Identity.HttpApi.dll" to "bin\Debug\net9.0\Volo.Abp.Identity.HttpApi.dll". Beginning retry 3 in 1000ms. The process cannot access the file 'E:\TreadSnow\TreadSnow Github2\src\TreadSnow.HttpApi.Host\bin\Debug\net9.0\Volo.Abp.Identity.HttpApi.dll' because it is being used by another process. The file is locked by: "TreadSnow.HttpApi.Host (46584)" [E:\TreadSnow\TreadSnow Github2\src\TreadSnow.HttpApi.Host\TreadSnow.HttpApi.Host.csproj]
C:\Program Files\dotnet\sdk\9.0.202\Microsoft.Common.CurrentVersion.targets(5063,5): warning MSB3026: Could not copy "E:\TreadSnow\TreadSnow Github2\ABP9.1.1\modules\identity\src\Volo.Abp.Identity.Domain\bin\Debug\net9.0\Volo.Abp.Identity.Domain.dll" to "bin\Debug\net9.0\Volo.Abp.Identity.Domain.dll". Beginning retry 4 in 1000ms. The process cannot access the file 'E:\TreadSnow\TreadSnow Github2\src\TreadSnow.HttpApi.Host\bin\Debug\net9.0\Volo.Abp.Identity.Domain.dll' because it is being used by another process. The file is locked by: "TreadSnow.HttpApi.Host (46584)" [E:\TreadSnow\TreadSnow Github2\src\TreadSnow.HttpApi.Host\TreadSnow.HttpApi.Host.csproj]
C:\Program Files\dotnet\sdk\9.0.202\Microsoft.Common.CurrentVersion.targets(5063,5): warning MSB3026: Could not copy "E:\TreadSnow\TreadSnow Github2\ABP9.1.1\modules\identity\src\Volo.Abp.Identity.Application\bin\Debug\net9.0\Volo.Abp.Identity.Application.dll" to "bin\Debug\net9.0\Volo.Abp.Identity.Application.dll". Beginning retry 5 in 1000ms. The process cannot access the file 'E:\TreadSnow\TreadSnow Github2\src\TreadSnow.HttpApi.Host\bin\Debug\net9.0\Volo.Abp.Identity.Application.dll' because it is being used by another process. The file is locked by: "TreadSnow.HttpApi.Host (46584)" [E:\TreadSnow\TreadSnow Github2\src\TreadSnow.HttpApi.Host\TreadSnow.HttpApi.Host.csproj]
C:\Program Files\dotnet\sdk\9.0.202\Microsoft.Common.CurrentVersion.targets(5063,5): warning MSB3026: Could not copy "E:\TreadSnow\TreadSnow Github2\ABP9.1.1\modules\identity\src\Volo.Abp.Identity.Domain.Shared\bin\Debug\net9.0\Volo.Abp.Identity.Domain.Shared.dll" to "bin\Debug\net9.0\Volo.Abp.Identity.Domain.Shared.dll". Beginning retry 4 in 1000ms. The process cannot access the file 'E:\TreadSnow\TreadSnow Github2\src\TreadSnow.HttpApi.Host\bin\Debug\net9.0\Volo.Abp.Identity.Domain.Shared.dll' because it is being used by another process. The file is locked by: "TreadSnow.HttpApi.Host (46584)" [E:\TreadSnow\TreadSnow Github2\src\TreadSnow.HttpApi.Host\TreadSnow.HttpApi.Host.csproj]
C:\Program Files\dotnet\sdk\9.0.202\Microsoft.Common.CurrentVersion.targets(5063,5): warning MSB3026: Could not copy "E:\TreadSnow\TreadSnow Github2\ABP9.1.1\modules\identity\src\Volo.Abp.Identity.EntityFrameworkCore\bin\Debug\net9.0\Volo.Abp.Identity.EntityFrameworkCore.dll" to "bin\Debug\net9.0\Volo.Abp.Identity.EntityFrameworkCore.dll". Beginning retry 4 in 1000ms. The process cannot access the file 'E:\TreadSnow\TreadSnow Github2\src\TreadSnow.HttpApi.Host\bin\Debug\net9.0\Volo.Abp.Identity.EntityFrameworkCore.dll' because it is being used by another process. The file is locked by: "TreadSnow.HttpApi.Host (46584)" [E:\TreadSnow\TreadSnow Github2\src\TreadSnow.HttpApi.Host\TreadSnow.HttpApi.Host.csproj]
C:\Program Files\dotnet\sdk\9.0.202\Microsoft.Common.CurrentVersion.targets(5063,5): warning MSB3026: Could not copy "E:\TreadSnow\TreadSnow Github2\ABP9.1.1\modules\identity\src\Volo.Abp.Identity.AspNetCore\bin\Debug\net9.0\Volo.Abp.Identity.AspNetCore.dll" to "bin\Debug\net9.0\Volo.Abp.Identity.AspNetCore.dll". Beginning retry 5 in 1000ms. The process cannot access the file 'E:\TreadSnow\TreadSnow Github2\src\TreadSnow.HttpApi.Host\bin\Debug\net9.0\Volo.Abp.Identity.AspNetCore.dll' because it is being used by another process. The file is locked by: "TreadSnow.HttpApi.Host (46584)" [E:\TreadSnow\TreadSnow Github2\src\TreadSnow.HttpApi.Host\TreadSnow.HttpApi.Host.csproj]
C:\Program Files\dotnet\sdk\9.0.202\Microsoft.Common.CurrentVersion.targets(5063,5): warning MSB3026: Could not copy "E:\TreadSnow\TreadSnow Github2\ABP9.1.1\modules\identity\src\Volo.Abp.Identity.HttpApi\bin\Debug\net9.0\Volo.Abp.Identity.HttpApi.dll" to "bin\Debug\net9.0\Volo.Abp.Identity.HttpApi.dll". Beginning retry 4 in 1000ms. The process cannot access the file 'E:\TreadSnow\TreadSnow Github2\src\TreadSnow.HttpApi.Host\bin\Debug\net9.0\Volo.Abp.Identity.HttpApi.dll' because it is being used by another process. The file is locked by: "TreadSnow.HttpApi.Host (46584)" [E:\TreadSnow\TreadSnow Github2\src\TreadSnow.HttpApi.Host\TreadSnow.HttpApi.Host.csproj]
C:\Program Files\dotnet\sdk\9.0.202\Microsoft.Common.CurrentVersion.targets(5063,5): warning MSB3026: Could not copy "E:\TreadSnow\TreadSnow Github2\ABP9.1.1\modules\identity\src\Volo.Abp.Identity.Domain\bin\Debug\net9.0\Volo.Abp.Identity.Domain.dll" to "bin\Debug\net9.0\Volo.Abp.Identity.Domain.dll". Beginning retry 5 in 1000ms. The process cannot access the file 'E:\TreadSnow\TreadSnow Github2\src\TreadSnow.HttpApi.Host\bin\Debug\net9.0\Volo.Abp.Identity.Domain.dll' because it is being used by another process. The file is locked by: "TreadSnow.HttpApi.Host (46584)" [E:\TreadSnow\TreadSnow Github2\src\TreadSnow.HttpApi.Host\TreadSnow.HttpApi.Host.csproj]
C:\Program Files\dotnet\sdk\9.0.202\Microsoft.Common.CurrentVersion.targets(5063,5): warning MSB3026: Could not copy "E:\TreadSnow\TreadSnow Github2\ABP9.1.1\modules\identity\src\Volo.Abp.Identity.Application\bin\Debug\net9.0\Volo.Abp.Identity.Application.dll" to "bin\Debug\net9.0\Volo.Abp.Identity.Application.dll". Beginning retry 6 in 1000ms. The process cannot access the file 'E:\TreadSnow\TreadSnow Github2\src\TreadSnow.HttpApi.Host\bin\Debug\net9.0\Volo.Abp.Identity.Application.dll' because it is being used by another process. The file is locked by: "TreadSnow.HttpApi.Host (46584)" [E:\TreadSnow\TreadSnow Github2\src\TreadSnow.HttpApi.Host\TreadSnow.HttpApi.Host.csproj]
C:\Program Files\dotnet\sdk\9.0.202\Microsoft.Common.CurrentVersion.targets(5063,5): warning MSB3026: Could not copy "E:\TreadSnow\TreadSnow Github2\ABP9.1.1\modules\identity\src\Volo.Abp.Identity.Domain.Shared\bin\Debug\net9.0\Volo.Abp.Identity.Domain.Shared.dll" to "bin\Debug\net9.0\Volo.Abp.Identity.Domain.Shared.dll". Beginning retry 5 in 1000ms. The process cannot access the file 'E:\TreadSnow\TreadSnow Github2\src\TreadSnow.HttpApi.Host\bin\Debug\net9.0\Volo.Abp.Identity.Domain.Shared.dll' because it is being used by another process. The file is locked by: "TreadSnow.HttpApi.Host (46584)" [E:\TreadSnow\TreadSnow Github2\src\TreadSnow.HttpApi.Host\TreadSnow.HttpApi.Host.csproj]
C:\Program Files\dotnet\sdk\9.0.202\Microsoft.Common.CurrentVersion.targets(5063,5): warning MSB3026: Could not copy "E:\TreadSnow\TreadSnow Github2\ABP9.1.1\modules\identity\src\Volo.Abp.Identity.EntityFrameworkCore\bin\Debug\net9.0\Volo.Abp.Identity.EntityFrameworkCore.dll" to "bin\Debug\net9.0\Volo.Abp.Identity.EntityFrameworkCore.dll". Beginning retry 5 in 1000ms. The process cannot access the file 'E:\TreadSnow\TreadSnow Github2\src\TreadSnow.HttpApi.Host\bin\Debug\net9.0\Volo.Abp.Identity.EntityFrameworkCore.dll' because it is being used by another process. The file is locked by: "TreadSnow.HttpApi.Host (46584)" [E:\TreadSnow\TreadSnow Github2\src\TreadSnow.HttpApi.Host\TreadSnow.HttpApi.Host.csproj]
C:\Program Files\dotnet\sdk\9.0.202\Microsoft.Common.CurrentVersion.targets(5063,5): warning MSB3026: Could not copy "E:\TreadSnow\TreadSnow Github2\ABP9.1.1\modules\identity\src\Volo.Abp.Identity.AspNetCore\bin\Debug\net9.0\Volo.Abp.Identity.AspNetCore.dll" to "bin\Debug\net9.0\Volo.Abp.Identity.AspNetCore.dll". Beginning retry 6 in 1000ms. The process cannot access the file 'E:\TreadSnow\TreadSnow Github2\src\TreadSnow.HttpApi.Host\bin\Debug\net9.0\Volo.Abp.Identity.AspNetCore.dll' because it is being used by another process. The file is locked by: "TreadSnow.HttpApi.Host (46584)" [E:\TreadSnow\TreadSnow Github2\src\TreadSnow.HttpApi.Host\TreadSnow.HttpApi.Host.csproj]
C:\Program Files\dotnet\sdk\9.0.202\Microsoft.Common.CurrentVersion.targets(5063,5): warning MSB3026: Could not copy "E:\TreadSnow\TreadSnow Github2\ABP9.1.1\modules\identity\src\Volo.Abp.Identity.HttpApi\bin\Debug\net9.0\Volo.Abp.Identity.HttpApi.dll" to "bin\Debug\net9.0\Volo.Abp.Identity.HttpApi.dll". Beginning retry 5 in 1000ms. The process cannot access the file 'E:\TreadSnow\TreadSnow Github2\src\TreadSnow.HttpApi.Host\bin\Debug\net9.0\Volo.Abp.Identity.HttpApi.dll' because it is being used by another process. The file is locked by: "TreadSnow.HttpApi.Host (46584)" [E:\TreadSnow\TreadSnow Github2\src\TreadSnow.HttpApi.Host\TreadSnow.HttpApi.Host.csproj]
C:\Program Files\dotnet\sdk\9.0.202\Microsoft.Common.CurrentVersion.targets(5063,5): warning MSB3026: Could not copy "E:\TreadSnow\TreadSnow Github2\ABP9.1.1\modules\identity\src\Volo.Abp.Identity.Domain\bin\Debug\net9.0\Volo.Abp.Identity.Domain.dll" to "bin\Debug\net9.0\Volo.Abp.Identity.Domain.dll". Beginning retry 6 in 1000ms. The process cannot access the file 'E:\TreadSnow\TreadSnow Github2\src\TreadSnow.HttpApi.Host\bin\Debug\net9.0\Volo.Abp.Identity.Domain.dll' because it is being used by another process. The file is locked by: "TreadSnow.HttpApi.Host (46584)" [E:\TreadSnow\TreadSnow Github2\src\TreadSnow.HttpApi.Host\TreadSnow.HttpApi.Host.csproj]
C:\Program Files\dotnet\sdk\9.0.202\Microsoft.Common.CurrentVersion.targets(5063,5): warning MSB3026: Could not copy "E:\TreadSnow\TreadSnow Github2\ABP9.1.1\modules\identity\src\Volo.Abp.Identity.Application\bin\Debug\net9.0\Volo.Abp.Identity.Application.dll" to "bin\Debug\net9.0\Volo.Abp.Identity.Application.dll". Beginning retry 7 in 1000ms. The process cannot access the file 'E:\TreadSnow\TreadSnow Github2\src\TreadSnow.HttpApi.Host\bin\Debug\net9.0\Volo.Abp.Identity.Application.dll' because it is being used by another process. The file is locked by: "TreadSnow.HttpApi.Host (46584)" [E:\TreadSnow\TreadSnow Github2\src\TreadSnow.HttpApi.Host\TreadSnow.HttpApi.Host.csproj]
C:\Program Files\dotnet\sdk\9.0.202\Microsoft.Common.CurrentVersion.targets(5063,5): warning MSB3026: Could not copy "E:\TreadSnow\TreadSnow Github2\ABP9.1.1\modules\identity\src\Volo.Abp.Identity.Domain.Shared\bin\Debug\net9.0\Volo.Abp.Identity.Domain.Shared.dll" to "bin\Debug\net9.0\Volo.Abp.Identity.Domain.Shared.dll". Beginning retry 6 in 1000ms. The process cannot access the file 'E:\TreadSnow\TreadSnow Github2\src\TreadSnow.HttpApi.Host\bin\Debug\net9.0\Volo.Abp.Identity.Domain.Shared.dll' because it is being used by another process. The file is locked by: "TreadSnow.HttpApi.Host (46584)" [E:\TreadSnow\TreadSnow Github2\src\TreadSnow.HttpApi.Host\TreadSnow.HttpApi.Host.csproj]
C:\Program Files\dotnet\sdk\9.0.202\Microsoft.Common.CurrentVersion.targets(5063,5): warning MSB3026: Could not copy "E:\TreadSnow\TreadSnow Github2\ABP9.1.1\modules\identity\src\Volo.Abp.Identity.EntityFrameworkCore\bin\Debug\net9.0\Volo.Abp.Identity.EntityFrameworkCore.dll" to "bin\Debug\net9.0\Volo.Abp.Identity.EntityFrameworkCore.dll". Beginning retry 6 in 1000ms. The process cannot access the file 'E:\TreadSnow\TreadSnow Github2\src\TreadSnow.HttpApi.Host\bin\Debug\net9.0\Volo.Abp.Identity.EntityFrameworkCore.dll' because it is being used by another process. The file is locked by: "TreadSnow.HttpApi.Host (46584)" [E:\TreadSnow\TreadSnow Github2\src\TreadSnow.HttpApi.Host\TreadSnow.HttpApi.Host.csproj]
C:\Program Files\dotnet\sdk\9.0.202\Microsoft.Common.CurrentVersion.targets(5063,5): warning MSB3026: Could not copy "E:\TreadSnow\TreadSnow Github2\ABP9.1.1\modules\identity\src\Volo.Abp.Identity.AspNetCore\bin\Debug\net9.0\Volo.Abp.Identity.AspNetCore.dll" to "bin\Debug\net9.0\Volo.Abp.Identity.AspNetCore.dll". Beginning retry 7 in 1000ms. The process cannot access the file 'E:\TreadSnow\TreadSnow Github2\src\TreadSnow.HttpApi.Host\bin\Debug\net9.0\Volo.Abp.Identity.AspNetCore.dll' because it is being used by another process. The file is locked by: "TreadSnow.HttpApi.Host (46584)" [E:\TreadSnow\TreadSnow Github2\src\TreadSnow.HttpApi.Host\TreadSnow.HttpApi.Host.csproj]
C:\Program Files\dotnet\sdk\9.0.202\Microsoft.Common.CurrentVersion.targets(5063,5): warning MSB3026: Could not copy "E:\TreadSnow\TreadSnow Github2\ABP9.1.1\modules\identity\src\Volo.Abp.Identity.HttpApi\bin\Debug\net9.0\Volo.Abp.Identity.HttpApi.dll" to "bin\Debug\net9.0\Volo.Abp.Identity.HttpApi.dll". Beginning retry 6 in 1000ms. The process cannot access the file 'E:\TreadSnow\TreadSnow Github2\src\TreadSnow.HttpApi.Host\bin\Debug\net9.0\Volo.Abp.Identity.HttpApi.dll' because it is being used by another process. The file is locked by: "TreadSnow.HttpApi.Host (46584)" [E:\TreadSnow\TreadSnow Github2\src\TreadSnow.HttpApi.Host\TreadSnow.HttpApi.Host.csproj]
C:\Program Files\dotnet\sdk\9.0.202\Microsoft.Common.CurrentVersion.targets(5063,5): warning MSB3026: Could not copy "E:\TreadSnow\TreadSnow Github2\ABP9.1.1\modules\identity\src\Volo.Abp.Identity.Domain\bin\Debug\net9.0\Volo.Abp.Identity.Domain.dll" to "bin\Debug\net9.0\Volo.Abp.Identity.Domain.dll". Beginning retry 7 in 1000ms. The process cannot access the file 'E:\TreadSnow\TreadSnow Github2\src\TreadSnow.HttpApi.Host\bin\Debug\net9.0\Volo.Abp.Identity.Domain.dll' because it is being used by another process. The file is locked by: "TreadSnow.HttpApi.Host (46584)" [E:\TreadSnow\TreadSnow Github2\src\TreadSnow.HttpApi.Host\TreadSnow.HttpApi.Host.csproj]
C:\Program Files\dotnet\sdk\9.0.202\Microsoft.Common.CurrentVersion.targets(5063,5): warning MSB3026: Could not copy "E:\TreadSnow\TreadSnow Github2\ABP9.1.1\modules\identity\src\Volo.Abp.Identity.Application\bin\Debug\net9.0\Volo.Abp.Identity.Application.dll" to "bin\Debug\net9.0\Volo.Abp.Identity.Application.dll". Beginning retry 8 in 1000ms. The process cannot access the file 'E:\TreadSnow\TreadSnow Github2\src\TreadSnow.HttpApi.Host\bin\Debug\net9.0\Volo.Abp.Identity.Application.dll' because it is being used by another process. The file is locked by: "TreadSnow.HttpApi.Host (46584)" [E:\TreadSnow\TreadSnow Github2\src\TreadSnow.HttpApi.Host\TreadSnow.HttpApi.Host.csproj]
C:\Program Files\dotnet\sdk\9.0.202\Microsoft.Common.CurrentVersion.targets(5063,5): warning MSB3026: Could not copy "E:\TreadSnow\TreadSnow Github2\ABP9.1.1\modules\identity\src\Volo.Abp.Identity.Domain.Shared\bin\Debug\net9.0\Volo.Abp.Identity.Domain.Shared.dll" to "bin\Debug\net9.0\Volo.Abp.Identity.Domain.Shared.dll". Beginning retry 7 in 1000ms. The process cannot access the file 'E:\TreadSnow\TreadSnow Github2\src\TreadSnow.HttpApi.Host\bin\Debug\net9.0\Volo.Abp.Identity.Domain.Shared.dll' because it is being used by another process. The file is locked by: "TreadSnow.HttpApi.Host (46584)" [E:\TreadSnow\TreadSnow Github2\src\TreadSnow.HttpApi.Host\TreadSnow.HttpApi.Host.csproj]
C:\Program Files\dotnet\sdk\9.0.202\Microsoft.Common.CurrentVersion.targets(5063,5): warning MSB3026: Could not copy "E:\TreadSnow\TreadSnow Github2\ABP9.1.1\modules\identity\src\Volo.Abp.Identity.EntityFrameworkCore\bin\Debug\net9.0\Volo.Abp.Identity.EntityFrameworkCore.dll" to "bin\Debug\net9.0\Volo.Abp.Identity.EntityFrameworkCore.dll". Beginning retry 7 in 1000ms. The process cannot access the file 'E:\TreadSnow\TreadSnow Github2\src\TreadSnow.HttpApi.Host\bin\Debug\net9.0\Volo.Abp.Identity.EntityFrameworkCore.dll' because it is being used by another process. The file is locked by: "TreadSnow.HttpApi.Host (46584)" [E:\TreadSnow\TreadSnow Github2\src\TreadSnow.HttpApi.Host\TreadSnow.HttpApi.Host.csproj]
C:\Program Files\dotnet\sdk\9.0.202\Microsoft.Common.CurrentVersion.targets(5063,5): warning MSB3026: Could not copy "E:\TreadSnow\TreadSnow Github2\ABP9.1.1\modules\identity\src\Volo.Abp.Identity.AspNetCore\bin\Debug\net9.0\Volo.Abp.Identity.AspNetCore.dll" to "bin\Debug\net9.0\Volo.Abp.Identity.AspNetCore.dll". Beginning retry 8 in 1000ms. The process cannot access the file 'E:\TreadSnow\TreadSnow Github2\src\TreadSnow.HttpApi.Host\bin\Debug\net9.0\Volo.Abp.Identity.AspNetCore.dll' because it is being used by another process. The file is locked by: "TreadSnow.HttpApi.Host (46584)" [E:\TreadSnow\TreadSnow Github2\src\TreadSnow.HttpApi.Host\TreadSnow.HttpApi.Host.csproj]
C:\Program Files\dotnet\sdk\9.0.202\Microsoft.Common.CurrentVersion.targets(5063,5): warning MSB3026: Could not copy "E:\TreadSnow\TreadSnow Github2\ABP9.1.1\modules\identity\src\Volo.Abp.Identity.HttpApi\bin\Debug\net9.0\Volo.Abp.Identity.HttpApi.dll" to "bin\Debug\net9.0\Volo.Abp.Identity.HttpApi.dll". Beginning retry 7 in 1000ms. The process cannot access the file 'E:\TreadSnow\TreadSnow Github2\src\TreadSnow.HttpApi.Host\bin\Debug\net9.0\Volo.Abp.Identity.HttpApi.dll' because it is being used by another process. The file is locked by: "TreadSnow.HttpApi.Host (46584)" [E:\TreadSnow\TreadSnow Github2\src\TreadSnow.HttpApi.Host\TreadSnow.HttpApi.Host.csproj]
C:\Program Files\dotnet\sdk\9.0.202\Microsoft.Common.CurrentVersion.targets(5063,5): warning MSB3026: Could not copy "E:\TreadSnow\TreadSnow Github2\ABP9.1.1\modules\identity\src\Volo.Abp.Identity.Domain\bin\Debug\net9.0\Volo.Abp.Identity.Domain.dll" to "bin\Debug\net9.0\Volo.Abp.Identity.Domain.dll". Beginning retry 8 in 1000ms. The process cannot access the file 'E:\TreadSnow\TreadSnow Github2\src\TreadSnow.HttpApi.Host\bin\Debug\net9.0\Volo.Abp.Identity.Domain.dll' because it is being used by another process. The file is locked by: "TreadSnow.HttpApi.Host (46584)" [E:\TreadSnow\TreadSnow Github2\src\TreadSnow.HttpApi.Host\TreadSnow.HttpApi.Host.csproj]
C:\Program Files\dotnet\sdk\9.0.202\Microsoft.Common.CurrentVersion.targets(5063,5): warning MSB3026: Could not copy "E:\TreadSnow\TreadSnow Github2\ABP9.1.1\modules\identity\src\Volo.Abp.Identity.Application\bin\Debug\net9.0\Volo.Abp.Identity.Application.dll" to "bin\Debug\net9.0\Volo.Abp.Identity.Application.dll". Beginning retry 9 in 1000ms. The process cannot access the file 'E:\TreadSnow\TreadSnow Github2\src\TreadSnow.HttpApi.Host\bin\Debug\net9.0\Volo.Abp.Identity.Application.dll' because it is being used by another process. The file is locked by: "TreadSnow.HttpApi.Host (46584)" [E:\TreadSnow\TreadSnow Github2\src\TreadSnow.HttpApi.Host\TreadSnow.HttpApi.Host.csproj]
C:\Program Files\dotnet\sdk\9.0.202\Microsoft.Common.CurrentVersion.targets(5063,5): warning MSB3026: Could not copy "E:\TreadSnow\TreadSnow Github2\ABP9.1.1\modules\identity\src\Volo.Abp.Identity.Domain.Shared\bin\Debug\net9.0\Volo.Abp.Identity.Domain.Shared.dll" to "bin\Debug\net9.0\Volo.Abp.Identity.Domain.Shared.dll". Beginning retry 8 in 1000ms. The process cannot access the file 'E:\TreadSnow\TreadSnow Github2\src\TreadSnow.HttpApi.Host\bin\Debug\net9.0\Volo.Abp.Identity.Domain.Shared.dll' because it is being used by another process. The file is locked by: "TreadSnow.HttpApi.Host (46584)" [E:\TreadSnow\TreadSnow Github2\src\TreadSnow.HttpApi.Host\TreadSnow.HttpApi.Host.csproj]
C:\Program Files\dotnet\sdk\9.0.202\Microsoft.Common.CurrentVersion.targets(5063,5): warning MSB3026: Could not copy "E:\TreadSnow\TreadSnow Github2\ABP9.1.1\modules\identity\src\Volo.Abp.Identity.EntityFrameworkCore\bin\Debug\net9.0\Volo.Abp.Identity.EntityFrameworkCore.dll" to "bin\Debug\net9.0\Volo.Abp.Identity.EntityFrameworkCore.dll". Beginning retry 8 in 1000ms. The process cannot access the file 'E:\TreadSnow\TreadSnow Github2\src\TreadSnow.HttpApi.Host\bin\Debug\net9.0\Volo.Abp.Identity.EntityFrameworkCore.dll' because it is being used by another process. The file is locked by: "TreadSnow.HttpApi.Host (46584)" [E:\TreadSnow\TreadSnow Github2\src\TreadSnow.HttpApi.Host\TreadSnow.HttpApi.Host.csproj]
C:\Program Files\dotnet\sdk\9.0.202\Microsoft.Common.CurrentVersion.targets(5063,5): warning MSB3026: Could not copy "E:\TreadSnow\TreadSnow Github2\ABP9.1.1\modules\identity\src\Volo.Abp.Identity.AspNetCore\bin\Debug\net9.0\Volo.Abp.Identity.AspNetCore.dll" to "bin\Debug\net9.0\Volo.Abp.Identity.AspNetCore.dll". Beginning retry 9 in 1000ms. The process cannot access the file 'E:\TreadSnow\TreadSnow Github2\src\TreadSnow.HttpApi.Host\bin\Debug\net9.0\Volo.Abp.Identity.AspNetCore.dll' because it is being used by another process. The file is locked by: "TreadSnow.HttpApi.Host (46584)" [E:\TreadSnow\TreadSnow Github2\src\TreadSnow.HttpApi.Host\TreadSnow.HttpApi.Host.csproj]
C:\Program Files\dotnet\sdk\9.0.202\Microsoft.Common.CurrentVersion.targets(5063,5): warning MSB3026: Could not copy "E:\TreadSnow\TreadSnow Github2\ABP9.1.1\modules\identity\src\Volo.Abp.Identity.HttpApi\bin\Debug\net9.0\Volo.Abp.Identity.HttpApi.dll" to "bin\Debug\net9.0\Volo.Abp.Identity.HttpApi.dll". Beginning retry 8 in 1000ms. The process cannot access the file 'E:\TreadSnow\TreadSnow Github2\src\TreadSnow.HttpApi.Host\bin\Debug\net9.0\Volo.Abp.Identity.HttpApi.dll' because it is being used by another process. The file is locked by: "TreadSnow.HttpApi.Host (46584)" [E:\TreadSnow\TreadSnow Github2\src\TreadSnow.HttpApi.Host\TreadSnow.HttpApi.Host.csproj]
C:\Program Files\dotnet\sdk\9.0.202\Microsoft.Common.CurrentVersion.targets(5063,5): warning MSB3026: Could not copy "E:\TreadSnow\TreadSnow Github2\ABP9.1.1\modules\identity\src\Volo.Abp.Identity.Domain\bin\Debug\net9.0\Volo.Abp.Identity.Domain.dll" to "bin\Debug\net9.0\Volo.Abp.Identity.Domain.dll". Beginning retry 9 in 1000ms. The process cannot access the file 'E:\TreadSnow\TreadSnow Github2\src\TreadSnow.HttpApi.Host\bin\Debug\net9.0\Volo.Abp.Identity.Domain.dll' because it is being used by another process. The file is locked by: "TreadSnow.HttpApi.Host (46584)" [E:\TreadSnow\TreadSnow Github2\src\TreadSnow.HttpApi.Host\TreadSnow.HttpApi.Host.csproj]
C:\Program Files\dotnet\sdk\9.0.202\Microsoft.Common.CurrentVersion.targets(5063,5): warning MSB3026: Could not copy "E:\TreadSnow\TreadSnow Github2\ABP9.1.1\modules\identity\src\Volo.Abp.Identity.Application\bin\Debug\net9.0\Volo.Abp.Identity.Application.dll" to "bin\Debug\net9.0\Volo.Abp.Identity.Application.dll". Beginning retry 10 in 1000ms. The process cannot access the file 'E:\TreadSnow\TreadSnow Github2\src\TreadSnow.HttpApi.Host\bin\Debug\net9.0\Volo.Abp.Identity.Application.dll' because it is being used by another process. The file is locked by: "TreadSnow.HttpApi.Host (46584)" [E:\TreadSnow\TreadSnow Github2\src\TreadSnow.HttpApi.Host\TreadSnow.HttpApi.Host.csproj]
C:\Program Files\dotnet\sdk\9.0.202\Microsoft.Common.CurrentVersion.targets(5063,5): warning MSB3026: Could not copy "E:\TreadSnow\TreadSnow Github2\ABP9.1.1\modules\identity\src\Volo.Abp.Identity.Domain.Shared\bin\Debug\net9.0\Volo.Abp.Identity.Domain.Shared.dll" to "bin\Debug\net9.0\Volo.Abp.Identity.Domain.Shared.dll". Beginning retry 9 in 1000ms. The process cannot access the file 'E:\TreadSnow\TreadSnow Github2\src\TreadSnow.HttpApi.Host\bin\Debug\net9.0\Volo.Abp.Identity.Domain.Shared.dll' because it is being used by another process. The file is locked by: "TreadSnow.HttpApi.Host (46584)" [E:\TreadSnow\TreadSnow Github2\src\TreadSnow.HttpApi.Host\TreadSnow.HttpApi.Host.csproj]
C:\Program Files\dotnet\sdk\9.0.202\Microsoft.Common.CurrentVersion.targets(5063,5): warning MSB3026: Could not copy "E:\TreadSnow\TreadSnow Github2\ABP9.1.1\modules\identity\src\Volo.Abp.Identity.EntityFrameworkCore\bin\Debug\net9.0\Volo.Abp.Identity.EntityFrameworkCore.dll" to "bin\Debug\net9.0\Volo.Abp.Identity.EntityFrameworkCore.dll". Beginning retry 9 in 1000ms. The process cannot access the file 'E:\TreadSnow\TreadSnow Github2\src\TreadSnow.HttpApi.Host\bin\Debug\net9.0\Volo.Abp.Identity.EntityFrameworkCore.dll' because it is being used by another process. The file is locked by: "TreadSnow.HttpApi.Host (46584)" [E:\TreadSnow\TreadSnow Github2\src\TreadSnow.HttpApi.Host\TreadSnow.HttpApi.Host.csproj]
C:\Program Files\dotnet\sdk\9.0.202\Microsoft.Common.CurrentVersion.targets(5063,5): warning MSB3026: Could not copy "E:\TreadSnow\TreadSnow Github2\ABP9.1.1\modules\identity\src\Volo.Abp.Identity.AspNetCore\bin\Debug\net9.0\Volo.Abp.Identity.AspNetCore.dll" to "bin\Debug\net9.0\Volo.Abp.Identity.AspNetCore.dll". Beginning retry 10 in 1000ms. The process cannot access the file 'E:\TreadSnow\TreadSnow Github2\src\TreadSnow.HttpApi.Host\bin\Debug\net9.0\Volo.Abp.Identity.AspNetCore.dll' because it is being used by another process. The file is locked by: "TreadSnow.HttpApi.Host (46584)" [E:\TreadSnow\TreadSnow Github2\src\TreadSnow.HttpApi.Host\TreadSnow.HttpApi.Host.csproj]
C:\Program Files\dotnet\sdk\9.0.202\Microsoft.Common.CurrentVersion.targets(5063,5): warning MSB3026: Could not copy "E:\TreadSnow\TreadSnow Github2\ABP9.1.1\modules\identity\src\Volo.Abp.Identity.HttpApi\bin\Debug\net9.0\Volo.Abp.Identity.HttpApi.dll" to "bin\Debug\net9.0\Volo.Abp.Identity.HttpApi.dll". Beginning retry 9 in 1000ms. The process cannot access the file 'E:\TreadSnow\TreadSnow Github2\src\TreadSnow.HttpApi.Host\bin\Debug\net9.0\Volo.Abp.Identity.HttpApi.dll' because it is being used by another process. The file is locked by: "TreadSnow.HttpApi.Host (46584)" [E:\TreadSnow\TreadSnow Github2\src\TreadSnow.HttpApi.Host\TreadSnow.HttpApi.Host.csproj]
C:\Program Files\dotnet\sdk\9.0.202\Microsoft.Common.CurrentVersion.targets(5063,5): warning MSB3026: Could not copy "E:\TreadSnow\TreadSnow Github2\ABP9.1.1\modules\identity\src\Volo.Abp.Identity.Domain\bin\Debug\net9.0\Volo.Abp.Identity.Domain.dll" to "bin\Debug\net9.0\Volo.Abp.Identity.Domain.dll". Beginning retry 10 in 1000ms. The process cannot access the file 'E:\TreadSnow\TreadSnow Github2\src\TreadSnow.HttpApi.Host\bin\Debug\net9.0\Volo.Abp.Identity.Domain.dll' because it is being used by another process. The file is locked by: "TreadSnow.HttpApi.Host (46584)" [E:\TreadSnow\TreadSnow Github2\src\TreadSnow.HttpApi.Host\TreadSnow.HttpApi.Host.csproj]
C:\Program Files\dotnet\sdk\9.0.202\Microsoft.Common.CurrentVersion.targets(5063,5): error MSB3027: Could not copy "E:\TreadSnow\TreadSnow Github2\ABP9.1.1\modules\identity\src\Volo.Abp.Identity.Application\bin\Debug\net9.0\Volo.Abp.Identity.Application.dll" to "bin\Debug\net9.0\Volo.Abp.Identity.Application.dll". Exceeded retry count of 10. Failed. The file is locked by: "TreadSnow.HttpApi.Host (46584)" [E:\TreadSnow\TreadSnow Github2\src\TreadSnow.HttpApi.Host\TreadSnow.HttpApi.Host.csproj]
C:\Program Files\dotnet\sdk\9.0.202\Microsoft.Common.CurrentVersion.targets(5063,5): error MSB3021: Unable to copy file "E:\TreadSnow\TreadSnow Github2\ABP9.1.1\modules\identity\src\Volo.Abp.Identity.Application\bin\Debug\net9.0\Volo.Abp.Identity.Application.dll" to "bin\Debug\net9.0\Volo.Abp.Identity.Application.dll". The process cannot access the file 'E:\TreadSnow\TreadSnow Github2\src\TreadSnow.HttpApi.Host\bin\Debug\net9.0\Volo.Abp.Identity.Application.dll' because it is being used by another process. [E:\TreadSnow\TreadSnow Github2\src\TreadSnow.HttpApi.Host\TreadSnow.HttpApi.Host.csproj]
C:\Program Files\dotnet\sdk\9.0.202\Microsoft.Common.CurrentVersion.targets(5063,5): warning MSB3026: Could not copy "E:\TreadSnow\TreadSnow Github2\ABP9.1.1\framework\src\Volo.Abp.Json.Abstractions\bin\Debug\net9.0\Volo.Abp.Json.Abstractions.dll" to "bin\Debug\net9.0\Volo.Abp.Json.Abstractions.dll". Beginning retry 1 in 1000ms. The process cannot access the file 'E:\TreadSnow\TreadSnow Github2\src\TreadSnow.HttpApi.Host\bin\Debug\net9.0\Volo.Abp.Json.Abstractions.dll' because it is being used by another process. The file is locked by: "TreadSnow.HttpApi.Host (46584)" [E:\TreadSnow\TreadSnow Github2\src\TreadSnow.HttpApi.Host\TreadSnow.HttpApi.Host.csproj]
C:\Program Files\dotnet\sdk\9.0.202\Microsoft.Common.CurrentVersion.targets(5063,5): warning MSB3026: Could not copy "E:\TreadSnow\TreadSnow Github2\ABP9.1.1\modules\identity\src\Volo.Abp.Identity.Domain.Shared\bin\Debug\net9.0\Volo.Abp.Identity.Domain.Shared.dll" to "bin\Debug\net9.0\Volo.Abp.Identity.Domain.Shared.dll". Beginning retry 10 in 1000ms. The process cannot access the file 'E:\TreadSnow\TreadSnow Github2\src\TreadSnow.HttpApi.Host\bin\Debug\net9.0\Volo.Abp.Identity.Domain.Shared.dll' because it is being used by another process. The file is locked by: "TreadSnow.HttpApi.Host (46584)" [E:\TreadSnow\TreadSnow Github2\src\TreadSnow.HttpApi.Host\TreadSnow.HttpApi.Host.csproj]
C:\Program Files\dotnet\sdk\9.0.202\Microsoft.Common.CurrentVersion.targets(5063,5): warning MSB3026: Could not copy "E:\TreadSnow\TreadSnow Github2\ABP9.1.1\modules\identity\src\Volo.Abp.Identity.EntityFrameworkCore\bin\Debug\net9.0\Volo.Abp.Identity.EntityFrameworkCore.dll" to "bin\Debug\net9.0\Volo.Abp.Identity.EntityFrameworkCore.dll". Beginning retry 10 in 1000ms. The process cannot access the file 'E:\TreadSnow\TreadSnow Github2\src\TreadSnow.HttpApi.Host\bin\Debug\net9.0\Volo.Abp.Identity.EntityFrameworkCore.dll' because it is being used by another process. The file is locked by: "TreadSnow.HttpApi.Host (46584)" [E:\TreadSnow\TreadSnow Github2\src\TreadSnow.HttpApi.Host\TreadSnow.HttpApi.Host.csproj]
C:\Program Files\dotnet\sdk\9.0.202\Microsoft.Common.CurrentVersion.targets(5063,5): warning MSB3026: Could not copy "E:\TreadSnow\TreadSnow Github2\ABP9.1.1\modules\identity\src\Volo.Abp.Identity.HttpApi\bin\Debug\net9.0\Volo.Abp.Identity.HttpApi.dll" to "bin\Debug\net9.0\Volo.Abp.Identity.HttpApi.dll". Beginning retry 10 in 1000ms. The process cannot access the file 'E:\TreadSnow\TreadSnow Github2\src\TreadSnow.HttpApi.Host\bin\Debug\net9.0\Volo.Abp.Identity.HttpApi.dll' because it is being used by another process. The file is locked by: "TreadSnow.HttpApi.Host (46584)" [E:\TreadSnow\TreadSnow Github2\src\TreadSnow.HttpApi.Host\TreadSnow.HttpApi.Host.csproj]
C:\Program Files\dotnet\sdk\9.0.202\Microsoft.Common.CurrentVersion.targets(5063,5): error MSB3027: Could not copy "E:\TreadSnow\TreadSnow Github2\ABP9.1.1\modules\identity\src\Volo.Abp.Identity.AspNetCore\bin\Debug\net9.0\Volo.Abp.Identity.AspNetCore.dll" to "bin\Debug\net9.0\Volo.Abp.Identity.AspNetCore.dll". Exceeded retry count of 10. Failed. The file is locked by: "TreadSnow.HttpApi.Host (46584)" [E:\TreadSnow\TreadSnow Github2\src\TreadSnow.HttpApi.Host\TreadSnow.HttpApi.Host.csproj]
C:\Program Files\dotnet\sdk\9.0.202\Microsoft.Common.CurrentVersion.targets(5063,5): error MSB3021: Unable to copy file "E:\TreadSnow\TreadSnow Github2\ABP9.1.1\modules\identity\src\Volo.Abp.Identity.AspNetCore\bin\Debug\net9.0\Volo.Abp.Identity.AspNetCore.dll" to "bin\Debug\net9.0\Volo.Abp.Identity.AspNetCore.dll". The process cannot access the file 'E:\TreadSnow\TreadSnow Github2\src\TreadSnow.HttpApi.Host\bin\Debug\net9.0\Volo.Abp.Identity.AspNetCore.dll' because it is being used by another process. [E:\TreadSnow\TreadSnow Github2\src\TreadSnow.HttpApi.Host\TreadSnow.HttpApi.Host.csproj]
C:\Program Files\dotnet\sdk\9.0.202\Microsoft.Common.CurrentVersion.targets(5063,5): warning MSB3026: Could not copy "E:\TreadSnow\TreadSnow Github2\ABP9.1.1\framework\src\Volo.Abp.Json\bin\Debug\net9.0\Volo.Abp.Json.dll" to "bin\Debug\net9.0\Volo.Abp.Json.dll". Beginning retry 1 in 1000ms. The process cannot access the file 'E:\TreadSnow\TreadSnow Github2\src\TreadSnow.HttpApi.Host\bin\Debug\net9.0\Volo.Abp.Json.dll' because it is being used by another process. The file is locked by: "TreadSnow.HttpApi.Host (46584)" [E:\TreadSnow\TreadSnow Github2\src\TreadSnow.HttpApi.Host\TreadSnow.HttpApi.Host.csproj]
C:\Program Files\dotnet\sdk\9.0.202\Microsoft.Common.CurrentVersion.targets(5063,5): error MSB3027: Could not copy "E:\TreadSnow\TreadSnow Github2\ABP9.1.1\modules\identity\src\Volo.Abp.Identity.Domain\bin\Debug\net9.0\Volo.Abp.Identity.Domain.dll" to "bin\Debug\net9.0\Volo.Abp.Identity.Domain.dll". Exceeded retry count of 10. Failed. The file is locked by: "TreadSnow.HttpApi.Host (46584)" [E:\TreadSnow\TreadSnow Github2\src\TreadSnow.HttpApi.Host\TreadSnow.HttpApi.Host.csproj]
C:\Program Files\dotnet\sdk\9.0.202\Microsoft.Common.CurrentVersion.targets(5063,5): error MSB3021: Unable to copy file "E:\TreadSnow\TreadSnow Github2\ABP9.1.1\modules\identity\src\Volo.Abp.Identity.Domain\bin\Debug\net9.0\Volo.Abp.Identity.Domain.dll" to "bin\Debug\net9.0\Volo.Abp.Identity.Domain.dll". The process cannot access the file 'E:\TreadSnow\TreadSnow Github2\src\TreadSnow.HttpApi.Host\bin\Debug\net9.0\Volo.Abp.Identity.Domain.dll' because it is being used by another process. [E:\TreadSnow\TreadSnow Github2\src\TreadSnow.HttpApi.Host\TreadSnow.HttpApi.Host.csproj]
C:\Program Files\dotnet\sdk\9.0.202\Microsoft.Common.CurrentVersion.targets(5063,5): warning MSB3026: Could not copy "E:\TreadSnow\TreadSnow Github2\ABP9.1.1\framework\src\Volo.Abp.Json.Abstractions\bin\Debug\net9.0\Volo.Abp.Json.Abstractions.dll" to "bin\Debug\net9.0\Volo.Abp.Json.Abstractions.dll". Beginning retry 2 in 1000ms. The process cannot access the file 'E:\TreadSnow\TreadSnow Github2\src\TreadSnow.HttpApi.Host\bin\Debug\net9.0\Volo.Abp.Json.Abstractions.dll' because it is being used by another process. The file is locked by: "TreadSnow.HttpApi.Host (46584)" [E:\TreadSnow\TreadSnow Github2\src\TreadSnow.HttpApi.Host\TreadSnow.HttpApi.Host.csproj]
C:\Program Files\dotnet\sdk\9.0.202\Microsoft.Common.CurrentVersion.targets(5063,5): error MSB3027: Could not copy "E:\TreadSnow\TreadSnow Github2\ABP9.1.1\modules\identity\src\Volo.Abp.Identity.Domain.Shared\bin\Debug\net9.0\Volo.Abp.Identity.Domain.Shared.dll" to "bin\Debug\net9.0\Volo.Abp.Identity.Domain.Shared.dll". Exceeded retry count of 10. Failed. The file is locked by: "TreadSnow.HttpApi.Host (46584)" [E:\TreadSnow\TreadSnow Github2\src\TreadSnow.HttpApi.Host\TreadSnow.HttpApi.Host.csproj]
C:\Program Files\dotnet\sdk\9.0.202\Microsoft.Common.CurrentVersion.targets(5063,5): error MSB3021: Unable to copy file "E:\TreadSnow\TreadSnow Github2\ABP9.1.1\modules\identity\src\Volo.Abp.Identity.Domain.Shared\bin\Debug\net9.0\Volo.Abp.Identity.Domain.Shared.dll" to "bin\Debug\net9.0\Volo.Abp.Identity.Domain.Shared.dll". The process cannot access the file 'E:\TreadSnow\TreadSnow Github2\src\TreadSnow.HttpApi.Host\bin\Debug\net9.0\Volo.Abp.Identity.Domain.Shared.dll' because it is being used by another process. [E:\TreadSnow\TreadSnow Github2\src\TreadSnow.HttpApi.Host\TreadSnow.HttpApi.Host.csproj]
C:\Program Files\dotnet\sdk\9.0.202\Microsoft.Common.CurrentVersion.targets(5063,5): warning MSB3026: Could not copy "E:\TreadSnow\TreadSnow Github2\ABP9.1.1\framework\src\Volo.Abp.Json.SystemTextJson\bin\Debug\net9.0\Volo.Abp.Json.SystemTextJson.dll" to "bin\Debug\net9.0\Volo.Abp.Json.SystemTextJson.dll". Beginning retry 1 in 1000ms. The process cannot access the file 'E:\TreadSnow\TreadSnow Github2\src\TreadSnow.HttpApi.Host\bin\Debug\net9.0\Volo.Abp.Json.SystemTextJson.dll' because it is being used by another process. The file is locked by: "TreadSnow.HttpApi.Host (46584)" [E:\TreadSnow\TreadSnow Github2\src\TreadSnow.HttpApi.Host\TreadSnow.HttpApi.Host.csproj]
C:\Program Files\dotnet\sdk\9.0.202\Microsoft.Common.CurrentVersion.targets(5063,5): error MSB3027: Could not copy "E:\TreadSnow\TreadSnow Github2\ABP9.1.1\modules\identity\src\Volo.Abp.Identity.EntityFrameworkCore\bin\Debug\net9.0\Volo.Abp.Identity.EntityFrameworkCore.dll" to "bin\Debug\net9.0\Volo.Abp.Identity.EntityFrameworkCore.dll". Exceeded retry count of 10. Failed. The file is locked by: "TreadSnow.HttpApi.Host (46584)" [E:\TreadSnow\TreadSnow Github2\src\TreadSnow.HttpApi.Host\TreadSnow.HttpApi.Host.csproj]
C:\Program Files\dotnet\sdk\9.0.202\Microsoft.Common.CurrentVersion.targets(5063,5): error MSB3021: Unable to copy file "E:\TreadSnow\TreadSnow Github2\ABP9.1.1\modules\identity\src\Volo.Abp.Identity.EntityFrameworkCore\bin\Debug\net9.0\Volo.Abp.Identity.EntityFrameworkCore.dll" to "bin\Debug\net9.0\Volo.Abp.Identity.EntityFrameworkCore.dll". The process cannot access the file 'E:\TreadSnow\TreadSnow Github2\src\TreadSnow.HttpApi.Host\bin\Debug\net9.0\Volo.Abp.Identity.EntityFrameworkCore.dll' because it is being used by another process. [E:\TreadSnow\TreadSnow Github2\src\TreadSnow.HttpApi.Host\TreadSnow.HttpApi.Host.csproj]
C:\Program Files\dotnet\sdk\9.0.202\Microsoft.Common.CurrentVersion.targets(5063,5): error MSB3027: Could not copy "E:\TreadSnow\TreadSnow Github2\ABP9.1.1\modules\identity\src\Volo.Abp.Identity.HttpApi\bin\Debug\net9.0\Volo.Abp.Identity.HttpApi.dll" to "bin\Debug\net9.0\Volo.Abp.Identity.HttpApi.dll". Exceeded retry count of 10. Failed. The file is locked by: "TreadSnow.HttpApi.Host (46584)" [E:\TreadSnow\TreadSnow Github2\src\TreadSnow.HttpApi.Host\TreadSnow.HttpApi.Host.csproj]
C:\Program Files\dotnet\sdk\9.0.202\Microsoft.Common.CurrentVersion.targets(5063,5): error MSB3021: Unable to copy file "E:\TreadSnow\TreadSnow Github2\ABP9.1.1\modules\identity\src\Volo.Abp.Identity.HttpApi\bin\Debug\net9.0\Volo.Abp.Identity.HttpApi.dll" to "bin\Debug\net9.0\Volo.Abp.Identity.HttpApi.dll". The process cannot access the file 'E:\TreadSnow\TreadSnow Github2\src\TreadSnow.HttpApi.Host\bin\Debug\net9.0\Volo.Abp.Identity.HttpApi.dll' because it is being used by another process. [E:\TreadSnow\TreadSnow Github2\src\TreadSnow.HttpApi.Host\TreadSnow.HttpApi.Host.csproj]
C:\Program Files\dotnet\sdk\9.0.202\Microsoft.Common.CurrentVersion.targets(5063,5): warning MSB3026: Could not copy "E:\TreadSnow\TreadSnow Github2\ABP9.1.1\framework\src\Volo.Abp.Localization.Abstractions\bin\Debug\net9.0\Volo.Abp.Localization.Abstractions.dll" to "bin\Debug\net9.0\Volo.Abp.Localization.Abstractions.dll". Beginning retry 1 in 1000ms. The process cannot access the file 'E:\TreadSnow\TreadSnow Github2\src\TreadSnow.HttpApi.Host\bin\Debug\net9.0\Volo.Abp.Localization.Abstractions.dll' because it is being used by another process. The file is locked by: "TreadSnow.HttpApi.Host (46584)" [E:\TreadSnow\TreadSnow Github2\src\TreadSnow.HttpApi.Host\TreadSnow.HttpApi.Host.csproj]
C:\Program Files\dotnet\sdk\9.0.202\Microsoft.Common.CurrentVersion.targets(5063,5): warning MSB3026: Could not copy "E:\TreadSnow\TreadSnow Github2\ABP9.1.1\framework\src\Volo.Abp.Localization\bin\Debug\net9.0\Volo.Abp.Localization.dll" to "bin\Debug\net9.0\Volo.Abp.Localization.dll". Beginning retry 1 in 1000ms. The process cannot access the file 'E:\TreadSnow\TreadSnow Github2\src\TreadSnow.HttpApi.Host\bin\Debug\net9.0\Volo.Abp.Localization.dll' because it is being used by another process. The file is locked by: "TreadSnow.HttpApi.Host (46584)" [E:\TreadSnow\TreadSnow Github2\src\TreadSnow.HttpApi.Host\TreadSnow.HttpApi.Host.csproj]
C:\Program Files\dotnet\sdk\9.0.202\Microsoft.Common.CurrentVersion.targets(5063,5): warning MSB3026: Could not copy "E:\TreadSnow\TreadSnow Github2\ABP9.1.1\framework\src\Volo.Abp.MailKit\bin\Debug\net9.0\Volo.Abp.MailKit.dll" to "bin\Debug\net9.0\Volo.Abp.MailKit.dll". Beginning retry 1 in 1000ms. The process cannot access the file 'E:\TreadSnow\TreadSnow Github2\src\TreadSnow.HttpApi.Host\bin\Debug\net9.0\Volo.Abp.MailKit.dll' because it is being used by another process. The file is locked by: "TreadSnow.HttpApi.Host (46584)" [E:\TreadSnow\TreadSnow Github2\src\TreadSnow.HttpApi.Host\TreadSnow.HttpApi.Host.csproj]
C:\Program Files\dotnet\sdk\9.0.202\Microsoft.Common.CurrentVersion.targets(5063,5): warning MSB3026: Could not copy "E:\TreadSnow\TreadSnow Github2\ABP9.1.1\framework\src\Volo.Abp.Json\bin\Debug\net9.0\Volo.Abp.Json.dll" to "bin\Debug\net9.0\Volo.Abp.Json.dll". Beginning retry 2 in 1000ms. The process cannot access the file 'E:\TreadSnow\TreadSnow Github2\src\TreadSnow.HttpApi.Host\bin\Debug\net9.0\Volo.Abp.Json.dll' because it is being used by another process. The file is locked by: "TreadSnow.HttpApi.Host (46584)" [E:\TreadSnow\TreadSnow Github2\src\TreadSnow.HttpApi.Host\TreadSnow.HttpApi.Host.csproj]
C:\Program Files\dotnet\sdk\9.0.202\Microsoft.Common.CurrentVersion.targets(5063,5): warning MSB3026: Could not copy "E:\TreadSnow\TreadSnow Github2\ABP9.1.1\framework\src\Volo.Abp.Json.Abstractions\bin\Debug\net9.0\Volo.Abp.Json.Abstractions.dll" to "bin\Debug\net9.0\Volo.Abp.Json.Abstractions.dll". Beginning retry 3 in 1000ms. The process cannot access the file 'E:\TreadSnow\TreadSnow Github2\src\TreadSnow.HttpApi.Host\bin\Debug\net9.0\Volo.Abp.Json.Abstractions.dll' because it is being used by another process. The file is locked by: "TreadSnow.HttpApi.Host (46584)" [E:\TreadSnow\TreadSnow Github2\src\TreadSnow.HttpApi.Host\TreadSnow.HttpApi.Host.csproj]
C:\Program Files\dotnet\sdk\9.0.202\Microsoft.Common.CurrentVersion.targets(5063,5): warning MSB3026: Could not copy "E:\TreadSnow\TreadSnow Github2\ABP9.1.1\framework\src\Volo.Abp.Json.SystemTextJson\bin\Debug\net9.0\Volo.Abp.Json.SystemTextJson.dll" to "bin\Debug\net9.0\Volo.Abp.Json.SystemTextJson.dll". Beginning retry 2 in 1000ms. The process cannot access the file 'E:\TreadSnow\TreadSnow Github2\src\TreadSnow.HttpApi.Host\bin\Debug\net9.0\Volo.Abp.Json.SystemTextJson.dll' because it is being used by another process. The file is locked by: "TreadSnow.HttpApi.Host (46584)" [E:\TreadSnow\TreadSnow Github2\src\TreadSnow.HttpApi.Host\TreadSnow.HttpApi.Host.csproj]
C:\Program Files\dotnet\sdk\9.0.202\Microsoft.Common.CurrentVersion.targets(5063,5): warning MSB3026: Could not copy "E:\TreadSnow\TreadSnow Github2\ABP9.1.1\framework\src\Volo.Abp.Localization.Abstractions\bin\Debug\net9.0\Volo.Abp.Localization.Abstractions.dll" to "bin\Debug\net9.0\Volo.Abp.Localization.Abstractions.dll". Beginning retry 2 in 1000ms. The process cannot access the file 'E:\TreadSnow\TreadSnow Github2\src\TreadSnow.HttpApi.Host\bin\Debug\net9.0\Volo.Abp.Localization.Abstractions.dll' because it is being used by another process. The file is locked by: "TreadSnow.HttpApi.Host (46584)" [E:\TreadSnow\TreadSnow Github2\src\TreadSnow.HttpApi.Host\TreadSnow.HttpApi.Host.csproj]
C:\Program Files\dotnet\sdk\9.0.202\Microsoft.Common.CurrentVersion.targets(5063,5): warning MSB3026: Could not copy "E:\TreadSnow\TreadSnow Github2\ABP9.1.1\framework\src\Volo.Abp.Localization\bin\Debug\net9.0\Volo.Abp.Localization.dll" to "bin\Debug\net9.0\Volo.Abp.Localization.dll". Beginning retry 2 in 1000ms. The process cannot access the file 'E:\TreadSnow\TreadSnow Github2\src\TreadSnow.HttpApi.Host\bin\Debug\net9.0\Volo.Abp.Localization.dll' because it is being used by another process. The file is locked by: "TreadSnow.HttpApi.Host (46584)" [E:\TreadSnow\TreadSnow Github2\src\TreadSnow.HttpApi.Host\TreadSnow.HttpApi.Host.csproj]
C:\Program Files\dotnet\sdk\9.0.202\Microsoft.Common.CurrentVersion.targets(5063,5): warning MSB3026: Could not copy "E:\TreadSnow\TreadSnow Github2\ABP9.1.1\framework\src\Volo.Abp.MailKit\bin\Debug\net9.0\Volo.Abp.MailKit.dll" to "bin\Debug\net9.0\Volo.Abp.MailKit.dll". Beginning retry 2 in 1000ms. The process cannot access the file 'E:\TreadSnow\TreadSnow Github2\src\TreadSnow.HttpApi.Host\bin\Debug\net9.0\Volo.Abp.MailKit.dll' because it is being used by another process. The file is locked by: "TreadSnow.HttpApi.Host (46584)" [E:\TreadSnow\TreadSnow Github2\src\TreadSnow.HttpApi.Host\TreadSnow.HttpApi.Host.csproj]
C:\Program Files\dotnet\sdk\9.0.202\Microsoft.Common.CurrentVersion.targets(5063,5): warning MSB3026: Could not copy "E:\TreadSnow\TreadSnow Github2\ABP9.1.1\framework\src\Volo.Abp.Json\bin\Debug\net9.0\Volo.Abp.Json.dll" to "bin\Debug\net9.0\Volo.Abp.Json.dll". Beginning retry 3 in 1000ms. The process cannot access the file 'E:\TreadSnow\TreadSnow Github2\src\TreadSnow.HttpApi.Host\bin\Debug\net9.0\Volo.Abp.Json.dll' because it is being used by another process. The file is locked by: "TreadSnow.HttpApi.Host (46584)" [E:\TreadSnow\TreadSnow Github2\src\TreadSnow.HttpApi.Host\TreadSnow.HttpApi.Host.csproj]
C:\Program Files\dotnet\sdk\9.0.202\Microsoft.Common.CurrentVersion.targets(5063,5): warning MSB3026: Could not copy "E:\TreadSnow\TreadSnow Github2\ABP9.1.1\framework\src\Volo.Abp.Json.Abstractions\bin\Debug\net9.0\Volo.Abp.Json.Abstractions.dll" to "bin\Debug\net9.0\Volo.Abp.Json.Abstractions.dll". Beginning retry 4 in 1000ms. The process cannot access the file 'E:\TreadSnow\TreadSnow Github2\src\TreadSnow.HttpApi.Host\bin\Debug\net9.0\Volo.Abp.Json.Abstractions.dll' because it is being used by another process. The file is locked by: "TreadSnow.HttpApi.Host (46584)" [E:\TreadSnow\TreadSnow Github2\src\TreadSnow.HttpApi.Host\TreadSnow.HttpApi.Host.csproj]
C:\Program Files\dotnet\sdk\9.0.202\Microsoft.Common.CurrentVersion.targets(5063,5): warning MSB3026: Could not copy "E:\TreadSnow\TreadSnow Github2\ABP9.1.1\framework\src\Volo.Abp.Json.SystemTextJson\bin\Debug\net9.0\Volo.Abp.Json.SystemTextJson.dll" to "bin\Debug\net9.0\Volo.Abp.Json.SystemTextJson.dll". Beginning retry 3 in 1000ms. The process cannot access the file 'E:\TreadSnow\TreadSnow Github2\src\TreadSnow.HttpApi.Host\bin\Debug\net9.0\Volo.Abp.Json.SystemTextJson.dll' because it is being used by another process. The file is locked by: "TreadSnow.HttpApi.Host (46584)" [E:\TreadSnow\TreadSnow Github2\src\TreadSnow.HttpApi.Host\TreadSnow.HttpApi.Host.csproj]
C:\Program Files\dotnet\sdk\9.0.202\Microsoft.Common.CurrentVersion.targets(5063,5): warning MSB3026: Could not copy "E:\TreadSnow\TreadSnow Github2\ABP9.1.1\framework\src\Volo.Abp.Localization.Abstractions\bin\Debug\net9.0\Volo.Abp.Localization.Abstractions.dll" to "bin\Debug\net9.0\Volo.Abp.Localization.Abstractions.dll". Beginning retry 3 in 1000ms. The process cannot access the file 'E:\TreadSnow\TreadSnow Github2\src\TreadSnow.HttpApi.Host\bin\Debug\net9.0\Volo.Abp.Localization.Abstractions.dll' because it is being used by another process. The file is locked by: "TreadSnow.HttpApi.Host (46584)" [E:\TreadSnow\TreadSnow Github2\src\TreadSnow.HttpApi.Host\TreadSnow.HttpApi.Host.csproj]
C:\Program Files\dotnet\sdk\9.0.202\Microsoft.Common.CurrentVersion.targets(5063,5): warning MSB3026: Could not copy "E:\TreadSnow\TreadSnow Github2\ABP9.1.1\framework\src\Volo.Abp.Localization\bin\Debug\net9.0\Volo.Abp.Localization.dll" to "bin\Debug\net9.0\Volo.Abp.Localization.dll". Beginning retry 3 in 1000ms. The process cannot access the file 'E:\TreadSnow\TreadSnow Github2\src\TreadSnow.HttpApi.Host\bin\Debug\net9.0\Volo.Abp.Localization.dll' because it is being used by another process. The file is locked by: "TreadSnow.HttpApi.Host (46584)" [E:\TreadSnow\TreadSnow Github2\src\TreadSnow.HttpApi.Host\TreadSnow.HttpApi.Host.csproj]
C:\Program Files\dotnet\sdk\9.0.202\Microsoft.Common.CurrentVersion.targets(5063,5): warning MSB3026: Could not copy "E:\TreadSnow\TreadSnow Github2\ABP9.1.1\framework\src\Volo.Abp.Json\bin\Debug\net9.0\Volo.Abp.Json.dll" to "bin\Debug\net9.0\Volo.Abp.Json.dll". Beginning retry 4 in 1000ms. The process cannot access the file 'E:\TreadSnow\TreadSnow Github2\src\TreadSnow.HttpApi.Host\bin\Debug\net9.0\Volo.Abp.Json.dll' because it is being used by another process. The file is locked by: "TreadSnow.HttpApi.Host (46584)" [E:\TreadSnow\TreadSnow Github2\src\TreadSnow.HttpApi.Host\TreadSnow.HttpApi.Host.csproj]
C:\Program Files\dotnet\sdk\9.0.202\Microsoft.Common.CurrentVersion.targets(5063,5): warning MSB3026: Could not copy "E:\TreadSnow\TreadSnow Github2\ABP9.1.1\framework\src\Volo.Abp.MailKit\bin\Debug\net9.0\Volo.Abp.MailKit.dll" to "bin\Debug\net9.0\Volo.Abp.MailKit.dll". Beginning retry 3 in 1000ms. The process cannot access the file 'E:\TreadSnow\TreadSnow Github2\src\TreadSnow.HttpApi.Host\bin\Debug\net9.0\Volo.Abp.MailKit.dll' because it is being used by another process. The file is locked by: "TreadSnow.HttpApi.Host (46584)" [E:\TreadSnow\TreadSnow Github2\src\TreadSnow.HttpApi.Host\TreadSnow.HttpApi.Host.csproj]
C:\Program Files\dotnet\sdk\9.0.202\Microsoft.Common.CurrentVersion.targets(5063,5): warning MSB3026: Could not copy "E:\TreadSnow\TreadSnow Github2\ABP9.1.1\framework\src\Volo.Abp.Json.Abstractions\bin\Debug\net9.0\Volo.Abp.Json.Abstractions.dll" to "bin\Debug\net9.0\Volo.Abp.Json.Abstractions.dll". Beginning retry 5 in 1000ms. The process cannot access the file 'E:\TreadSnow\TreadSnow Github2\src\TreadSnow.HttpApi.Host\bin\Debug\net9.0\Volo.Abp.Json.Abstractions.dll' because it is being used by another process. The file is locked by: "TreadSnow.HttpApi.Host (46584)" [E:\TreadSnow\TreadSnow Github2\src\TreadSnow.HttpApi.Host\TreadSnow.HttpApi.Host.csproj]
C:\Program Files\dotnet\sdk\9.0.202\Microsoft.Common.CurrentVersion.targets(5063,5): warning MSB3026: Could not copy "E:\TreadSnow\TreadSnow Github2\ABP9.1.1\framework\src\Volo.Abp.Json.SystemTextJson\bin\Debug\net9.0\Volo.Abp.Json.SystemTextJson.dll" to "bin\Debug\net9.0\Volo.Abp.Json.SystemTextJson.dll". Beginning retry 4 in 1000ms. The process cannot access the file 'E:\TreadSnow\TreadSnow Github2\src\TreadSnow.HttpApi.Host\bin\Debug\net9.0\Volo.Abp.Json.SystemTextJson.dll' because it is being used by another process. The file is locked by: "TreadSnow.HttpApi.Host (46584)" [E:\TreadSnow\TreadSnow Github2\src\TreadSnow.HttpApi.Host\TreadSnow.HttpApi.Host.csproj]
C:\Program Files\dotnet\sdk\9.0.202\Microsoft.Common.CurrentVersion.targets(5063,5): warning MSB3026: Could not copy "E:\TreadSnow\TreadSnow Github2\ABP9.1.1\framework\src\Volo.Abp.Localization.Abstractions\bin\Debug\net9.0\Volo.Abp.Localization.Abstractions.dll" to "bin\Debug\net9.0\Volo.Abp.Localization.Abstractions.dll". Beginning retry 4 in 1000ms. The process cannot access the file 'E:\TreadSnow\TreadSnow Github2\src\TreadSnow.HttpApi.Host\bin\Debug\net9.0\Volo.Abp.Localization.Abstractions.dll' because it is being used by another process. The file is locked by: "TreadSnow.HttpApi.Host (46584)" [E:\TreadSnow\TreadSnow Github2\src\TreadSnow.HttpApi.Host\TreadSnow.HttpApi.Host.csproj]
C:\Program Files\dotnet\sdk\9.0.202\Microsoft.Common.CurrentVersion.targets(5063,5): warning MSB3026: Could not copy "E:\TreadSnow\TreadSnow Github2\ABP9.1.1\framework\src\Volo.Abp.Localization\bin\Debug\net9.0\Volo.Abp.Localization.dll" to "bin\Debug\net9.0\Volo.Abp.Localization.dll". Beginning retry 4 in 1000ms. The process cannot access the file 'E:\TreadSnow\TreadSnow Github2\src\TreadSnow.HttpApi.Host\bin\Debug\net9.0\Volo.Abp.Localization.dll' because it is being used by another process. The file is locked by: "TreadSnow.HttpApi.Host (46584)" [E:\TreadSnow\TreadSnow Github2\src\TreadSnow.HttpApi.Host\TreadSnow.HttpApi.Host.csproj]
C:\Program Files\dotnet\sdk\9.0.202\Microsoft.Common.CurrentVersion.targets(5063,5): warning MSB3026: Could not copy "E:\TreadSnow\TreadSnow Github2\ABP9.1.1\framework\src\Volo.Abp.MailKit\bin\Debug\net9.0\Volo.Abp.MailKit.dll" to "bin\Debug\net9.0\Volo.Abp.MailKit.dll". Beginning retry 4 in 1000ms. The process cannot access the file 'E:\TreadSnow\TreadSnow Github2\src\TreadSnow.HttpApi.Host\bin\Debug\net9.0\Volo.Abp.MailKit.dll' because it is being used by another process. The file is locked by: "TreadSnow.HttpApi.Host (46584)" [E:\TreadSnow\TreadSnow Github2\src\TreadSnow.HttpApi.Host\TreadSnow.HttpApi.Host.csproj]
C:\Program Files\dotnet\sdk\9.0.202\Microsoft.Common.CurrentVersion.targets(5063,5): warning MSB3026: Could not copy "E:\TreadSnow\TreadSnow Github2\ABP9.1.1\framework\src\Volo.Abp.Json\bin\Debug\net9.0\Volo.Abp.Json.dll" to "bin\Debug\net9.0\Volo.Abp.Json.dll". Beginning retry 5 in 1000ms. The process cannot access the file 'E:\TreadSnow\TreadSnow Github2\src\TreadSnow.HttpApi.Host\bin\Debug\net9.0\Volo.Abp.Json.dll' because it is being used by another process. The file is locked by: "TreadSnow.HttpApi.Host (46584)" [E:\TreadSnow\TreadSnow Github2\src\TreadSnow.HttpApi.Host\TreadSnow.HttpApi.Host.csproj]
C:\Program Files\dotnet\sdk\9.0.202\Microsoft.Common.CurrentVersion.targets(5063,5): warning MSB3026: Could not copy "E:\TreadSnow\TreadSnow Github2\ABP9.1.1\framework\src\Volo.Abp.Json.Abstractions\bin\Debug\net9.0\Volo.Abp.Json.Abstractions.dll" to "bin\Debug\net9.0\Volo.Abp.Json.Abstractions.dll". Beginning retry 6 in 1000ms. The process cannot access the file 'E:\TreadSnow\TreadSnow Github2\src\TreadSnow.HttpApi.Host\bin\Debug\net9.0\Volo.Abp.Json.Abstractions.dll' because it is being used by another process. The file is locked by: "TreadSnow.HttpApi.Host (46584)" [E:\TreadSnow\TreadSnow Github2\src\TreadSnow.HttpApi.Host\TreadSnow.HttpApi.Host.csproj]
C:\Program Files\dotnet\sdk\9.0.202\Microsoft.Common.CurrentVersion.targets(5063,5): warning MSB3026: Could not copy "E:\TreadSnow\TreadSnow Github2\ABP9.1.1\framework\src\Volo.Abp.Json.SystemTextJson\bin\Debug\net9.0\Volo.Abp.Json.SystemTextJson.dll" to "bin\Debug\net9.0\Volo.Abp.Json.SystemTextJson.dll". Beginning retry 5 in 1000ms. The process cannot access the file 'E:\TreadSnow\TreadSnow Github2\src\TreadSnow.HttpApi.Host\bin\Debug\net9.0\Volo.Abp.Json.SystemTextJson.dll' because it is being used by another process. The file is locked by: "TreadSnow.HttpApi.Host (46584)" [E:\TreadSnow\TreadSnow Github2\src\TreadSnow.HttpApi.Host\TreadSnow.HttpApi.Host.csproj]
C:\Program Files\dotnet\sdk\9.0.202\Microsoft.Common.CurrentVersion.targets(5063,5): warning MSB3026: Could not copy "E:\TreadSnow\TreadSnow Github2\ABP9.1.1\framework\src\Volo.Abp.Json.Abstractions\bin\Debug\net9.0\Volo.Abp.Json.Abstractions.dll" to "bin\Debug\net9.0\Volo.Abp.Json.Abstractions.dll". Beginning retry 7 in 1000ms. The process cannot access the file 'E:\TreadSnow\TreadSnow Github2\src\TreadSnow.HttpApi.Host\bin\Debug\net9.0\Volo.Abp.Json.Abstractions.dll' because it is being used by another process. The file is locked by: "TreadSnow.HttpApi.Host (46584)" [E:\TreadSnow\TreadSnow Github2\src\TreadSnow.HttpApi.Host\TreadSnow.HttpApi.Host.csproj]
C:\Program Files\dotnet\sdk\9.0.202\Microsoft.Common.CurrentVersion.targets(5063,5): warning MSB3026: Could not copy "E:\TreadSnow\TreadSnow Github2\ABP9.1.1\framework\src\Volo.Abp.Localization.Abstractions\bin\Debug\net9.0\Volo.Abp.Localization.Abstractions.dll" to "bin\Debug\net9.0\Volo.Abp.Localization.Abstractions.dll". Beginning retry 5 in 1000ms. The process cannot access the file 'E:\TreadSnow\TreadSnow Github2\src\TreadSnow.HttpApi.Host\bin\Debug\net9.0\Volo.Abp.Localization.Abstractions.dll' because it is being used by another process. The file is locked by: "TreadSnow.HttpApi.Host (46584)" [E:\TreadSnow\TreadSnow Github2\src\TreadSnow.HttpApi.Host\TreadSnow.HttpApi.Host.csproj]
C:\Program Files\dotnet\sdk\9.0.202\Microsoft.Common.CurrentVersion.targets(5063,5): warning MSB3026: Could not copy "E:\TreadSnow\TreadSnow Github2\ABP9.1.1\framework\src\Volo.Abp.Json\bin\Debug\net9.0\Volo.Abp.Json.dll" to "bin\Debug\net9.0\Volo.Abp.Json.dll". Beginning retry 6 in 1000ms. The process cannot access the file 'E:\TreadSnow\TreadSnow Github2\src\TreadSnow.HttpApi.Host\bin\Debug\net9.0\Volo.Abp.Json.dll' because it is being used by another process. The file is locked by: "TreadSnow.HttpApi.Host (46584)" [E:\TreadSnow\TreadSnow Github2\src\TreadSnow.HttpApi.Host\TreadSnow.HttpApi.Host.csproj]
C:\Program Files\dotnet\sdk\9.0.202\Microsoft.Common.CurrentVersion.targets(5063,5): warning MSB3026: Could not copy "E:\TreadSnow\TreadSnow Github2\ABP9.1.1\framework\src\Volo.Abp.Localization\bin\Debug\net9.0\Volo.Abp.Localization.dll" to "bin\Debug\net9.0\Volo.Abp.Localization.dll". Beginning retry 5 in 1000ms. The process cannot access the file 'E:\TreadSnow\TreadSnow Github2\src\TreadSnow.HttpApi.Host\bin\Debug\net9.0\Volo.Abp.Localization.dll' because it is being used by another process. The file is locked by: "TreadSnow.HttpApi.Host (46584)" [E:\TreadSnow\TreadSnow Github2\src\TreadSnow.HttpApi.Host\TreadSnow.HttpApi.Host.csproj]
C:\Program Files\dotnet\sdk\9.0.202\Microsoft.Common.CurrentVersion.targets(5063,5): warning MSB3026: Could not copy "E:\TreadSnow\TreadSnow Github2\ABP9.1.1\framework\src\Volo.Abp.MailKit\bin\Debug\net9.0\Volo.Abp.MailKit.dll" to "bin\Debug\net9.0\Volo.Abp.MailKit.dll". Beginning retry 5 in 1000ms. The process cannot access the file 'E:\TreadSnow\TreadSnow Github2\src\TreadSnow.HttpApi.Host\bin\Debug\net9.0\Volo.Abp.MailKit.dll' because it is being used by another process. The file is locked by: "TreadSnow.HttpApi.Host (46584)" [E:\TreadSnow\TreadSnow Github2\src\TreadSnow.HttpApi.Host\TreadSnow.HttpApi.Host.csproj]
C:\Program Files\dotnet\sdk\9.0.202\Microsoft.Common.CurrentVersion.targets(5063,5): warning MSB3026: Could not copy "E:\TreadSnow\TreadSnow Github2\ABP9.1.1\framework\src\Volo.Abp.Json.SystemTextJson\bin\Debug\net9.0\Volo.Abp.Json.SystemTextJson.dll" to "bin\Debug\net9.0\Volo.Abp.Json.SystemTextJson.dll". Beginning retry 6 in 1000ms. The process cannot access the file 'E:\TreadSnow\TreadSnow Github2\src\TreadSnow.HttpApi.Host\bin\Debug\net9.0\Volo.Abp.Json.SystemTextJson.dll' because it is being used by another process. The file is locked by: "TreadSnow.HttpApi.Host (46584)" [E:\TreadSnow\TreadSnow Github2\src\TreadSnow.HttpApi.Host\TreadSnow.HttpApi.Host.csproj]
C:\Program Files\dotnet\sdk\9.0.202\Microsoft.Common.CurrentVersion.targets(5063,5): warning MSB3026: Could not copy "E:\TreadSnow\TreadSnow Github2\ABP9.1.1\framework\src\Volo.Abp.Json.Abstractions\bin\Debug\net9.0\Volo.Abp.Json.Abstractions.dll" to "bin\Debug\net9.0\Volo.Abp.Json.Abstractions.dll". Beginning retry 8 in 1000ms. The process cannot access the file 'E:\TreadSnow\TreadSnow Github2\src\TreadSnow.HttpApi.Host\bin\Debug\net9.0\Volo.Abp.Json.Abstractions.dll' because it is being used by another process. The file is locked by: "TreadSnow.HttpApi.Host (46584)" [E:\TreadSnow\TreadSnow Github2\src\TreadSnow.HttpApi.Host\TreadSnow.HttpApi.Host.csproj]
C:\Program Files\dotnet\sdk\9.0.202\Microsoft.Common.CurrentVersion.targets(5063,5): warning MSB3026: Could not copy "E:\TreadSnow\TreadSnow Github2\ABP9.1.1\framework\src\Volo.Abp.Localization.Abstractions\bin\Debug\net9.0\Volo.Abp.Localization.Abstractions.dll" to "bin\Debug\net9.0\Volo.Abp.Localization.Abstractions.dll". Beginning retry 6 in 1000ms. The process cannot access the file 'E:\TreadSnow\TreadSnow Github2\src\TreadSnow.HttpApi.Host\bin\Debug\net9.0\Volo.Abp.Localization.Abstractions.dll' because it is being used by another process. The file is locked by: "TreadSnow.HttpApi.Host (46584)" [E:\TreadSnow\TreadSnow Github2\src\TreadSnow.HttpApi.Host\TreadSnow.HttpApi.Host.csproj]
C:\Program Files\dotnet\sdk\9.0.202\Microsoft.Common.CurrentVersion.targets(5063,5): warning MSB3026: Could not copy "E:\TreadSnow\TreadSnow Github2\ABP9.1.1\framework\src\Volo.Abp.Json\bin\Debug\net9.0\Volo.Abp.Json.dll" to "bin\Debug\net9.0\Volo.Abp.Json.dll". Beginning retry 7 in 1000ms. The process cannot access the file 'E:\TreadSnow\TreadSnow Github2\src\TreadSnow.HttpApi.Host\bin\Debug\net9.0\Volo.Abp.Json.dll' because it is being used by another process. The file is locked by: "TreadSnow.HttpApi.Host (46584)" [E:\TreadSnow\TreadSnow Github2\src\TreadSnow.HttpApi.Host\TreadSnow.HttpApi.Host.csproj]
C:\Program Files\dotnet\sdk\9.0.202\Microsoft.Common.CurrentVersion.targets(5063,5): warning MSB3026: Could not copy "E:\TreadSnow\TreadSnow Github2\ABP9.1.1\framework\src\Volo.Abp.MailKit\bin\Debug\net9.0\Volo.Abp.MailKit.dll" to "bin\Debug\net9.0\Volo.Abp.MailKit.dll". Beginning retry 6 in 1000ms. The process cannot access the file 'E:\TreadSnow\TreadSnow Github2\src\TreadSnow.HttpApi.Host\bin\Debug\net9.0\Volo.Abp.MailKit.dll' because it is being used by another process. The file is locked by: "TreadSnow.HttpApi.Host (46584)" [E:\TreadSnow\TreadSnow Github2\src\TreadSnow.HttpApi.Host\TreadSnow.HttpApi.Host.csproj]
C:\Program Files\dotnet\sdk\9.0.202\Microsoft.Common.CurrentVersion.targets(5063,5): warning MSB3026: Could not copy "E:\TreadSnow\TreadSnow Github2\ABP9.1.1\framework\src\Volo.Abp.Localization\bin\Debug\net9.0\Volo.Abp.Localization.dll" to "bin\Debug\net9.0\Volo.Abp.Localization.dll". Beginning retry 6 in 1000ms. The process cannot access the file 'E:\TreadSnow\TreadSnow Github2\src\TreadSnow.HttpApi.Host\bin\Debug\net9.0\Volo.Abp.Localization.dll' because it is being used by another process. The file is locked by: "TreadSnow.HttpApi.Host (46584)" [E:\TreadSnow\TreadSnow Github2\src\TreadSnow.HttpApi.Host\TreadSnow.HttpApi.Host.csproj]
C:\Program Files\dotnet\sdk\9.0.202\Microsoft.Common.CurrentVersion.targets(5063,5): warning MSB3026: Could not copy "E:\TreadSnow\TreadSnow Github2\ABP9.1.1\framework\src\Volo.Abp.Json.Abstractions\bin\Debug\net9.0\Volo.Abp.Json.Abstractions.dll" to "bin\Debug\net9.0\Volo.Abp.Json.Abstractions.dll". Beginning retry 9 in 1000ms. The process cannot access the file 'E:\TreadSnow\TreadSnow Github2\src\TreadSnow.HttpApi.Host\bin\Debug\net9.0\Volo.Abp.Json.Abstractions.dll' because it is being used by another process. The file is locked by: "TreadSnow.HttpApi.Host (46584)" [E:\TreadSnow\TreadSnow Github2\src\TreadSnow.HttpApi.Host\TreadSnow.HttpApi.Host.csproj]
C:\Program Files\dotnet\sdk\9.0.202\Microsoft.Common.CurrentVersion.targets(5063,5): warning MSB3026: Could not copy "E:\TreadSnow\TreadSnow Github2\ABP9.1.1\framework\src\Volo.Abp.Json.SystemTextJson\bin\Debug\net9.0\Volo.Abp.Json.SystemTextJson.dll" to "bin\Debug\net9.0\Volo.Abp.Json.SystemTextJson.dll". Beginning retry 7 in 1000ms. The process cannot access the file 'E:\TreadSnow\TreadSnow Github2\src\TreadSnow.HttpApi.Host\bin\Debug\net9.0\Volo.Abp.Json.SystemTextJson.dll' because it is being used by another process. The file is locked by: "TreadSnow.HttpApi.Host (46584)" [E:\TreadSnow\TreadSnow Github2\src\TreadSnow.HttpApi.Host\TreadSnow.HttpApi.Host.csproj]
C:\Program Files\dotnet\sdk\9.0.202\Microsoft.Common.CurrentVersion.targets(5063,5): warning MSB3026: Could not copy "E:\TreadSnow\TreadSnow Github2\ABP9.1.1\framework\src\Volo.Abp.Json\bin\Debug\net9.0\Volo.Abp.Json.dll" to "bin\Debug\net9.0\Volo.Abp.Json.dll". Beginning retry 8 in 1000ms. The process cannot access the file 'E:\TreadSnow\TreadSnow Github2\src\TreadSnow.HttpApi.Host\bin\Debug\net9.0\Volo.Abp.Json.dll' because it is being used by another process. The file is locked by: "TreadSnow.HttpApi.Host (46584)" [E:\TreadSnow\TreadSnow Github2\src\TreadSnow.HttpApi.Host\TreadSnow.HttpApi.Host.csproj]
C:\Program Files\dotnet\sdk\9.0.202\Microsoft.Common.CurrentVersion.targets(5063,5): warning MSB3026: Could not copy "E:\TreadSnow\TreadSnow Github2\ABP9.1.1\framework\src\Volo.Abp.Localization.Abstractions\bin\Debug\net9.0\Volo.Abp.Localization.Abstractions.dll" to "bin\Debug\net9.0\Volo.Abp.Localization.Abstractions.dll". Beginning retry 7 in 1000ms. The process cannot access the file 'E:\TreadSnow\TreadSnow Github2\src\TreadSnow.HttpApi.Host\bin\Debug\net9.0\Volo.Abp.Localization.Abstractions.dll' because it is being used by another process. The file is locked by: "TreadSnow.HttpApi.Host (46584)" [E:\TreadSnow\TreadSnow Github2\src\TreadSnow.HttpApi.Host\TreadSnow.HttpApi.Host.csproj]
C:\Program Files\dotnet\sdk\9.0.202\Microsoft.Common.CurrentVersion.targets(5063,5): warning MSB3026: Could not copy "E:\TreadSnow\TreadSnow Github2\ABP9.1.1\framework\src\Volo.Abp.MailKit\bin\Debug\net9.0\Volo.Abp.MailKit.dll" to "bin\Debug\net9.0\Volo.Abp.MailKit.dll". Beginning retry 7 in 1000ms. The process cannot access the file 'E:\TreadSnow\TreadSnow Github2\src\TreadSnow.HttpApi.Host\bin\Debug\net9.0\Volo.Abp.MailKit.dll' because it is being used by another process. The file is locked by: "TreadSnow.HttpApi.Host (46584)" [E:\TreadSnow\TreadSnow Github2\src\TreadSnow.HttpApi.Host\TreadSnow.HttpApi.Host.csproj]
C:\Program Files\dotnet\sdk\9.0.202\Microsoft.Common.CurrentVersion.targets(5063,5): warning MSB3026: Could not copy "E:\TreadSnow\TreadSnow Github2\ABP9.1.1\framework\src\Volo.Abp.Localization\bin\Debug\net9.0\Volo.Abp.Localization.dll" to "bin\Debug\net9.0\Volo.Abp.Localization.dll". Beginning retry 7 in 1000ms. The process cannot access the file 'E:\TreadSnow\TreadSnow Github2\src\TreadSnow.HttpApi.Host\bin\Debug\net9.0\Volo.Abp.Localization.dll' because it is being used by another process. The file is locked by: "TreadSnow.HttpApi.Host (46584)" [E:\TreadSnow\TreadSnow Github2\src\TreadSnow.HttpApi.Host\TreadSnow.HttpApi.Host.csproj]
C:\Program Files\dotnet\sdk\9.0.202\Microsoft.Common.CurrentVersion.targets(5063,5): warning MSB3026: Could not copy "E:\TreadSnow\TreadSnow Github2\ABP9.1.1\framework\src\Volo.Abp.Json.Abstractions\bin\Debug\net9.0\Volo.Abp.Json.Abstractions.dll" to "bin\Debug\net9.0\Volo.Abp.Json.Abstractions.dll". Beginning retry 10 in 1000ms. The process cannot access the file 'E:\TreadSnow\TreadSnow Github2\src\TreadSnow.HttpApi.Host\bin\Debug\net9.0\Volo.Abp.Json.Abstractions.dll' because it is being used by another process. The file is locked by: "TreadSnow.HttpApi.Host (46584)" [E:\TreadSnow\TreadSnow Github2\src\TreadSnow.HttpApi.Host\TreadSnow.HttpApi.Host.csproj]
C:\Program Files\dotnet\sdk\9.0.202\Microsoft.Common.CurrentVersion.targets(5063,5): warning MSB3026: Could not copy "E:\TreadSnow\TreadSnow Github2\ABP9.1.1\framework\src\Volo.Abp.Json.SystemTextJson\bin\Debug\net9.0\Volo.Abp.Json.SystemTextJson.dll" to "bin\Debug\net9.0\Volo.Abp.Json.SystemTextJson.dll". Beginning retry 8 in 1000ms. The process cannot access the file 'E:\TreadSnow\TreadSnow Github2\src\TreadSnow.HttpApi.Host\bin\Debug\net9.0\Volo.Abp.Json.SystemTextJson.dll' because it is being used by another process. The file is locked by: "TreadSnow.HttpApi.Host (46584)" [E:\TreadSnow\TreadSnow Github2\src\TreadSnow.HttpApi.Host\TreadSnow.HttpApi.Host.csproj]
C:\Program Files\dotnet\sdk\9.0.202\Microsoft.Common.CurrentVersion.targets(5063,5): warning MSB3026: Could not copy "E:\TreadSnow\TreadSnow Github2\ABP9.1.1\framework\src\Volo.Abp.Json\bin\Debug\net9.0\Volo.Abp.Json.dll" to "bin\Debug\net9.0\Volo.Abp.Json.dll". Beginning retry 9 in 1000ms. The process cannot access the file 'E:\TreadSnow\TreadSnow Github2\src\TreadSnow.HttpApi.Host\bin\Debug\net9.0\Volo.Abp.Json.dll' because it is being used by another process. The file is locked by: "TreadSnow.HttpApi.Host (46584)" [E:\TreadSnow\TreadSnow Github2\src\TreadSnow.HttpApi.Host\TreadSnow.HttpApi.Host.csproj]
C:\Program Files\dotnet\sdk\9.0.202\Microsoft.Common.CurrentVersion.targets(5063,5): warning MSB3026: Could not copy "E:\TreadSnow\TreadSnow Github2\ABP9.1.1\framework\src\Volo.Abp.Localization.Abstractions\bin\Debug\net9.0\Volo.Abp.Localization.Abstractions.dll" to "bin\Debug\net9.0\Volo.Abp.Localization.Abstractions.dll". Beginning retry 8 in 1000ms. The process cannot access the file 'E:\TreadSnow\TreadSnow Github2\src\TreadSnow.HttpApi.Host\bin\Debug\net9.0\Volo.Abp.Localization.Abstractions.dll' because it is being used by another process. The file is locked by: "TreadSnow.HttpApi.Host (46584)" [E:\TreadSnow\TreadSnow Github2\src\TreadSnow.HttpApi.Host\TreadSnow.HttpApi.Host.csproj]
C:\Program Files\dotnet\sdk\9.0.202\Microsoft.Common.CurrentVersion.targets(5063,5): warning MSB3026: Could not copy "E:\TreadSnow\TreadSnow Github2\ABP9.1.1\framework\src\Volo.Abp.MailKit\bin\Debug\net9.0\Volo.Abp.MailKit.dll" to "bin\Debug\net9.0\Volo.Abp.MailKit.dll". Beginning retry 8 in 1000ms. The process cannot access the file 'E:\TreadSnow\TreadSnow Github2\src\TreadSnow.HttpApi.Host\bin\Debug\net9.0\Volo.Abp.MailKit.dll' because it is being used by another process. The file is locked by: "TreadSnow.HttpApi.Host (46584)" [E:\TreadSnow\TreadSnow Github2\src\TreadSnow.HttpApi.Host\TreadSnow.HttpApi.Host.csproj]
C:\Program Files\dotnet\sdk\9.0.202\Microsoft.Common.CurrentVersion.targets(5063,5): warning MSB3026: Could not copy "E:\TreadSnow\TreadSnow Github2\ABP9.1.1\framework\src\Volo.Abp.Localization\bin\Debug\net9.0\Volo.Abp.Localization.dll" to "bin\Debug\net9.0\Volo.Abp.Localization.dll". Beginning retry 8 in 1000ms. Could not find file 'E:\TreadSnow\TreadSnow Github2\ABP9.1.1\framework\src\Volo.Abp.Localization\bin\Debug\net9.0\Volo.Abp.Localization.dll'. The file is locked by: "TreadSnow.HttpApi.Host (46584)" [E:\TreadSnow\TreadSnow Github2\src\TreadSnow.HttpApi.Host\TreadSnow.HttpApi.Host.csproj]
C:\Program Files\dotnet\sdk\9.0.202\Microsoft.Common.CurrentVersion.targets(5063,5): error MSB3027: Could not copy "E:\TreadSnow\TreadSnow Github2\ABP9.1.1\framework\src\Volo.Abp.Json.Abstractions\bin\Debug\net9.0\Volo.Abp.Json.Abstractions.dll" to "bin\Debug\net9.0\Volo.Abp.Json.Abstractions.dll". Exceeded retry count of 10. Failed. The file is locked by: "TreadSnow.HttpApi.Host (46584)" [E:\TreadSnow\TreadSnow Github2\src\TreadSnow.HttpApi.Host\TreadSnow.HttpApi.Host.csproj]
C:\Program Files\dotnet\sdk\9.0.202\Microsoft.Common.CurrentVersion.targets(5063,5): error MSB3021: Unable to copy file "E:\TreadSnow\TreadSnow Github2\ABP9.1.1\framework\src\Volo.Abp.Json.Abstractions\bin\Debug\net9.0\Volo.Abp.Json.Abstractions.dll" to "bin\Debug\net9.0\Volo.Abp.Json.Abstractions.dll". The process cannot access the file 'E:\TreadSnow\TreadSnow Github2\src\TreadSnow.HttpApi.Host\bin\Debug\net9.0\Volo.Abp.Json.Abstractions.dll' because it is being used by another process. [E:\TreadSnow\TreadSnow Github2\src\TreadSnow.HttpApi.Host\TreadSnow.HttpApi.Host.csproj]
C:\Program Files\dotnet\sdk\9.0.202\Microsoft.Common.CurrentVersion.targets(5063,5): warning MSB3026: Could not copy "E:\TreadSnow\TreadSnow Github2\ABP9.1.1\framework\src\Volo.Abp.Minify\bin\Debug\net9.0\Volo.Abp.Minify.dll" to "bin\Debug\net9.0\Volo.Abp.Minify.dll". Beginning retry 1 in 1000ms. The process cannot access the file 'E:\TreadSnow\TreadSnow Github2\src\TreadSnow.HttpApi.Host\bin\Debug\net9.0\Volo.Abp.Minify.dll' because it is being used by another process. The file is locked by: "TreadSnow.HttpApi.Host (46584)" [E:\TreadSnow\TreadSnow Github2\src\TreadSnow.HttpApi.Host\TreadSnow.HttpApi.Host.csproj]
C:\Program Files\dotnet\sdk\9.0.202\Microsoft.Common.CurrentVersion.targets(5063,5): warning MSB3026: Could not copy "E:\TreadSnow\TreadSnow Github2\ABP9.1.1\framework\src\Volo.Abp.Json.SystemTextJson\bin\Debug\net9.0\Volo.Abp.Json.SystemTextJson.dll" to "bin\Debug\net9.0\Volo.Abp.Json.SystemTextJson.dll". Beginning retry 9 in 1000ms. The process cannot access the file 'E:\TreadSnow\TreadSnow Github2\src\TreadSnow.HttpApi.Host\bin\Debug\net9.0\Volo.Abp.Json.SystemTextJson.dll' because it is being used by another process. The file is locked by: "TreadSnow.HttpApi.Host (46584)" [E:\TreadSnow\TreadSnow Github2\src\TreadSnow.HttpApi.Host\TreadSnow.HttpApi.Host.csproj]
C:\Program Files\dotnet\sdk\9.0.202\Microsoft.Common.CurrentVersion.targets(5063,5): warning MSB3026: Could not copy "E:\TreadSnow\TreadSnow Github2\ABP9.1.1\framework\src\Volo.Abp.Localization.Abstractions\bin\Debug\net9.0\Volo.Abp.Localization.Abstractions.dll" to "bin\Debug\net9.0\Volo.Abp.Localization.Abstractions.dll". Beginning retry 9 in 1000ms. Could not find file 'E:\TreadSnow\TreadSnow Github2\ABP9.1.1\framework\src\Volo.Abp.Localization.Abstractions\bin\Debug\net9.0\Volo.Abp.Localization.Abstractions.dll'. The file is locked by: "TreadSnow.HttpApi.Host (46584)" [E:\TreadSnow\TreadSnow Github2\src\TreadSnow.HttpApi.Host\TreadSnow.HttpApi.Host.csproj]
C:\Program Files\dotnet\sdk\9.0.202\Microsoft.Common.CurrentVersion.targets(5063,5): warning MSB3026: Could not copy "E:\TreadSnow\TreadSnow Github2\ABP9.1.1\framework\src\Volo.Abp.Json\bin\Debug\net9.0\Volo.Abp.Json.dll" to "bin\Debug\net9.0\Volo.Abp.Json.dll". Beginning retry 10 in 1000ms. The process cannot access the file 'E:\TreadSnow\TreadSnow Github2\src\TreadSnow.HttpApi.Host\bin\Debug\net9.0\Volo.Abp.Json.dll' because it is being used by another process. The file is locked by: "TreadSnow.HttpApi.Host (46584)" [E:\TreadSnow\TreadSnow Github2\src\TreadSnow.HttpApi.Host\TreadSnow.HttpApi.Host.csproj]
C:\Program Files\dotnet\sdk\9.0.202\Microsoft.Common.CurrentVersion.targets(5063,5): warning MSB3026: Could not copy "E:\TreadSnow\TreadSnow Github2\ABP9.1.1\framework\src\Volo.Abp.MailKit\bin\Debug\net9.0\Volo.Abp.MailKit.dll" to "bin\Debug\net9.0\Volo.Abp.MailKit.dll". Beginning retry 9 in 1000ms. The process cannot access the file 'E:\TreadSnow\TreadSnow Github2\src\TreadSnow.HttpApi.Host\bin\Debug\net9.0\Volo.Abp.MailKit.dll' because it is being used by another process. The file is locked by: "TreadSnow.HttpApi.Host (46584)" [E:\TreadSnow\TreadSnow Github2\src\TreadSnow.HttpApi.Host\TreadSnow.HttpApi.Host.csproj]
C:\Program Files\dotnet\sdk\9.0.202\Microsoft.Common.CurrentVersion.targets(5063,5): warning MSB3026: Could not copy "E:\TreadSnow\TreadSnow Github2\ABP9.1.1\framework\src\Volo.Abp.Localization\bin\Debug\net9.0\Volo.Abp.Localization.dll" to "bin\Debug\net9.0\Volo.Abp.Localization.dll". Beginning retry 9 in 1000ms. Could not find file 'E:\TreadSnow\TreadSnow Github2\ABP9.1.1\framework\src\Volo.Abp.Localization\bin\Debug\net9.0\Volo.Abp.Localization.dll'. The file is locked by: "TreadSnow.HttpApi.Host (46584)" [E:\TreadSnow\TreadSnow Github2\src\TreadSnow.HttpApi.Host\TreadSnow.HttpApi.Host.csproj]
C:\Program Files\dotnet\sdk\9.0.202\Microsoft.Common.CurrentVersion.targets(5063,5): warning MSB3026: Could not copy "E:\TreadSnow\TreadSnow Github2\ABP9.1.1\framework\src\Volo.Abp.Minify\bin\Debug\net9.0\Volo.Abp.Minify.dll" to "bin\Debug\net9.0\Volo.Abp.Minify.dll". Beginning retry 2 in 1000ms. The process cannot access the file 'E:\TreadSnow\TreadSnow Github2\src\TreadSnow.HttpApi.Host\bin\Debug\net9.0\Volo.Abp.Minify.dll' because it is being used by another process. The file is locked by: "TreadSnow.HttpApi.Host (46584)" [E:\TreadSnow\TreadSnow Github2\src\TreadSnow.HttpApi.Host\TreadSnow.HttpApi.Host.csproj]
C:\Program Files\dotnet\sdk\9.0.202\Microsoft.Common.CurrentVersion.targets(5063,5): warning MSB3026: Could not copy "E:\TreadSnow\TreadSnow Github2\ABP9.1.1\framework\src\Volo.Abp.Json.SystemTextJson\bin\Debug\net9.0\Volo.Abp.Json.SystemTextJson.dll" to "bin\Debug\net9.0\Volo.Abp.Json.SystemTextJson.dll". Beginning retry 10 in 1000ms. Could not find file 'E:\TreadSnow\TreadSnow Github2\ABP9.1.1\framework\src\Volo.Abp.Json.SystemTextJson\bin\Debug\net9.0\Volo.Abp.Json.SystemTextJson.dll'. The file is locked by: "TreadSnow.HttpApi.Host (46584)" [E:\TreadSnow\TreadSnow Github2\src\TreadSnow.HttpApi.Host\TreadSnow.HttpApi.Host.csproj]
C:\Program Files\dotnet\sdk\9.0.202\Microsoft.Common.CurrentVersion.targets(5063,5): error MSB3027: Could not copy "E:\TreadSnow\TreadSnow Github2\ABP9.1.1\framework\src\Volo.Abp.Json\bin\Debug\net9.0\Volo.Abp.Json.dll" to "bin\Debug\net9.0\Volo.Abp.Json.dll". Exceeded retry count of 10. Failed. The file is locked by: "TreadSnow.HttpApi.Host (46584)" [E:\TreadSnow\TreadSnow Github2\src\TreadSnow.HttpApi.Host\TreadSnow.HttpApi.Host.csproj]
C:\Program Files\dotnet\sdk\9.0.202\Microsoft.Common.CurrentVersion.targets(5063,5): error MSB3021: Unable to copy file "E:\TreadSnow\TreadSnow Github2\ABP9.1.1\framework\src\Volo.Abp.Json\bin\Debug\net9.0\Volo.Abp.Json.dll" to "bin\Debug\net9.0\Volo.Abp.Json.dll". Could not find file 'E:\TreadSnow\TreadSnow Github2\ABP9.1.1\framework\src\Volo.Abp.Json\bin\Debug\net9.0\Volo.Abp.Json.dll'. [E:\TreadSnow\TreadSnow Github2\src\TreadSnow.HttpApi.Host\TreadSnow.HttpApi.Host.csproj]
C:\Program Files\dotnet\sdk\9.0.202\Microsoft.Common.CurrentVersion.targets(5063,5): error MSB3030: Could not copy the file "E:\TreadSnow\TreadSnow Github2\ABP9.1.1\framework\src\Volo.Abp.MultiTenancy.Abstractions\bin\Debug\net9.0\Volo.Abp.MultiTenancy.Abstractions.dll" because it was not found. [E:\TreadSnow\TreadSnow Github2\src\TreadSnow.HttpApi.Host\TreadSnow.HttpApi.Host.csproj]
C:\Program Files\dotnet\sdk\9.0.202\Microsoft.Common.CurrentVersion.targets(5063,5): error MSB3030: Could not copy the file "E:\TreadSnow\TreadSnow Github2\ABP9.1.1\framework\src\Volo.Abp.MultiTenancy\bin\Debug\net9.0\Volo.Abp.MultiTenancy.dll" because it was not found. [E:\TreadSnow\TreadSnow Github2\src\TreadSnow.HttpApi.Host\TreadSnow.HttpApi.Host.csproj]
C:\Program Files\dotnet\sdk\9.0.202\Microsoft.Common.CurrentVersion.targets(5063,5): error MSB3030: Could not copy the file "E:\TreadSnow\TreadSnow Github2\ABP9.1.1\framework\src\Volo.Abp.ObjectExtending\bin\Debug\net9.0\Volo.Abp.ObjectExtending.dll" because it was not found. [E:\TreadSnow\TreadSnow Github2\src\TreadSnow.HttpApi.Host\TreadSnow.HttpApi.Host.csproj]
C:\Program Files\dotnet\sdk\9.0.202\Microsoft.Common.CurrentVersion.targets(5063,5): error MSB3030: Could not copy the file "E:\TreadSnow\TreadSnow Github2\ABP9.1.1\framework\src\Volo.Abp.ObjectMapping\bin\Debug\net9.0\Volo.Abp.ObjectMapping.dll" because it was not found. [E:\TreadSnow\TreadSnow Github2\src\TreadSnow.HttpApi.Host\TreadSnow.HttpApi.Host.csproj]
C:\Program Files\dotnet\sdk\9.0.202\Microsoft.Common.CurrentVersion.targets(5063,5): warning MSB3026: Could not copy "E:\TreadSnow\TreadSnow Github2\ABP9.1.1\framework\src\Volo.Abp.Localization.Abstractions\bin\Debug\net9.0\Volo.Abp.Localization.Abstractions.dll" to "bin\Debug\net9.0\Volo.Abp.Localization.Abstractions.dll". Beginning retry 10 in 1000ms. Could not find file 'E:\TreadSnow\TreadSnow Github2\ABP9.1.1\framework\src\Volo.Abp.Localization.Abstractions\bin\Debug\net9.0\Volo.Abp.Localization.Abstractions.dll'. The file is locked by: "TreadSnow.HttpApi.Host (46584)" [E:\TreadSnow\TreadSnow Github2\src\TreadSnow.HttpApi.Host\TreadSnow.HttpApi.Host.csproj]
C:\Program Files\dotnet\sdk\9.0.202\Microsoft.Common.CurrentVersion.targets(5063,5): warning MSB3026: Could not copy "E:\TreadSnow\TreadSnow Github2\ABP9.1.1\framework\src\Volo.Abp.MailKit\bin\Debug\net9.0\Volo.Abp.MailKit.dll" to "bin\Debug\net9.0\Volo.Abp.MailKit.dll". Beginning retry 10 in 1000ms. The process cannot access the file 'E:\TreadSnow\TreadSnow Github2\src\TreadSnow.HttpApi.Host\bin\Debug\net9.0\Volo.Abp.MailKit.dll' because it is being used by another process. The file is locked by: "TreadSnow.HttpApi.Host (46584)" [E:\TreadSnow\TreadSnow Github2\src\TreadSnow.HttpApi.Host\TreadSnow.HttpApi.Host.csproj]
C:\Program Files\dotnet\sdk\9.0.202\Microsoft.Common.CurrentVersion.targets(5063,5): warning MSB3026: Could not copy "E:\TreadSnow\TreadSnow Github2\ABP9.1.1\modules\openiddict\src\Volo.Abp.OpenIddict.AspNetCore\bin\Debug\net9.0\Volo.Abp.OpenIddict.AspNetCore.dll" to "bin\Debug\net9.0\Volo.Abp.OpenIddict.AspNetCore.dll". Beginning retry 1 in 1000ms. The process cannot access the file 'E:\TreadSnow\TreadSnow Github2\src\TreadSnow.HttpApi.Host\bin\Debug\net9.0\Volo.Abp.OpenIddict.AspNetCore.dll' because it is being used by another process. The file is locked by: "TreadSnow.HttpApi.Host (46584)" [E:\TreadSnow\TreadSnow Github2\src\TreadSnow.HttpApi.Host\TreadSnow.HttpApi.Host.csproj]
C:\Program Files\dotnet\sdk\9.0.202\Microsoft.Common.CurrentVersion.targets(5063,5): warning MSB3026: Could not copy "E:\TreadSnow\TreadSnow Github2\ABP9.1.1\framework\src\Volo.Abp.Localization\bin\Debug\net9.0\Volo.Abp.Localization.dll" to "bin\Debug\net9.0\Volo.Abp.Localization.dll". Beginning retry 10 in 1000ms. Could not find file 'E:\TreadSnow\TreadSnow Github2\ABP9.1.1\framework\src\Volo.Abp.Localization\bin\Debug\net9.0\Volo.Abp.Localization.dll'. The file is locked by: "TreadSnow.HttpApi.Host (46584)" [E:\TreadSnow\TreadSnow Github2\src\TreadSnow.HttpApi.Host\TreadSnow.HttpApi.Host.csproj]
C:\Program Files\dotnet\sdk\9.0.202\Microsoft.Common.CurrentVersion.targets(5063,5): warning MSB3026: Could not copy "E:\TreadSnow\TreadSnow Github2\ABP9.1.1\framework\src\Volo.Abp.Minify\bin\Debug\net9.0\Volo.Abp.Minify.dll" to "bin\Debug\net9.0\Volo.Abp.Minify.dll". Beginning retry 3 in 1000ms. The process cannot access the file 'E:\TreadSnow\TreadSnow Github2\src\TreadSnow.HttpApi.Host\bin\Debug\net9.0\Volo.Abp.Minify.dll' because it is being used by another process. The file is locked by: "TreadSnow.HttpApi.Host (46584)" [E:\TreadSnow\TreadSnow Github2\src\TreadSnow.HttpApi.Host\TreadSnow.HttpApi.Host.csproj]
C:\Program Files\dotnet\sdk\9.0.202\Microsoft.Common.CurrentVersion.targets(5063,5): error MSB3027: Could not copy "E:\TreadSnow\TreadSnow Github2\ABP9.1.1\framework\src\Volo.Abp.Json.SystemTextJson\bin\Debug\net9.0\Volo.Abp.Json.SystemTextJson.dll" to "bin\Debug\net9.0\Volo.Abp.Json.SystemTextJson.dll". Exceeded retry count of 10. Failed. The file is locked by: "TreadSnow.HttpApi.Host (46584)" [E:\TreadSnow\TreadSnow Github2\src\TreadSnow.HttpApi.Host\TreadSnow.HttpApi.Host.csproj]
C:\Program Files\dotnet\sdk\9.0.202\Microsoft.Common.CurrentVersion.targets(5063,5): error MSB3021: Unable to copy file "E:\TreadSnow\TreadSnow Github2\ABP9.1.1\framework\src\Volo.Abp.Json.SystemTextJson\bin\Debug\net9.0\Volo.Abp.Json.SystemTextJson.dll" to "bin\Debug\net9.0\Volo.Abp.Json.SystemTextJson.dll". Could not find file 'E:\TreadSnow\TreadSnow Github2\ABP9.1.1\framework\src\Volo.Abp.Json.SystemTextJson\bin\Debug\net9.0\Volo.Abp.Json.SystemTextJson.dll'. [E:\TreadSnow\TreadSnow Github2\src\TreadSnow.HttpApi.Host\TreadSnow.HttpApi.Host.csproj]
C:\Program Files\dotnet\sdk\9.0.202\Microsoft.Common.CurrentVersion.targets(5063,5): error MSB3027: Could not copy "E:\TreadSnow\TreadSnow Github2\ABP9.1.1\framework\src\Volo.Abp.Localization.Abstractions\bin\Debug\net9.0\Volo.Abp.Localization.Abstractions.dll" to "bin\Debug\net9.0\Volo.Abp.Localization.Abstractions.dll". Exceeded retry count of 10. Failed. The file is locked by: "TreadSnow.HttpApi.Host (46584)" [E:\TreadSnow\TreadSnow Github2\src\TreadSnow.HttpApi.Host\TreadSnow.HttpApi.Host.csproj]
C:\Program Files\dotnet\sdk\9.0.202\Microsoft.Common.CurrentVersion.targets(5063,5): error MSB3021: Unable to copy file "E:\TreadSnow\TreadSnow Github2\ABP9.1.1\framework\src\Volo.Abp.Localization.Abstractions\bin\Debug\net9.0\Volo.Abp.Localization.Abstractions.dll" to "bin\Debug\net9.0\Volo.Abp.Localization.Abstractions.dll". Could not find file 'E:\TreadSnow\TreadSnow Github2\ABP9.1.1\framework\src\Volo.Abp.Localization.Abstractions\bin\Debug\net9.0\Volo.Abp.Localization.Abstractions.dll'. [E:\TreadSnow\TreadSnow Github2\src\TreadSnow.HttpApi.Host\TreadSnow.HttpApi.Host.csproj]
C:\Program Files\dotnet\sdk\9.0.202\Microsoft.Common.CurrentVersion.targets(5063,5): error MSB3030: Could not copy the file "E:\TreadSnow\TreadSnow Github2\ABP9.1.1\modules\permission-management\src\Volo.Abp.PermissionManagement.Domain\bin\Debug\net9.0\Volo.Abp.PermissionManagement.Domain.dll" because it was not found. [E:\TreadSnow\TreadSnow Github2\src\TreadSnow.HttpApi.Host\TreadSnow.HttpApi.Host.csproj]
C:\Program Files\dotnet\sdk\9.0.202\Microsoft.Common.CurrentVersion.targets(5063,5): error MSB3030: Could not copy the file "E:\TreadSnow\TreadSnow Github2\ABP9.1.1\framework\src\Volo.Abp.Security\bin\Debug\net9.0\Volo.Abp.Security.dll" because it was not found. [E:\TreadSnow\TreadSnow Github2\src\TreadSnow.HttpApi.Host\TreadSnow.HttpApi.Host.csproj]
C:\Program Files\dotnet\sdk\9.0.202\Microsoft.Common.CurrentVersion.targets(5063,5): error MSB3030: Could not copy the file "E:\TreadSnow\TreadSnow Github2\ABP9.1.1\framework\src\Volo.Abp.Serialization\bin\Debug\net9.0\Volo.Abp.Serialization.dll" because it was not found. [E:\TreadSnow\TreadSnow Github2\src\TreadSnow.HttpApi.Host\TreadSnow.HttpApi.Host.csproj]
C:\Program Files\dotnet\sdk\9.0.202\Microsoft.Common.CurrentVersion.targets(5063,5): error MSB3030: Could not copy the file "E:\TreadSnow\TreadSnow Github2\ABP9.1.1\framework\src\Volo.Abp.Settings\bin\Debug\net9.0\Volo.Abp.Settings.dll" because it was not found. [E:\TreadSnow\TreadSnow Github2\src\TreadSnow.HttpApi.Host\TreadSnow.HttpApi.Host.csproj]
C:\Program Files\dotnet\sdk\9.0.202\Microsoft.Common.CurrentVersion.targets(5063,5): error MSB3030: Could not copy the file "E:\TreadSnow\TreadSnow Github2\ABP9.1.1\framework\src\Volo.Abp.Specifications\bin\Debug\net9.0\Volo.Abp.Specifications.dll" because it was not found. [E:\TreadSnow\TreadSnow Github2\src\TreadSnow.HttpApi.Host\TreadSnow.HttpApi.Host.csproj]
C:\Program Files\dotnet\sdk\9.0.202\Microsoft.Common.CurrentVersion.targets(5063,5): warning MSB3026: Could not copy "E:\TreadSnow\TreadSnow Github2\ABP9.1.1\modules\openiddict\src\Volo.Abp.OpenIddict.AspNetCore\bin\Debug\net9.0\Volo.Abp.OpenIddict.AspNetCore.dll" to "bin\Debug\net9.0\Volo.Abp.OpenIddict.AspNetCore.dll". Beginning retry 2 in 1000ms. The process cannot access the file 'E:\TreadSnow\TreadSnow Github2\src\TreadSnow.HttpApi.Host\bin\Debug\net9.0\Volo.Abp.OpenIddict.AspNetCore.dll' because it is being used by another process. The file is locked by: "TreadSnow.HttpApi.Host (46584)" [E:\TreadSnow\TreadSnow Github2\src\TreadSnow.HttpApi.Host\TreadSnow.HttpApi.Host.csproj]
C:\Program Files\dotnet\sdk\9.0.202\Microsoft.Common.CurrentVersion.targets(5063,5): error MSB3027: Could not copy "E:\TreadSnow\TreadSnow Github2\ABP9.1.1\framework\src\Volo.Abp.MailKit\bin\Debug\net9.0\Volo.Abp.MailKit.dll" to "bin\Debug\net9.0\Volo.Abp.MailKit.dll". Exceeded retry count of 10. Failed. The file is locked by: "TreadSnow.HttpApi.Host (46584)" [E:\TreadSnow\TreadSnow Github2\src\TreadSnow.HttpApi.Host\TreadSnow.HttpApi.Host.csproj]
C:\Program Files\dotnet\sdk\9.0.202\Microsoft.Common.CurrentVersion.targets(5063,5): error MSB3021: Unable to copy file "E:\TreadSnow\TreadSnow Github2\ABP9.1.1\framework\src\Volo.Abp.MailKit\bin\Debug\net9.0\Volo.Abp.MailKit.dll" to "bin\Debug\net9.0\Volo.Abp.MailKit.dll". The process cannot access the file 'E:\TreadSnow\TreadSnow Github2\src\TreadSnow.HttpApi.Host\bin\Debug\net9.0\Volo.Abp.MailKit.dll' because it is being used by another process. [E:\TreadSnow\TreadSnow Github2\src\TreadSnow.HttpApi.Host\TreadSnow.HttpApi.Host.csproj]
C:\Program Files\dotnet\sdk\9.0.202\Microsoft.Common.CurrentVersion.targets(5063,5): warning MSB3026: Could not copy "E:\TreadSnow\TreadSnow Github2\ABP9.1.1\modules\openiddict\src\Volo.Abp.OpenIddict.Domain.Shared\bin\Debug\net9.0\Volo.Abp.OpenIddict.Domain.Shared.dll" to "bin\Debug\net9.0\Volo.Abp.OpenIddict.Domain.Shared.dll". Beginning retry 1 in 1000ms. The process cannot access the file 'E:\TreadSnow\TreadSnow Github2\src\TreadSnow.HttpApi.Host\bin\Debug\net9.0\Volo.Abp.OpenIddict.Domain.Shared.dll' because it is being used by another process. The file is locked by: "TreadSnow.HttpApi.Host (46584)" [E:\TreadSnow\TreadSnow Github2\src\TreadSnow.HttpApi.Host\TreadSnow.HttpApi.Host.csproj]
C:\Program Files\dotnet\sdk\9.0.202\Microsoft.Common.CurrentVersion.targets(5063,5): warning MSB3026: Could not copy "E:\TreadSnow\TreadSnow Github2\ABP9.1.1\framework\src\Volo.Abp.Minify\bin\Debug\net9.0\Volo.Abp.Minify.dll" to "bin\Debug\net9.0\Volo.Abp.Minify.dll". Beginning retry 4 in 1000ms. Could not find file 'E:\TreadSnow\TreadSnow Github2\ABP9.1.1\framework\src\Volo.Abp.Minify\bin\Debug\net9.0\Volo.Abp.Minify.dll'. The file is locked by: "TreadSnow.HttpApi.Host (46584)" [E:\TreadSnow\TreadSnow Github2\src\TreadSnow.HttpApi.Host\TreadSnow.HttpApi.Host.csproj]
C:\Program Files\dotnet\sdk\9.0.202\Microsoft.Common.CurrentVersion.targets(5063,5): error MSB3027: Could not copy "E:\TreadSnow\TreadSnow Github2\ABP9.1.1\framework\src\Volo.Abp.Localization\bin\Debug\net9.0\Volo.Abp.Localization.dll" to "bin\Debug\net9.0\Volo.Abp.Localization.dll". Exceeded retry count of 10. Failed. The file is locked by: "TreadSnow.HttpApi.Host (46584)" [E:\TreadSnow\TreadSnow Github2\src\TreadSnow.HttpApi.Host\TreadSnow.HttpApi.Host.csproj]
C:\Program Files\dotnet\sdk\9.0.202\Microsoft.Common.CurrentVersion.targets(5063,5): error MSB3021: Unable to copy file "E:\TreadSnow\TreadSnow Github2\ABP9.1.1\framework\src\Volo.Abp.Localization\bin\Debug\net9.0\Volo.Abp.Localization.dll" to "bin\Debug\net9.0\Volo.Abp.Localization.dll". Could not find file 'E:\TreadSnow\TreadSnow Github2\ABP9.1.1\framework\src\Volo.Abp.Localization\bin\Debug\net9.0\Volo.Abp.Localization.dll'. [E:\TreadSnow\TreadSnow Github2\src\TreadSnow.HttpApi.Host\TreadSnow.HttpApi.Host.csproj]
C:\Program Files\dotnet\sdk\9.0.202\Microsoft.Common.CurrentVersion.targets(5063,5): warning MSB3026: Could not copy "E:\TreadSnow\TreadSnow Github2\ABP9.1.1\framework\src\Volo.Abp.TextTemplating.Core\bin\Debug\net9.0\Volo.Abp.TextTemplating.Core.dll" to "bin\Debug\net9.0\Volo.Abp.TextTemplating.Core.dll". Beginning retry 1 in 1000ms. The process cannot access the file 'E:\TreadSnow\TreadSnow Github2\src\TreadSnow.HttpApi.Host\bin\Debug\net9.0\Volo.Abp.TextTemplating.Core.dll' because it is being used by another process. The file is locked by: "TreadSnow.HttpApi.Host (46584)" [E:\TreadSnow\TreadSnow Github2\src\TreadSnow.HttpApi.Host\TreadSnow.HttpApi.Host.csproj]
C:\Program Files\dotnet\sdk\9.0.202\Microsoft.Common.CurrentVersion.targets(5063,5): warning MSB3026: Could not copy "E:\TreadSnow\TreadSnow Github2\ABP9.1.1\framework\src\Volo.Abp.TextTemplating\bin\Debug\net9.0\Volo.Abp.TextTemplating.dll" to "bin\Debug\net9.0\Volo.Abp.TextTemplating.dll". Beginning retry 1 in 1000ms. The process cannot access the file 'E:\TreadSnow\TreadSnow Github2\src\TreadSnow.HttpApi.Host\bin\Debug\net9.0\Volo.Abp.TextTemplating.dll' because it is being used by another process. The file is locked by: "TreadSnow.HttpApi.Host (46584)" [E:\TreadSnow\TreadSnow Github2\src\TreadSnow.HttpApi.Host\TreadSnow.HttpApi.Host.csproj]
C:\Program Files\dotnet\sdk\9.0.202\Microsoft.Common.CurrentVersion.targets(5063,5): warning MSB3026: Could not copy "E:\TreadSnow\TreadSnow Github2\ABP9.1.1\framework\src\Volo.Abp.TextTemplating.Scriban\bin\Debug\net9.0\Volo.Abp.TextTemplating.Scriban.dll" to "bin\Debug\net9.0\Volo.Abp.TextTemplating.Scriban.dll". Beginning retry 1 in 1000ms. The process cannot access the file 'E:\TreadSnow\TreadSnow Github2\src\TreadSnow.HttpApi.Host\bin\Debug\net9.0\Volo.Abp.TextTemplating.Scriban.dll' because it is being used by another process. The file is locked by: "TreadSnow.HttpApi.Host (46584)" [E:\TreadSnow\TreadSnow Github2\src\TreadSnow.HttpApi.Host\TreadSnow.HttpApi.Host.csproj]
C:\Program Files\dotnet\sdk\9.0.202\Microsoft.Common.CurrentVersion.targets(5063,5): warning MSB3026: Could not copy "E:\TreadSnow\TreadSnow Github2\ABP9.1.1\modules\openiddict\src\Volo.Abp.OpenIddict.AspNetCore\bin\Debug\net9.0\Volo.Abp.OpenIddict.AspNetCore.dll" to "bin\Debug\net9.0\Volo.Abp.OpenIddict.AspNetCore.dll". Beginning retry 3 in 1000ms. The process cannot access the file 'E:\TreadSnow\TreadSnow Github2\src\TreadSnow.HttpApi.Host\bin\Debug\net9.0\Volo.Abp.OpenIddict.AspNetCore.dll' because it is being used by another process. The file is locked by: "TreadSnow.HttpApi.Host (46584)" [E:\TreadSnow\TreadSnow Github2\src\TreadSnow.HttpApi.Host\TreadSnow.HttpApi.Host.csproj]
C:\Program Files\dotnet\sdk\9.0.202\Microsoft.Common.CurrentVersion.targets(5063,5): warning MSB3026: Could not copy "E:\TreadSnow\TreadSnow Github2\ABP9.1.1\framework\src\Volo.Abp.Minify\bin\Debug\net9.0\Volo.Abp.Minify.dll" to "bin\Debug\net9.0\Volo.Abp.Minify.dll". Beginning retry 5 in 1000ms. Could not find file 'E:\TreadSnow\TreadSnow Github2\ABP9.1.1\framework\src\Volo.Abp.Minify\bin\Debug\net9.0\Volo.Abp.Minify.dll'. The file is locked by: "TreadSnow.HttpApi.Host (46584)" [E:\TreadSnow\TreadSnow Github2\src\TreadSnow.HttpApi.Host\TreadSnow.HttpApi.Host.csproj]
C:\Program Files\dotnet\sdk\9.0.202\Microsoft.Common.CurrentVersion.targets(5063,5): warning MSB3026: Could not copy "E:\TreadSnow\TreadSnow Github2\ABP9.1.1\modules\openiddict\src\Volo.Abp.OpenIddict.Domain.Shared\bin\Debug\net9.0\Volo.Abp.OpenIddict.Domain.Shared.dll" to "bin\Debug\net9.0\Volo.Abp.OpenIddict.Domain.Shared.dll". Beginning retry 2 in 1000ms. The process cannot access the file 'E:\TreadSnow\TreadSnow Github2\src\TreadSnow.HttpApi.Host\bin\Debug\net9.0\Volo.Abp.OpenIddict.Domain.Shared.dll' because it is being used by another process. The file is locked by: "TreadSnow.HttpApi.Host (46584)" [E:\TreadSnow\TreadSnow Github2\src\TreadSnow.HttpApi.Host\TreadSnow.HttpApi.Host.csproj]
C:\Program Files\dotnet\sdk\9.0.202\Microsoft.Common.CurrentVersion.targets(5063,5): warning MSB3026: Could not copy "E:\TreadSnow\TreadSnow Github2\ABP9.1.1\framework\src\Volo.Abp.TextTemplating.Scriban\bin\Debug\net9.0\Volo.Abp.TextTemplating.Scriban.dll" to "bin\Debug\net9.0\Volo.Abp.TextTemplating.Scriban.dll". Beginning retry 2 in 1000ms. Could not find file 'E:\TreadSnow\TreadSnow Github2\ABP9.1.1\framework\src\Volo.Abp.TextTemplating.Scriban\bin\Debug\net9.0\Volo.Abp.TextTemplating.Scriban.dll'. The file is locked by: "TreadSnow.HttpApi.Host (46584)" [E:\TreadSnow\TreadSnow Github2\src\TreadSnow.HttpApi.Host\TreadSnow.HttpApi.Host.csproj]
C:\Program Files\dotnet\sdk\9.0.202\Microsoft.Common.CurrentVersion.targets(5063,5): warning MSB3026: Could not copy "E:\TreadSnow\TreadSnow Github2\ABP9.1.1\framework\src\Volo.Abp.TextTemplating\bin\Debug\net9.0\Volo.Abp.TextTemplating.dll" to "bin\Debug\net9.0\Volo.Abp.TextTemplating.dll". Beginning retry 2 in 1000ms. The process cannot access the file 'E:\TreadSnow\TreadSnow Github2\src\TreadSnow.HttpApi.Host\bin\Debug\net9.0\Volo.Abp.TextTemplating.dll' because it is being used by another process. The file is locked by: "TreadSnow.HttpApi.Host (46584)" [E:\TreadSnow\TreadSnow Github2\src\TreadSnow.HttpApi.Host\TreadSnow.HttpApi.Host.csproj]
C:\Program Files\dotnet\sdk\9.0.202\Microsoft.Common.CurrentVersion.targets(5063,5): warning MSB3026: Could not copy "E:\TreadSnow\TreadSnow Github2\ABP9.1.1\framework\src\Volo.Abp.TextTemplating.Core\bin\Debug\net9.0\Volo.Abp.TextTemplating.Core.dll" to "bin\Debug\net9.0\Volo.Abp.TextTemplating.Core.dll". Beginning retry 2 in 1000ms. Could not find file 'E:\TreadSnow\TreadSnow Github2\ABP9.1.1\framework\src\Volo.Abp.TextTemplating.Core\bin\Debug\net9.0\Volo.Abp.TextTemplating.Core.dll'. The file is locked by: "TreadSnow.HttpApi.Host (46584)" [E:\TreadSnow\TreadSnow Github2\src\TreadSnow.HttpApi.Host\TreadSnow.HttpApi.Host.csproj]
C:\Program Files\dotnet\sdk\9.0.202\Microsoft.Common.CurrentVersion.targets(5063,5): warning MSB3026: Could not copy "E:\TreadSnow\TreadSnow Github2\ABP9.1.1\framework\src\Volo.Abp.Minify\bin\Debug\net9.0\Volo.Abp.Minify.dll" to "bin\Debug\net9.0\Volo.Abp.Minify.dll". Beginning retry 6 in 1000ms. Could not find file 'E:\TreadSnow\TreadSnow Github2\ABP9.1.1\framework\src\Volo.Abp.Minify\bin\Debug\net9.0\Volo.Abp.Minify.dll'. The file is locked by: "TreadSnow.HttpApi.Host (46584)" [E:\TreadSnow\TreadSnow Github2\src\TreadSnow.HttpApi.Host\TreadSnow.HttpApi.Host.csproj]
C:\Program Files\dotnet\sdk\9.0.202\Microsoft.Common.CurrentVersion.targets(5063,5): warning MSB3026: Could not copy "E:\TreadSnow\TreadSnow Github2\ABP9.1.1\modules\openiddict\src\Volo.Abp.OpenIddict.AspNetCore\bin\Debug\net9.0\Volo.Abp.OpenIddict.AspNetCore.dll" to "bin\Debug\net9.0\Volo.Abp.OpenIddict.AspNetCore.dll". Beginning retry 4 in 1000ms. The process cannot access the file 'E:\TreadSnow\TreadSnow Github2\src\TreadSnow.HttpApi.Host\bin\Debug\net9.0\Volo.Abp.OpenIddict.AspNetCore.dll' because it is being used by another process. The file is locked by: "TreadSnow.HttpApi.Host (46584)" [E:\TreadSnow\TreadSnow Github2\src\TreadSnow.HttpApi.Host\TreadSnow.HttpApi.Host.csproj]
C:\Program Files\dotnet\sdk\9.0.202\Microsoft.Common.CurrentVersion.targets(5063,5): warning MSB3026: Could not copy "E:\TreadSnow\TreadSnow Github2\ABP9.1.1\modules\openiddict\src\Volo.Abp.OpenIddict.Domain.Shared\bin\Debug\net9.0\Volo.Abp.OpenIddict.Domain.Shared.dll" to "bin\Debug\net9.0\Volo.Abp.OpenIddict.Domain.Shared.dll". Beginning retry 3 in 1000ms. The process cannot access the file 'E:\TreadSnow\TreadSnow Github2\src\TreadSnow.HttpApi.Host\bin\Debug\net9.0\Volo.Abp.OpenIddict.Domain.Shared.dll' because it is being used by another process. The file is locked by: "TreadSnow.HttpApi.Host (46584)" [E:\TreadSnow\TreadSnow Github2\src\TreadSnow.HttpApi.Host\TreadSnow.HttpApi.Host.csproj]
C:\Program Files\dotnet\sdk\9.0.202\Microsoft.Common.CurrentVersion.targets(5063,5): warning MSB3026: Could not copy "E:\TreadSnow\TreadSnow Github2\ABP9.1.1\framework\src\Volo.Abp.TextTemplating.Scriban\bin\Debug\net9.0\Volo.Abp.TextTemplating.Scriban.dll" to "bin\Debug\net9.0\Volo.Abp.TextTemplating.Scriban.dll". Beginning retry 3 in 1000ms. Could not find file 'E:\TreadSnow\TreadSnow Github2\ABP9.1.1\framework\src\Volo.Abp.TextTemplating.Scriban\bin\Debug\net9.0\Volo.Abp.TextTemplating.Scriban.dll'. The file is locked by: "TreadSnow.HttpApi.Host (46584)" [E:\TreadSnow\TreadSnow Github2\src\TreadSnow.HttpApi.Host\TreadSnow.HttpApi.Host.csproj]
C:\Program Files\dotnet\sdk\9.0.202\Microsoft.Common.CurrentVersion.targets(5063,5): warning MSB3026: Could not copy "E:\TreadSnow\TreadSnow Github2\ABP9.1.1\framework\src\Volo.Abp.TextTemplating\bin\Debug\net9.0\Volo.Abp.TextTemplating.dll" to "bin\Debug\net9.0\Volo.Abp.TextTemplating.dll". Beginning retry 3 in 1000ms. The process cannot access the file 'E:\TreadSnow\TreadSnow Github2\src\TreadSnow.HttpApi.Host\bin\Debug\net9.0\Volo.Abp.TextTemplating.dll' because it is being used by another process. The file is locked by: "TreadSnow.HttpApi.Host (46584)" [E:\TreadSnow\TreadSnow Github2\src\TreadSnow.HttpApi.Host\TreadSnow.HttpApi.Host.csproj]
C:\Program Files\dotnet\sdk\9.0.202\Microsoft.Common.CurrentVersion.targets(5063,5): warning MSB3026: Could not copy "E:\TreadSnow\TreadSnow Github2\ABP9.1.1\framework\src\Volo.Abp.TextTemplating.Core\bin\Debug\net9.0\Volo.Abp.TextTemplating.Core.dll" to "bin\Debug\net9.0\Volo.Abp.TextTemplating.Core.dll". Beginning retry 3 in 1000ms. Could not find file 'E:\TreadSnow\TreadSnow Github2\ABP9.1.1\framework\src\Volo.Abp.TextTemplating.Core\bin\Debug\net9.0\Volo.Abp.TextTemplating.Core.dll'. The file is locked by: "TreadSnow.HttpApi.Host (46584)" [E:\TreadSnow\TreadSnow Github2\src\TreadSnow.HttpApi.Host\TreadSnow.HttpApi.Host.csproj]
C:\Program Files\dotnet\sdk\9.0.202\Microsoft.Common.CurrentVersion.targets(5063,5): warning MSB3026: Could not copy "E:\TreadSnow\TreadSnow Github2\ABP9.1.1\framework\src\Volo.Abp.Minify\bin\Debug\net9.0\Volo.Abp.Minify.dll" to "bin\Debug\net9.0\Volo.Abp.Minify.dll". Beginning retry 7 in 1000ms. Could not find file 'E:\TreadSnow\TreadSnow Github2\ABP9.1.1\framework\src\Volo.Abp.Minify\bin\Debug\net9.0\Volo.Abp.Minify.dll'. The file is locked by: "TreadSnow.HttpApi.Host (46584)" [E:\TreadSnow\TreadSnow Github2\src\TreadSnow.HttpApi.Host\TreadSnow.HttpApi.Host.csproj]
C:\Program Files\dotnet\sdk\9.0.202\Microsoft.Common.CurrentVersion.targets(5063,5): warning MSB3026: Could not copy "E:\TreadSnow\TreadSnow Github2\ABP9.1.1\modules\openiddict\src\Volo.Abp.OpenIddict.AspNetCore\bin\Debug\net9.0\Volo.Abp.OpenIddict.AspNetCore.dll" to "bin\Debug\net9.0\Volo.Abp.OpenIddict.AspNetCore.dll". Beginning retry 5 in 1000ms. The process cannot access the file 'E:\TreadSnow\TreadSnow Github2\src\TreadSnow.HttpApi.Host\bin\Debug\net9.0\Volo.Abp.OpenIddict.AspNetCore.dll' because it is being used by another process. The file is locked by: "TreadSnow.HttpApi.Host (46584)" [E:\TreadSnow\TreadSnow Github2\src\TreadSnow.HttpApi.Host\TreadSnow.HttpApi.Host.csproj]
C:\Program Files\dotnet\sdk\9.0.202\Microsoft.Common.CurrentVersion.targets(5063,5): warning MSB3026: Could not copy "E:\TreadSnow\TreadSnow Github2\ABP9.1.1\modules\openiddict\src\Volo.Abp.OpenIddict.Domain.Shared\bin\Debug\net9.0\Volo.Abp.OpenIddict.Domain.Shared.dll" to "bin\Debug\net9.0\Volo.Abp.OpenIddict.Domain.Shared.dll". Beginning retry 4 in 1000ms. The process cannot access the file 'E:\TreadSnow\TreadSnow Github2\src\TreadSnow.HttpApi.Host\bin\Debug\net9.0\Volo.Abp.OpenIddict.Domain.Shared.dll' because it is being used by another process. The file is locked by: "TreadSnow.HttpApi.Host (46584)" [E:\TreadSnow\TreadSnow Github2\src\TreadSnow.HttpApi.Host\TreadSnow.HttpApi.Host.csproj]
C:\Program Files\dotnet\sdk\9.0.202\Microsoft.Common.CurrentVersion.targets(5063,5): warning MSB3026: Could not copy "E:\TreadSnow\TreadSnow Github2\ABP9.1.1\framework\src\Volo.Abp.TextTemplating.Scriban\bin\Debug\net9.0\Volo.Abp.TextTemplating.Scriban.dll" to "bin\Debug\net9.0\Volo.Abp.TextTemplating.Scriban.dll". Beginning retry 4 in 1000ms. Could not find file 'E:\TreadSnow\TreadSnow Github2\ABP9.1.1\framework\src\Volo.Abp.TextTemplating.Scriban\bin\Debug\net9.0\Volo.Abp.TextTemplating.Scriban.dll'. The file is locked by: "TreadSnow.HttpApi.Host (46584)" [E:\TreadSnow\TreadSnow Github2\src\TreadSnow.HttpApi.Host\TreadSnow.HttpApi.Host.csproj]
C:\Program Files\dotnet\sdk\9.0.202\Microsoft.Common.CurrentVersion.targets(5063,5): warning MSB3026: Could not copy "E:\TreadSnow\TreadSnow Github2\ABP9.1.1\framework\src\Volo.Abp.TextTemplating\bin\Debug\net9.0\Volo.Abp.TextTemplating.dll" to "bin\Debug\net9.0\Volo.Abp.TextTemplating.dll". Beginning retry 4 in 1000ms. Could not find file 'E:\TreadSnow\TreadSnow Github2\ABP9.1.1\framework\src\Volo.Abp.TextTemplating\bin\Debug\net9.0\Volo.Abp.TextTemplating.dll'. The file is locked by: "TreadSnow.HttpApi.Host (46584)" [E:\TreadSnow\TreadSnow Github2\src\TreadSnow.HttpApi.Host\TreadSnow.HttpApi.Host.csproj]
C:\Program Files\dotnet\sdk\9.0.202\Microsoft.Common.CurrentVersion.targets(5063,5): warning MSB3026: Could not copy "E:\TreadSnow\TreadSnow Github2\ABP9.1.1\framework\src\Volo.Abp.TextTemplating.Core\bin\Debug\net9.0\Volo.Abp.TextTemplating.Core.dll" to "bin\Debug\net9.0\Volo.Abp.TextTemplating.Core.dll". Beginning retry 4 in 1000ms. Could not find file 'E:\TreadSnow\TreadSnow Github2\ABP9.1.1\framework\src\Volo.Abp.TextTemplating.Core\bin\Debug\net9.0\Volo.Abp.TextTemplating.Core.dll'. The file is locked by: "TreadSnow.HttpApi.Host (46584)" [E:\TreadSnow\TreadSnow Github2\src\TreadSnow.HttpApi.Host\TreadSnow.HttpApi.Host.csproj]
C:\Program Files\dotnet\sdk\9.0.202\Microsoft.Common.CurrentVersion.targets(5063,5): warning MSB3026: Could not copy "E:\TreadSnow\TreadSnow Github2\ABP9.1.1\framework\src\Volo.Abp.Minify\bin\Debug\net9.0\Volo.Abp.Minify.dll" to "bin\Debug\net9.0\Volo.Abp.Minify.dll". Beginning retry 8 in 1000ms. Could not find file 'E:\TreadSnow\TreadSnow Github2\ABP9.1.1\framework\src\Volo.Abp.Minify\bin\Debug\net9.0\Volo.Abp.Minify.dll'. The file is locked by: "TreadSnow.HttpApi.Host (46584)" [E:\TreadSnow\TreadSnow Github2\src\TreadSnow.HttpApi.Host\TreadSnow.HttpApi.Host.csproj]
C:\Program Files\dotnet\sdk\9.0.202\Microsoft.Common.CurrentVersion.targets(5063,5): warning MSB3026: Could not copy "E:\TreadSnow\TreadSnow Github2\ABP9.1.1\modules\openiddict\src\Volo.Abp.OpenIddict.AspNetCore\bin\Debug\net9.0\Volo.Abp.OpenIddict.AspNetCore.dll" to "bin\Debug\net9.0\Volo.Abp.OpenIddict.AspNetCore.dll". Beginning retry 6 in 1000ms. The process cannot access the file 'E:\TreadSnow\TreadSnow Github2\src\TreadSnow.HttpApi.Host\bin\Debug\net9.0\Volo.Abp.OpenIddict.AspNetCore.dll' because it is being used by another process. The file is locked by: "TreadSnow.HttpApi.Host (46584)" [E:\TreadSnow\TreadSnow Github2\src\TreadSnow.HttpApi.Host\TreadSnow.HttpApi.Host.csproj]
C:\Program Files\dotnet\sdk\9.0.202\Microsoft.Common.CurrentVersion.targets(5063,5): warning MSB3026: Could not copy "E:\TreadSnow\TreadSnow Github2\ABP9.1.1\modules\openiddict\src\Volo.Abp.OpenIddict.Domain.Shared\bin\Debug\net9.0\Volo.Abp.OpenIddict.Domain.Shared.dll" to "bin\Debug\net9.0\Volo.Abp.OpenIddict.Domain.Shared.dll". Beginning retry 5 in 1000ms. The process cannot access the file 'E:\TreadSnow\TreadSnow Github2\src\TreadSnow.HttpApi.Host\bin\Debug\net9.0\Volo.Abp.OpenIddict.Domain.Shared.dll' because it is being used by another process. The file is locked by: "TreadSnow.HttpApi.Host (46584)" [E:\TreadSnow\TreadSnow Github2\src\TreadSnow.HttpApi.Host\TreadSnow.HttpApi.Host.csproj]
C:\Program Files\dotnet\sdk\9.0.202\Microsoft.Common.CurrentVersion.targets(5063,5): warning MSB3026: Could not copy "E:\TreadSnow\TreadSnow Github2\ABP9.1.1\framework\src\Volo.Abp.TextTemplating.Scriban\bin\Debug\net9.0\Volo.Abp.TextTemplating.Scriban.dll" to "bin\Debug\net9.0\Volo.Abp.TextTemplating.Scriban.dll". Beginning retry 5 in 1000ms. Could not find file 'E:\TreadSnow\TreadSnow Github2\ABP9.1.1\framework\src\Volo.Abp.TextTemplating.Scriban\bin\Debug\net9.0\Volo.Abp.TextTemplating.Scriban.dll'. The file is locked by: "TreadSnow.HttpApi.Host (46584)" [E:\TreadSnow\TreadSnow Github2\src\TreadSnow.HttpApi.Host\TreadSnow.HttpApi.Host.csproj]
C:\Program Files\dotnet\sdk\9.0.202\Microsoft.Common.CurrentVersion.targets(5063,5): warning MSB3026: Could not copy "E:\TreadSnow\TreadSnow Github2\ABP9.1.1\framework\src\Volo.Abp.TextTemplating\bin\Debug\net9.0\Volo.Abp.TextTemplating.dll" to "bin\Debug\net9.0\Volo.Abp.TextTemplating.dll". Beginning retry 5 in 1000ms. Could not find file 'E:\TreadSnow\TreadSnow Github2\ABP9.1.1\framework\src\Volo.Abp.TextTemplating\bin\Debug\net9.0\Volo.Abp.TextTemplating.dll'. The file is locked by: "TreadSnow.HttpApi.Host (46584)" [E:\TreadSnow\TreadSnow Github2\src\TreadSnow.HttpApi.Host\TreadSnow.HttpApi.Host.csproj]
C:\Program Files\dotnet\sdk\9.0.202\Microsoft.Common.CurrentVersion.targets(5063,5): warning MSB3026: Could not copy "E:\TreadSnow\TreadSnow Github2\ABP9.1.1\framework\src\Volo.Abp.TextTemplating.Core\bin\Debug\net9.0\Volo.Abp.TextTemplating.Core.dll" to "bin\Debug\net9.0\Volo.Abp.TextTemplating.Core.dll". Beginning retry 5 in 1000ms. Could not find file 'E:\TreadSnow\TreadSnow Github2\ABP9.1.1\framework\src\Volo.Abp.TextTemplating.Core\bin\Debug\net9.0\Volo.Abp.TextTemplating.Core.dll'. The file is locked by: "TreadSnow.HttpApi.Host (46584)" [E:\TreadSnow\TreadSnow Github2\src\TreadSnow.HttpApi.Host\TreadSnow.HttpApi.Host.csproj]
C:\Program Files\dotnet\sdk\9.0.202\Microsoft.Common.CurrentVersion.targets(5063,5): warning MSB3026: Could not copy "E:\TreadSnow\TreadSnow Github2\ABP9.1.1\framework\src\Volo.Abp.Minify\bin\Debug\net9.0\Volo.Abp.Minify.dll" to "bin\Debug\net9.0\Volo.Abp.Minify.dll". Beginning retry 9 in 1000ms. Could not find file 'E:\TreadSnow\TreadSnow Github2\ABP9.1.1\framework\src\Volo.Abp.Minify\bin\Debug\net9.0\Volo.Abp.Minify.dll'. The file is locked by: "TreadSnow.HttpApi.Host (46584)" [E:\TreadSnow\TreadSnow Github2\src\TreadSnow.HttpApi.Host\TreadSnow.HttpApi.Host.csproj]
C:\Program Files\dotnet\sdk\9.0.202\Microsoft.Common.CurrentVersion.targets(5063,5): warning MSB3026: Could not copy "E:\TreadSnow\TreadSnow Github2\ABP9.1.1\modules\openiddict\src\Volo.Abp.OpenIddict.AspNetCore\bin\Debug\net9.0\Volo.Abp.OpenIddict.AspNetCore.dll" to "bin\Debug\net9.0\Volo.Abp.OpenIddict.AspNetCore.dll". Beginning retry 7 in 1000ms. The process cannot access the file 'E:\TreadSnow\TreadSnow Github2\src\TreadSnow.HttpApi.Host\bin\Debug\net9.0\Volo.Abp.OpenIddict.AspNetCore.dll' because it is being used by another process. The file is locked by: "TreadSnow.HttpApi.Host (46584)" [E:\TreadSnow\TreadSnow Github2\src\TreadSnow.HttpApi.Host\TreadSnow.HttpApi.Host.csproj]
C:\Program Files\dotnet\sdk\9.0.202\Microsoft.Common.CurrentVersion.targets(5063,5): warning MSB3026: Could not copy "E:\TreadSnow\TreadSnow Github2\ABP9.1.1\modules\openiddict\src\Volo.Abp.OpenIddict.Domain.Shared\bin\Debug\net9.0\Volo.Abp.OpenIddict.Domain.Shared.dll" to "bin\Debug\net9.0\Volo.Abp.OpenIddict.Domain.Shared.dll". Beginning retry 6 in 1000ms. The process cannot access the file 'E:\TreadSnow\TreadSnow Github2\src\TreadSnow.HttpApi.Host\bin\Debug\net9.0\Volo.Abp.OpenIddict.Domain.Shared.dll' because it is being used by another process. The file is locked by: "TreadSnow.HttpApi.Host (46584)" [E:\TreadSnow\TreadSnow Github2\src\TreadSnow.HttpApi.Host\TreadSnow.HttpApi.Host.csproj]
C:\Program Files\dotnet\sdk\9.0.202\Microsoft.Common.CurrentVersion.targets(5063,5): warning MSB3026: Could not copy "E:\TreadSnow\TreadSnow Github2\ABP9.1.1\framework\src\Volo.Abp.TextTemplating.Scriban\bin\Debug\net9.0\Volo.Abp.TextTemplating.Scriban.dll" to "bin\Debug\net9.0\Volo.Abp.TextTemplating.Scriban.dll". Beginning retry 6 in 1000ms. Could not find file 'E:\TreadSnow\TreadSnow Github2\ABP9.1.1\framework\src\Volo.Abp.TextTemplating.Scriban\bin\Debug\net9.0\Volo.Abp.TextTemplating.Scriban.dll'. The file is locked by: "TreadSnow.HttpApi.Host (46584)" [E:\TreadSnow\TreadSnow Github2\src\TreadSnow.HttpApi.Host\TreadSnow.HttpApi.Host.csproj]
C:\Program Files\dotnet\sdk\9.0.202\Microsoft.Common.CurrentVersion.targets(5063,5): warning MSB3026: Could not copy "E:\TreadSnow\TreadSnow Github2\ABP9.1.1\framework\src\Volo.Abp.TextTemplating.Core\bin\Debug\net9.0\Volo.Abp.TextTemplating.Core.dll" to "bin\Debug\net9.0\Volo.Abp.TextTemplating.Core.dll". Beginning retry 6 in 1000ms. Could not find file 'E:\TreadSnow\TreadSnow Github2\ABP9.1.1\framework\src\Volo.Abp.TextTemplating.Core\bin\Debug\net9.0\Volo.Abp.TextTemplating.Core.dll'. The file is locked by: "TreadSnow.HttpApi.Host (46584)" [E:\TreadSnow\TreadSnow Github2\src\TreadSnow.HttpApi.Host\TreadSnow.HttpApi.Host.csproj]
C:\Program Files\dotnet\sdk\9.0.202\Microsoft.Common.CurrentVersion.targets(5063,5): warning MSB3026: Could not copy "E:\TreadSnow\TreadSnow Github2\ABP9.1.1\framework\src\Volo.Abp.TextTemplating\bin\Debug\net9.0\Volo.Abp.TextTemplating.dll" to "bin\Debug\net9.0\Volo.Abp.TextTemplating.dll". Beginning retry 6 in 1000ms. Could not find file 'E:\TreadSnow\TreadSnow Github2\ABP9.1.1\framework\src\Volo.Abp.TextTemplating\bin\Debug\net9.0\Volo.Abp.TextTemplating.dll'. The file is locked by: "TreadSnow.HttpApi.Host (46584)" [E:\TreadSnow\TreadSnow Github2\src\TreadSnow.HttpApi.Host\TreadSnow.HttpApi.Host.csproj]
C:\Program Files\dotnet\sdk\9.0.202\Microsoft.Common.CurrentVersion.targets(5063,5): warning MSB3026: Could not copy "E:\TreadSnow\TreadSnow Github2\ABP9.1.1\framework\src\Volo.Abp.Minify\bin\Debug\net9.0\Volo.Abp.Minify.dll" to "bin\Debug\net9.0\Volo.Abp.Minify.dll". Beginning retry 10 in 1000ms. Could not find file 'E:\TreadSnow\TreadSnow Github2\ABP9.1.1\framework\src\Volo.Abp.Minify\bin\Debug\net9.0\Volo.Abp.Minify.dll'. The file is locked by: "TreadSnow.HttpApi.Host (46584)" [E:\TreadSnow\TreadSnow Github2\src\TreadSnow.HttpApi.Host\TreadSnow.HttpApi.Host.csproj]
C:\Program Files\dotnet\sdk\9.0.202\Microsoft.Common.CurrentVersion.targets(5063,5): warning MSB3026: Could not copy "E:\TreadSnow\TreadSnow Github2\ABP9.1.1\modules\openiddict\src\Volo.Abp.OpenIddict.AspNetCore\bin\Debug\net9.0\Volo.Abp.OpenIddict.AspNetCore.dll" to "bin\Debug\net9.0\Volo.Abp.OpenIddict.AspNetCore.dll". Beginning retry 8 in 1000ms. The process cannot access the file 'E:\TreadSnow\TreadSnow Github2\src\TreadSnow.HttpApi.Host\bin\Debug\net9.0\Volo.Abp.OpenIddict.AspNetCore.dll' because it is being used by another process. The file is locked by: "TreadSnow.HttpApi.Host (46584)" [E:\TreadSnow\TreadSnow Github2\src\TreadSnow.HttpApi.Host\TreadSnow.HttpApi.Host.csproj]
C:\Program Files\dotnet\sdk\9.0.202\Microsoft.Common.CurrentVersion.targets(5063,5): warning MSB3026: Could not copy "E:\TreadSnow\TreadSnow Github2\ABP9.1.1\modules\openiddict\src\Volo.Abp.OpenIddict.Domain.Shared\bin\Debug\net9.0\Volo.Abp.OpenIddict.Domain.Shared.dll" to "bin\Debug\net9.0\Volo.Abp.OpenIddict.Domain.Shared.dll". Beginning retry 7 in 1000ms. The process cannot access the file 'E:\TreadSnow\TreadSnow Github2\src\TreadSnow.HttpApi.Host\bin\Debug\net9.0\Volo.Abp.OpenIddict.Domain.Shared.dll' because it is being used by another process. The file is locked by: "TreadSnow.HttpApi.Host (46584)" [E:\TreadSnow\TreadSnow Github2\src\TreadSnow.HttpApi.Host\TreadSnow.HttpApi.Host.csproj]
C:\Program Files\dotnet\sdk\9.0.202\Microsoft.Common.CurrentVersion.targets(5063,5): warning MSB3026: Could not copy "E:\TreadSnow\TreadSnow Github2\ABP9.1.1\framework\src\Volo.Abp.TextTemplating.Scriban\bin\Debug\net9.0\Volo.Abp.TextTemplating.Scriban.dll" to "bin\Debug\net9.0\Volo.Abp.TextTemplating.Scriban.dll". Beginning retry 7 in 1000ms. Could not find file 'E:\TreadSnow\TreadSnow Github2\ABP9.1.1\framework\src\Volo.Abp.TextTemplating.Scriban\bin\Debug\net9.0\Volo.Abp.TextTemplating.Scriban.dll'. The file is locked by: "TreadSnow.HttpApi.Host (46584)" [E:\TreadSnow\TreadSnow Github2\src\TreadSnow.HttpApi.Host\TreadSnow.HttpApi.Host.csproj]
C:\Program Files\dotnet\sdk\9.0.202\Microsoft.Common.CurrentVersion.targets(5063,5): warning MSB3026: Could not copy "E:\TreadSnow\TreadSnow Github2\ABP9.1.1\framework\src\Volo.Abp.TextTemplating\bin\Debug\net9.0\Volo.Abp.TextTemplating.dll" to "bin\Debug\net9.0\Volo.Abp.TextTemplating.dll". Beginning retry 7 in 1000ms. Could not find file 'E:\TreadSnow\TreadSnow Github2\ABP9.1.1\framework\src\Volo.Abp.TextTemplating\bin\Debug\net9.0\Volo.Abp.TextTemplating.dll'. The file is locked by: "TreadSnow.HttpApi.Host (46584)" [E:\TreadSnow\TreadSnow Github2\src\TreadSnow.HttpApi.Host\TreadSnow.HttpApi.Host.csproj]
C:\Program Files\dotnet\sdk\9.0.202\Microsoft.Common.CurrentVersion.targets(5063,5): warning MSB3026: Could not copy "E:\TreadSnow\TreadSnow Github2\ABP9.1.1\framework\src\Volo.Abp.TextTemplating.Core\bin\Debug\net9.0\Volo.Abp.TextTemplating.Core.dll" to "bin\Debug\net9.0\Volo.Abp.TextTemplating.Core.dll". Beginning retry 7 in 1000ms. Could not find file 'E:\TreadSnow\TreadSnow Github2\ABP9.1.1\framework\src\Volo.Abp.TextTemplating.Core\bin\Debug\net9.0\Volo.Abp.TextTemplating.Core.dll'. The file is locked by: "TreadSnow.HttpApi.Host (46584)" [E:\TreadSnow\TreadSnow Github2\src\TreadSnow.HttpApi.Host\TreadSnow.HttpApi.Host.csproj]
C:\Program Files\dotnet\sdk\9.0.202\Microsoft.Common.CurrentVersion.targets(5063,5): error MSB3027: Could not copy "E:\TreadSnow\TreadSnow Github2\ABP9.1.1\framework\src\Volo.Abp.Minify\bin\Debug\net9.0\Volo.Abp.Minify.dll" to "bin\Debug\net9.0\Volo.Abp.Minify.dll". Exceeded retry count of 10. Failed. The file is locked by: "TreadSnow.HttpApi.Host (46584)" [E:\TreadSnow\TreadSnow Github2\src\TreadSnow.HttpApi.Host\TreadSnow.HttpApi.Host.csproj]
C:\Program Files\dotnet\sdk\9.0.202\Microsoft.Common.CurrentVersion.targets(5063,5): error MSB3021: Unable to copy file "E:\TreadSnow\TreadSnow Github2\ABP9.1.1\framework\src\Volo.Abp.Minify\bin\Debug\net9.0\Volo.Abp.Minify.dll" to "bin\Debug\net9.0\Volo.Abp.Minify.dll". Could not find file 'E:\TreadSnow\TreadSnow Github2\ABP9.1.1\framework\src\Volo.Abp.Minify\bin\Debug\net9.0\Volo.Abp.Minify.dll'. [E:\TreadSnow\TreadSnow Github2\src\TreadSnow.HttpApi.Host\TreadSnow.HttpApi.Host.csproj]
C:\Program Files\dotnet\sdk\9.0.202\Microsoft.Common.CurrentVersion.targets(5063,5): warning MSB3026: Could not copy "E:\TreadSnow\TreadSnow Github2\ABP9.1.1\framework\src\Volo.Abp.Threading\bin\Debug\net9.0\Volo.Abp.Threading.dll" to "bin\Debug\net9.0\Volo.Abp.Threading.dll". Beginning retry 1 in 1000ms. The process cannot access the file 'E:\TreadSnow\TreadSnow Github2\src\TreadSnow.HttpApi.Host\bin\Debug\net9.0\Volo.Abp.Threading.dll' because it is being used by another process. The file is locked by: "TreadSnow.HttpApi.Host (46584)" [E:\TreadSnow\TreadSnow Github2\src\TreadSnow.HttpApi.Host\TreadSnow.HttpApi.Host.csproj]
C:\Program Files\dotnet\sdk\9.0.202\Microsoft.Common.CurrentVersion.targets(5063,5): warning MSB3026: Could not copy "E:\TreadSnow\TreadSnow Github2\ABP9.1.1\modules\openiddict\src\Volo.Abp.OpenIddict.AspNetCore\bin\Debug\net9.0\Volo.Abp.OpenIddict.AspNetCore.dll" to "bin\Debug\net9.0\Volo.Abp.OpenIddict.AspNetCore.dll". Beginning retry 9 in 1000ms. The process cannot access the file 'E:\TreadSnow\TreadSnow Github2\src\TreadSnow.HttpApi.Host\bin\Debug\net9.0\Volo.Abp.OpenIddict.AspNetCore.dll' because it is being used by another process. The file is locked by: "TreadSnow.HttpApi.Host (46584)" [E:\TreadSnow\TreadSnow Github2\src\TreadSnow.HttpApi.Host\TreadSnow.HttpApi.Host.csproj]
C:\Program Files\dotnet\sdk\9.0.202\Microsoft.Common.CurrentVersion.targets(5063,5): warning MSB3026: Could not copy "E:\TreadSnow\TreadSnow Github2\ABP9.1.1\modules\openiddict\src\Volo.Abp.OpenIddict.Domain.Shared\bin\Debug\net9.0\Volo.Abp.OpenIddict.Domain.Shared.dll" to "bin\Debug\net9.0\Volo.Abp.OpenIddict.Domain.Shared.dll". Beginning retry 8 in 1000ms. The process cannot access the file 'E:\TreadSnow\TreadSnow Github2\src\TreadSnow.HttpApi.Host\bin\Debug\net9.0\Volo.Abp.OpenIddict.Domain.Shared.dll' because it is being used by another process. The file is locked by: "TreadSnow.HttpApi.Host (46584)" [E:\TreadSnow\TreadSnow Github2\src\TreadSnow.HttpApi.Host\TreadSnow.HttpApi.Host.csproj]
C:\Program Files\dotnet\sdk\9.0.202\Microsoft.Common.CurrentVersion.targets(5063,5): warning MSB3026: Could not copy "E:\TreadSnow\TreadSnow Github2\ABP9.1.1\framework\src\Volo.Abp.TextTemplating.Scriban\bin\Debug\net9.0\Volo.Abp.TextTemplating.Scriban.dll" to "bin\Debug\net9.0\Volo.Abp.TextTemplating.Scriban.dll". Beginning retry 8 in 1000ms. Could not find file 'E:\TreadSnow\TreadSnow Github2\ABP9.1.1\framework\src\Volo.Abp.TextTemplating.Scriban\bin\Debug\net9.0\Volo.Abp.TextTemplating.Scriban.dll'. The file is locked by: "TreadSnow.HttpApi.Host (46584)" [E:\TreadSnow\TreadSnow Github2\src\TreadSnow.HttpApi.Host\TreadSnow.HttpApi.Host.csproj]
C:\Program Files\dotnet\sdk\9.0.202\Microsoft.Common.CurrentVersion.targets(5063,5): warning MSB3026: Could not copy "E:\TreadSnow\TreadSnow Github2\ABP9.1.1\framework\src\Volo.Abp.TextTemplating\bin\Debug\net9.0\Volo.Abp.TextTemplating.dll" to "bin\Debug\net9.0\Volo.Abp.TextTemplating.dll". Beginning retry 8 in 1000ms. Could not find file 'E:\TreadSnow\TreadSnow Github2\ABP9.1.1\framework\src\Volo.Abp.TextTemplating\bin\Debug\net9.0\Volo.Abp.TextTemplating.dll'. The file is locked by: "TreadSnow.HttpApi.Host (46584)" [E:\TreadSnow\TreadSnow Github2\src\TreadSnow.HttpApi.Host\TreadSnow.HttpApi.Host.csproj]
C:\Program Files\dotnet\sdk\9.0.202\Microsoft.Common.CurrentVersion.targets(5063,5): warning MSB3026: Could not copy "E:\TreadSnow\TreadSnow Github2\ABP9.1.1\framework\src\Volo.Abp.TextTemplating.Core\bin\Debug\net9.0\Volo.Abp.TextTemplating.Core.dll" to "bin\Debug\net9.0\Volo.Abp.TextTemplating.Core.dll". Beginning retry 8 in 1000ms. Could not find file 'E:\TreadSnow\TreadSnow Github2\ABP9.1.1\framework\src\Volo.Abp.TextTemplating.Core\bin\Debug\net9.0\Volo.Abp.TextTemplating.Core.dll'. The file is locked by: "TreadSnow.HttpApi.Host (46584)" [E:\TreadSnow\TreadSnow Github2\src\TreadSnow.HttpApi.Host\TreadSnow.HttpApi.Host.csproj]
C:\Program Files\dotnet\sdk\9.0.202\Microsoft.Common.CurrentVersion.targets(5063,5): warning MSB3026: Could not copy "E:\TreadSnow\TreadSnow Github2\ABP9.1.1\framework\src\Volo.Abp.Threading\bin\Debug\net9.0\Volo.Abp.Threading.dll" to "bin\Debug\net9.0\Volo.Abp.Threading.dll". Beginning retry 2 in 1000ms. The process cannot access the file 'E:\TreadSnow\TreadSnow Github2\src\TreadSnow.HttpApi.Host\bin\Debug\net9.0\Volo.Abp.Threading.dll' because it is being used by another process. The file is locked by: "TreadSnow.HttpApi.Host (46584)" [E:\TreadSnow\TreadSnow Github2\src\TreadSnow.HttpApi.Host\TreadSnow.HttpApi.Host.csproj]
C:\Program Files\dotnet\sdk\9.0.202\Microsoft.Common.CurrentVersion.targets(5063,5): warning MSB3026: Could not copy "E:\TreadSnow\TreadSnow Github2\ABP9.1.1\modules\openiddict\src\Volo.Abp.OpenIddict.AspNetCore\bin\Debug\net9.0\Volo.Abp.OpenIddict.AspNetCore.dll" to "bin\Debug\net9.0\Volo.Abp.OpenIddict.AspNetCore.dll". Beginning retry 10 in 1000ms. The process cannot access the file 'E:\TreadSnow\TreadSnow Github2\src\TreadSnow.HttpApi.Host\bin\Debug\net9.0\Volo.Abp.OpenIddict.AspNetCore.dll' because it is being used by another process. The file is locked by: "TreadSnow.HttpApi.Host (46584)" [E:\TreadSnow\TreadSnow Github2\src\TreadSnow.HttpApi.Host\TreadSnow.HttpApi.Host.csproj]
C:\Program Files\dotnet\sdk\9.0.202\Microsoft.Common.CurrentVersion.targets(5063,5): warning MSB3026: Could not copy "E:\TreadSnow\TreadSnow Github2\ABP9.1.1\modules\openiddict\src\Volo.Abp.OpenIddict.Domain.Shared\bin\Debug\net9.0\Volo.Abp.OpenIddict.Domain.Shared.dll" to "bin\Debug\net9.0\Volo.Abp.OpenIddict.Domain.Shared.dll". Beginning retry 9 in 1000ms. The process cannot access the file 'E:\TreadSnow\TreadSnow Github2\src\TreadSnow.HttpApi.Host\bin\Debug\net9.0\Volo.Abp.OpenIddict.Domain.Shared.dll' because it is being used by another process. The file is locked by: "TreadSnow.HttpApi.Host (46584)" [E:\TreadSnow\TreadSnow Github2\src\TreadSnow.HttpApi.Host\TreadSnow.HttpApi.Host.csproj]
C:\Program Files\dotnet\sdk\9.0.202\Microsoft.Common.CurrentVersion.targets(5063,5): warning MSB3026: Could not copy "E:\TreadSnow\TreadSnow Github2\ABP9.1.1\framework\src\Volo.Abp.TextTemplating.Scriban\bin\Debug\net9.0\Volo.Abp.TextTemplating.Scriban.dll" to "bin\Debug\net9.0\Volo.Abp.TextTemplating.Scriban.dll". Beginning retry 9 in 1000ms. Could not find file 'E:\TreadSnow\TreadSnow Github2\ABP9.1.1\framework\src\Volo.Abp.TextTemplating.Scriban\bin\Debug\net9.0\Volo.Abp.TextTemplating.Scriban.dll'. The file is locked by: "TreadSnow.HttpApi.Host (46584)" [E:\TreadSnow\TreadSnow Github2\src\TreadSnow.HttpApi.Host\TreadSnow.HttpApi.Host.csproj]
C:\Program Files\dotnet\sdk\9.0.202\Microsoft.Common.CurrentVersion.targets(5063,5): warning MSB3026: Could not copy "E:\TreadSnow\TreadSnow Github2\ABP9.1.1\framework\src\Volo.Abp.TextTemplating.Core\bin\Debug\net9.0\Volo.Abp.TextTemplating.Core.dll" to "bin\Debug\net9.0\Volo.Abp.TextTemplating.Core.dll". Beginning retry 9 in 1000ms. Could not find file 'E:\TreadSnow\TreadSnow Github2\ABP9.1.1\framework\src\Volo.Abp.TextTemplating.Core\bin\Debug\net9.0\Volo.Abp.TextTemplating.Core.dll'. The file is locked by: "TreadSnow.HttpApi.Host (46584)" [E:\TreadSnow\TreadSnow Github2\src\TreadSnow.HttpApi.Host\TreadSnow.HttpApi.Host.csproj]
C:\Program Files\dotnet\sdk\9.0.202\Microsoft.Common.CurrentVersion.targets(5063,5): warning MSB3026: Could not copy "E:\TreadSnow\TreadSnow Github2\ABP9.1.1\framework\src\Volo.Abp.TextTemplating\bin\Debug\net9.0\Volo.Abp.TextTemplating.dll" to "bin\Debug\net9.0\Volo.Abp.TextTemplating.dll". Beginning retry 9 in 1000ms. Could not find file 'E:\TreadSnow\TreadSnow Github2\ABP9.1.1\framework\src\Volo.Abp.TextTemplating\bin\Debug\net9.0\Volo.Abp.TextTemplating.dll'. The file is locked by: "TreadSnow.HttpApi.Host (46584)" [E:\TreadSnow\TreadSnow Github2\src\TreadSnow.HttpApi.Host\TreadSnow.HttpApi.Host.csproj]
C:\Program Files\dotnet\sdk\9.0.202\Microsoft.Common.CurrentVersion.targets(5063,5): warning MSB3026: Could not copy "E:\TreadSnow\TreadSnow Github2\ABP9.1.1\framework\src\Volo.Abp.Threading\bin\Debug\net9.0\Volo.Abp.Threading.dll" to "bin\Debug\net9.0\Volo.Abp.Threading.dll". Beginning retry 3 in 1000ms. The process cannot access the file 'E:\TreadSnow\TreadSnow Github2\src\TreadSnow.HttpApi.Host\bin\Debug\net9.0\Volo.Abp.Threading.dll' because it is being used by another process. The file is locked by: "TreadSnow.HttpApi.Host (46584)" [E:\TreadSnow\TreadSnow Github2\src\TreadSnow.HttpApi.Host\TreadSnow.HttpApi.Host.csproj]
C:\Program Files\dotnet\sdk\9.0.202\Microsoft.Common.CurrentVersion.targets(5063,5): error MSB3027: Could not copy "E:\TreadSnow\TreadSnow Github2\ABP9.1.1\modules\openiddict\src\Volo.Abp.OpenIddict.AspNetCore\bin\Debug\net9.0\Volo.Abp.OpenIddict.AspNetCore.dll" to "bin\Debug\net9.0\Volo.Abp.OpenIddict.AspNetCore.dll". Exceeded retry count of 10. Failed. The file is locked by: "TreadSnow.HttpApi.Host (46584)" [E:\TreadSnow\TreadSnow Github2\src\TreadSnow.HttpApi.Host\TreadSnow.HttpApi.Host.csproj]
C:\Program Files\dotnet\sdk\9.0.202\Microsoft.Common.CurrentVersion.targets(5063,5): error MSB3021: Unable to copy file "E:\TreadSnow\TreadSnow Github2\ABP9.1.1\modules\openiddict\src\Volo.Abp.OpenIddict.AspNetCore\bin\Debug\net9.0\Volo.Abp.OpenIddict.AspNetCore.dll" to "bin\Debug\net9.0\Volo.Abp.OpenIddict.AspNetCore.dll". The process cannot access the file 'E:\TreadSnow\TreadSnow Github2\src\TreadSnow.HttpApi.Host\bin\Debug\net9.0\Volo.Abp.OpenIddict.AspNetCore.dll' because it is being used by another process. [E:\TreadSnow\TreadSnow Github2\src\TreadSnow.HttpApi.Host\TreadSnow.HttpApi.Host.csproj]
C:\Program Files\dotnet\sdk\9.0.202\Microsoft.Common.CurrentVersion.targets(5063,5): error MSB3030: Could not copy the file "E:\TreadSnow\TreadSnow Github2\ABP9.1.1\framework\src\Volo.Abp.Timing\bin\Debug\net9.0\Volo.Abp.Timing.dll" because it was not found. [E:\TreadSnow\TreadSnow Github2\src\TreadSnow.HttpApi.Host\TreadSnow.HttpApi.Host.csproj]
C:\Program Files\dotnet\sdk\9.0.202\Microsoft.Common.CurrentVersion.targets(5063,5): error MSB3030: Could not copy the file "E:\TreadSnow\TreadSnow Github2\ABP9.1.1\framework\src\Volo.Abp.UI\bin\Debug\net9.0\Volo.Abp.UI.dll" because it was not found. [E:\TreadSnow\TreadSnow Github2\src\TreadSnow.HttpApi.Host\TreadSnow.HttpApi.Host.csproj]
C:\Program Files\dotnet\sdk\9.0.202\Microsoft.Common.CurrentVersion.targets(5063,5): error MSB3030: Could not copy the file "E:\TreadSnow\TreadSnow Github2\ABP9.1.1\framework\src\Volo.Abp.UI.Navigation\bin\Debug\net9.0\Volo.Abp.UI.Navigation.dll" because it was not found. [E:\TreadSnow\TreadSnow Github2\src\TreadSnow.HttpApi.Host\TreadSnow.HttpApi.Host.csproj]
C:\Program Files\dotnet\sdk\9.0.202\Microsoft.Common.CurrentVersion.targets(5063,5): warning MSB3026: Could not copy "E:\TreadSnow\TreadSnow Github2\ABP9.1.1\modules\openiddict\src\Volo.Abp.OpenIddict.Domain.Shared\bin\Debug\net9.0\Volo.Abp.OpenIddict.Domain.Shared.dll" to "bin\Debug\net9.0\Volo.Abp.OpenIddict.Domain.Shared.dll". Beginning retry 10 in 1000ms. The process cannot access the file 'E:\TreadSnow\TreadSnow Github2\src\TreadSnow.HttpApi.Host\bin\Debug\net9.0\Volo.Abp.OpenIddict.Domain.Shared.dll' because it is being used by another process. The file is locked by: "TreadSnow.HttpApi.Host (46584)" [E:\TreadSnow\TreadSnow Github2\src\TreadSnow.HttpApi.Host\TreadSnow.HttpApi.Host.csproj]
C:\Program Files\dotnet\sdk\9.0.202\Microsoft.Common.CurrentVersion.targets(5063,5): warning MSB3026: Could not copy "E:\TreadSnow\TreadSnow Github2\ABP9.1.1\framework\src\Volo.Abp.TextTemplating.Scriban\bin\Debug\net9.0\Volo.Abp.TextTemplating.Scriban.dll" to "bin\Debug\net9.0\Volo.Abp.TextTemplating.Scriban.dll". Beginning retry 10 in 1000ms. Could not find file 'E:\TreadSnow\TreadSnow Github2\ABP9.1.1\framework\src\Volo.Abp.TextTemplating.Scriban\bin\Debug\net9.0\Volo.Abp.TextTemplating.Scriban.dll'. The file is locked by: "TreadSnow.HttpApi.Host (46584)" [E:\TreadSnow\TreadSnow Github2\src\TreadSnow.HttpApi.Host\TreadSnow.HttpApi.Host.csproj]
C:\Program Files\dotnet\sdk\9.0.202\Microsoft.Common.CurrentVersion.targets(5063,5): warning MSB3026: Could not copy "E:\TreadSnow\TreadSnow Github2\ABP9.1.1\framework\src\Volo.Abp.Uow\bin\Debug\net9.0\Volo.Abp.Uow.dll" to "bin\Debug\net9.0\Volo.Abp.Uow.dll". Beginning retry 1 in 1000ms. The process cannot access the file 'E:\TreadSnow\TreadSnow Github2\src\TreadSnow.HttpApi.Host\bin\Debug\net9.0\Volo.Abp.Uow.dll' because it is being used by another process. The file is locked by: "TreadSnow.HttpApi.Host (46584)" [E:\TreadSnow\TreadSnow Github2\src\TreadSnow.HttpApi.Host\TreadSnow.HttpApi.Host.csproj]
C:\Program Files\dotnet\sdk\9.0.202\Microsoft.Common.CurrentVersion.targets(5063,5): warning MSB3026: Could not copy "E:\TreadSnow\TreadSnow Github2\ABP9.1.1\framework\src\Volo.Abp.TextTemplating\bin\Debug\net9.0\Volo.Abp.TextTemplating.dll" to "bin\Debug\net9.0\Volo.Abp.TextTemplating.dll". Beginning retry 10 in 1000ms. Could not find file 'E:\TreadSnow\TreadSnow Github2\ABP9.1.1\framework\src\Volo.Abp.TextTemplating\bin\Debug\net9.0\Volo.Abp.TextTemplating.dll'. The file is locked by: "TreadSnow.HttpApi.Host (46584)" [E:\TreadSnow\TreadSnow Github2\src\TreadSnow.HttpApi.Host\TreadSnow.HttpApi.Host.csproj]
C:\Program Files\dotnet\sdk\9.0.202\Microsoft.Common.CurrentVersion.targets(5063,5): warning MSB3026: Could not copy "E:\TreadSnow\TreadSnow Github2\ABP9.1.1\framework\src\Volo.Abp.TextTemplating.Core\bin\Debug\net9.0\Volo.Abp.TextTemplating.Core.dll" to "bin\Debug\net9.0\Volo.Abp.TextTemplating.Core.dll". Beginning retry 10 in 1000ms. Could not find file 'E:\TreadSnow\TreadSnow Github2\ABP9.1.1\framework\src\Volo.Abp.TextTemplating.Core\bin\Debug\net9.0\Volo.Abp.TextTemplating.Core.dll'. The file is locked by: "TreadSnow.HttpApi.Host (46584)" [E:\TreadSnow\TreadSnow Github2\src\TreadSnow.HttpApi.Host\TreadSnow.HttpApi.Host.csproj]
C:\Program Files\dotnet\sdk\9.0.202\Microsoft.Common.CurrentVersion.targets(5063,5): warning MSB3026: Could not copy "E:\TreadSnow\TreadSnow Github2\ABP9.1.1\framework\src\Volo.Abp.Threading\bin\Debug\net9.0\Volo.Abp.Threading.dll" to "bin\Debug\net9.0\Volo.Abp.Threading.dll". Beginning retry 4 in 1000ms. The process cannot access the file 'E:\TreadSnow\TreadSnow Github2\src\TreadSnow.HttpApi.Host\bin\Debug\net9.0\Volo.Abp.Threading.dll' because it is being used by another process. The file is locked by: "TreadSnow.HttpApi.Host (46584)" [E:\TreadSnow\TreadSnow Github2\src\TreadSnow.HttpApi.Host\TreadSnow.HttpApi.Host.csproj]
C:\Program Files\dotnet\sdk\9.0.202\Microsoft.Common.CurrentVersion.targets(5063,5): error MSB3027: Could not copy "E:\TreadSnow\TreadSnow Github2\ABP9.1.1\modules\openiddict\src\Volo.Abp.OpenIddict.Domain.Shared\bin\Debug\net9.0\Volo.Abp.OpenIddict.Domain.Shared.dll" to "bin\Debug\net9.0\Volo.Abp.OpenIddict.Domain.Shared.dll". Exceeded retry count of 10. Failed. The file is locked by: "TreadSnow.HttpApi.Host (46584)" [E:\TreadSnow\TreadSnow Github2\src\TreadSnow.HttpApi.Host\TreadSnow.HttpApi.Host.csproj]
C:\Program Files\dotnet\sdk\9.0.202\Microsoft.Common.CurrentVersion.targets(5063,5): error MSB3021: Unable to copy file "E:\TreadSnow\TreadSnow Github2\ABP9.1.1\modules\openiddict\src\Volo.Abp.OpenIddict.Domain.Shared\bin\Debug\net9.0\Volo.Abp.OpenIddict.Domain.Shared.dll" to "bin\Debug\net9.0\Volo.Abp.OpenIddict.Domain.Shared.dll". The process cannot access the file 'E:\TreadSnow\TreadSnow Github2\src\TreadSnow.HttpApi.Host\bin\Debug\net9.0\Volo.Abp.OpenIddict.Domain.Shared.dll' because it is being used by another process. [E:\TreadSnow\TreadSnow Github2\src\TreadSnow.HttpApi.Host\TreadSnow.HttpApi.Host.csproj]
C:\Program Files\dotnet\sdk\9.0.202\Microsoft.Common.CurrentVersion.targets(5063,5): error MSB3030: Could not copy the file "E:\TreadSnow\TreadSnow Github2\ABP9.1.1\modules\users\src\Volo.Abp.Users.Abstractions\bin\Debug\net9.0\Volo.Abp.Users.Abstractions.dll" because it was not found. [E:\TreadSnow\TreadSnow Github2\src\TreadSnow.HttpApi.Host\TreadSnow.HttpApi.Host.csproj]
C:\Program Files\dotnet\sdk\9.0.202\Microsoft.Common.CurrentVersion.targets(5063,5): error MSB3030: Could not copy the file "E:\TreadSnow\TreadSnow Github2\ABP9.1.1\modules\users\src\Volo.Abp.Users.Domain\bin\Debug\net9.0\Volo.Abp.Users.Domain.dll" because it was not found. [E:\TreadSnow\TreadSnow Github2\src\TreadSnow.HttpApi.Host\TreadSnow.HttpApi.Host.csproj]
C:\Program Files\dotnet\sdk\9.0.202\Microsoft.Common.CurrentVersion.targets(5063,5): error MSB3027: Could not copy "E:\TreadSnow\TreadSnow Github2\ABP9.1.1\framework\src\Volo.Abp.TextTemplating.Scriban\bin\Debug\net9.0\Volo.Abp.TextTemplating.Scriban.dll" to "bin\Debug\net9.0\Volo.Abp.TextTemplating.Scriban.dll". Exceeded retry count of 10. Failed. The file is locked by: "TreadSnow.HttpApi.Host (46584)" [E:\TreadSnow\TreadSnow Github2\src\TreadSnow.HttpApi.Host\TreadSnow.HttpApi.Host.csproj]
C:\Program Files\dotnet\sdk\9.0.202\Microsoft.Common.CurrentVersion.targets(5063,5): error MSB3021: Unable to copy file "E:\TreadSnow\TreadSnow Github2\ABP9.1.1\framework\src\Volo.Abp.TextTemplating.Scriban\bin\Debug\net9.0\Volo.Abp.TextTemplating.Scriban.dll" to "bin\Debug\net9.0\Volo.Abp.TextTemplating.Scriban.dll". Could not find file 'E:\TreadSnow\TreadSnow Github2\ABP9.1.1\framework\src\Volo.Abp.TextTemplating.Scriban\bin\Debug\net9.0\Volo.Abp.TextTemplating.Scriban.dll'. [E:\TreadSnow\TreadSnow Github2\src\TreadSnow.HttpApi.Host\TreadSnow.HttpApi.Host.csproj]
C:\Program Files\dotnet\sdk\9.0.202\Microsoft.Common.CurrentVersion.targets(5063,5): warning MSB3026: Could not copy "E:\TreadSnow\TreadSnow Github2\ABP9.1.1\framework\src\Volo.Abp.Uow\bin\Debug\net9.0\Volo.Abp.Uow.dll" to "bin\Debug\net9.0\Volo.Abp.Uow.dll". Beginning retry 2 in 1000ms. The process cannot access the file 'E:\TreadSnow\TreadSnow Github2\src\TreadSnow.HttpApi.Host\bin\Debug\net9.0\Volo.Abp.Uow.dll' because it is being used by another process. The file is locked by: "TreadSnow.HttpApi.Host (46584)" [E:\TreadSnow\TreadSnow Github2\src\TreadSnow.HttpApi.Host\TreadSnow.HttpApi.Host.csproj]
C:\Program Files\dotnet\sdk\9.0.202\Microsoft.Common.CurrentVersion.targets(5063,5): warning MSB3026: Could not copy "E:\TreadSnow\TreadSnow Github2\ABP9.1.1\modules\users\src\Volo.Abp.Users.Domain.Shared\bin\Debug\net9.0\Volo.Abp.Users.Domain.Shared.dll" to "bin\Debug\net9.0\Volo.Abp.Users.Domain.Shared.dll". Beginning retry 1 in 1000ms. The process cannot access the file 'E:\TreadSnow\TreadSnow Github2\src\TreadSnow.HttpApi.Host\bin\Debug\net9.0\Volo.Abp.Users.Domain.Shared.dll' because it is being used by another process. The file is locked by: "TreadSnow.HttpApi.Host (46584)" [E:\TreadSnow\TreadSnow Github2\src\TreadSnow.HttpApi.Host\TreadSnow.HttpApi.Host.csproj]
C:\Program Files\dotnet\sdk\9.0.202\Microsoft.Common.CurrentVersion.targets(5063,5): error MSB3027: Could not copy "E:\TreadSnow\TreadSnow Github2\ABP9.1.1\framework\src\Volo.Abp.TextTemplating.Core\bin\Debug\net9.0\Volo.Abp.TextTemplating.Core.dll" to "bin\Debug\net9.0\Volo.Abp.TextTemplating.Core.dll". Exceeded retry count of 10. Failed. The file is locked by: "TreadSnow.HttpApi.Host (46584)" [E:\TreadSnow\TreadSnow Github2\src\TreadSnow.HttpApi.Host\TreadSnow.HttpApi.Host.csproj]
C:\Program Files\dotnet\sdk\9.0.202\Microsoft.Common.CurrentVersion.targets(5063,5): error MSB3021: Unable to copy file "E:\TreadSnow\TreadSnow Github2\ABP9.1.1\framework\src\Volo.Abp.TextTemplating.Core\bin\Debug\net9.0\Volo.Abp.TextTemplating.Core.dll" to "bin\Debug\net9.0\Volo.Abp.TextTemplating.Core.dll". Could not find file 'E:\TreadSnow\TreadSnow Github2\ABP9.1.1\framework\src\Volo.Abp.TextTemplating.Core\bin\Debug\net9.0\Volo.Abp.TextTemplating.Core.dll'. [E:\TreadSnow\TreadSnow Github2\src\TreadSnow.HttpApi.Host\TreadSnow.HttpApi.Host.csproj]
C:\Program Files\dotnet\sdk\9.0.202\Microsoft.Common.CurrentVersion.targets(5063,5): error MSB3027: Could not copy "E:\TreadSnow\TreadSnow Github2\ABP9.1.1\framework\src\Volo.Abp.TextTemplating\bin\Debug\net9.0\Volo.Abp.TextTemplating.dll" to "bin\Debug\net9.0\Volo.Abp.TextTemplating.dll". Exceeded retry count of 10. Failed. The file is locked by: "TreadSnow.HttpApi.Host (46584)" [E:\TreadSnow\TreadSnow Github2\src\TreadSnow.HttpApi.Host\TreadSnow.HttpApi.Host.csproj]
C:\Program Files\dotnet\sdk\9.0.202\Microsoft.Common.CurrentVersion.targets(5063,5): error MSB3021: Unable to copy file "E:\TreadSnow\TreadSnow Github2\ABP9.1.1\framework\src\Volo.Abp.TextTemplating\bin\Debug\net9.0\Volo.Abp.TextTemplating.dll" to "bin\Debug\net9.0\Volo.Abp.TextTemplating.dll". Could not find file 'E:\TreadSnow\TreadSnow Github2\ABP9.1.1\framework\src\Volo.Abp.TextTemplating\bin\Debug\net9.0\Volo.Abp.TextTemplating.dll'. [E:\TreadSnow\TreadSnow Github2\src\TreadSnow.HttpApi.Host\TreadSnow.HttpApi.Host.csproj]
C:\Program Files\dotnet\sdk\9.0.202\Microsoft.Common.CurrentVersion.targets(5063,5): warning MSB3026: Could not copy "E:\TreadSnow\TreadSnow Github2\ABP9.1.1\modules\users\src\Volo.Abp.Users.EntityFrameworkCore\bin\Debug\net9.0\Volo.Abp.Users.EntityFrameworkCore.dll" to "bin\Debug\net9.0\Volo.Abp.Users.EntityFrameworkCore.dll". Beginning retry 1 in 1000ms. The process cannot access the file 'E:\TreadSnow\TreadSnow Github2\src\TreadSnow.HttpApi.Host\bin\Debug\net9.0\Volo.Abp.Users.EntityFrameworkCore.dll' because it is being used by another process. The file is locked by: "TreadSnow.HttpApi.Host (46584)" [E:\TreadSnow\TreadSnow Github2\src\TreadSnow.HttpApi.Host\TreadSnow.HttpApi.Host.csproj]
C:\Program Files\dotnet\sdk\9.0.202\Microsoft.Common.CurrentVersion.targets(5063,5): warning MSB3026: Could not copy "E:\TreadSnow\TreadSnow Github2\ABP9.1.1\framework\src\Volo.Abp.Validation\bin\Debug\net9.0\Volo.Abp.Validation.dll" to "bin\Debug\net9.0\Volo.Abp.Validation.dll". Beginning retry 1 in 1000ms. The process cannot access the file 'E:\TreadSnow\TreadSnow Github2\src\TreadSnow.HttpApi.Host\bin\Debug\net9.0\Volo.Abp.Validation.dll' because it is being used by another process. The file is locked by: "TreadSnow.HttpApi.Host (46584)" [E:\TreadSnow\TreadSnow Github2\src\TreadSnow.HttpApi.Host\TreadSnow.HttpApi.Host.csproj]
C:\Program Files\dotnet\sdk\9.0.202\Microsoft.Common.CurrentVersion.targets(5063,5): warning MSB3026: Could not copy "E:\TreadSnow\TreadSnow Github2\ABP9.1.1\framework\src\Volo.Abp.Validation.Abstractions\bin\Debug\net9.0\Volo.Abp.Validation.Abstractions.dll" to "bin\Debug\net9.0\Volo.Abp.Validation.Abstractions.dll". Beginning retry 1 in 1000ms. The process cannot access the file 'E:\TreadSnow\TreadSnow Github2\src\TreadSnow.HttpApi.Host\bin\Debug\net9.0\Volo.Abp.Validation.Abstractions.dll' because it is being used by another process. The file is locked by: "TreadSnow.HttpApi.Host (46584)" [E:\TreadSnow\TreadSnow Github2\src\TreadSnow.HttpApi.Host\TreadSnow.HttpApi.Host.csproj]
C:\Program Files\dotnet\sdk\9.0.202\Microsoft.Common.CurrentVersion.targets(5063,5): warning MSB3026: Could not copy "E:\TreadSnow\TreadSnow Github2\ABP9.1.1\framework\src\Volo.Abp.Threading\bin\Debug\net9.0\Volo.Abp.Threading.dll" to "bin\Debug\net9.0\Volo.Abp.Threading.dll". Beginning retry 5 in 1000ms. The process cannot access the file 'E:\TreadSnow\TreadSnow Github2\src\TreadSnow.HttpApi.Host\bin\Debug\net9.0\Volo.Abp.Threading.dll' because it is being used by another process. The file is locked by: "TreadSnow.HttpApi.Host (46584)" [E:\TreadSnow\TreadSnow Github2\src\TreadSnow.HttpApi.Host\TreadSnow.HttpApi.Host.csproj]
C:\Program Files\dotnet\sdk\9.0.202\Microsoft.Common.CurrentVersion.targets(5063,5): warning MSB3026: Could not copy "E:\TreadSnow\TreadSnow Github2\ABP9.1.1\framework\src\Volo.Abp.Uow\bin\Debug\net9.0\Volo.Abp.Uow.dll" to "bin\Debug\net9.0\Volo.Abp.Uow.dll". Beginning retry 3 in 1000ms. The process cannot access the file 'E:\TreadSnow\TreadSnow Github2\src\TreadSnow.HttpApi.Host\bin\Debug\net9.0\Volo.Abp.Uow.dll' because it is being used by another process. The file is locked by: "TreadSnow.HttpApi.Host (46584)" [E:\TreadSnow\TreadSnow Github2\src\TreadSnow.HttpApi.Host\TreadSnow.HttpApi.Host.csproj]
C:\Program Files\dotnet\sdk\9.0.202\Microsoft.Common.CurrentVersion.targets(5063,5): warning MSB3026: Could not copy "E:\TreadSnow\TreadSnow Github2\ABP9.1.1\modules\users\src\Volo.Abp.Users.Domain.Shared\bin\Debug\net9.0\Volo.Abp.Users.Domain.Shared.dll" to "bin\Debug\net9.0\Volo.Abp.Users.Domain.Shared.dll". Beginning retry 2 in 1000ms. The process cannot access the file 'E:\TreadSnow\TreadSnow Github2\src\TreadSnow.HttpApi.Host\bin\Debug\net9.0\Volo.Abp.Users.Domain.Shared.dll' because it is being used by another process. The file is locked by: "TreadSnow.HttpApi.Host (46584)" [E:\TreadSnow\TreadSnow Github2\src\TreadSnow.HttpApi.Host\TreadSnow.HttpApi.Host.csproj]
C:\Program Files\dotnet\sdk\9.0.202\Microsoft.Common.CurrentVersion.targets(5063,5): warning MSB3026: Could not copy "E:\TreadSnow\TreadSnow Github2\ABP9.1.1\modules\users\src\Volo.Abp.Users.EntityFrameworkCore\bin\Debug\net9.0\Volo.Abp.Users.EntityFrameworkCore.dll" to "bin\Debug\net9.0\Volo.Abp.Users.EntityFrameworkCore.dll". Beginning retry 2 in 1000ms. The process cannot access the file 'E:\TreadSnow\TreadSnow Github2\src\TreadSnow.HttpApi.Host\bin\Debug\net9.0\Volo.Abp.Users.EntityFrameworkCore.dll' because it is being used by another process. The file is locked by: "TreadSnow.HttpApi.Host (46584)" [E:\TreadSnow\TreadSnow Github2\src\TreadSnow.HttpApi.Host\TreadSnow.HttpApi.Host.csproj]
C:\Program Files\dotnet\sdk\9.0.202\Microsoft.Common.CurrentVersion.targets(5063,5): warning MSB3026: Could not copy "E:\TreadSnow\TreadSnow Github2\ABP9.1.1\framework\src\Volo.Abp.Validation\bin\Debug\net9.0\Volo.Abp.Validation.dll" to "bin\Debug\net9.0\Volo.Abp.Validation.dll". Beginning retry 2 in 1000ms. The process cannot access the file 'E:\TreadSnow\TreadSnow Github2\src\TreadSnow.HttpApi.Host\bin\Debug\net9.0\Volo.Abp.Validation.dll' because it is being used by another process. The file is locked by: "TreadSnow.HttpApi.Host (46584)" [E:\TreadSnow\TreadSnow Github2\src\TreadSnow.HttpApi.Host\TreadSnow.HttpApi.Host.csproj]
C:\Program Files\dotnet\sdk\9.0.202\Microsoft.Common.CurrentVersion.targets(5063,5): warning MSB3026: Could not copy "E:\TreadSnow\TreadSnow Github2\ABP9.1.1\framework\src\Volo.Abp.Validation.Abstractions\bin\Debug\net9.0\Volo.Abp.Validation.Abstractions.dll" to "bin\Debug\net9.0\Volo.Abp.Validation.Abstractions.dll". Beginning retry 2 in 1000ms. The process cannot access the file 'E:\TreadSnow\TreadSnow Github2\src\TreadSnow.HttpApi.Host\bin\Debug\net9.0\Volo.Abp.Validation.Abstractions.dll' because it is being used by another process. The file is locked by: "TreadSnow.HttpApi.Host (46584)" [E:\TreadSnow\TreadSnow Github2\src\TreadSnow.HttpApi.Host\TreadSnow.HttpApi.Host.csproj]
C:\Program Files\dotnet\sdk\9.0.202\Microsoft.Common.CurrentVersion.targets(5063,5): warning MSB3026: Could not copy "E:\TreadSnow\TreadSnow Github2\ABP9.1.1\framework\src\Volo.Abp.Threading\bin\Debug\net9.0\Volo.Abp.Threading.dll" to "bin\Debug\net9.0\Volo.Abp.Threading.dll". Beginning retry 6 in 1000ms. The process cannot access the file 'E:\TreadSnow\TreadSnow Github2\src\TreadSnow.HttpApi.Host\bin\Debug\net9.0\Volo.Abp.Threading.dll' because it is being used by another process. The file is locked by: "TreadSnow.HttpApi.Host (46584)" [E:\TreadSnow\TreadSnow Github2\src\TreadSnow.HttpApi.Host\TreadSnow.HttpApi.Host.csproj]
C:\Program Files\dotnet\sdk\9.0.202\Microsoft.Common.CurrentVersion.targets(5063,5): warning MSB3026: Could not copy "E:\TreadSnow\TreadSnow Github2\ABP9.1.1\framework\src\Volo.Abp.Uow\bin\Debug\net9.0\Volo.Abp.Uow.dll" to "bin\Debug\net9.0\Volo.Abp.Uow.dll". Beginning retry 4 in 1000ms. The process cannot access the file 'E:\TreadSnow\TreadSnow Github2\src\TreadSnow.HttpApi.Host\bin\Debug\net9.0\Volo.Abp.Uow.dll' because it is being used by another process. The file is locked by: "TreadSnow.HttpApi.Host (46584)" [E:\TreadSnow\TreadSnow Github2\src\TreadSnow.HttpApi.Host\TreadSnow.HttpApi.Host.csproj]
C:\Program Files\dotnet\sdk\9.0.202\Microsoft.Common.CurrentVersion.targets(5063,5): warning MSB3026: Could not copy "E:\TreadSnow\TreadSnow Github2\ABP9.1.1\modules\users\src\Volo.Abp.Users.Domain.Shared\bin\Debug\net9.0\Volo.Abp.Users.Domain.Shared.dll" to "bin\Debug\net9.0\Volo.Abp.Users.Domain.Shared.dll". Beginning retry 3 in 1000ms. The process cannot access the file 'E:\TreadSnow\TreadSnow Github2\src\TreadSnow.HttpApi.Host\bin\Debug\net9.0\Volo.Abp.Users.Domain.Shared.dll' because it is being used by another process. The file is locked by: "TreadSnow.HttpApi.Host (46584)" [E:\TreadSnow\TreadSnow Github2\src\TreadSnow.HttpApi.Host\TreadSnow.HttpApi.Host.csproj]
C:\Program Files\dotnet\sdk\9.0.202\Microsoft.Common.CurrentVersion.targets(5063,5): warning MSB3026: Could not copy "E:\TreadSnow\TreadSnow Github2\ABP9.1.1\modules\users\src\Volo.Abp.Users.EntityFrameworkCore\bin\Debug\net9.0\Volo.Abp.Users.EntityFrameworkCore.dll" to "bin\Debug\net9.0\Volo.Abp.Users.EntityFrameworkCore.dll". Beginning retry 3 in 1000ms. The process cannot access the file 'E:\TreadSnow\TreadSnow Github2\src\TreadSnow.HttpApi.Host\bin\Debug\net9.0\Volo.Abp.Users.EntityFrameworkCore.dll' because it is being used by another process. The file is locked by: "TreadSnow.HttpApi.Host (46584)" [E:\TreadSnow\TreadSnow Github2\src\TreadSnow.HttpApi.Host\TreadSnow.HttpApi.Host.csproj]
C:\Program Files\dotnet\sdk\9.0.202\Microsoft.Common.CurrentVersion.targets(5063,5): warning MSB3026: Could not copy "E:\TreadSnow\TreadSnow Github2\ABP9.1.1\framework\src\Volo.Abp.Threading\bin\Debug\net9.0\Volo.Abp.Threading.dll" to "bin\Debug\net9.0\Volo.Abp.Threading.dll". Beginning retry 7 in 1000ms. The process cannot access the file 'E:\TreadSnow\TreadSnow Github2\src\TreadSnow.HttpApi.Host\bin\Debug\net9.0\Volo.Abp.Threading.dll' because it is being used by another process. The file is locked by: "TreadSnow.HttpApi.Host (46584)" [E:\TreadSnow\TreadSnow Github2\src\TreadSnow.HttpApi.Host\TreadSnow.HttpApi.Host.csproj]
C:\Program Files\dotnet\sdk\9.0.202\Microsoft.Common.CurrentVersion.targets(5063,5): warning MSB3026: Could not copy "E:\TreadSnow\TreadSnow Github2\ABP9.1.1\framework\src\Volo.Abp.Validation.Abstractions\bin\Debug\net9.0\Volo.Abp.Validation.Abstractions.dll" to "bin\Debug\net9.0\Volo.Abp.Validation.Abstractions.dll". Beginning retry 3 in 1000ms. The process cannot access the file 'E:\TreadSnow\TreadSnow Github2\src\TreadSnow.HttpApi.Host\bin\Debug\net9.0\Volo.Abp.Validation.Abstractions.dll' because it is being used by another process. The file is locked by: "TreadSnow.HttpApi.Host (46584)" [E:\TreadSnow\TreadSnow Github2\src\TreadSnow.HttpApi.Host\TreadSnow.HttpApi.Host.csproj]
C:\Program Files\dotnet\sdk\9.0.202\Microsoft.Common.CurrentVersion.targets(5063,5): warning MSB3026: Could not copy "E:\TreadSnow\TreadSnow Github2\ABP9.1.1\framework\src\Volo.Abp.Validation\bin\Debug\net9.0\Volo.Abp.Validation.dll" to "bin\Debug\net9.0\Volo.Abp.Validation.dll". Beginning retry 3 in 1000ms. The process cannot access the file 'E:\TreadSnow\TreadSnow Github2\src\TreadSnow.HttpApi.Host\bin\Debug\net9.0\Volo.Abp.Validation.dll' because it is being used by another process. The file is locked by: "TreadSnow.HttpApi.Host (46584)" [E:\TreadSnow\TreadSnow Github2\src\TreadSnow.HttpApi.Host\TreadSnow.HttpApi.Host.csproj]
C:\Program Files\dotnet\sdk\9.0.202\Microsoft.Common.CurrentVersion.targets(5063,5): warning MSB3026: Could not copy "E:\TreadSnow\TreadSnow Github2\ABP9.1.1\framework\src\Volo.Abp.Uow\bin\Debug\net9.0\Volo.Abp.Uow.dll" to "bin\Debug\net9.0\Volo.Abp.Uow.dll". Beginning retry 5 in 1000ms. The process cannot access the file 'E:\TreadSnow\TreadSnow Github2\src\TreadSnow.HttpApi.Host\bin\Debug\net9.0\Volo.Abp.Uow.dll' because it is being used by another process. The file is locked by: "TreadSnow.HttpApi.Host (46584)" [E:\TreadSnow\TreadSnow Github2\src\TreadSnow.HttpApi.Host\TreadSnow.HttpApi.Host.csproj]
C:\Program Files\dotnet\sdk\9.0.202\Microsoft.Common.CurrentVersion.targets(5063,5): warning MSB3026: Could not copy "E:\TreadSnow\TreadSnow Github2\ABP9.1.1\modules\users\src\Volo.Abp.Users.Domain.Shared\bin\Debug\net9.0\Volo.Abp.Users.Domain.Shared.dll" to "bin\Debug\net9.0\Volo.Abp.Users.Domain.Shared.dll". Beginning retry 4 in 1000ms. The process cannot access the file 'E:\TreadSnow\TreadSnow Github2\src\TreadSnow.HttpApi.Host\bin\Debug\net9.0\Volo.Abp.Users.Domain.Shared.dll' because it is being used by another process. The file is locked by: "TreadSnow.HttpApi.Host (46584)" [E:\TreadSnow\TreadSnow Github2\src\TreadSnow.HttpApi.Host\TreadSnow.HttpApi.Host.csproj]
C:\Program Files\dotnet\sdk\9.0.202\Microsoft.Common.CurrentVersion.targets(5063,5): warning MSB3026: Could not copy "E:\TreadSnow\TreadSnow Github2\ABP9.1.1\modules\users\src\Volo.Abp.Users.EntityFrameworkCore\bin\Debug\net9.0\Volo.Abp.Users.EntityFrameworkCore.dll" to "bin\Debug\net9.0\Volo.Abp.Users.EntityFrameworkCore.dll". Beginning retry 4 in 1000ms. The process cannot access the file 'E:\TreadSnow\TreadSnow Github2\src\TreadSnow.HttpApi.Host\bin\Debug\net9.0\Volo.Abp.Users.EntityFrameworkCore.dll' because it is being used by another process. The file is locked by: "TreadSnow.HttpApi.Host (46584)" [E:\TreadSnow\TreadSnow Github2\src\TreadSnow.HttpApi.Host\TreadSnow.HttpApi.Host.csproj]
C:\Program Files\dotnet\sdk\9.0.202\Microsoft.Common.CurrentVersion.targets(5063,5): warning MSB3026: Could not copy "E:\TreadSnow\TreadSnow Github2\ABP9.1.1\framework\src\Volo.Abp.Threading\bin\Debug\net9.0\Volo.Abp.Threading.dll" to "bin\Debug\net9.0\Volo.Abp.Threading.dll". Beginning retry 8 in 1000ms. The process cannot access the file 'E:\TreadSnow\TreadSnow Github2\src\TreadSnow.HttpApi.Host\bin\Debug\net9.0\Volo.Abp.Threading.dll' because it is being used by another process. The file is locked by: "TreadSnow.HttpApi.Host (46584)" [E:\TreadSnow\TreadSnow Github2\src\TreadSnow.HttpApi.Host\TreadSnow.HttpApi.Host.csproj]
C:\Program Files\dotnet\sdk\9.0.202\Microsoft.Common.CurrentVersion.targets(5063,5): warning MSB3026: Could not copy "E:\TreadSnow\TreadSnow Github2\ABP9.1.1\framework\src\Volo.Abp.Validation.Abstractions\bin\Debug\net9.0\Volo.Abp.Validation.Abstractions.dll" to "bin\Debug\net9.0\Volo.Abp.Validation.Abstractions.dll". Beginning retry 4 in 1000ms. The process cannot access the file 'E:\TreadSnow\TreadSnow Github2\src\TreadSnow.HttpApi.Host\bin\Debug\net9.0\Volo.Abp.Validation.Abstractions.dll' because it is being used by another process. The file is locked by: "TreadSnow.HttpApi.Host (46584)" [E:\TreadSnow\TreadSnow Github2\src\TreadSnow.HttpApi.Host\TreadSnow.HttpApi.Host.csproj]
C:\Program Files\dotnet\sdk\9.0.202\Microsoft.Common.CurrentVersion.targets(5063,5): warning MSB3026: Could not copy "E:\TreadSnow\TreadSnow Github2\ABP9.1.1\framework\src\Volo.Abp.Validation\bin\Debug\net9.0\Volo.Abp.Validation.dll" to "bin\Debug\net9.0\Volo.Abp.Validation.dll". Beginning retry 4 in 1000ms. The process cannot access the file 'E:\TreadSnow\TreadSnow Github2\src\TreadSnow.HttpApi.Host\bin\Debug\net9.0\Volo.Abp.Validation.dll' because it is being used by another process. The file is locked by: "TreadSnow.HttpApi.Host (46584)" [E:\TreadSnow\TreadSnow Github2\src\TreadSnow.HttpApi.Host\TreadSnow.HttpApi.Host.csproj]
C:\Program Files\dotnet\sdk\9.0.202\Microsoft.Common.CurrentVersion.targets(5063,5): warning MSB3026: Could not copy "E:\TreadSnow\TreadSnow Github2\ABP9.1.1\framework\src\Volo.Abp.Uow\bin\Debug\net9.0\Volo.Abp.Uow.dll" to "bin\Debug\net9.0\Volo.Abp.Uow.dll". Beginning retry 6 in 1000ms. The process cannot access the file 'E:\TreadSnow\TreadSnow Github2\src\TreadSnow.HttpApi.Host\bin\Debug\net9.0\Volo.Abp.Uow.dll' because it is being used by another process. The file is locked by: "TreadSnow.HttpApi.Host (46584)" [E:\TreadSnow\TreadSnow Github2\src\TreadSnow.HttpApi.Host\TreadSnow.HttpApi.Host.csproj]
C:\Program Files\dotnet\sdk\9.0.202\Microsoft.Common.CurrentVersion.targets(5063,5): warning MSB3026: Could not copy "E:\TreadSnow\TreadSnow Github2\ABP9.1.1\modules\users\src\Volo.Abp.Users.Domain.Shared\bin\Debug\net9.0\Volo.Abp.Users.Domain.Shared.dll" to "bin\Debug\net9.0\Volo.Abp.Users.Domain.Shared.dll". Beginning retry 5 in 1000ms. The process cannot access the file 'E:\TreadSnow\TreadSnow Github2\src\TreadSnow.HttpApi.Host\bin\Debug\net9.0\Volo.Abp.Users.Domain.Shared.dll' because it is being used by another process. The file is locked by: "TreadSnow.HttpApi.Host (46584)" [E:\TreadSnow\TreadSnow Github2\src\TreadSnow.HttpApi.Host\TreadSnow.HttpApi.Host.csproj]
C:\Program Files\dotnet\sdk\9.0.202\Microsoft.Common.CurrentVersion.targets(5063,5): warning MSB3026: Could not copy "E:\TreadSnow\TreadSnow Github2\ABP9.1.1\modules\users\src\Volo.Abp.Users.EntityFrameworkCore\bin\Debug\net9.0\Volo.Abp.Users.EntityFrameworkCore.dll" to "bin\Debug\net9.0\Volo.Abp.Users.EntityFrameworkCore.dll". Beginning retry 5 in 1000ms. The process cannot access the file 'E:\TreadSnow\TreadSnow Github2\src\TreadSnow.HttpApi.Host\bin\Debug\net9.0\Volo.Abp.Users.EntityFrameworkCore.dll' because it is being used by another process. The file is locked by: "TreadSnow.HttpApi.Host (46584)" [E:\TreadSnow\TreadSnow Github2\src\TreadSnow.HttpApi.Host\TreadSnow.HttpApi.Host.csproj]
C:\Program Files\dotnet\sdk\9.0.202\Microsoft.Common.CurrentVersion.targets(5063,5): warning MSB3026: Could not copy "E:\TreadSnow\TreadSnow Github2\ABP9.1.1\framework\src\Volo.Abp.Threading\bin\Debug\net9.0\Volo.Abp.Threading.dll" to "bin\Debug\net9.0\Volo.Abp.Threading.dll". Beginning retry 9 in 1000ms. The process cannot access the file 'E:\TreadSnow\TreadSnow Github2\src\TreadSnow.HttpApi.Host\bin\Debug\net9.0\Volo.Abp.Threading.dll' because it is being used by another process. The file is locked by: "TreadSnow.HttpApi.Host (46584)" [E:\TreadSnow\TreadSnow Github2\src\TreadSnow.HttpApi.Host\TreadSnow.HttpApi.Host.csproj]
C:\Program Files\dotnet\sdk\9.0.202\Microsoft.Common.CurrentVersion.targets(5063,5): warning MSB3026: Could not copy "E:\TreadSnow\TreadSnow Github2\ABP9.1.1\framework\src\Volo.Abp.Validation.Abstractions\bin\Debug\net9.0\Volo.Abp.Validation.Abstractions.dll" to "bin\Debug\net9.0\Volo.Abp.Validation.Abstractions.dll". Beginning retry 5 in 1000ms. The process cannot access the file 'E:\TreadSnow\TreadSnow Github2\src\TreadSnow.HttpApi.Host\bin\Debug\net9.0\Volo.Abp.Validation.Abstractions.dll' because it is being used by another process. The file is locked by: "TreadSnow.HttpApi.Host (46584)" [E:\TreadSnow\TreadSnow Github2\src\TreadSnow.HttpApi.Host\TreadSnow.HttpApi.Host.csproj]
C:\Program Files\dotnet\sdk\9.0.202\Microsoft.Common.CurrentVersion.targets(5063,5): warning MSB3026: Could not copy "E:\TreadSnow\TreadSnow Github2\ABP9.1.1\framework\src\Volo.Abp.Validation\bin\Debug\net9.0\Volo.Abp.Validation.dll" to "bin\Debug\net9.0\Volo.Abp.Validation.dll". Beginning retry 5 in 1000ms. The process cannot access the file 'E:\TreadSnow\TreadSnow Github2\src\TreadSnow.HttpApi.Host\bin\Debug\net9.0\Volo.Abp.Validation.dll' because it is being used by another process. The file is locked by: "TreadSnow.HttpApi.Host (46584)" [E:\TreadSnow\TreadSnow Github2\src\TreadSnow.HttpApi.Host\TreadSnow.HttpApi.Host.csproj]
C:\Program Files\dotnet\sdk\9.0.202\Microsoft.Common.CurrentVersion.targets(5063,5): warning MSB3026: Could not copy "E:\TreadSnow\TreadSnow Github2\ABP9.1.1\framework\src\Volo.Abp.Uow\bin\Debug\net9.0\Volo.Abp.Uow.dll" to "bin\Debug\net9.0\Volo.Abp.Uow.dll". Beginning retry 7 in 1000ms. The process cannot access the file 'E:\TreadSnow\TreadSnow Github2\src\TreadSnow.HttpApi.Host\bin\Debug\net9.0\Volo.Abp.Uow.dll' because it is being used by another process. The file is locked by: "TreadSnow.HttpApi.Host (46584)" [E:\TreadSnow\TreadSnow Github2\src\TreadSnow.HttpApi.Host\TreadSnow.HttpApi.Host.csproj]
C:\Program Files\dotnet\sdk\9.0.202\Microsoft.Common.CurrentVersion.targets(5063,5): warning MSB3026: Could not copy "E:\TreadSnow\TreadSnow Github2\ABP9.1.1\modules\users\src\Volo.Abp.Users.Domain.Shared\bin\Debug\net9.0\Volo.Abp.Users.Domain.Shared.dll" to "bin\Debug\net9.0\Volo.Abp.Users.Domain.Shared.dll". Beginning retry 6 in 1000ms. The process cannot access the file 'E:\TreadSnow\TreadSnow Github2\src\TreadSnow.HttpApi.Host\bin\Debug\net9.0\Volo.Abp.Users.Domain.Shared.dll' because it is being used by another process. The file is locked by: "TreadSnow.HttpApi.Host (46584)" [E:\TreadSnow\TreadSnow Github2\src\TreadSnow.HttpApi.Host\TreadSnow.HttpApi.Host.csproj]
C:\Program Files\dotnet\sdk\9.0.202\Microsoft.Common.CurrentVersion.targets(5063,5): warning MSB3026: Could not copy "E:\TreadSnow\TreadSnow Github2\ABP9.1.1\modules\users\src\Volo.Abp.Users.EntityFrameworkCore\bin\Debug\net9.0\Volo.Abp.Users.EntityFrameworkCore.dll" to "bin\Debug\net9.0\Volo.Abp.Users.EntityFrameworkCore.dll". Beginning retry 6 in 1000ms. The process cannot access the file 'E:\TreadSnow\TreadSnow Github2\src\TreadSnow.HttpApi.Host\bin\Debug\net9.0\Volo.Abp.Users.EntityFrameworkCore.dll' because it is being used by another process. The file is locked by: "TreadSnow.HttpApi.Host (46584)" [E:\TreadSnow\TreadSnow Github2\src\TreadSnow.HttpApi.Host\TreadSnow.HttpApi.Host.csproj]
C:\Program Files\dotnet\sdk\9.0.202\Microsoft.Common.CurrentVersion.targets(5063,5): warning MSB3026: Could not copy "E:\TreadSnow\TreadSnow Github2\ABP9.1.1\framework\src\Volo.Abp.Threading\bin\Debug\net9.0\Volo.Abp.Threading.dll" to "bin\Debug\net9.0\Volo.Abp.Threading.dll". Beginning retry 10 in 1000ms. The process cannot access the file 'E:\TreadSnow\TreadSnow Github2\src\TreadSnow.HttpApi.Host\bin\Debug\net9.0\Volo.Abp.Threading.dll' because it is being used by another process. The file is locked by: "TreadSnow.HttpApi.Host (46584)" [E:\TreadSnow\TreadSnow Github2\src\TreadSnow.HttpApi.Host\TreadSnow.HttpApi.Host.csproj]
C:\Program Files\dotnet\sdk\9.0.202\Microsoft.Common.CurrentVersion.targets(5063,5): warning MSB3026: Could not copy "E:\TreadSnow\TreadSnow Github2\ABP9.1.1\framework\src\Volo.Abp.Validation.Abstractions\bin\Debug\net9.0\Volo.Abp.Validation.Abstractions.dll" to "bin\Debug\net9.0\Volo.Abp.Validation.Abstractions.dll". Beginning retry 6 in 1000ms. The process cannot access the file 'E:\TreadSnow\TreadSnow Github2\src\TreadSnow.HttpApi.Host\bin\Debug\net9.0\Volo.Abp.Validation.Abstractions.dll' because it is being used by another process. The file is locked by: "TreadSnow.HttpApi.Host (46584)" [E:\TreadSnow\TreadSnow Github2\src\TreadSnow.HttpApi.Host\TreadSnow.HttpApi.Host.csproj]
C:\Program Files\dotnet\sdk\9.0.202\Microsoft.Common.CurrentVersion.targets(5063,5): warning MSB3026: Could not copy "E:\TreadSnow\TreadSnow Github2\ABP9.1.1\framework\src\Volo.Abp.Validation\bin\Debug\net9.0\Volo.Abp.Validation.dll" to "bin\Debug\net9.0\Volo.Abp.Validation.dll". Beginning retry 6 in 1000ms. The process cannot access the file 'E:\TreadSnow\TreadSnow Github2\src\TreadSnow.HttpApi.Host\bin\Debug\net9.0\Volo.Abp.Validation.dll' because it is being used by another process. The file is locked by: "TreadSnow.HttpApi.Host (46584)" [E:\TreadSnow\TreadSnow Github2\src\TreadSnow.HttpApi.Host\TreadSnow.HttpApi.Host.csproj]
C:\Program Files\dotnet\sdk\9.0.202\Microsoft.Common.CurrentVersion.targets(5063,5): warning MSB3026: Could not copy "E:\TreadSnow\TreadSnow Github2\ABP9.1.1\framework\src\Volo.Abp.Uow\bin\Debug\net9.0\Volo.Abp.Uow.dll" to "bin\Debug\net9.0\Volo.Abp.Uow.dll". Beginning retry 8 in 1000ms. The process cannot access the file 'E:\TreadSnow\TreadSnow Github2\src\TreadSnow.HttpApi.Host\bin\Debug\net9.0\Volo.Abp.Uow.dll' because it is being used by another process. The file is locked by: "TreadSnow.HttpApi.Host (46584)" [E:\TreadSnow\TreadSnow Github2\src\TreadSnow.HttpApi.Host\TreadSnow.HttpApi.Host.csproj]
C:\Program Files\dotnet\sdk\9.0.202\Microsoft.Common.CurrentVersion.targets(5063,5): warning MSB3026: Could not copy "E:\TreadSnow\TreadSnow Github2\ABP9.1.1\modules\users\src\Volo.Abp.Users.Domain.Shared\bin\Debug\net9.0\Volo.Abp.Users.Domain.Shared.dll" to "bin\Debug\net9.0\Volo.Abp.Users.Domain.Shared.dll". Beginning retry 7 in 1000ms. The process cannot access the file 'E:\TreadSnow\TreadSnow Github2\src\TreadSnow.HttpApi.Host\bin\Debug\net9.0\Volo.Abp.Users.Domain.Shared.dll' because it is being used by another process. The file is locked by: "TreadSnow.HttpApi.Host (46584)" [E:\TreadSnow\TreadSnow Github2\src\TreadSnow.HttpApi.Host\TreadSnow.HttpApi.Host.csproj]
C:\Program Files\dotnet\sdk\9.0.202\Microsoft.Common.CurrentVersion.targets(5063,5): error MSB3027: Could not copy "E:\TreadSnow\TreadSnow Github2\ABP9.1.1\framework\src\Volo.Abp.Threading\bin\Debug\net9.0\Volo.Abp.Threading.dll" to "bin\Debug\net9.0\Volo.Abp.Threading.dll". Exceeded retry count of 10. Failed. The file is locked by: "TreadSnow.HttpApi.Host (46584)" [E:\TreadSnow\TreadSnow Github2\src\TreadSnow.HttpApi.Host\TreadSnow.HttpApi.Host.csproj]
C:\Program Files\dotnet\sdk\9.0.202\Microsoft.Common.CurrentVersion.targets(5063,5): error MSB3021: Unable to copy file "E:\TreadSnow\TreadSnow Github2\ABP9.1.1\framework\src\Volo.Abp.Threading\bin\Debug\net9.0\Volo.Abp.Threading.dll" to "bin\Debug\net9.0\Volo.Abp.Threading.dll". The process cannot access the file 'E:\TreadSnow\TreadSnow Github2\src\TreadSnow.HttpApi.Host\bin\Debug\net9.0\Volo.Abp.Threading.dll' because it is being used by another process. [E:\TreadSnow\TreadSnow Github2\src\TreadSnow.HttpApi.Host\TreadSnow.HttpApi.Host.csproj]
C:\Program Files\dotnet\sdk\9.0.202\Microsoft.Common.CurrentVersion.targets(5063,5): warning MSB3026: Could not copy "E:\TreadSnow\TreadSnow Github2\ABP9.1.1\modules\users\src\Volo.Abp.Users.EntityFrameworkCore\bin\Debug\net9.0\Volo.Abp.Users.EntityFrameworkCore.dll" to "bin\Debug\net9.0\Volo.Abp.Users.EntityFrameworkCore.dll". Beginning retry 7 in 1000ms. The process cannot access the file 'E:\TreadSnow\TreadSnow Github2\src\TreadSnow.HttpApi.Host\bin\Debug\net9.0\Volo.Abp.Users.EntityFrameworkCore.dll' because it is being used by another process. The file is locked by: "TreadSnow.HttpApi.Host (46584)" [E:\TreadSnow\TreadSnow Github2\src\TreadSnow.HttpApi.Host\TreadSnow.HttpApi.Host.csproj]
C:\Program Files\dotnet\sdk\9.0.202\Microsoft.Common.CurrentVersion.targets(5063,5): warning MSB3026: Could not copy "E:\TreadSnow\TreadSnow Github2\ABP9.1.1\framework\src\Volo.Abp.Validation\bin\Debug\net9.0\Volo.Abp.Validation.dll" to "bin\Debug\net9.0\Volo.Abp.Validation.dll". Beginning retry 7 in 1000ms. The process cannot access the file 'E:\TreadSnow\TreadSnow Github2\src\TreadSnow.HttpApi.Host\bin\Debug\net9.0\Volo.Abp.Validation.dll' because it is being used by another process. The file is locked by: "TreadSnow.HttpApi.Host (46584)" [E:\TreadSnow\TreadSnow Github2\src\TreadSnow.HttpApi.Host\TreadSnow.HttpApi.Host.csproj]
C:\Program Files\dotnet\sdk\9.0.202\Microsoft.Common.CurrentVersion.targets(5063,5): warning MSB3026: Could not copy "E:\TreadSnow\TreadSnow Github2\ABP9.1.1\framework\src\Volo.Abp.Validation.Abstractions\bin\Debug\net9.0\Volo.Abp.Validation.Abstractions.dll" to "bin\Debug\net9.0\Volo.Abp.Validation.Abstractions.dll". Beginning retry 7 in 1000ms. The process cannot access the file 'E:\TreadSnow\TreadSnow Github2\src\TreadSnow.HttpApi.Host\bin\Debug\net9.0\Volo.Abp.Validation.Abstractions.dll' because it is being used by another process. The file is locked by: "TreadSnow.HttpApi.Host (46584)" [E:\TreadSnow\TreadSnow Github2\src\TreadSnow.HttpApi.Host\TreadSnow.HttpApi.Host.csproj]
C:\Program Files\dotnet\sdk\9.0.202\Microsoft.Common.CurrentVersion.targets(5063,5): warning MSB3026: Could not copy "E:\TreadSnow\TreadSnow Github2\ABP9.1.1\framework\src\Volo.Abp.VirtualFileSystem\bin\Debug\net9.0\Volo.Abp.VirtualFileSystem.dll" to "bin\Debug\net9.0\Volo.Abp.VirtualFileSystem.dll". Beginning retry 1 in 1000ms. The process cannot access the file 'E:\TreadSnow\TreadSnow Github2\src\TreadSnow.HttpApi.Host\bin\Debug\net9.0\Volo.Abp.VirtualFileSystem.dll' because it is being used by another process. The file is locked by: "TreadSnow.HttpApi.Host (46584)" [E:\TreadSnow\TreadSnow Github2\src\TreadSnow.HttpApi.Host\TreadSnow.HttpApi.Host.csproj]
C:\Program Files\dotnet\sdk\9.0.202\Microsoft.Common.CurrentVersion.targets(5063,5): warning MSB3026: Could not copy "E:\TreadSnow\TreadSnow Github2\ABP9.1.1\modules\users\src\Volo.Abp.Users.Domain.Shared\bin\Debug\net9.0\Volo.Abp.Users.Domain.Shared.dll" to "bin\Debug\net9.0\Volo.Abp.Users.Domain.Shared.dll". Beginning retry 8 in 1000ms. The process cannot access the file 'E:\TreadSnow\TreadSnow Github2\src\TreadSnow.HttpApi.Host\bin\Debug\net9.0\Volo.Abp.Users.Domain.Shared.dll' because it is being used by another process. The file is locked by: "TreadSnow.HttpApi.Host (46584)" [E:\TreadSnow\TreadSnow Github2\src\TreadSnow.HttpApi.Host\TreadSnow.HttpApi.Host.csproj]
C:\Program Files\dotnet\sdk\9.0.202\Microsoft.Common.CurrentVersion.targets(5063,5): warning MSB3026: Could not copy "E:\TreadSnow\TreadSnow Github2\ABP9.1.1\framework\src\Volo.Abp.Uow\bin\Debug\net9.0\Volo.Abp.Uow.dll" to "bin\Debug\net9.0\Volo.Abp.Uow.dll". Beginning retry 9 in 1000ms. The process cannot access the file 'E:\TreadSnow\TreadSnow Github2\src\TreadSnow.HttpApi.Host\bin\Debug\net9.0\Volo.Abp.Uow.dll' because it is being used by another process. The file is locked by: "TreadSnow.HttpApi.Host (46584)" [E:\TreadSnow\TreadSnow Github2\src\TreadSnow.HttpApi.Host\TreadSnow.HttpApi.Host.csproj]
C:\Program Files\dotnet\sdk\9.0.202\Microsoft.Common.CurrentVersion.targets(5063,5): warning MSB3026: Could not copy "E:\TreadSnow\TreadSnow Github2\ABP9.1.1\modules\users\src\Volo.Abp.Users.EntityFrameworkCore\bin\Debug\net9.0\Volo.Abp.Users.EntityFrameworkCore.dll" to "bin\Debug\net9.0\Volo.Abp.Users.EntityFrameworkCore.dll". Beginning retry 8 in 1000ms. The process cannot access the file 'E:\TreadSnow\TreadSnow Github2\src\TreadSnow.HttpApi.Host\bin\Debug\net9.0\Volo.Abp.Users.EntityFrameworkCore.dll' because it is being used by another process. The file is locked by: "TreadSnow.HttpApi.Host (46584)" [E:\TreadSnow\TreadSnow Github2\src\TreadSnow.HttpApi.Host\TreadSnow.HttpApi.Host.csproj]
C:\Program Files\dotnet\sdk\9.0.202\Microsoft.Common.CurrentVersion.targets(5063,5): warning MSB3026: Could not copy "E:\TreadSnow\TreadSnow Github2\ABP9.1.1\framework\src\Volo.Abp.VirtualFileSystem\bin\Debug\net9.0\Volo.Abp.VirtualFileSystem.dll" to "bin\Debug\net9.0\Volo.Abp.VirtualFileSystem.dll". Beginning retry 2 in 1000ms. The process cannot access the file 'E:\TreadSnow\TreadSnow Github2\src\TreadSnow.HttpApi.Host\bin\Debug\net9.0\Volo.Abp.VirtualFileSystem.dll' because it is being used by another process. The file is locked by: "TreadSnow.HttpApi.Host (46584)" [E:\TreadSnow\TreadSnow Github2\src\TreadSnow.HttpApi.Host\TreadSnow.HttpApi.Host.csproj]
C:\Program Files\dotnet\sdk\9.0.202\Microsoft.Common.CurrentVersion.targets(5063,5): warning MSB3026: Could not copy "E:\TreadSnow\TreadSnow Github2\ABP9.1.1\framework\src\Volo.Abp.Validation.Abstractions\bin\Debug\net9.0\Volo.Abp.Validation.Abstractions.dll" to "bin\Debug\net9.0\Volo.Abp.Validation.Abstractions.dll". Beginning retry 8 in 1000ms. The process cannot access the file 'E:\TreadSnow\TreadSnow Github2\src\TreadSnow.HttpApi.Host\bin\Debug\net9.0\Volo.Abp.Validation.Abstractions.dll' because it is being used by another process. The file is locked by: "TreadSnow.HttpApi.Host (46584)" [E:\TreadSnow\TreadSnow Github2\src\TreadSnow.HttpApi.Host\TreadSnow.HttpApi.Host.csproj]
C:\Program Files\dotnet\sdk\9.0.202\Microsoft.Common.CurrentVersion.targets(5063,5): warning MSB3026: Could not copy "E:\TreadSnow\TreadSnow Github2\ABP9.1.1\framework\src\Volo.Abp.Validation\bin\Debug\net9.0\Volo.Abp.Validation.dll" to "bin\Debug\net9.0\Volo.Abp.Validation.dll". Beginning retry 8 in 1000ms. The process cannot access the file 'E:\TreadSnow\TreadSnow Github2\src\TreadSnow.HttpApi.Host\bin\Debug\net9.0\Volo.Abp.Validation.dll' because it is being used by another process. The file is locked by: "TreadSnow.HttpApi.Host (46584)" [E:\TreadSnow\TreadSnow Github2\src\TreadSnow.HttpApi.Host\TreadSnow.HttpApi.Host.csproj]
C:\Program Files\dotnet\sdk\9.0.202\Microsoft.Common.CurrentVersion.targets(5063,5): warning MSB3026: Could not copy "E:\TreadSnow\TreadSnow Github2\ABP9.1.1\modules\users\src\Volo.Abp.Users.Domain.Shared\bin\Debug\net9.0\Volo.Abp.Users.Domain.Shared.dll" to "bin\Debug\net9.0\Volo.Abp.Users.Domain.Shared.dll". Beginning retry 9 in 1000ms. The process cannot access the file 'E:\TreadSnow\TreadSnow Github2\src\TreadSnow.HttpApi.Host\bin\Debug\net9.0\Volo.Abp.Users.Domain.Shared.dll' because it is being used by another process. The file is locked by: "TreadSnow.HttpApi.Host (46584)" [E:\TreadSnow\TreadSnow Github2\src\TreadSnow.HttpApi.Host\TreadSnow.HttpApi.Host.csproj]
C:\Program Files\dotnet\sdk\9.0.202\Microsoft.Common.CurrentVersion.targets(5063,5): warning MSB3026: Could not copy "E:\TreadSnow\TreadSnow Github2\ABP9.1.1\framework\src\Volo.Abp.Uow\bin\Debug\net9.0\Volo.Abp.Uow.dll" to "bin\Debug\net9.0\Volo.Abp.Uow.dll". Beginning retry 10 in 1000ms. The process cannot access the file 'E:\TreadSnow\TreadSnow Github2\src\TreadSnow.HttpApi.Host\bin\Debug\net9.0\Volo.Abp.Uow.dll' because it is being used by another process. The file is locked by: "TreadSnow.HttpApi.Host (46584)" [E:\TreadSnow\TreadSnow Github2\src\TreadSnow.HttpApi.Host\TreadSnow.HttpApi.Host.csproj]
C:\Program Files\dotnet\sdk\9.0.202\Microsoft.Common.CurrentVersion.targets(5063,5): warning MSB3026: Could not copy "E:\TreadSnow\TreadSnow Github2\ABP9.1.1\modules\users\src\Volo.Abp.Users.EntityFrameworkCore\bin\Debug\net9.0\Volo.Abp.Users.EntityFrameworkCore.dll" to "bin\Debug\net9.0\Volo.Abp.Users.EntityFrameworkCore.dll". Beginning retry 9 in 1000ms. The process cannot access the file 'E:\TreadSnow\TreadSnow Github2\src\TreadSnow.HttpApi.Host\bin\Debug\net9.0\Volo.Abp.Users.EntityFrameworkCore.dll' because it is being used by another process. The file is locked by: "TreadSnow.HttpApi.Host (46584)" [E:\TreadSnow\TreadSnow Github2\src\TreadSnow.HttpApi.Host\TreadSnow.HttpApi.Host.csproj]
C:\Program Files\dotnet\sdk\9.0.202\Microsoft.Common.CurrentVersion.targets(5063,5): warning MSB3026: Could not copy "E:\TreadSnow\TreadSnow Github2\ABP9.1.1\framework\src\Volo.Abp.VirtualFileSystem\bin\Debug\net9.0\Volo.Abp.VirtualFileSystem.dll" to "bin\Debug\net9.0\Volo.Abp.VirtualFileSystem.dll". Beginning retry 3 in 1000ms. The process cannot access the file 'E:\TreadSnow\TreadSnow Github2\src\TreadSnow.HttpApi.Host\bin\Debug\net9.0\Volo.Abp.VirtualFileSystem.dll' because it is being used by another process. The file is locked by: "TreadSnow.HttpApi.Host (46584)" [E:\TreadSnow\TreadSnow Github2\src\TreadSnow.HttpApi.Host\TreadSnow.HttpApi.Host.csproj]
C:\Program Files\dotnet\sdk\9.0.202\Microsoft.Common.CurrentVersion.targets(5063,5): warning MSB3026: Could not copy "E:\TreadSnow\TreadSnow Github2\ABP9.1.1\framework\src\Volo.Abp.Validation.Abstractions\bin\Debug\net9.0\Volo.Abp.Validation.Abstractions.dll" to "bin\Debug\net9.0\Volo.Abp.Validation.Abstractions.dll". Beginning retry 9 in 1000ms. The process cannot access the file 'E:\TreadSnow\TreadSnow Github2\src\TreadSnow.HttpApi.Host\bin\Debug\net9.0\Volo.Abp.Validation.Abstractions.dll' because it is being used by another process. The file is locked by: "TreadSnow.HttpApi.Host (46584)" [E:\TreadSnow\TreadSnow Github2\src\TreadSnow.HttpApi.Host\TreadSnow.HttpApi.Host.csproj]
C:\Program Files\dotnet\sdk\9.0.202\Microsoft.Common.CurrentVersion.targets(5063,5): warning MSB3026: Could not copy "E:\TreadSnow\TreadSnow Github2\ABP9.1.1\framework\src\Volo.Abp.Validation\bin\Debug\net9.0\Volo.Abp.Validation.dll" to "bin\Debug\net9.0\Volo.Abp.Validation.dll". Beginning retry 9 in 1000ms. The process cannot access the file 'E:\TreadSnow\TreadSnow Github2\src\TreadSnow.HttpApi.Host\bin\Debug\net9.0\Volo.Abp.Validation.dll' because it is being used by another process. The file is locked by: "TreadSnow.HttpApi.Host (46584)" [E:\TreadSnow\TreadSnow Github2\src\TreadSnow.HttpApi.Host\TreadSnow.HttpApi.Host.csproj]
C:\Program Files\dotnet\sdk\9.0.202\Microsoft.Common.CurrentVersion.targets(5063,5): warning MSB3026: Could not copy "E:\TreadSnow\TreadSnow Github2\ABP9.1.1\modules\users\src\Volo.Abp.Users.Domain.Shared\bin\Debug\net9.0\Volo.Abp.Users.Domain.Shared.dll" to "bin\Debug\net9.0\Volo.Abp.Users.Domain.Shared.dll". Beginning retry 10 in 1000ms. The process cannot access the file 'E:\TreadSnow\TreadSnow Github2\src\TreadSnow.HttpApi.Host\bin\Debug\net9.0\Volo.Abp.Users.Domain.Shared.dll' because it is being used by another process. The file is locked by: "TreadSnow.HttpApi.Host (46584)" [E:\TreadSnow\TreadSnow Github2\src\TreadSnow.HttpApi.Host\TreadSnow.HttpApi.Host.csproj]
C:\Program Files\dotnet\sdk\9.0.202\Microsoft.Common.CurrentVersion.targets(5063,5): error MSB3027: Could not copy "E:\TreadSnow\TreadSnow Github2\ABP9.1.1\framework\src\Volo.Abp.Uow\bin\Debug\net9.0\Volo.Abp.Uow.dll" to "bin\Debug\net9.0\Volo.Abp.Uow.dll". Exceeded retry count of 10. Failed. The file is locked by: "TreadSnow.HttpApi.Host (46584)" [E:\TreadSnow\TreadSnow Github2\src\TreadSnow.HttpApi.Host\TreadSnow.HttpApi.Host.csproj]
C:\Program Files\dotnet\sdk\9.0.202\Microsoft.Common.CurrentVersion.targets(5063,5): error MSB3021: Unable to copy file "E:\TreadSnow\TreadSnow Github2\ABP9.1.1\framework\src\Volo.Abp.Uow\bin\Debug\net9.0\Volo.Abp.Uow.dll" to "bin\Debug\net9.0\Volo.Abp.Uow.dll". The process cannot access the file 'E:\TreadSnow\TreadSnow Github2\src\TreadSnow.HttpApi.Host\bin\Debug\net9.0\Volo.Abp.Uow.dll' because it is being used by another process. [E:\TreadSnow\TreadSnow Github2\src\TreadSnow.HttpApi.Host\TreadSnow.HttpApi.Host.csproj]
C:\Program Files\dotnet\sdk\9.0.202\Microsoft.Common.CurrentVersion.targets(5063,5): error MSB3030: Could not copy the file "E:\TreadSnow\TreadSnow Github2\ABP9.1.1\modules\account\src\Volo.Abp.Account.Web.OpenIddict\bin\Debug\net9.0\Volo.Abp.Account.Web.OpenIddict.pdb" because it was not found. [E:\TreadSnow\TreadSnow Github2\src\TreadSnow.HttpApi.Host\TreadSnow.HttpApi.Host.csproj]
C:\Program Files\dotnet\sdk\9.0.202\Microsoft.Common.CurrentVersion.targets(5063,5): error MSB3030: Could not copy the file "E:\TreadSnow\TreadSnow Github2\ABP9.1.1\modules\account\src\Volo.Abp.Account.Web.OpenIddict\bin\Debug\net9.0\Volo.Abp.Account.Web.OpenIddict.xml" because it was not found. [E:\TreadSnow\TreadSnow Github2\src\TreadSnow.HttpApi.Host\TreadSnow.HttpApi.Host.csproj]
C:\Program Files\dotnet\sdk\9.0.202\Microsoft.Common.CurrentVersion.targets(5063,5): error MSB3030: Could not copy the file "E:\TreadSnow\TreadSnow Github2\src\TreadSnow.Application\bin\Debug\net9.0\TreadSnow.Application.pdb" because it was not found. [E:\TreadSnow\TreadSnow Github2\src\TreadSnow.HttpApi.Host\TreadSnow.HttpApi.Host.csproj]
C:\Program Files\dotnet\sdk\9.0.202\Microsoft.Common.CurrentVersion.targets(5063,5): error MSB3030: Could not copy the file "E:\TreadSnow\TreadSnow Github2\src\TreadSnow.HttpApi\bin\Debug\net9.0\TreadSnow.HttpApi.pdb" because it was not found. [E:\TreadSnow\TreadSnow Github2\src\TreadSnow.HttpApi.Host\TreadSnow.HttpApi.Host.csproj]
C:\Program Files\dotnet\sdk\9.0.202\Microsoft.Common.CurrentVersion.targets(5063,5): error MSB3030: Could not copy the file "E:\TreadSnow\TreadSnow Github2\src\TreadSnow.EntityFrameworkCore\bin\Debug\net9.0\TreadSnow.EntityFrameworkCore.pdb" because it was not found. [E:\TreadSnow\TreadSnow Github2\src\TreadSnow.HttpApi.Host\TreadSnow.HttpApi.Host.csproj]
C:\Program Files\dotnet\sdk\9.0.202\Microsoft.Common.CurrentVersion.targets(5063,5): error MSB3030: Could not copy the file "E:\TreadSnow\TreadSnow Github2\src\TreadSnow.Domain\bin\Debug\net9.0\TreadSnow.Domain.pdb" because it was not found. [E:\TreadSnow\TreadSnow Github2\src\TreadSnow.HttpApi.Host\TreadSnow.HttpApi.Host.csproj]
C:\Program Files\dotnet\sdk\9.0.202\Microsoft.Common.CurrentVersion.targets(5063,5): error MSB3030: Could not copy the file "E:\TreadSnow\TreadSnow Github2\ABP9.1.1\modules\account\src\Volo.Abp.Account.Application\bin\Debug\net9.0\Volo.Abp.Account.Application.pdb" because it was not found. [E:\TreadSnow\TreadSnow Github2\src\TreadSnow.HttpApi.Host\TreadSnow.HttpApi.Host.csproj]
C:\Program Files\dotnet\sdk\9.0.202\Microsoft.Common.CurrentVersion.targets(5063,5): error MSB3030: Could not copy the file "E:\TreadSnow\TreadSnow Github2\ABP9.1.1\modules\account\src\Volo.Abp.Account.Application\bin\Debug\net9.0\Volo.Abp.Account.Application.xml" because it was not found. [E:\TreadSnow\TreadSnow Github2\src\TreadSnow.HttpApi.Host\TreadSnow.HttpApi.Host.csproj]
C:\Program Files\dotnet\sdk\9.0.202\Microsoft.Common.CurrentVersion.targets(5063,5): error MSB3030: Could not copy the file "E:\TreadSnow\TreadSnow Github2\ABP9.1.1\modules\account\src\Volo.Abp.Account.HttpApi\bin\Debug\net9.0\Volo.Abp.Account.HttpApi.pdb" because it was not found. [E:\TreadSnow\TreadSnow Github2\src\TreadSnow.HttpApi.Host\TreadSnow.HttpApi.Host.csproj]
C:\Program Files\dotnet\sdk\9.0.202\Microsoft.Common.CurrentVersion.targets(5063,5): error MSB3030: Could not copy the file "E:\TreadSnow\TreadSnow Github2\ABP9.1.1\modules\account\src\Volo.Abp.Account.HttpApi\bin\Debug\net9.0\Volo.Abp.Account.HttpApi.xml" because it was not found. [E:\TreadSnow\TreadSnow Github2\src\TreadSnow.HttpApi.Host\TreadSnow.HttpApi.Host.csproj]
C:\Program Files\dotnet\sdk\9.0.202\Microsoft.Common.CurrentVersion.targets(5063,5): error MSB3030: Could not copy the file "E:\TreadSnow\TreadSnow Github2\ABP9.1.1\modules\account\src\Volo.Abp.Account.Web\bin\Debug\net9.0\Volo.Abp.Account.Web.pdb" because it was not found. [E:\TreadSnow\TreadSnow Github2\src\TreadSnow.HttpApi.Host\TreadSnow.HttpApi.Host.csproj]
C:\Program Files\dotnet\sdk\9.0.202\Microsoft.Common.CurrentVersion.targets(5063,5): error MSB3030: Could not copy the file "E:\TreadSnow\TreadSnow Github2\ABP9.1.1\modules\account\src\Volo.Abp.Account.Web\bin\Debug\net9.0\Volo.Abp.Account.Web.xml" because it was not found. [E:\TreadSnow\TreadSnow Github2\src\TreadSnow.HttpApi.Host\TreadSnow.HttpApi.Host.csproj]
C:\Program Files\dotnet\sdk\9.0.202\Microsoft.Common.CurrentVersion.targets(5063,5): error MSB3030: Could not copy the file "E:\TreadSnow\TreadSnow Github2\ABP9.1.1\modules\identity\src\Volo.Abp.Identity.Application\bin\Debug\net9.0\Volo.Abp.Identity.Application.pdb" because it was not found. [E:\TreadSnow\TreadSnow Github2\src\TreadSnow.HttpApi.Host\TreadSnow.HttpApi.Host.csproj]
C:\Program Files\dotnet\sdk\9.0.202\Microsoft.Common.CurrentVersion.targets(5063,5): error MSB3030: Could not copy the file "E:\TreadSnow\TreadSnow Github2\ABP9.1.1\modules\identity\src\Volo.Abp.Identity.Application\bin\Debug\net9.0\Volo.Abp.Identity.Application.xml" because it was not found. [E:\TreadSnow\TreadSnow Github2\src\TreadSnow.HttpApi.Host\TreadSnow.HttpApi.Host.csproj]
C:\Program Files\dotnet\sdk\9.0.202\Microsoft.Common.CurrentVersion.targets(5063,5): error MSB3030: Could not copy the file "E:\TreadSnow\TreadSnow Github2\ABP9.1.1\modules\identity\src\Volo.Abp.Identity.EntityFrameworkCore\bin\Debug\net9.0\Volo.Abp.Identity.EntityFrameworkCore.pdb" because it was not found. [E:\TreadSnow\TreadSnow Github2\src\TreadSnow.HttpApi.Host\TreadSnow.HttpApi.Host.csproj]
C:\Program Files\dotnet\sdk\9.0.202\Microsoft.Common.CurrentVersion.targets(5063,5): error MSB3030: Could not copy the file "E:\TreadSnow\TreadSnow Github2\ABP9.1.1\modules\identity\src\Volo.Abp.Identity.EntityFrameworkCore\bin\Debug\net9.0\Volo.Abp.Identity.EntityFrameworkCore.xml" because it was not found. [E:\TreadSnow\TreadSnow Github2\src\TreadSnow.HttpApi.Host\TreadSnow.HttpApi.Host.csproj]
C:\Program Files\dotnet\sdk\9.0.202\Microsoft.Common.CurrentVersion.targets(5063,5): error MSB3030: Could not copy the file "E:\TreadSnow\TreadSnow Github2\ABP9.1.1\modules\identity\src\Volo.Abp.Identity.HttpApi\bin\Debug\net9.0\Volo.Abp.Identity.HttpApi.pdb" because it was not found. [E:\TreadSnow\TreadSnow Github2\src\TreadSnow.HttpApi.Host\TreadSnow.HttpApi.Host.csproj]
C:\Program Files\dotnet\sdk\9.0.202\Microsoft.Common.CurrentVersion.targets(5063,5): error MSB3030: Could not copy the file "E:\TreadSnow\TreadSnow Github2\ABP9.1.1\modules\identity\src\Volo.Abp.Identity.HttpApi\bin\Debug\net9.0\Volo.Abp.Identity.HttpApi.xml" because it was not found. [E:\TreadSnow\TreadSnow Github2\src\TreadSnow.HttpApi.Host\TreadSnow.HttpApi.Host.csproj]
C:\Program Files\dotnet\sdk\9.0.202\Microsoft.Common.CurrentVersion.targets(5063,5): error MSB3030: Could not copy the file "E:\TreadSnow\TreadSnow Github2\ABP9.1.1\framework\src\Volo.Abp.AspNetCore\bin\Debug\net9.0\Volo.Abp.AspNetCore.pdb" because it was not found. [E:\TreadSnow\TreadSnow Github2\src\TreadSnow.HttpApi.Host\TreadSnow.HttpApi.Host.csproj]
C:\Program Files\dotnet\sdk\9.0.202\Microsoft.Common.CurrentVersion.targets(5063,5): error MSB3030: Could not copy the file "E:\TreadSnow\TreadSnow Github2\ABP9.1.1\framework\src\Volo.Abp.AspNetCore\bin\Debug\net9.0\Volo.Abp.AspNetCore.xml" because it was not found. [E:\TreadSnow\TreadSnow Github2\src\TreadSnow.HttpApi.Host\TreadSnow.HttpApi.Host.csproj]
C:\Program Files\dotnet\sdk\9.0.202\Microsoft.Common.CurrentVersion.targets(5063,5): error MSB3030: Could not copy the file "E:\TreadSnow\TreadSnow Github2\ABP9.1.1\framework\src\Volo.Abp.AspNetCore.Bundling\bin\Debug\net9.0\Volo.Abp.AspNetCore.Bundling.pdb" because it was not found. [E:\TreadSnow\TreadSnow Github2\src\TreadSnow.HttpApi.Host\TreadSnow.HttpApi.Host.csproj]
C:\Program Files\dotnet\sdk\9.0.202\Microsoft.Common.CurrentVersion.targets(5063,5): error MSB3030: Could not copy the file "E:\TreadSnow\TreadSnow Github2\ABP9.1.1\framework\src\Volo.Abp.AspNetCore.Bundling\bin\Debug\net9.0\Volo.Abp.AspNetCore.Bundling.xml" because it was not found. [E:\TreadSnow\TreadSnow Github2\src\TreadSnow.HttpApi.Host\TreadSnow.HttpApi.Host.csproj]
C:\Program Files\dotnet\sdk\9.0.202\Microsoft.Common.CurrentVersion.targets(5063,5): error MSB3030: Could not copy the file "E:\TreadSnow\TreadSnow Github2\ABP9.1.1\framework\src\Volo.Abp.AspNetCore.Mvc\bin\Debug\net9.0\Volo.Abp.AspNetCore.Mvc.pdb" because it was not found. [E:\TreadSnow\TreadSnow Github2\src\TreadSnow.HttpApi.Host\TreadSnow.HttpApi.Host.csproj]
C:\Program Files\dotnet\sdk\9.0.202\Microsoft.Common.CurrentVersion.targets(5063,5): error MSB3030: Could not copy the file "E:\TreadSnow\TreadSnow Github2\ABP9.1.1\framework\src\Volo.Abp.AspNetCore.Mvc\bin\Debug\net9.0\Volo.Abp.AspNetCore.Mvc.xml" because it was not found. [E:\TreadSnow\TreadSnow Github2\src\TreadSnow.HttpApi.Host\TreadSnow.HttpApi.Host.csproj]
C:\Program Files\dotnet\sdk\9.0.202\Microsoft.Common.CurrentVersion.targets(5063,5): error MSB3030: Could not copy the file "E:\TreadSnow\TreadSnow Github2\ABP9.1.1\framework\src\Volo.Abp.AspNetCore.Mvc.UI\bin\Debug\net9.0\Volo.Abp.AspNetCore.Mvc.UI.pdb" because it was not found. [E:\TreadSnow\TreadSnow Github2\src\TreadSnow.HttpApi.Host\TreadSnow.HttpApi.Host.csproj]
C:\Program Files\dotnet\sdk\9.0.202\Microsoft.Common.CurrentVersion.targets(5063,5): error MSB3030: Could not copy the file "E:\TreadSnow\TreadSnow Github2\ABP9.1.1\framework\src\Volo.Abp.AspNetCore.Mvc.UI\bin\Debug\net9.0\Volo.Abp.AspNetCore.Mvc.UI.xml" because it was not found. [E:\TreadSnow\TreadSnow Github2\src\TreadSnow.HttpApi.Host\TreadSnow.HttpApi.Host.csproj]
C:\Program Files\dotnet\sdk\9.0.202\Microsoft.Common.CurrentVersion.targets(5063,5): error MSB3030: Could not copy the file "E:\TreadSnow\TreadSnow Github2\ABP9.1.1\framework\src\Volo.Abp.AspNetCore.Mvc.UI.Bootstrap\bin\Debug\net9.0\Volo.Abp.AspNetCore.Mvc.UI.Bootstrap.pdb" because it was not found. [E:\TreadSnow\TreadSnow Github2\src\TreadSnow.HttpApi.Host\TreadSnow.HttpApi.Host.csproj]
C:\Program Files\dotnet\sdk\9.0.202\Microsoft.Common.CurrentVersion.targets(5063,5): error MSB3030: Could not copy the file "E:\TreadSnow\TreadSnow Github2\ABP9.1.1\framework\src\Volo.Abp.AspNetCore.Mvc.UI.Bootstrap\bin\Debug\net9.0\Volo.Abp.AspNetCore.Mvc.UI.Bootstrap.xml" because it was not found. [E:\TreadSnow\TreadSnow Github2\src\TreadSnow.HttpApi.Host\TreadSnow.HttpApi.Host.csproj]
C:\Program Files\dotnet\sdk\9.0.202\Microsoft.Common.CurrentVersion.targets(5063,5): error MSB3030: Could not copy the file "E:\TreadSnow\TreadSnow Github2\ABP9.1.1\framework\src\Volo.Abp.AspNetCore.Mvc.UI.Bundling\bin\Debug\net9.0\Volo.Abp.AspNetCore.Mvc.UI.Bundling.pdb" because it was not found. [E:\TreadSnow\TreadSnow Github2\src\TreadSnow.HttpApi.Host\TreadSnow.HttpApi.Host.csproj]
C:\Program Files\dotnet\sdk\9.0.202\Microsoft.Common.CurrentVersion.targets(5063,5): error MSB3030: Could not copy the file "E:\TreadSnow\TreadSnow Github2\ABP9.1.1\framework\src\Volo.Abp.AspNetCore.Mvc.UI.Bundling\bin\Debug\net9.0\Volo.Abp.AspNetCore.Mvc.UI.Bundling.xml" because it was not found. [E:\TreadSnow\TreadSnow Github2\src\TreadSnow.HttpApi.Host\TreadSnow.HttpApi.Host.csproj]
C:\Program Files\dotnet\sdk\9.0.202\Microsoft.Common.CurrentVersion.targets(5063,5): error MSB3030: Could not copy the file "E:\TreadSnow\TreadSnow Github2\ABP9.1.1\framework\src\Volo.Abp.AspNetCore.Mvc.UI.Packages\bin\Debug\net9.0\Volo.Abp.AspNetCore.Mvc.UI.Packages.pdb" because it was not found. [E:\TreadSnow\TreadSnow Github2\src\TreadSnow.HttpApi.Host\TreadSnow.HttpApi.Host.csproj]
C:\Program Files\dotnet\sdk\9.0.202\Microsoft.Common.CurrentVersion.targets(5063,5): error MSB3030: Could not copy the file "E:\TreadSnow\TreadSnow Github2\ABP9.1.1\framework\src\Volo.Abp.AspNetCore.Mvc.UI.Packages\bin\Debug\net9.0\Volo.Abp.AspNetCore.Mvc.UI.Packages.xml" because it was not found. [E:\TreadSnow\TreadSnow Github2\src\TreadSnow.HttpApi.Host\TreadSnow.HttpApi.Host.csproj]
C:\Program Files\dotnet\sdk\9.0.202\Microsoft.Common.CurrentVersion.targets(5063,5): error MSB3030: Could not copy the file "E:\TreadSnow\TreadSnow Github2\ABP9.1.1\framework\src\Volo.Abp.AspNetCore.Mvc.UI.Theme.Shared\bin\Debug\net9.0\Volo.Abp.AspNetCore.Mvc.UI.Theme.Shared.pdb" because it was not found. [E:\TreadSnow\TreadSnow Github2\src\TreadSnow.HttpApi.Host\TreadSnow.HttpApi.Host.csproj]
C:\Program Files\dotnet\sdk\9.0.202\Microsoft.Common.CurrentVersion.targets(5063,5): error MSB3030: Could not copy the file "E:\TreadSnow\TreadSnow Github2\ABP9.1.1\framework\src\Volo.Abp.AspNetCore.Mvc.UI.Theme.Shared\bin\Debug\net9.0\Volo.Abp.AspNetCore.Mvc.UI.Theme.Shared.xml" because it was not found. [E:\TreadSnow\TreadSnow Github2\src\TreadSnow.HttpApi.Host\TreadSnow.HttpApi.Host.csproj]
C:\Program Files\dotnet\sdk\9.0.202\Microsoft.Common.CurrentVersion.targets(5063,5): error MSB3030: Could not copy the file "E:\TreadSnow\TreadSnow Github2\ABP9.1.1\framework\src\Volo.Abp.AspNetCore.Mvc.UI.Widgets\bin\Debug\net9.0\Volo.Abp.AspNetCore.Mvc.UI.Widgets.pdb" because it was not found. [E:\TreadSnow\TreadSnow Github2\src\TreadSnow.HttpApi.Host\TreadSnow.HttpApi.Host.csproj]
C:\Program Files\dotnet\sdk\9.0.202\Microsoft.Common.CurrentVersion.targets(5063,5): error MSB3030: Could not copy the file "E:\TreadSnow\TreadSnow Github2\ABP9.1.1\framework\src\Volo.Abp.AspNetCore.Mvc.UI.Widgets\bin\Debug\net9.0\Volo.Abp.AspNetCore.Mvc.UI.Widgets.xml" because it was not found. [E:\TreadSnow\TreadSnow Github2\src\TreadSnow.HttpApi.Host\TreadSnow.HttpApi.Host.csproj]
C:\Program Files\dotnet\sdk\9.0.202\Microsoft.Common.CurrentVersion.targets(5063,5): error MSB3030: Could not copy the file "E:\TreadSnow\TreadSnow Github2\ABP9.1.1\framework\src\Volo.Abp.EntityFrameworkCore\bin\Debug\net9.0\Volo.Abp.EntityFrameworkCore.pdb" because it was not found. [E:\TreadSnow\TreadSnow Github2\src\TreadSnow.HttpApi.Host\TreadSnow.HttpApi.Host.csproj]
C:\Program Files\dotnet\sdk\9.0.202\Microsoft.Common.CurrentVersion.targets(5063,5): error MSB3030: Could not copy the file "E:\TreadSnow\TreadSnow Github2\ABP9.1.1\framework\src\Volo.Abp.EntityFrameworkCore\bin\Debug\net9.0\Volo.Abp.EntityFrameworkCore.xml" because it was not found. [E:\TreadSnow\TreadSnow Github2\src\TreadSnow.HttpApi.Host\TreadSnow.HttpApi.Host.csproj]
C:\Program Files\dotnet\sdk\9.0.202\Microsoft.Common.CurrentVersion.targets(5063,5): error MSB3030: Could not copy the file "E:\TreadSnow\TreadSnow Github2\ABP9.1.1\modules\identity\src\Volo.Abp.Identity.AspNetCore\bin\Debug\net9.0\Volo.Abp.Identity.AspNetCore.pdb" because it was not found. [E:\TreadSnow\TreadSnow Github2\src\TreadSnow.HttpApi.Host\TreadSnow.HttpApi.Host.csproj]
C:\Program Files\dotnet\sdk\9.0.202\Microsoft.Common.CurrentVersion.targets(5063,5): error MSB3030: Could not copy the file "E:\TreadSnow\TreadSnow Github2\ABP9.1.1\modules\identity\src\Volo.Abp.Identity.AspNetCore\bin\Debug\net9.0\Volo.Abp.Identity.AspNetCore.xml" because it was not found. [E:\TreadSnow\TreadSnow Github2\src\TreadSnow.HttpApi.Host\TreadSnow.HttpApi.Host.csproj]
C:\Program Files\dotnet\sdk\9.0.202\Microsoft.Common.CurrentVersion.targets(5063,5): error MSB3030: Could not copy the file "E:\TreadSnow\TreadSnow Github2\ABP9.1.1\modules\users\src\Volo.Abp.Users.EntityFrameworkCore\bin\Debug\net9.0\Volo.Abp.Users.EntityFrameworkCore.pdb" because it was not found. [E:\TreadSnow\TreadSnow Github2\src\TreadSnow.HttpApi.Host\TreadSnow.HttpApi.Host.csproj]
C:\Program Files\dotnet\sdk\9.0.202\Microsoft.Common.CurrentVersion.targets(5063,5): error MSB3030: Could not copy the file "E:\TreadSnow\TreadSnow Github2\ABP9.1.1\modules\users\src\Volo.Abp.Users.EntityFrameworkCore\bin\Debug\net9.0\Volo.Abp.Users.EntityFrameworkCore.xml" because it was not found. [E:\TreadSnow\TreadSnow Github2\src\TreadSnow.HttpApi.Host\TreadSnow.HttpApi.Host.csproj]
C:\Program Files\dotnet\sdk\9.0.202\Microsoft.Common.CurrentVersion.targets(5063,5): warning MSB3026: Could not copy "E:\TreadSnow\TreadSnow Github2\ABP9.1.1\modules\users\src\Volo.Abp.Users.EntityFrameworkCore\bin\Debug\net9.0\Volo.Abp.Users.EntityFrameworkCore.dll" to "bin\Debug\net9.0\Volo.Abp.Users.EntityFrameworkCore.dll". Beginning retry 10 in 1000ms. Could not find file 'E:\TreadSnow\TreadSnow Github2\ABP9.1.1\modules\users\src\Volo.Abp.Users.EntityFrameworkCore\bin\Debug\net9.0\Volo.Abp.Users.EntityFrameworkCore.dll'. The file is locked by: "TreadSnow.HttpApi.Host (46584)" [E:\TreadSnow\TreadSnow Github2\src\TreadSnow.HttpApi.Host\TreadSnow.HttpApi.Host.csproj]
C:\Program Files\dotnet\sdk\9.0.202\Microsoft.Common.CurrentVersion.targets(5063,5): warning MSB3026: Could not copy "E:\TreadSnow\TreadSnow Github2\ABP9.1.1\framework\src\Volo.Abp.VirtualFileSystem\bin\Debug\net9.0\Volo.Abp.VirtualFileSystem.dll" to "bin\Debug\net9.0\Volo.Abp.VirtualFileSystem.dll". Beginning retry 4 in 1000ms. The process cannot access the file 'E:\TreadSnow\TreadSnow Github2\src\TreadSnow.HttpApi.Host\bin\Debug\net9.0\Volo.Abp.VirtualFileSystem.dll' because it is being used by another process. The file is locked by: "TreadSnow.HttpApi.Host (46584)" [E:\TreadSnow\TreadSnow Github2\src\TreadSnow.HttpApi.Host\TreadSnow.HttpApi.Host.csproj]
C:\Program Files\dotnet\sdk\9.0.202\Microsoft.Common.CurrentVersion.targets(5063,5): warning MSB3026: Could not copy "E:\TreadSnow\TreadSnow Github2\ABP9.1.1\framework\src\Volo.Abp.Validation\bin\Debug\net9.0\Volo.Abp.Validation.dll" to "bin\Debug\net9.0\Volo.Abp.Validation.dll". Beginning retry 10 in 1000ms. The process cannot access the file 'E:\TreadSnow\TreadSnow Github2\src\TreadSnow.HttpApi.Host\bin\Debug\net9.0\Volo.Abp.Validation.dll' because it is being used by another process. The file is locked by: "TreadSnow.HttpApi.Host (46584)" [E:\TreadSnow\TreadSnow Github2\src\TreadSnow.HttpApi.Host\TreadSnow.HttpApi.Host.csproj]
C:\Program Files\dotnet\sdk\9.0.202\Microsoft.Common.CurrentVersion.targets(5063,5): warning MSB3026: Could not copy "E:\TreadSnow\TreadSnow Github2\ABP9.1.1\framework\src\Volo.Abp.Validation.Abstractions\bin\Debug\net9.0\Volo.Abp.Validation.Abstractions.dll" to "bin\Debug\net9.0\Volo.Abp.Validation.Abstractions.dll". Beginning retry 10 in 1000ms. The process cannot access the file 'E:\TreadSnow\TreadSnow Github2\src\TreadSnow.HttpApi.Host\bin\Debug\net9.0\Volo.Abp.Validation.Abstractions.dll' because it is being used by another process. The file is locked by: "TreadSnow.HttpApi.Host (46584)" [E:\TreadSnow\TreadSnow Github2\src\TreadSnow.HttpApi.Host\TreadSnow.HttpApi.Host.csproj]
C:\Program Files\dotnet\sdk\9.0.202\Microsoft.Common.CurrentVersion.targets(5063,5): error MSB3027: Could not copy "E:\TreadSnow\TreadSnow Github2\ABP9.1.1\modules\users\src\Volo.Abp.Users.Domain.Shared\bin\Debug\net9.0\Volo.Abp.Users.Domain.Shared.dll" to "bin\Debug\net9.0\Volo.Abp.Users.Domain.Shared.dll". Exceeded retry count of 10. Failed. The file is locked by: "TreadSnow.HttpApi.Host (46584)" [E:\TreadSnow\TreadSnow Github2\src\TreadSnow.HttpApi.Host\TreadSnow.HttpApi.Host.csproj]
C:\Program Files\dotnet\sdk\9.0.202\Microsoft.Common.CurrentVersion.targets(5063,5): error MSB3021: Unable to copy file "E:\TreadSnow\TreadSnow Github2\ABP9.1.1\modules\users\src\Volo.Abp.Users.Domain.Shared\bin\Debug\net9.0\Volo.Abp.Users.Domain.Shared.dll" to "bin\Debug\net9.0\Volo.Abp.Users.Domain.Shared.dll". The process cannot access the file 'E:\TreadSnow\TreadSnow Github2\src\TreadSnow.HttpApi.Host\bin\Debug\net9.0\Volo.Abp.Users.Domain.Shared.dll' because it is being used by another process. [E:\TreadSnow\TreadSnow Github2\src\TreadSnow.HttpApi.Host\TreadSnow.HttpApi.Host.csproj]
C:\Program Files\dotnet\sdk\9.0.202\Microsoft.Common.CurrentVersion.targets(5063,5): error MSB3027: Could not copy "E:\TreadSnow\TreadSnow Github2\ABP9.1.1\modules\users\src\Volo.Abp.Users.EntityFrameworkCore\bin\Debug\net9.0\Volo.Abp.Users.EntityFrameworkCore.dll" to "bin\Debug\net9.0\Volo.Abp.Users.EntityFrameworkCore.dll". Exceeded retry count of 10. Failed. The file is locked by: "TreadSnow.HttpApi.Host (46584)" [E:\TreadSnow\TreadSnow Github2\src\TreadSnow.HttpApi.Host\TreadSnow.HttpApi.Host.csproj]
C:\Program Files\dotnet\sdk\9.0.202\Microsoft.Common.CurrentVersion.targets(5063,5): error MSB3021: Unable to copy file "E:\TreadSnow\TreadSnow Github2\ABP9.1.1\modules\users\src\Volo.Abp.Users.EntityFrameworkCore\bin\Debug\net9.0\Volo.Abp.Users.EntityFrameworkCore.dll" to "bin\Debug\net9.0\Volo.Abp.Users.EntityFrameworkCore.dll". Could not find file 'E:\TreadSnow\TreadSnow Github2\ABP9.1.1\modules\users\src\Volo.Abp.Users.EntityFrameworkCore\bin\Debug\net9.0\Volo.Abp.Users.EntityFrameworkCore.dll'. [E:\TreadSnow\TreadSnow Github2\src\TreadSnow.HttpApi.Host\TreadSnow.HttpApi.Host.csproj]
C:\Program Files\dotnet\sdk\9.0.202\Microsoft.Common.CurrentVersion.targets(5063,5): warning MSB3026: Could not copy "E:\TreadSnow\TreadSnow Github2\ABP9.1.1\framework\src\Volo.Abp.VirtualFileSystem\bin\Debug\net9.0\Volo.Abp.VirtualFileSystem.dll" to "bin\Debug\net9.0\Volo.Abp.VirtualFileSystem.dll". Beginning retry 5 in 1000ms. The process cannot access the file 'E:\TreadSnow\TreadSnow Github2\src\TreadSnow.HttpApi.Host\bin\Debug\net9.0\Volo.Abp.VirtualFileSystem.dll' because it is being used by another process. The file is locked by: "TreadSnow.HttpApi.Host (46584)" [E:\TreadSnow\TreadSnow Github2\src\TreadSnow.HttpApi.Host\TreadSnow.HttpApi.Host.csproj]
C:\Program Files\dotnet\sdk\9.0.202\Microsoft.Common.CurrentVersion.targets(5063,5): error MSB3027: Could not copy "E:\TreadSnow\TreadSnow Github2\ABP9.1.1\framework\src\Volo.Abp.Validation\bin\Debug\net9.0\Volo.Abp.Validation.dll" to "bin\Debug\net9.0\Volo.Abp.Validation.dll". Exceeded retry count of 10. Failed. The file is locked by: "TreadSnow.HttpApi.Host (46584)" [E:\TreadSnow\TreadSnow Github2\src\TreadSnow.HttpApi.Host\TreadSnow.HttpApi.Host.csproj]
C:\Program Files\dotnet\sdk\9.0.202\Microsoft.Common.CurrentVersion.targets(5063,5): error MSB3021: Unable to copy file "E:\TreadSnow\TreadSnow Github2\ABP9.1.1\framework\src\Volo.Abp.Validation\bin\Debug\net9.0\Volo.Abp.Validation.dll" to "bin\Debug\net9.0\Volo.Abp.Validation.dll". The process cannot access the file 'E:\TreadSnow\TreadSnow Github2\src\TreadSnow.HttpApi.Host\bin\Debug\net9.0\Volo.Abp.Validation.dll' because it is being used by another process. [E:\TreadSnow\TreadSnow Github2\src\TreadSnow.HttpApi.Host\TreadSnow.HttpApi.Host.csproj]
C:\Program Files\dotnet\sdk\9.0.202\Microsoft.Common.CurrentVersion.targets(5063,5): error MSB3027: Could not copy "E:\TreadSnow\TreadSnow Github2\ABP9.1.1\framework\src\Volo.Abp.Validation.Abstractions\bin\Debug\net9.0\Volo.Abp.Validation.Abstractions.dll" to "bin\Debug\net9.0\Volo.Abp.Validation.Abstractions.dll". Exceeded retry count of 10. Failed. The file is locked by: "TreadSnow.HttpApi.Host (46584)" [E:\TreadSnow\TreadSnow Github2\src\TreadSnow.HttpApi.Host\TreadSnow.HttpApi.Host.csproj]
C:\Program Files\dotnet\sdk\9.0.202\Microsoft.Common.CurrentVersion.targets(5063,5): error MSB3021: Unable to copy file "E:\TreadSnow\TreadSnow Github2\ABP9.1.1\framework\src\Volo.Abp.Validation.Abstractions\bin\Debug\net9.0\Volo.Abp.Validation.Abstractions.dll" to "bin\Debug\net9.0\Volo.Abp.Validation.Abstractions.dll". The process cannot access the file 'E:\TreadSnow\TreadSnow Github2\src\TreadSnow.HttpApi.Host\bin\Debug\net9.0\Volo.Abp.Validation.Abstractions.dll' because it is being used by another process. [E:\TreadSnow\TreadSnow Github2\src\TreadSnow.HttpApi.Host\TreadSnow.HttpApi.Host.csproj]
C:\Program Files\dotnet\sdk\9.0.202\Microsoft.Common.CurrentVersion.targets(5063,5): warning MSB3026: Could not copy "E:\TreadSnow\TreadSnow Github2\ABP9.1.1\framework\src\Volo.Abp.VirtualFileSystem\bin\Debug\net9.0\Volo.Abp.VirtualFileSystem.dll" to "bin\Debug\net9.0\Volo.Abp.VirtualFileSystem.dll". Beginning retry 6 in 1000ms. The process cannot access the file 'E:\TreadSnow\TreadSnow Github2\src\TreadSnow.HttpApi.Host\bin\Debug\net9.0\Volo.Abp.VirtualFileSystem.dll' because it is being used by another process. The file is locked by: "TreadSnow.HttpApi.Host (46584)" [E:\TreadSnow\TreadSnow Github2\src\TreadSnow.HttpApi.Host\TreadSnow.HttpApi.Host.csproj]
C:\Program Files\dotnet\sdk\9.0.202\Microsoft.Common.CurrentVersion.targets(5063,5): warning MSB3026: Could not copy "E:\TreadSnow\TreadSnow Github2\ABP9.1.1\framework\src\Volo.Abp.VirtualFileSystem\bin\Debug\net9.0\Volo.Abp.VirtualFileSystem.dll" to "bin\Debug\net9.0\Volo.Abp.VirtualFileSystem.dll". Beginning retry 7 in 1000ms. The process cannot access the file 'E:\TreadSnow\TreadSnow Github2\src\TreadSnow.HttpApi.Host\bin\Debug\net9.0\Volo.Abp.VirtualFileSystem.dll' because it is being used by another process. The file is locked by: "TreadSnow.HttpApi.Host (46584)" [E:\TreadSnow\TreadSnow Github2\src\TreadSnow.HttpApi.Host\TreadSnow.HttpApi.Host.csproj]
C:\Program Files\dotnet\sdk\9.0.202\Microsoft.Common.CurrentVersion.targets(5063,5): warning MSB3026: Could not copy "E:\TreadSnow\TreadSnow Github2\ABP9.1.1\framework\src\Volo.Abp.VirtualFileSystem\bin\Debug\net9.0\Volo.Abp.VirtualFileSystem.dll" to "bin\Debug\net9.0\Volo.Abp.VirtualFileSystem.dll". Beginning retry 8 in 1000ms. The process cannot access the file 'E:\TreadSnow\TreadSnow Github2\src\TreadSnow.HttpApi.Host\bin\Debug\net9.0\Volo.Abp.VirtualFileSystem.dll' because it is being used by another process. The file is locked by: "TreadSnow.HttpApi.Host (46584)" [E:\TreadSnow\TreadSnow Github2\src\TreadSnow.HttpApi.Host\TreadSnow.HttpApi.Host.csproj]
C:\Program Files\dotnet\sdk\9.0.202\Microsoft.Common.CurrentVersion.targets(5063,5): warning MSB3026: Could not copy "E:\TreadSnow\TreadSnow Github2\ABP9.1.1\framework\src\Volo.Abp.VirtualFileSystem\bin\Debug\net9.0\Volo.Abp.VirtualFileSystem.dll" to "bin\Debug\net9.0\Volo.Abp.VirtualFileSystem.dll". Beginning retry 9 in 1000ms. The process cannot access the file 'E:\TreadSnow\TreadSnow Github2\src\TreadSnow.HttpApi.Host\bin\Debug\net9.0\Volo.Abp.VirtualFileSystem.dll' because it is being used by another process. The file is locked by: "TreadSnow.HttpApi.Host (46584)" [E:\TreadSnow\TreadSnow Github2\src\TreadSnow.HttpApi.Host\TreadSnow.HttpApi.Host.csproj]
C:\Program Files\dotnet\sdk\9.0.202\Microsoft.Common.CurrentVersion.targets(5063,5): warning MSB3026: Could not copy "E:\TreadSnow\TreadSnow Github2\ABP9.1.1\framework\src\Volo.Abp.VirtualFileSystem\bin\Debug\net9.0\Volo.Abp.VirtualFileSystem.dll" to "bin\Debug\net9.0\Volo.Abp.VirtualFileSystem.dll". Beginning retry 10 in 1000ms. The process cannot access the file 'E:\TreadSnow\TreadSnow Github2\src\TreadSnow.HttpApi.Host\bin\Debug\net9.0\Volo.Abp.VirtualFileSystem.dll' because it is being used by another process. The file is locked by: "TreadSnow.HttpApi.Host (46584)" [E:\TreadSnow\TreadSnow Github2\src\TreadSnow.HttpApi.Host\TreadSnow.HttpApi.Host.csproj]
C:\Program Files\dotnet\sdk\9.0.202\Microsoft.Common.CurrentVersion.targets(5063,5): error MSB3027: Could not copy "E:\TreadSnow\TreadSnow Github2\ABP9.1.1\framework\src\Volo.Abp.VirtualFileSystem\bin\Debug\net9.0\Volo.Abp.VirtualFileSystem.dll" to "bin\Debug\net9.0\Volo.Abp.VirtualFileSystem.dll". Exceeded retry count of 10. Failed. The file is locked by: "TreadSnow.HttpApi.Host (46584)" [E:\TreadSnow\TreadSnow Github2\src\TreadSnow.HttpApi.Host\TreadSnow.HttpApi.Host.csproj]
C:\Program Files\dotnet\sdk\9.0.202\Microsoft.Common.CurrentVersion.targets(5063,5): error MSB3021: Unable to copy file "E:\TreadSnow\TreadSnow Github2\ABP9.1.1\framework\src\Volo.Abp.VirtualFileSystem\bin\Debug\net9.0\Volo.Abp.VirtualFileSystem.dll" to "bin\Debug\net9.0\Volo.Abp.VirtualFileSystem.dll". The process cannot access the file 'E:\TreadSnow\TreadSnow Github2\src\TreadSnow.HttpApi.Host\bin\Debug\net9.0\Volo.Abp.VirtualFileSystem.dll' because it is being used by another process. [E:\TreadSnow\TreadSnow Github2\src\TreadSnow.HttpApi.Host\TreadSnow.HttpApi.Host.csproj]

Build FAILED.

C:\Users\90656\.nuget\packages\microsoft.extensions.fileproviders.embedded\9.0.0\build\netstandard2.0\Microsoft.Extensions.FileProviders.Embedded.targets(19,5): warning : GenerateEmbeddedFilesManifest was set, but no EmbeddedResource items were found that could be added to the manifest. [E:\TreadSnow\TreadSnow Github2\ABP9.1.1\modules\account\src\Volo.Abp.Account.Web.OpenIddict\Volo.Abp.Account.Web.OpenIddict.csproj]
C:\Program Files\dotnet\sdk\9.0.202\Microsoft.Common.CurrentVersion.targets(5063,5): warning MSB3026: Could not copy "E:\TreadSnow\TreadSnow Github2\src\TreadSnow.EntityFrameworkCore\bin\Debug\net9.0\TreadSnow.EntityFrameworkCore.dll" to "bin\Debug\net9.0\TreadSnow.EntityFrameworkCore.dll". Beginning retry 1 in 1000ms. The process cannot access the file 'E:\TreadSnow\TreadSnow Github2\src\TreadSnow.HttpApi.Host\bin\Debug\net9.0\TreadSnow.EntityFrameworkCore.dll' because it is being used by another process. The file is locked by: "TreadSnow.HttpApi.Host (46584)" [E:\TreadSnow\TreadSnow Github2\src\TreadSnow.HttpApi.Host\TreadSnow.HttpApi.Host.csproj]
C:\Program Files\dotnet\sdk\9.0.202\Microsoft.Common.CurrentVersion.targets(5063,5): warning MSB3026: Could not copy "E:\TreadSnow\TreadSnow Github2\src\TreadSnow.Application.Contracts\bin\Debug\net9.0\TreadSnow.Application.Contracts.dll" to "bin\Debug\net9.0\TreadSnow.Application.Contracts.dll". Beginning retry 1 in 1000ms. The process cannot access the file 'E:\TreadSnow\TreadSnow Github2\src\TreadSnow.HttpApi.Host\bin\Debug\net9.0\TreadSnow.Application.Contracts.dll' because it is being used by another process. The file is locked by: "TreadSnow.HttpApi.Host (46584)" [E:\TreadSnow\TreadSnow Github2\src\TreadSnow.HttpApi.Host\TreadSnow.HttpApi.Host.csproj]
C:\Program Files\dotnet\sdk\9.0.202\Microsoft.Common.CurrentVersion.targets(5063,5): warning MSB3026: Could not copy "E:\TreadSnow\TreadSnow Github2\src\TreadSnow.Domain.Shared\bin\Debug\net9.0\TreadSnow.Domain.Shared.dll" to "bin\Debug\net9.0\TreadSnow.Domain.Shared.dll". Beginning retry 1 in 1000ms. The process cannot access the file 'E:\TreadSnow\TreadSnow Github2\src\TreadSnow.HttpApi.Host\bin\Debug\net9.0\TreadSnow.Domain.Shared.dll' because it is being used by another process. The file is locked by: "TreadSnow.HttpApi.Host (46584)" [E:\TreadSnow\TreadSnow Github2\src\TreadSnow.HttpApi.Host\TreadSnow.HttpApi.Host.csproj]
C:\Program Files\dotnet\sdk\9.0.202\Microsoft.Common.CurrentVersion.targets(5063,5): warning MSB3026: Could not copy "E:\TreadSnow\TreadSnow Github2\src\TreadSnow.HttpApi\bin\Debug\net9.0\TreadSnow.HttpApi.dll" to "bin\Debug\net9.0\TreadSnow.HttpApi.dll". Beginning retry 1 in 1000ms. The process cannot access the file 'E:\TreadSnow\TreadSnow Github2\src\TreadSnow.HttpApi.Host\bin\Debug\net9.0\TreadSnow.HttpApi.dll' because it is being used by another process. The file is locked by: "TreadSnow.HttpApi.Host (46584)" [E:\TreadSnow\TreadSnow Github2\src\TreadSnow.HttpApi.Host\TreadSnow.HttpApi.Host.csproj]
C:\Program Files\dotnet\sdk\9.0.202\Microsoft.Common.CurrentVersion.targets(5063,5): warning MSB3026: Could not copy "E:\TreadSnow\TreadSnow Github2\src\TreadSnow.Application\bin\Debug\net9.0\TreadSnow.Application.dll" to "bin\Debug\net9.0\TreadSnow.Application.dll". Beginning retry 1 in 1000ms. The process cannot access the file 'E:\TreadSnow\TreadSnow Github2\src\TreadSnow.HttpApi.Host\bin\Debug\net9.0\TreadSnow.Application.dll' because it is being used by another process. The file is locked by: "TreadSnow.HttpApi.Host (46584)" [E:\TreadSnow\TreadSnow Github2\src\TreadSnow.HttpApi.Host\TreadSnow.HttpApi.Host.csproj]
C:\Program Files\dotnet\sdk\9.0.202\Microsoft.Common.CurrentVersion.targets(5063,5): warning MSB3026: Could not copy "E:\TreadSnow\TreadSnow Github2\src\TreadSnow.Domain\bin\Debug\net9.0\TreadSnow.Domain.dll" to "bin\Debug\net9.0\TreadSnow.Domain.dll". Beginning retry 1 in 1000ms. The process cannot access the file 'E:\TreadSnow\TreadSnow Github2\src\TreadSnow.HttpApi.Host\bin\Debug\net9.0\TreadSnow.Domain.dll' because it is being used by another process. The file is locked by: "TreadSnow.HttpApi.Host (46584)" [E:\TreadSnow\TreadSnow Github2\src\TreadSnow.HttpApi.Host\TreadSnow.HttpApi.Host.csproj]
C:\Program Files\dotnet\sdk\9.0.202\Microsoft.Common.CurrentVersion.targets(5063,5): warning MSB3026: Could not copy "E:\TreadSnow\TreadSnow Github2\src\TreadSnow.EntityFrameworkCore\bin\Debug\net9.0\TreadSnow.EntityFrameworkCore.dll" to "bin\Debug\net9.0\TreadSnow.EntityFrameworkCore.dll". Beginning retry 2 in 1000ms. The process cannot access the file 'E:\TreadSnow\TreadSnow Github2\src\TreadSnow.HttpApi.Host\bin\Debug\net9.0\TreadSnow.EntityFrameworkCore.dll' because it is being used by another process. The file is locked by: "TreadSnow.HttpApi.Host (46584)" [E:\TreadSnow\TreadSnow Github2\src\TreadSnow.HttpApi.Host\TreadSnow.HttpApi.Host.csproj]
C:\Program Files\dotnet\sdk\9.0.202\Microsoft.Common.CurrentVersion.targets(5063,5): warning MSB3026: Could not copy "E:\TreadSnow\TreadSnow Github2\src\TreadSnow.Domain.Shared\bin\Debug\net9.0\TreadSnow.Domain.Shared.dll" to "bin\Debug\net9.0\TreadSnow.Domain.Shared.dll". Beginning retry 2 in 1000ms. The process cannot access the file 'E:\TreadSnow\TreadSnow Github2\src\TreadSnow.HttpApi.Host\bin\Debug\net9.0\TreadSnow.Domain.Shared.dll' because it is being used by another process. The file is locked by: "TreadSnow.HttpApi.Host (46584)" [E:\TreadSnow\TreadSnow Github2\src\TreadSnow.HttpApi.Host\TreadSnow.HttpApi.Host.csproj]
C:\Program Files\dotnet\sdk\9.0.202\Microsoft.Common.CurrentVersion.targets(5063,5): warning MSB3026: Could not copy "E:\TreadSnow\TreadSnow Github2\src\TreadSnow.Application.Contracts\bin\Debug\net9.0\TreadSnow.Application.Contracts.dll" to "bin\Debug\net9.0\TreadSnow.Application.Contracts.dll". Beginning retry 2 in 1000ms. The process cannot access the file 'E:\TreadSnow\TreadSnow Github2\src\TreadSnow.HttpApi.Host\bin\Debug\net9.0\TreadSnow.Application.Contracts.dll' because it is being used by another process. The file is locked by: "TreadSnow.HttpApi.Host (46584)" [E:\TreadSnow\TreadSnow Github2\src\TreadSnow.HttpApi.Host\TreadSnow.HttpApi.Host.csproj]
C:\Program Files\dotnet\sdk\9.0.202\Microsoft.Common.CurrentVersion.targets(5063,5): warning MSB3026: Could not copy "E:\TreadSnow\TreadSnow Github2\src\TreadSnow.Application\bin\Debug\net9.0\TreadSnow.Application.dll" to "bin\Debug\net9.0\TreadSnow.Application.dll". Beginning retry 2 in 1000ms. The process cannot access the file 'E:\TreadSnow\TreadSnow Github2\src\TreadSnow.HttpApi.Host\bin\Debug\net9.0\TreadSnow.Application.dll' because it is being used by another process. The file is locked by: "TreadSnow.HttpApi.Host (46584)" [E:\TreadSnow\TreadSnow Github2\src\TreadSnow.HttpApi.Host\TreadSnow.HttpApi.Host.csproj]
C:\Program Files\dotnet\sdk\9.0.202\Microsoft.Common.CurrentVersion.targets(5063,5): warning MSB3026: Could not copy "E:\TreadSnow\TreadSnow Github2\src\TreadSnow.HttpApi\bin\Debug\net9.0\TreadSnow.HttpApi.dll" to "bin\Debug\net9.0\TreadSnow.HttpApi.dll". Beginning retry 2 in 1000ms. The process cannot access the file 'E:\TreadSnow\TreadSnow Github2\src\TreadSnow.HttpApi.Host\bin\Debug\net9.0\TreadSnow.HttpApi.dll' because it is being used by another process. The file is locked by: "TreadSnow.HttpApi.Host (46584)" [E:\TreadSnow\TreadSnow Github2\src\TreadSnow.HttpApi.Host\TreadSnow.HttpApi.Host.csproj]
C:\Program Files\dotnet\sdk\9.0.202\Microsoft.Common.CurrentVersion.targets(5063,5): warning MSB3026: Could not copy "E:\TreadSnow\TreadSnow Github2\src\TreadSnow.Domain\bin\Debug\net9.0\TreadSnow.Domain.dll" to "bin\Debug\net9.0\TreadSnow.Domain.dll". Beginning retry 2 in 1000ms. The process cannot access the file 'E:\TreadSnow\TreadSnow Github2\src\TreadSnow.HttpApi.Host\bin\Debug\net9.0\TreadSnow.Domain.dll' because it is being used by another process. The file is locked by: "TreadSnow.HttpApi.Host (46584)" [E:\TreadSnow\TreadSnow Github2\src\TreadSnow.HttpApi.Host\TreadSnow.HttpApi.Host.csproj]
C:\Program Files\dotnet\sdk\9.0.202\Microsoft.Common.CurrentVersion.targets(5063,5): warning MSB3026: Could not copy "E:\TreadSnow\TreadSnow Github2\src\TreadSnow.EntityFrameworkCore\bin\Debug\net9.0\TreadSnow.EntityFrameworkCore.dll" to "bin\Debug\net9.0\TreadSnow.EntityFrameworkCore.dll". Beginning retry 3 in 1000ms. The process cannot access the file 'E:\TreadSnow\TreadSnow Github2\src\TreadSnow.HttpApi.Host\bin\Debug\net9.0\TreadSnow.EntityFrameworkCore.dll' because it is being used by another process. The file is locked by: "TreadSnow.HttpApi.Host (46584)" [E:\TreadSnow\TreadSnow Github2\src\TreadSnow.HttpApi.Host\TreadSnow.HttpApi.Host.csproj]
C:\Program Files\dotnet\sdk\9.0.202\Microsoft.Common.CurrentVersion.targets(5063,5): warning MSB3026: Could not copy "E:\TreadSnow\TreadSnow Github2\src\TreadSnow.Domain.Shared\bin\Debug\net9.0\TreadSnow.Domain.Shared.dll" to "bin\Debug\net9.0\TreadSnow.Domain.Shared.dll". Beginning retry 3 in 1000ms. The process cannot access the file 'E:\TreadSnow\TreadSnow Github2\src\TreadSnow.HttpApi.Host\bin\Debug\net9.0\TreadSnow.Domain.Shared.dll' because it is being used by another process. The file is locked by: "TreadSnow.HttpApi.Host (46584)" [E:\TreadSnow\TreadSnow Github2\src\TreadSnow.HttpApi.Host\TreadSnow.HttpApi.Host.csproj]
C:\Program Files\dotnet\sdk\9.0.202\Microsoft.Common.CurrentVersion.targets(5063,5): warning MSB3026: Could not copy "E:\TreadSnow\TreadSnow Github2\src\TreadSnow.Application.Contracts\bin\Debug\net9.0\TreadSnow.Application.Contracts.dll" to "bin\Debug\net9.0\TreadSnow.Application.Contracts.dll". Beginning retry 3 in 1000ms. The process cannot access the file 'E:\TreadSnow\TreadSnow Github2\src\TreadSnow.HttpApi.Host\bin\Debug\net9.0\TreadSnow.Application.Contracts.dll' because it is being used by another process. The file is locked by: "TreadSnow.HttpApi.Host (46584)" [E:\TreadSnow\TreadSnow Github2\src\TreadSnow.HttpApi.Host\TreadSnow.HttpApi.Host.csproj]
C:\Program Files\dotnet\sdk\9.0.202\Microsoft.Common.CurrentVersion.targets(5063,5): warning MSB3026: Could not copy "E:\TreadSnow\TreadSnow Github2\src\TreadSnow.Application\bin\Debug\net9.0\TreadSnow.Application.dll" to "bin\Debug\net9.0\TreadSnow.Application.dll". Beginning retry 3 in 1000ms. The process cannot access the file 'E:\TreadSnow\TreadSnow Github2\src\TreadSnow.HttpApi.Host\bin\Debug\net9.0\TreadSnow.Application.dll' because it is being used by another process. The file is locked by: "TreadSnow.HttpApi.Host (46584)" [E:\TreadSnow\TreadSnow Github2\src\TreadSnow.HttpApi.Host\TreadSnow.HttpApi.Host.csproj]
C:\Program Files\dotnet\sdk\9.0.202\Microsoft.Common.CurrentVersion.targets(5063,5): warning MSB3026: Could not copy "E:\TreadSnow\TreadSnow Github2\src\TreadSnow.HttpApi\bin\Debug\net9.0\TreadSnow.HttpApi.dll" to "bin\Debug\net9.0\TreadSnow.HttpApi.dll". Beginning retry 3 in 1000ms. The process cannot access the file 'E:\TreadSnow\TreadSnow Github2\src\TreadSnow.HttpApi.Host\bin\Debug\net9.0\TreadSnow.HttpApi.dll' because it is being used by another process. The file is locked by: "TreadSnow.HttpApi.Host (46584)" [E:\TreadSnow\TreadSnow Github2\src\TreadSnow.HttpApi.Host\TreadSnow.HttpApi.Host.csproj]
C:\Program Files\dotnet\sdk\9.0.202\Microsoft.Common.CurrentVersion.targets(5063,5): warning MSB3026: Could not copy "E:\TreadSnow\TreadSnow Github2\src\TreadSnow.Domain\bin\Debug\net9.0\TreadSnow.Domain.dll" to "bin\Debug\net9.0\TreadSnow.Domain.dll". Beginning retry 3 in 1000ms. The process cannot access the file 'E:\TreadSnow\TreadSnow Github2\src\TreadSnow.HttpApi.Host\bin\Debug\net9.0\TreadSnow.Domain.dll' because it is being used by another process. The file is locked by: "TreadSnow.HttpApi.Host (46584)" [E:\TreadSnow\TreadSnow Github2\src\TreadSnow.HttpApi.Host\TreadSnow.HttpApi.Host.csproj]
C:\Program Files\dotnet\sdk\9.0.202\Microsoft.Common.CurrentVersion.targets(5063,5): warning MSB3026: Could not copy "E:\TreadSnow\TreadSnow Github2\src\TreadSnow.EntityFrameworkCore\bin\Debug\net9.0\TreadSnow.EntityFrameworkCore.dll" to "bin\Debug\net9.0\TreadSnow.EntityFrameworkCore.dll". Beginning retry 4 in 1000ms. The process cannot access the file 'E:\TreadSnow\TreadSnow Github2\src\TreadSnow.HttpApi.Host\bin\Debug\net9.0\TreadSnow.EntityFrameworkCore.dll' because it is being used by another process. The file is locked by: "TreadSnow.HttpApi.Host (46584)" [E:\TreadSnow\TreadSnow Github2\src\TreadSnow.HttpApi.Host\TreadSnow.HttpApi.Host.csproj]
C:\Program Files\dotnet\sdk\9.0.202\Microsoft.Common.CurrentVersion.targets(5063,5): warning MSB3026: Could not copy "E:\TreadSnow\TreadSnow Github2\src\TreadSnow.Domain.Shared\bin\Debug\net9.0\TreadSnow.Domain.Shared.dll" to "bin\Debug\net9.0\TreadSnow.Domain.Shared.dll". Beginning retry 4 in 1000ms. The process cannot access the file 'E:\TreadSnow\TreadSnow Github2\src\TreadSnow.HttpApi.Host\bin\Debug\net9.0\TreadSnow.Domain.Shared.dll' because it is being used by another process. The file is locked by: "TreadSnow.HttpApi.Host (46584)" [E:\TreadSnow\TreadSnow Github2\src\TreadSnow.HttpApi.Host\TreadSnow.HttpApi.Host.csproj]
C:\Program Files\dotnet\sdk\9.0.202\Microsoft.Common.CurrentVersion.targets(5063,5): warning MSB3026: Could not copy "E:\TreadSnow\TreadSnow Github2\src\TreadSnow.HttpApi\bin\Debug\net9.0\TreadSnow.HttpApi.dll" to "bin\Debug\net9.0\TreadSnow.HttpApi.dll". Beginning retry 4 in 1000ms. The process cannot access the file 'E:\TreadSnow\TreadSnow Github2\src\TreadSnow.HttpApi.Host\bin\Debug\net9.0\TreadSnow.HttpApi.dll' because it is being used by another process. The file is locked by: "TreadSnow.HttpApi.Host (46584)" [E:\TreadSnow\TreadSnow Github2\src\TreadSnow.HttpApi.Host\TreadSnow.HttpApi.Host.csproj]
C:\Program Files\dotnet\sdk\9.0.202\Microsoft.Common.CurrentVersion.targets(5063,5): warning MSB3026: Could not copy "E:\TreadSnow\TreadSnow Github2\src\TreadSnow.Application.Contracts\bin\Debug\net9.0\TreadSnow.Application.Contracts.dll" to "bin\Debug\net9.0\TreadSnow.Application.Contracts.dll". Beginning retry 4 in 1000ms. The process cannot access the file 'E:\TreadSnow\TreadSnow Github2\src\TreadSnow.HttpApi.Host\bin\Debug\net9.0\TreadSnow.Application.Contracts.dll' because it is being used by another process. The file is locked by: "TreadSnow.HttpApi.Host (46584)" [E:\TreadSnow\TreadSnow Github2\src\TreadSnow.HttpApi.Host\TreadSnow.HttpApi.Host.csproj]
C:\Program Files\dotnet\sdk\9.0.202\Microsoft.Common.CurrentVersion.targets(5063,5): warning MSB3026: Could not copy "E:\TreadSnow\TreadSnow Github2\src\TreadSnow.Application\bin\Debug\net9.0\TreadSnow.Application.dll" to "bin\Debug\net9.0\TreadSnow.Application.dll". Beginning retry 4 in 1000ms. The process cannot access the file 'E:\TreadSnow\TreadSnow Github2\src\TreadSnow.HttpApi.Host\bin\Debug\net9.0\TreadSnow.Application.dll' because it is being used by another process. The file is locked by: "TreadSnow.HttpApi.Host (46584)" [E:\TreadSnow\TreadSnow Github2\src\TreadSnow.HttpApi.Host\TreadSnow.HttpApi.Host.csproj]
C:\Program Files\dotnet\sdk\9.0.202\Microsoft.Common.CurrentVersion.targets(5063,5): warning MSB3026: Could not copy "E:\TreadSnow\TreadSnow Github2\src\TreadSnow.Domain\bin\Debug\net9.0\TreadSnow.Domain.dll" to "bin\Debug\net9.0\TreadSnow.Domain.dll". Beginning retry 4 in 1000ms. The process cannot access the file 'E:\TreadSnow\TreadSnow Github2\src\TreadSnow.HttpApi.Host\bin\Debug\net9.0\TreadSnow.Domain.dll' because it is being used by another process. The file is locked by: "TreadSnow.HttpApi.Host (46584)" [E:\TreadSnow\TreadSnow Github2\src\TreadSnow.HttpApi.Host\TreadSnow.HttpApi.Host.csproj]
C:\Program Files\dotnet\sdk\9.0.202\Microsoft.Common.CurrentVersion.targets(5063,5): warning MSB3026: Could not copy "E:\TreadSnow\TreadSnow Github2\src\TreadSnow.EntityFrameworkCore\bin\Debug\net9.0\TreadSnow.EntityFrameworkCore.dll" to "bin\Debug\net9.0\TreadSnow.EntityFrameworkCore.dll". Beginning retry 5 in 1000ms. The process cannot access the file 'E:\TreadSnow\TreadSnow Github2\src\TreadSnow.HttpApi.Host\bin\Debug\net9.0\TreadSnow.EntityFrameworkCore.dll' because it is being used by another process. The file is locked by: "TreadSnow.HttpApi.Host (46584)" [E:\TreadSnow\TreadSnow Github2\src\TreadSnow.HttpApi.Host\TreadSnow.HttpApi.Host.csproj]
C:\Program Files\dotnet\sdk\9.0.202\Microsoft.Common.CurrentVersion.targets(5063,5): warning MSB3026: Could not copy "E:\TreadSnow\TreadSnow Github2\src\TreadSnow.Domain.Shared\bin\Debug\net9.0\TreadSnow.Domain.Shared.dll" to "bin\Debug\net9.0\TreadSnow.Domain.Shared.dll". Beginning retry 5 in 1000ms. The process cannot access the file 'E:\TreadSnow\TreadSnow Github2\src\TreadSnow.HttpApi.Host\bin\Debug\net9.0\TreadSnow.Domain.Shared.dll' because it is being used by another process. The file is locked by: "TreadSnow.HttpApi.Host (46584)" [E:\TreadSnow\TreadSnow Github2\src\TreadSnow.HttpApi.Host\TreadSnow.HttpApi.Host.csproj]
C:\Program Files\dotnet\sdk\9.0.202\Microsoft.Common.CurrentVersion.targets(5063,5): warning MSB3026: Could not copy "E:\TreadSnow\TreadSnow Github2\src\TreadSnow.Application.Contracts\bin\Debug\net9.0\TreadSnow.Application.Contracts.dll" to "bin\Debug\net9.0\TreadSnow.Application.Contracts.dll". Beginning retry 5 in 1000ms. The process cannot access the file 'E:\TreadSnow\TreadSnow Github2\src\TreadSnow.HttpApi.Host\bin\Debug\net9.0\TreadSnow.Application.Contracts.dll' because it is being used by another process. The file is locked by: "TreadSnow.HttpApi.Host (46584)" [E:\TreadSnow\TreadSnow Github2\src\TreadSnow.HttpApi.Host\TreadSnow.HttpApi.Host.csproj]
C:\Program Files\dotnet\sdk\9.0.202\Microsoft.Common.CurrentVersion.targets(5063,5): warning MSB3026: Could not copy "E:\TreadSnow\TreadSnow Github2\src\TreadSnow.Domain\bin\Debug\net9.0\TreadSnow.Domain.dll" to "bin\Debug\net9.0\TreadSnow.Domain.dll". Beginning retry 5 in 1000ms. The process cannot access the file 'E:\TreadSnow\TreadSnow Github2\src\TreadSnow.HttpApi.Host\bin\Debug\net9.0\TreadSnow.Domain.dll' because it is being used by another process. The file is locked by: "TreadSnow.HttpApi.Host (46584)" [E:\TreadSnow\TreadSnow Github2\src\TreadSnow.HttpApi.Host\TreadSnow.HttpApi.Host.csproj]
C:\Program Files\dotnet\sdk\9.0.202\Microsoft.Common.CurrentVersion.targets(5063,5): warning MSB3026: Could not copy "E:\TreadSnow\TreadSnow Github2\src\TreadSnow.Application\bin\Debug\net9.0\TreadSnow.Application.dll" to "bin\Debug\net9.0\TreadSnow.Application.dll". Beginning retry 5 in 1000ms. The process cannot access the file 'E:\TreadSnow\TreadSnow Github2\src\TreadSnow.HttpApi.Host\bin\Debug\net9.0\TreadSnow.Application.dll' because it is being used by another process. The file is locked by: "TreadSnow.HttpApi.Host (46584)" [E:\TreadSnow\TreadSnow Github2\src\TreadSnow.HttpApi.Host\TreadSnow.HttpApi.Host.csproj]
C:\Program Files\dotnet\sdk\9.0.202\Microsoft.Common.CurrentVersion.targets(5063,5): warning MSB3026: Could not copy "E:\TreadSnow\TreadSnow Github2\src\TreadSnow.HttpApi\bin\Debug\net9.0\TreadSnow.HttpApi.dll" to "bin\Debug\net9.0\TreadSnow.HttpApi.dll". Beginning retry 5 in 1000ms. The process cannot access the file 'E:\TreadSnow\TreadSnow Github2\src\TreadSnow.HttpApi.Host\bin\Debug\net9.0\TreadSnow.HttpApi.dll' because it is being used by another process. The file is locked by: "TreadSnow.HttpApi.Host (46584)" [E:\TreadSnow\TreadSnow Github2\src\TreadSnow.HttpApi.Host\TreadSnow.HttpApi.Host.csproj]
C:\Program Files\dotnet\sdk\9.0.202\Microsoft.Common.CurrentVersion.targets(5063,5): warning MSB3026: Could not copy "E:\TreadSnow\TreadSnow Github2\src\TreadSnow.EntityFrameworkCore\bin\Debug\net9.0\TreadSnow.EntityFrameworkCore.dll" to "bin\Debug\net9.0\TreadSnow.EntityFrameworkCore.dll". Beginning retry 6 in 1000ms. The process cannot access the file 'E:\TreadSnow\TreadSnow Github2\src\TreadSnow.HttpApi.Host\bin\Debug\net9.0\TreadSnow.EntityFrameworkCore.dll' because it is being used by another process. The file is locked by: "TreadSnow.HttpApi.Host (46584)" [E:\TreadSnow\TreadSnow Github2\src\TreadSnow.HttpApi.Host\TreadSnow.HttpApi.Host.csproj]
C:\Program Files\dotnet\sdk\9.0.202\Microsoft.Common.CurrentVersion.targets(5063,5): warning MSB3026: Could not copy "E:\TreadSnow\TreadSnow Github2\src\TreadSnow.Domain.Shared\bin\Debug\net9.0\TreadSnow.Domain.Shared.dll" to "bin\Debug\net9.0\TreadSnow.Domain.Shared.dll". Beginning retry 6 in 1000ms. The process cannot access the file 'E:\TreadSnow\TreadSnow Github2\src\TreadSnow.HttpApi.Host\bin\Debug\net9.0\TreadSnow.Domain.Shared.dll' because it is being used by another process. The file is locked by: "TreadSnow.HttpApi.Host (46584)" [E:\TreadSnow\TreadSnow Github2\src\TreadSnow.HttpApi.Host\TreadSnow.HttpApi.Host.csproj]
C:\Program Files\dotnet\sdk\9.0.202\Microsoft.Common.CurrentVersion.targets(5063,5): warning MSB3026: Could not copy "E:\TreadSnow\TreadSnow Github2\src\TreadSnow.Application.Contracts\bin\Debug\net9.0\TreadSnow.Application.Contracts.dll" to "bin\Debug\net9.0\TreadSnow.Application.Contracts.dll". Beginning retry 6 in 1000ms. The process cannot access the file 'E:\TreadSnow\TreadSnow Github2\src\TreadSnow.HttpApi.Host\bin\Debug\net9.0\TreadSnow.Application.Contracts.dll' because it is being used by another process. The file is locked by: "TreadSnow.HttpApi.Host (46584)" [E:\TreadSnow\TreadSnow Github2\src\TreadSnow.HttpApi.Host\TreadSnow.HttpApi.Host.csproj]
C:\Program Files\dotnet\sdk\9.0.202\Microsoft.Common.CurrentVersion.targets(5063,5): warning MSB3026: Could not copy "E:\TreadSnow\TreadSnow Github2\src\TreadSnow.Domain\bin\Debug\net9.0\TreadSnow.Domain.dll" to "bin\Debug\net9.0\TreadSnow.Domain.dll". Beginning retry 6 in 1000ms. The process cannot access the file 'E:\TreadSnow\TreadSnow Github2\src\TreadSnow.HttpApi.Host\bin\Debug\net9.0\TreadSnow.Domain.dll' because it is being used by another process. The file is locked by: "TreadSnow.HttpApi.Host (46584)" [E:\TreadSnow\TreadSnow Github2\src\TreadSnow.HttpApi.Host\TreadSnow.HttpApi.Host.csproj]
C:\Program Files\dotnet\sdk\9.0.202\Microsoft.Common.CurrentVersion.targets(5063,5): warning MSB3026: Could not copy "E:\TreadSnow\TreadSnow Github2\src\TreadSnow.Application\bin\Debug\net9.0\TreadSnow.Application.dll" to "bin\Debug\net9.0\TreadSnow.Application.dll". Beginning retry 6 in 1000ms. The process cannot access the file 'E:\TreadSnow\TreadSnow Github2\src\TreadSnow.HttpApi.Host\bin\Debug\net9.0\TreadSnow.Application.dll' because it is being used by another process. The file is locked by: "TreadSnow.HttpApi.Host (46584)" [E:\TreadSnow\TreadSnow Github2\src\TreadSnow.HttpApi.Host\TreadSnow.HttpApi.Host.csproj]
C:\Program Files\dotnet\sdk\9.0.202\Microsoft.Common.CurrentVersion.targets(5063,5): warning MSB3026: Could not copy "E:\TreadSnow\TreadSnow Github2\src\TreadSnow.HttpApi\bin\Debug\net9.0\TreadSnow.HttpApi.dll" to "bin\Debug\net9.0\TreadSnow.HttpApi.dll". Beginning retry 6 in 1000ms. The process cannot access the file 'E:\TreadSnow\TreadSnow Github2\src\TreadSnow.HttpApi.Host\bin\Debug\net9.0\TreadSnow.HttpApi.dll' because it is being used by another process. The file is locked by: "TreadSnow.HttpApi.Host (46584)" [E:\TreadSnow\TreadSnow Github2\src\TreadSnow.HttpApi.Host\TreadSnow.HttpApi.Host.csproj]
C:\Program Files\dotnet\sdk\9.0.202\Microsoft.Common.CurrentVersion.targets(5063,5): warning MSB3026: Could not copy "E:\TreadSnow\TreadSnow Github2\src\TreadSnow.EntityFrameworkCore\bin\Debug\net9.0\TreadSnow.EntityFrameworkCore.dll" to "bin\Debug\net9.0\TreadSnow.EntityFrameworkCore.dll". Beginning retry 7 in 1000ms. The process cannot access the file 'E:\TreadSnow\TreadSnow Github2\src\TreadSnow.HttpApi.Host\bin\Debug\net9.0\TreadSnow.EntityFrameworkCore.dll' because it is being used by another process. The file is locked by: "TreadSnow.HttpApi.Host (46584)" [E:\TreadSnow\TreadSnow Github2\src\TreadSnow.HttpApi.Host\TreadSnow.HttpApi.Host.csproj]
C:\Program Files\dotnet\sdk\9.0.202\Microsoft.Common.CurrentVersion.targets(5063,5): warning MSB3026: Could not copy "E:\TreadSnow\TreadSnow Github2\src\TreadSnow.Domain.Shared\bin\Debug\net9.0\TreadSnow.Domain.Shared.dll" to "bin\Debug\net9.0\TreadSnow.Domain.Shared.dll". Beginning retry 7 in 1000ms. The process cannot access the file 'E:\TreadSnow\TreadSnow Github2\src\TreadSnow.HttpApi.Host\bin\Debug\net9.0\TreadSnow.Domain.Shared.dll' because it is being used by another process. The file is locked by: "TreadSnow.HttpApi.Host (46584)" [E:\TreadSnow\TreadSnow Github2\src\TreadSnow.HttpApi.Host\TreadSnow.HttpApi.Host.csproj]
C:\Program Files\dotnet\sdk\9.0.202\Microsoft.Common.CurrentVersion.targets(5063,5): warning MSB3026: Could not copy "E:\TreadSnow\TreadSnow Github2\src\TreadSnow.Application.Contracts\bin\Debug\net9.0\TreadSnow.Application.Contracts.dll" to "bin\Debug\net9.0\TreadSnow.Application.Contracts.dll". Beginning retry 7 in 1000ms. The process cannot access the file 'E:\TreadSnow\TreadSnow Github2\src\TreadSnow.HttpApi.Host\bin\Debug\net9.0\TreadSnow.Application.Contracts.dll' because it is being used by another process. The file is locked by: "TreadSnow.HttpApi.Host (46584)" [E:\TreadSnow\TreadSnow Github2\src\TreadSnow.HttpApi.Host\TreadSnow.HttpApi.Host.csproj]
C:\Program Files\dotnet\sdk\9.0.202\Microsoft.Common.CurrentVersion.targets(5063,5): warning MSB3026: Could not copy "E:\TreadSnow\TreadSnow Github2\src\TreadSnow.Domain\bin\Debug\net9.0\TreadSnow.Domain.dll" to "bin\Debug\net9.0\TreadSnow.Domain.dll". Beginning retry 7 in 1000ms. The process cannot access the file 'E:\TreadSnow\TreadSnow Github2\src\TreadSnow.HttpApi.Host\bin\Debug\net9.0\TreadSnow.Domain.dll' because it is being used by another process. The file is locked by: "TreadSnow.HttpApi.Host (46584)" [E:\TreadSnow\TreadSnow Github2\src\TreadSnow.HttpApi.Host\TreadSnow.HttpApi.Host.csproj]
C:\Program Files\dotnet\sdk\9.0.202\Microsoft.Common.CurrentVersion.targets(5063,5): warning MSB3026: Could not copy "E:\TreadSnow\TreadSnow Github2\src\TreadSnow.Application\bin\Debug\net9.0\TreadSnow.Application.dll" to "bin\Debug\net9.0\TreadSnow.Application.dll". Beginning retry 7 in 1000ms. The process cannot access the file 'E:\TreadSnow\TreadSnow Github2\src\TreadSnow.HttpApi.Host\bin\Debug\net9.0\TreadSnow.Application.dll' because it is being used by another process. The file is locked by: "TreadSnow.HttpApi.Host (46584)" [E:\TreadSnow\TreadSnow Github2\src\TreadSnow.HttpApi.Host\TreadSnow.HttpApi.Host.csproj]
C:\Program Files\dotnet\sdk\9.0.202\Microsoft.Common.CurrentVersion.targets(5063,5): warning MSB3026: Could not copy "E:\TreadSnow\TreadSnow Github2\src\TreadSnow.HttpApi\bin\Debug\net9.0\TreadSnow.HttpApi.dll" to "bin\Debug\net9.0\TreadSnow.HttpApi.dll". Beginning retry 7 in 1000ms. The process cannot access the file 'E:\TreadSnow\TreadSnow Github2\src\TreadSnow.HttpApi.Host\bin\Debug\net9.0\TreadSnow.HttpApi.dll' because it is being used by another process. The file is locked by: "TreadSnow.HttpApi.Host (46584)" [E:\TreadSnow\TreadSnow Github2\src\TreadSnow.HttpApi.Host\TreadSnow.HttpApi.Host.csproj]
C:\Program Files\dotnet\sdk\9.0.202\Microsoft.Common.CurrentVersion.targets(5063,5): warning MSB3026: Could not copy "E:\TreadSnow\TreadSnow Github2\src\TreadSnow.EntityFrameworkCore\bin\Debug\net9.0\TreadSnow.EntityFrameworkCore.dll" to "bin\Debug\net9.0\TreadSnow.EntityFrameworkCore.dll". Beginning retry 8 in 1000ms. The process cannot access the file 'E:\TreadSnow\TreadSnow Github2\src\TreadSnow.HttpApi.Host\bin\Debug\net9.0\TreadSnow.EntityFrameworkCore.dll' because it is being used by another process. The file is locked by: "TreadSnow.HttpApi.Host (46584)" [E:\TreadSnow\TreadSnow Github2\src\TreadSnow.HttpApi.Host\TreadSnow.HttpApi.Host.csproj]
C:\Program Files\dotnet\sdk\9.0.202\Microsoft.Common.CurrentVersion.targets(5063,5): warning MSB3026: Could not copy "E:\TreadSnow\TreadSnow Github2\src\TreadSnow.Domain.Shared\bin\Debug\net9.0\TreadSnow.Domain.Shared.dll" to "bin\Debug\net9.0\TreadSnow.Domain.Shared.dll". Beginning retry 8 in 1000ms. The process cannot access the file 'E:\TreadSnow\TreadSnow Github2\src\TreadSnow.HttpApi.Host\bin\Debug\net9.0\TreadSnow.Domain.Shared.dll' because it is being used by another process. The file is locked by: "TreadSnow.HttpApi.Host (46584)" [E:\TreadSnow\TreadSnow Github2\src\TreadSnow.HttpApi.Host\TreadSnow.HttpApi.Host.csproj]
C:\Program Files\dotnet\sdk\9.0.202\Microsoft.Common.CurrentVersion.targets(5063,5): warning MSB3026: Could not copy "E:\TreadSnow\TreadSnow Github2\src\TreadSnow.Application.Contracts\bin\Debug\net9.0\TreadSnow.Application.Contracts.dll" to "bin\Debug\net9.0\TreadSnow.Application.Contracts.dll". Beginning retry 8 in 1000ms. The process cannot access the file 'E:\TreadSnow\TreadSnow Github2\src\TreadSnow.HttpApi.Host\bin\Debug\net9.0\TreadSnow.Application.Contracts.dll' because it is being used by another process. The file is locked by: "TreadSnow.HttpApi.Host (46584)" [E:\TreadSnow\TreadSnow Github2\src\TreadSnow.HttpApi.Host\TreadSnow.HttpApi.Host.csproj]
C:\Program Files\dotnet\sdk\9.0.202\Microsoft.Common.CurrentVersion.targets(5063,5): warning MSB3026: Could not copy "E:\TreadSnow\TreadSnow Github2\src\TreadSnow.Domain\bin\Debug\net9.0\TreadSnow.Domain.dll" to "bin\Debug\net9.0\TreadSnow.Domain.dll". Beginning retry 8 in 1000ms. The process cannot access the file 'E:\TreadSnow\TreadSnow Github2\src\TreadSnow.HttpApi.Host\bin\Debug\net9.0\TreadSnow.Domain.dll' because it is being used by another process. The file is locked by: "TreadSnow.HttpApi.Host (46584)" [E:\TreadSnow\TreadSnow Github2\src\TreadSnow.HttpApi.Host\TreadSnow.HttpApi.Host.csproj]
C:\Program Files\dotnet\sdk\9.0.202\Microsoft.Common.CurrentVersion.targets(5063,5): warning MSB3026: Could not copy "E:\TreadSnow\TreadSnow Github2\src\TreadSnow.HttpApi\bin\Debug\net9.0\TreadSnow.HttpApi.dll" to "bin\Debug\net9.0\TreadSnow.HttpApi.dll". Beginning retry 8 in 1000ms. The process cannot access the file 'E:\TreadSnow\TreadSnow Github2\src\TreadSnow.HttpApi.Host\bin\Debug\net9.0\TreadSnow.HttpApi.dll' because it is being used by another process. The file is locked by: "TreadSnow.HttpApi.Host (46584)" [E:\TreadSnow\TreadSnow Github2\src\TreadSnow.HttpApi.Host\TreadSnow.HttpApi.Host.csproj]
C:\Program Files\dotnet\sdk\9.0.202\Microsoft.Common.CurrentVersion.targets(5063,5): warning MSB3026: Could not copy "E:\TreadSnow\TreadSnow Github2\src\TreadSnow.Application\bin\Debug\net9.0\TreadSnow.Application.dll" to "bin\Debug\net9.0\TreadSnow.Application.dll". Beginning retry 8 in 1000ms. The process cannot access the file 'E:\TreadSnow\TreadSnow Github2\src\TreadSnow.HttpApi.Host\bin\Debug\net9.0\TreadSnow.Application.dll' because it is being used by another process. The file is locked by: "TreadSnow.HttpApi.Host (46584)" [E:\TreadSnow\TreadSnow Github2\src\TreadSnow.HttpApi.Host\TreadSnow.HttpApi.Host.csproj]
C:\Program Files\dotnet\sdk\9.0.202\Microsoft.Common.CurrentVersion.targets(5063,5): warning MSB3026: Could not copy "E:\TreadSnow\TreadSnow Github2\src\TreadSnow.EntityFrameworkCore\bin\Debug\net9.0\TreadSnow.EntityFrameworkCore.dll" to "bin\Debug\net9.0\TreadSnow.EntityFrameworkCore.dll". Beginning retry 9 in 1000ms. The process cannot access the file 'E:\TreadSnow\TreadSnow Github2\src\TreadSnow.HttpApi.Host\bin\Debug\net9.0\TreadSnow.EntityFrameworkCore.dll' because it is being used by another process. The file is locked by: "TreadSnow.HttpApi.Host (46584)" [E:\TreadSnow\TreadSnow Github2\src\TreadSnow.HttpApi.Host\TreadSnow.HttpApi.Host.csproj]
C:\Program Files\dotnet\sdk\9.0.202\Microsoft.Common.CurrentVersion.targets(5063,5): warning MSB3026: Could not copy "E:\TreadSnow\TreadSnow Github2\src\TreadSnow.Domain.Shared\bin\Debug\net9.0\TreadSnow.Domain.Shared.dll" to "bin\Debug\net9.0\TreadSnow.Domain.Shared.dll". Beginning retry 9 in 1000ms. The process cannot access the file 'E:\TreadSnow\TreadSnow Github2\src\TreadSnow.HttpApi.Host\bin\Debug\net9.0\TreadSnow.Domain.Shared.dll' because it is being used by another process. The file is locked by: "TreadSnow.HttpApi.Host (46584)" [E:\TreadSnow\TreadSnow Github2\src\TreadSnow.HttpApi.Host\TreadSnow.HttpApi.Host.csproj]
C:\Program Files\dotnet\sdk\9.0.202\Microsoft.Common.CurrentVersion.targets(5063,5): warning MSB3026: Could not copy "E:\TreadSnow\TreadSnow Github2\src\TreadSnow.Application.Contracts\bin\Debug\net9.0\TreadSnow.Application.Contracts.dll" to "bin\Debug\net9.0\TreadSnow.Application.Contracts.dll". Beginning retry 9 in 1000ms. The process cannot access the file 'E:\TreadSnow\TreadSnow Github2\src\TreadSnow.HttpApi.Host\bin\Debug\net9.0\TreadSnow.Application.Contracts.dll' because it is being used by another process. The file is locked by: "TreadSnow.HttpApi.Host (46584)" [E:\TreadSnow\TreadSnow Github2\src\TreadSnow.HttpApi.Host\TreadSnow.HttpApi.Host.csproj]
C:\Program Files\dotnet\sdk\9.0.202\Microsoft.Common.CurrentVersion.targets(5063,5): warning MSB3026: Could not copy "E:\TreadSnow\TreadSnow Github2\src\TreadSnow.Domain\bin\Debug\net9.0\TreadSnow.Domain.dll" to "bin\Debug\net9.0\TreadSnow.Domain.dll". Beginning retry 9 in 1000ms. The process cannot access the file 'E:\TreadSnow\TreadSnow Github2\src\TreadSnow.HttpApi.Host\bin\Debug\net9.0\TreadSnow.Domain.dll' because it is being used by another process. The file is locked by: "TreadSnow.HttpApi.Host (46584)" [E:\TreadSnow\TreadSnow Github2\src\TreadSnow.HttpApi.Host\TreadSnow.HttpApi.Host.csproj]
C:\Program Files\dotnet\sdk\9.0.202\Microsoft.Common.CurrentVersion.targets(5063,5): warning MSB3026: Could not copy "E:\TreadSnow\TreadSnow Github2\src\TreadSnow.HttpApi\bin\Debug\net9.0\TreadSnow.HttpApi.dll" to "bin\Debug\net9.0\TreadSnow.HttpApi.dll". Beginning retry 9 in 1000ms. The process cannot access the file 'E:\TreadSnow\TreadSnow Github2\src\TreadSnow.HttpApi.Host\bin\Debug\net9.0\TreadSnow.HttpApi.dll' because it is being used by another process. The file is locked by: "TreadSnow.HttpApi.Host (46584)" [E:\TreadSnow\TreadSnow Github2\src\TreadSnow.HttpApi.Host\TreadSnow.HttpApi.Host.csproj]
C:\Program Files\dotnet\sdk\9.0.202\Microsoft.Common.CurrentVersion.targets(5063,5): warning MSB3026: Could not copy "E:\TreadSnow\TreadSnow Github2\src\TreadSnow.Application\bin\Debug\net9.0\TreadSnow.Application.dll" to "bin\Debug\net9.0\TreadSnow.Application.dll". Beginning retry 9 in 1000ms. The process cannot access the file 'E:\TreadSnow\TreadSnow Github2\src\TreadSnow.HttpApi.Host\bin\Debug\net9.0\TreadSnow.Application.dll' because it is being used by another process. The file is locked by: "TreadSnow.HttpApi.Host (46584)" [E:\TreadSnow\TreadSnow Github2\src\TreadSnow.HttpApi.Host\TreadSnow.HttpApi.Host.csproj]
C:\Program Files\dotnet\sdk\9.0.202\Microsoft.Common.CurrentVersion.targets(5063,5): warning MSB3026: Could not copy "E:\TreadSnow\TreadSnow Github2\src\TreadSnow.EntityFrameworkCore\bin\Debug\net9.0\TreadSnow.EntityFrameworkCore.dll" to "bin\Debug\net9.0\TreadSnow.EntityFrameworkCore.dll". Beginning retry 10 in 1000ms. The process cannot access the file 'E:\TreadSnow\TreadSnow Github2\src\TreadSnow.HttpApi.Host\bin\Debug\net9.0\TreadSnow.EntityFrameworkCore.dll' because it is being used by another process. The file is locked by: "TreadSnow.HttpApi.Host (46584)" [E:\TreadSnow\TreadSnow Github2\src\TreadSnow.HttpApi.Host\TreadSnow.HttpApi.Host.csproj]
C:\Program Files\dotnet\sdk\9.0.202\Microsoft.Common.CurrentVersion.targets(5063,5): warning MSB3026: Could not copy "E:\TreadSnow\TreadSnow Github2\src\TreadSnow.Domain.Shared\bin\Debug\net9.0\TreadSnow.Domain.Shared.dll" to "bin\Debug\net9.0\TreadSnow.Domain.Shared.dll". Beginning retry 10 in 1000ms. The process cannot access the file 'E:\TreadSnow\TreadSnow Github2\src\TreadSnow.HttpApi.Host\bin\Debug\net9.0\TreadSnow.Domain.Shared.dll' because it is being used by another process. The file is locked by: "TreadSnow.HttpApi.Host (46584)" [E:\TreadSnow\TreadSnow Github2\src\TreadSnow.HttpApi.Host\TreadSnow.HttpApi.Host.csproj]
C:\Program Files\dotnet\sdk\9.0.202\Microsoft.Common.CurrentVersion.targets(5063,5): warning MSB3026: Could not copy "E:\TreadSnow\TreadSnow Github2\src\TreadSnow.Application.Contracts\bin\Debug\net9.0\TreadSnow.Application.Contracts.dll" to "bin\Debug\net9.0\TreadSnow.Application.Contracts.dll". Beginning retry 10 in 1000ms. The process cannot access the file 'E:\TreadSnow\TreadSnow Github2\src\TreadSnow.HttpApi.Host\bin\Debug\net9.0\TreadSnow.Application.Contracts.dll' because it is being used by another process. The file is locked by: "TreadSnow.HttpApi.Host (46584)" [E:\TreadSnow\TreadSnow Github2\src\TreadSnow.HttpApi.Host\TreadSnow.HttpApi.Host.csproj]
C:\Program Files\dotnet\sdk\9.0.202\Microsoft.Common.CurrentVersion.targets(5063,5): warning MSB3026: Could not copy "E:\TreadSnow\TreadSnow Github2\src\TreadSnow.Domain\bin\Debug\net9.0\TreadSnow.Domain.dll" to "bin\Debug\net9.0\TreadSnow.Domain.dll". Beginning retry 10 in 1000ms. The process cannot access the file 'E:\TreadSnow\TreadSnow Github2\src\TreadSnow.HttpApi.Host\bin\Debug\net9.0\TreadSnow.Domain.dll' because it is being used by another process. The file is locked by: "TreadSnow.HttpApi.Host (46584)" [E:\TreadSnow\TreadSnow Github2\src\TreadSnow.HttpApi.Host\TreadSnow.HttpApi.Host.csproj]
C:\Program Files\dotnet\sdk\9.0.202\Microsoft.Common.CurrentVersion.targets(5063,5): warning MSB3026: Could not copy "E:\TreadSnow\TreadSnow Github2\src\TreadSnow.Application\bin\Debug\net9.0\TreadSnow.Application.dll" to "bin\Debug\net9.0\TreadSnow.Application.dll". Beginning retry 10 in 1000ms. The process cannot access the file 'E:\TreadSnow\TreadSnow Github2\src\TreadSnow.HttpApi.Host\bin\Debug\net9.0\TreadSnow.Application.dll' because it is being used by another process. The file is locked by: "TreadSnow.HttpApi.Host (46584)" [E:\TreadSnow\TreadSnow Github2\src\TreadSnow.HttpApi.Host\TreadSnow.HttpApi.Host.csproj]
C:\Program Files\dotnet\sdk\9.0.202\Microsoft.Common.CurrentVersion.targets(5063,5): warning MSB3026: Could not copy "E:\TreadSnow\TreadSnow Github2\src\TreadSnow.HttpApi\bin\Debug\net9.0\TreadSnow.HttpApi.dll" to "bin\Debug\net9.0\TreadSnow.HttpApi.dll". Beginning retry 10 in 1000ms. The process cannot access the file 'E:\TreadSnow\TreadSnow Github2\src\TreadSnow.HttpApi.Host\bin\Debug\net9.0\TreadSnow.HttpApi.dll' because it is being used by another process. The file is locked by: "TreadSnow.HttpApi.Host (46584)" [E:\TreadSnow\TreadSnow Github2\src\TreadSnow.HttpApi.Host\TreadSnow.HttpApi.Host.csproj]
C:\Program Files\dotnet\sdk\9.0.202\Microsoft.Common.CurrentVersion.targets(5063,5): warning MSB3026: Could not copy "E:\TreadSnow\TreadSnow Github2\ABP9.1.1\modules\account\src\Volo.Abp.Account.Application.Contracts\bin\Debug\net9.0\Volo.Abp.Account.Application.Contracts.dll" to "bin\Debug\net9.0\Volo.Abp.Account.Application.Contracts.dll". Beginning retry 1 in 1000ms. The process cannot access the file 'E:\TreadSnow\TreadSnow Github2\src\TreadSnow.HttpApi.Host\bin\Debug\net9.0\Volo.Abp.Account.Application.Contracts.dll' because it is being used by another process. The file is locked by: "TreadSnow.HttpApi.Host (46584)" [E:\TreadSnow\TreadSnow Github2\src\TreadSnow.HttpApi.Host\TreadSnow.HttpApi.Host.csproj]
C:\Program Files\dotnet\sdk\9.0.202\Microsoft.Common.CurrentVersion.targets(5063,5): warning MSB3026: Could not copy "E:\TreadSnow\TreadSnow Github2\ABP9.1.1\modules\account\src\Volo.Abp.Account.Application\bin\Debug\net9.0\Volo.Abp.Account.Application.dll" to "bin\Debug\net9.0\Volo.Abp.Account.Application.dll". Beginning retry 1 in 1000ms. The process cannot access the file 'E:\TreadSnow\TreadSnow Github2\src\TreadSnow.HttpApi.Host\bin\Debug\net9.0\Volo.Abp.Account.Application.dll' because it is being used by another process. The file is locked by: "TreadSnow.HttpApi.Host (46584)" [E:\TreadSnow\TreadSnow Github2\src\TreadSnow.HttpApi.Host\TreadSnow.HttpApi.Host.csproj]
C:\Program Files\dotnet\sdk\9.0.202\Microsoft.Common.CurrentVersion.targets(5063,5): warning MSB3026: Could not copy "E:\TreadSnow\TreadSnow Github2\ABP9.1.1\modules\account\src\Volo.Abp.Account.HttpApi\bin\Debug\net9.0\Volo.Abp.Account.HttpApi.dll" to "bin\Debug\net9.0\Volo.Abp.Account.HttpApi.dll". Beginning retry 1 in 1000ms. The process cannot access the file 'E:\TreadSnow\TreadSnow Github2\src\TreadSnow.HttpApi.Host\bin\Debug\net9.0\Volo.Abp.Account.HttpApi.dll' because it is being used by another process. The file is locked by: "TreadSnow.HttpApi.Host (46584)" [E:\TreadSnow\TreadSnow Github2\src\TreadSnow.HttpApi.Host\TreadSnow.HttpApi.Host.csproj]
C:\Program Files\dotnet\sdk\9.0.202\Microsoft.Common.CurrentVersion.targets(5063,5): warning MSB3026: Could not copy "E:\TreadSnow\TreadSnow Github2\ABP9.1.1\modules\account\src\Volo.Abp.Account.Web\bin\Debug\net9.0\Volo.Abp.Account.Web.dll" to "bin\Debug\net9.0\Volo.Abp.Account.Web.dll". Beginning retry 1 in 1000ms. The process cannot access the file 'E:\TreadSnow\TreadSnow Github2\src\TreadSnow.HttpApi.Host\bin\Debug\net9.0\Volo.Abp.Account.Web.dll' because it is being used by another process. The file is locked by: "TreadSnow.HttpApi.Host (46584)" [E:\TreadSnow\TreadSnow Github2\src\TreadSnow.HttpApi.Host\TreadSnow.HttpApi.Host.csproj]
C:\Program Files\dotnet\sdk\9.0.202\Microsoft.Common.CurrentVersion.targets(5063,5): warning MSB3026: Could not copy "E:\TreadSnow\TreadSnow Github2\ABP9.1.1\modules\account\src\Volo.Abp.Account.Web.OpenIddict\bin\Debug\net9.0\Volo.Abp.Account.Web.OpenIddict.dll" to "bin\Debug\net9.0\Volo.Abp.Account.Web.OpenIddict.dll". Beginning retry 1 in 1000ms. The process cannot access the file 'E:\TreadSnow\TreadSnow Github2\src\TreadSnow.HttpApi.Host\bin\Debug\net9.0\Volo.Abp.Account.Web.OpenIddict.dll' because it is being used by another process. The file is locked by: "TreadSnow.HttpApi.Host (46584)" [E:\TreadSnow\TreadSnow Github2\src\TreadSnow.HttpApi.Host\TreadSnow.HttpApi.Host.csproj]
C:\Program Files\dotnet\sdk\9.0.202\Microsoft.Common.CurrentVersion.targets(5063,5): warning MSB3026: Could not copy "E:\TreadSnow\TreadSnow Github2\ABP9.1.1\framework\src\Volo.Abp.ApiVersioning.Abstractions\bin\Debug\net9.0\Volo.Abp.ApiVersioning.Abstractions.dll" to "bin\Debug\net9.0\Volo.Abp.ApiVersioning.Abstractions.dll". Beginning retry 1 in 1000ms. The process cannot access the file 'E:\TreadSnow\TreadSnow Github2\src\TreadSnow.HttpApi.Host\bin\Debug\net9.0\Volo.Abp.ApiVersioning.Abstractions.dll' because it is being used by another process. The file is locked by: "TreadSnow.HttpApi.Host (46584)" [E:\TreadSnow\TreadSnow Github2\src\TreadSnow.HttpApi.Host\TreadSnow.HttpApi.Host.csproj]
C:\Program Files\dotnet\sdk\9.0.202\Microsoft.Common.CurrentVersion.targets(5063,5): warning MSB3026: Could not copy "E:\TreadSnow\TreadSnow Github2\ABP9.1.1\modules\account\src\Volo.Abp.Account.Application.Contracts\bin\Debug\net9.0\Volo.Abp.Account.Application.Contracts.dll" to "bin\Debug\net9.0\Volo.Abp.Account.Application.Contracts.dll". Beginning retry 2 in 1000ms. The process cannot access the file 'E:\TreadSnow\TreadSnow Github2\src\TreadSnow.HttpApi.Host\bin\Debug\net9.0\Volo.Abp.Account.Application.Contracts.dll' because it is being used by another process. The file is locked by: "TreadSnow.HttpApi.Host (46584)" [E:\TreadSnow\TreadSnow Github2\src\TreadSnow.HttpApi.Host\TreadSnow.HttpApi.Host.csproj]
C:\Program Files\dotnet\sdk\9.0.202\Microsoft.Common.CurrentVersion.targets(5063,5): warning MSB3026: Could not copy "E:\TreadSnow\TreadSnow Github2\ABP9.1.1\modules\account\src\Volo.Abp.Account.Application\bin\Debug\net9.0\Volo.Abp.Account.Application.dll" to "bin\Debug\net9.0\Volo.Abp.Account.Application.dll". Beginning retry 2 in 1000ms. The process cannot access the file 'E:\TreadSnow\TreadSnow Github2\src\TreadSnow.HttpApi.Host\bin\Debug\net9.0\Volo.Abp.Account.Application.dll' because it is being used by another process. The file is locked by: "TreadSnow.HttpApi.Host (46584)" [E:\TreadSnow\TreadSnow Github2\src\TreadSnow.HttpApi.Host\TreadSnow.HttpApi.Host.csproj]
C:\Program Files\dotnet\sdk\9.0.202\Microsoft.Common.CurrentVersion.targets(5063,5): warning MSB3026: Could not copy "E:\TreadSnow\TreadSnow Github2\ABP9.1.1\modules\account\src\Volo.Abp.Account.HttpApi\bin\Debug\net9.0\Volo.Abp.Account.HttpApi.dll" to "bin\Debug\net9.0\Volo.Abp.Account.HttpApi.dll". Beginning retry 2 in 1000ms. The process cannot access the file 'E:\TreadSnow\TreadSnow Github2\src\TreadSnow.HttpApi.Host\bin\Debug\net9.0\Volo.Abp.Account.HttpApi.dll' because it is being used by another process. The file is locked by: "TreadSnow.HttpApi.Host (46584)" [E:\TreadSnow\TreadSnow Github2\src\TreadSnow.HttpApi.Host\TreadSnow.HttpApi.Host.csproj]
C:\Program Files\dotnet\sdk\9.0.202\Microsoft.Common.CurrentVersion.targets(5063,5): warning MSB3026: Could not copy "E:\TreadSnow\TreadSnow Github2\ABP9.1.1\modules\account\src\Volo.Abp.Account.Web\bin\Debug\net9.0\Volo.Abp.Account.Web.dll" to "bin\Debug\net9.0\Volo.Abp.Account.Web.dll". Beginning retry 2 in 1000ms. The process cannot access the file 'E:\TreadSnow\TreadSnow Github2\src\TreadSnow.HttpApi.Host\bin\Debug\net9.0\Volo.Abp.Account.Web.dll' because it is being used by another process. The file is locked by: "TreadSnow.HttpApi.Host (46584)" [E:\TreadSnow\TreadSnow Github2\src\TreadSnow.HttpApi.Host\TreadSnow.HttpApi.Host.csproj]
C:\Program Files\dotnet\sdk\9.0.202\Microsoft.Common.CurrentVersion.targets(5063,5): warning MSB3026: Could not copy "E:\TreadSnow\TreadSnow Github2\ABP9.1.1\framework\src\Volo.Abp.ApiVersioning.Abstractions\bin\Debug\net9.0\Volo.Abp.ApiVersioning.Abstractions.dll" to "bin\Debug\net9.0\Volo.Abp.ApiVersioning.Abstractions.dll". Beginning retry 2 in 1000ms. The process cannot access the file 'E:\TreadSnow\TreadSnow Github2\src\TreadSnow.HttpApi.Host\bin\Debug\net9.0\Volo.Abp.ApiVersioning.Abstractions.dll' because it is being used by another process. The file is locked by: "TreadSnow.HttpApi.Host (46584)" [E:\TreadSnow\TreadSnow Github2\src\TreadSnow.HttpApi.Host\TreadSnow.HttpApi.Host.csproj]
C:\Program Files\dotnet\sdk\9.0.202\Microsoft.Common.CurrentVersion.targets(5063,5): warning MSB3026: Could not copy "E:\TreadSnow\TreadSnow Github2\ABP9.1.1\modules\account\src\Volo.Abp.Account.Web.OpenIddict\bin\Debug\net9.0\Volo.Abp.Account.Web.OpenIddict.dll" to "bin\Debug\net9.0\Volo.Abp.Account.Web.OpenIddict.dll". Beginning retry 2 in 1000ms. The process cannot access the file 'E:\TreadSnow\TreadSnow Github2\src\TreadSnow.HttpApi.Host\bin\Debug\net9.0\Volo.Abp.Account.Web.OpenIddict.dll' because it is being used by another process. The file is locked by: "TreadSnow.HttpApi.Host (46584)" [E:\TreadSnow\TreadSnow Github2\src\TreadSnow.HttpApi.Host\TreadSnow.HttpApi.Host.csproj]
C:\Program Files\dotnet\sdk\9.0.202\Microsoft.Common.CurrentVersion.targets(5063,5): warning MSB3026: Could not copy "E:\TreadSnow\TreadSnow Github2\ABP9.1.1\modules\account\src\Volo.Abp.Account.Application.Contracts\bin\Debug\net9.0\Volo.Abp.Account.Application.Contracts.dll" to "bin\Debug\net9.0\Volo.Abp.Account.Application.Contracts.dll". Beginning retry 3 in 1000ms. The process cannot access the file 'E:\TreadSnow\TreadSnow Github2\src\TreadSnow.HttpApi.Host\bin\Debug\net9.0\Volo.Abp.Account.Application.Contracts.dll' because it is being used by another process. The file is locked by: "TreadSnow.HttpApi.Host (46584)" [E:\TreadSnow\TreadSnow Github2\src\TreadSnow.HttpApi.Host\TreadSnow.HttpApi.Host.csproj]
C:\Program Files\dotnet\sdk\9.0.202\Microsoft.Common.CurrentVersion.targets(5063,5): warning MSB3026: Could not copy "E:\TreadSnow\TreadSnow Github2\ABP9.1.1\modules\account\src\Volo.Abp.Account.Application\bin\Debug\net9.0\Volo.Abp.Account.Application.dll" to "bin\Debug\net9.0\Volo.Abp.Account.Application.dll". Beginning retry 3 in 1000ms. The process cannot access the file 'E:\TreadSnow\TreadSnow Github2\src\TreadSnow.HttpApi.Host\bin\Debug\net9.0\Volo.Abp.Account.Application.dll' because it is being used by another process. The file is locked by: "TreadSnow.HttpApi.Host (46584)" [E:\TreadSnow\TreadSnow Github2\src\TreadSnow.HttpApi.Host\TreadSnow.HttpApi.Host.csproj]
C:\Program Files\dotnet\sdk\9.0.202\Microsoft.Common.CurrentVersion.targets(5063,5): warning MSB3026: Could not copy "E:\TreadSnow\TreadSnow Github2\ABP9.1.1\modules\account\src\Volo.Abp.Account.HttpApi\bin\Debug\net9.0\Volo.Abp.Account.HttpApi.dll" to "bin\Debug\net9.0\Volo.Abp.Account.HttpApi.dll". Beginning retry 3 in 1000ms. The process cannot access the file 'E:\TreadSnow\TreadSnow Github2\src\TreadSnow.HttpApi.Host\bin\Debug\net9.0\Volo.Abp.Account.HttpApi.dll' because it is being used by another process. The file is locked by: "TreadSnow.HttpApi.Host (46584)" [E:\TreadSnow\TreadSnow Github2\src\TreadSnow.HttpApi.Host\TreadSnow.HttpApi.Host.csproj]
C:\Program Files\dotnet\sdk\9.0.202\Microsoft.Common.CurrentVersion.targets(5063,5): warning MSB3026: Could not copy "E:\TreadSnow\TreadSnow Github2\ABP9.1.1\modules\account\src\Volo.Abp.Account.Web\bin\Debug\net9.0\Volo.Abp.Account.Web.dll" to "bin\Debug\net9.0\Volo.Abp.Account.Web.dll". Beginning retry 3 in 1000ms. The process cannot access the file 'E:\TreadSnow\TreadSnow Github2\src\TreadSnow.HttpApi.Host\bin\Debug\net9.0\Volo.Abp.Account.Web.dll' because it is being used by another process. The file is locked by: "TreadSnow.HttpApi.Host (46584)" [E:\TreadSnow\TreadSnow Github2\src\TreadSnow.HttpApi.Host\TreadSnow.HttpApi.Host.csproj]
C:\Program Files\dotnet\sdk\9.0.202\Microsoft.Common.CurrentVersion.targets(5063,5): warning MSB3026: Could not copy "E:\TreadSnow\TreadSnow Github2\ABP9.1.1\framework\src\Volo.Abp.ApiVersioning.Abstractions\bin\Debug\net9.0\Volo.Abp.ApiVersioning.Abstractions.dll" to "bin\Debug\net9.0\Volo.Abp.ApiVersioning.Abstractions.dll". Beginning retry 3 in 1000ms. The process cannot access the file 'E:\TreadSnow\TreadSnow Github2\src\TreadSnow.HttpApi.Host\bin\Debug\net9.0\Volo.Abp.ApiVersioning.Abstractions.dll' because it is being used by another process. The file is locked by: "TreadSnow.HttpApi.Host (46584)" [E:\TreadSnow\TreadSnow Github2\src\TreadSnow.HttpApi.Host\TreadSnow.HttpApi.Host.csproj]
C:\Program Files\dotnet\sdk\9.0.202\Microsoft.Common.CurrentVersion.targets(5063,5): warning MSB3026: Could not copy "E:\TreadSnow\TreadSnow Github2\ABP9.1.1\modules\account\src\Volo.Abp.Account.Web.OpenIddict\bin\Debug\net9.0\Volo.Abp.Account.Web.OpenIddict.dll" to "bin\Debug\net9.0\Volo.Abp.Account.Web.OpenIddict.dll". Beginning retry 3 in 1000ms. The process cannot access the file 'E:\TreadSnow\TreadSnow Github2\src\TreadSnow.HttpApi.Host\bin\Debug\net9.0\Volo.Abp.Account.Web.OpenIddict.dll' because it is being used by another process. The file is locked by: "TreadSnow.HttpApi.Host (46584)" [E:\TreadSnow\TreadSnow Github2\src\TreadSnow.HttpApi.Host\TreadSnow.HttpApi.Host.csproj]
C:\Program Files\dotnet\sdk\9.0.202\Microsoft.Common.CurrentVersion.targets(5063,5): warning MSB3026: Could not copy "E:\TreadSnow\TreadSnow Github2\ABP9.1.1\modules\account\src\Volo.Abp.Account.Application.Contracts\bin\Debug\net9.0\Volo.Abp.Account.Application.Contracts.dll" to "bin\Debug\net9.0\Volo.Abp.Account.Application.Contracts.dll". Beginning retry 4 in 1000ms. The process cannot access the file 'E:\TreadSnow\TreadSnow Github2\src\TreadSnow.HttpApi.Host\bin\Debug\net9.0\Volo.Abp.Account.Application.Contracts.dll' because it is being used by another process. The file is locked by: "TreadSnow.HttpApi.Host (46584)" [E:\TreadSnow\TreadSnow Github2\src\TreadSnow.HttpApi.Host\TreadSnow.HttpApi.Host.csproj]
C:\Program Files\dotnet\sdk\9.0.202\Microsoft.Common.CurrentVersion.targets(5063,5): warning MSB3026: Could not copy "E:\TreadSnow\TreadSnow Github2\ABP9.1.1\modules\account\src\Volo.Abp.Account.Application\bin\Debug\net9.0\Volo.Abp.Account.Application.dll" to "bin\Debug\net9.0\Volo.Abp.Account.Application.dll". Beginning retry 4 in 1000ms. The process cannot access the file 'E:\TreadSnow\TreadSnow Github2\src\TreadSnow.HttpApi.Host\bin\Debug\net9.0\Volo.Abp.Account.Application.dll' because it is being used by another process. The file is locked by: "TreadSnow.HttpApi.Host (46584)" [E:\TreadSnow\TreadSnow Github2\src\TreadSnow.HttpApi.Host\TreadSnow.HttpApi.Host.csproj]
C:\Program Files\dotnet\sdk\9.0.202\Microsoft.Common.CurrentVersion.targets(5063,5): warning MSB3026: Could not copy "E:\TreadSnow\TreadSnow Github2\ABP9.1.1\modules\account\src\Volo.Abp.Account.HttpApi\bin\Debug\net9.0\Volo.Abp.Account.HttpApi.dll" to "bin\Debug\net9.0\Volo.Abp.Account.HttpApi.dll". Beginning retry 4 in 1000ms. The process cannot access the file 'E:\TreadSnow\TreadSnow Github2\src\TreadSnow.HttpApi.Host\bin\Debug\net9.0\Volo.Abp.Account.HttpApi.dll' because it is being used by another process. The file is locked by: "TreadSnow.HttpApi.Host (46584)" [E:\TreadSnow\TreadSnow Github2\src\TreadSnow.HttpApi.Host\TreadSnow.HttpApi.Host.csproj]
C:\Program Files\dotnet\sdk\9.0.202\Microsoft.Common.CurrentVersion.targets(5063,5): warning MSB3026: Could not copy "E:\TreadSnow\TreadSnow Github2\ABP9.1.1\modules\account\src\Volo.Abp.Account.Web\bin\Debug\net9.0\Volo.Abp.Account.Web.dll" to "bin\Debug\net9.0\Volo.Abp.Account.Web.dll". Beginning retry 4 in 1000ms. The process cannot access the file 'E:\TreadSnow\TreadSnow Github2\src\TreadSnow.HttpApi.Host\bin\Debug\net9.0\Volo.Abp.Account.Web.dll' because it is being used by another process. The file is locked by: "TreadSnow.HttpApi.Host (46584)" [E:\TreadSnow\TreadSnow Github2\src\TreadSnow.HttpApi.Host\TreadSnow.HttpApi.Host.csproj]
C:\Program Files\dotnet\sdk\9.0.202\Microsoft.Common.CurrentVersion.targets(5063,5): warning MSB3026: Could not copy "E:\TreadSnow\TreadSnow Github2\ABP9.1.1\modules\account\src\Volo.Abp.Account.Web.OpenIddict\bin\Debug\net9.0\Volo.Abp.Account.Web.OpenIddict.dll" to "bin\Debug\net9.0\Volo.Abp.Account.Web.OpenIddict.dll". Beginning retry 4 in 1000ms. The process cannot access the file 'E:\TreadSnow\TreadSnow Github2\src\TreadSnow.HttpApi.Host\bin\Debug\net9.0\Volo.Abp.Account.Web.OpenIddict.dll' because it is being used by another process. The file is locked by: "TreadSnow.HttpApi.Host (46584)" [E:\TreadSnow\TreadSnow Github2\src\TreadSnow.HttpApi.Host\TreadSnow.HttpApi.Host.csproj]
C:\Program Files\dotnet\sdk\9.0.202\Microsoft.Common.CurrentVersion.targets(5063,5): warning MSB3026: Could not copy "E:\TreadSnow\TreadSnow Github2\ABP9.1.1\framework\src\Volo.Abp.ApiVersioning.Abstractions\bin\Debug\net9.0\Volo.Abp.ApiVersioning.Abstractions.dll" to "bin\Debug\net9.0\Volo.Abp.ApiVersioning.Abstractions.dll". Beginning retry 4 in 1000ms. The process cannot access the file 'E:\TreadSnow\TreadSnow Github2\src\TreadSnow.HttpApi.Host\bin\Debug\net9.0\Volo.Abp.ApiVersioning.Abstractions.dll' because it is being used by another process. The file is locked by: "TreadSnow.HttpApi.Host (46584)" [E:\TreadSnow\TreadSnow Github2\src\TreadSnow.HttpApi.Host\TreadSnow.HttpApi.Host.csproj]
C:\Program Files\dotnet\sdk\9.0.202\Microsoft.Common.CurrentVersion.targets(5063,5): warning MSB3026: Could not copy "E:\TreadSnow\TreadSnow Github2\ABP9.1.1\modules\account\src\Volo.Abp.Account.Application.Contracts\bin\Debug\net9.0\Volo.Abp.Account.Application.Contracts.dll" to "bin\Debug\net9.0\Volo.Abp.Account.Application.Contracts.dll". Beginning retry 5 in 1000ms. The process cannot access the file 'E:\TreadSnow\TreadSnow Github2\src\TreadSnow.HttpApi.Host\bin\Debug\net9.0\Volo.Abp.Account.Application.Contracts.dll' because it is being used by another process. The file is locked by: "TreadSnow.HttpApi.Host (46584)" [E:\TreadSnow\TreadSnow Github2\src\TreadSnow.HttpApi.Host\TreadSnow.HttpApi.Host.csproj]
C:\Program Files\dotnet\sdk\9.0.202\Microsoft.Common.CurrentVersion.targets(5063,5): warning MSB3026: Could not copy "E:\TreadSnow\TreadSnow Github2\ABP9.1.1\modules\account\src\Volo.Abp.Account.Application\bin\Debug\net9.0\Volo.Abp.Account.Application.dll" to "bin\Debug\net9.0\Volo.Abp.Account.Application.dll". Beginning retry 5 in 1000ms. The process cannot access the file 'E:\TreadSnow\TreadSnow Github2\src\TreadSnow.HttpApi.Host\bin\Debug\net9.0\Volo.Abp.Account.Application.dll' because it is being used by another process. The file is locked by: "TreadSnow.HttpApi.Host (46584)" [E:\TreadSnow\TreadSnow Github2\src\TreadSnow.HttpApi.Host\TreadSnow.HttpApi.Host.csproj]
C:\Program Files\dotnet\sdk\9.0.202\Microsoft.Common.CurrentVersion.targets(5063,5): warning MSB3026: Could not copy "E:\TreadSnow\TreadSnow Github2\ABP9.1.1\modules\account\src\Volo.Abp.Account.HttpApi\bin\Debug\net9.0\Volo.Abp.Account.HttpApi.dll" to "bin\Debug\net9.0\Volo.Abp.Account.HttpApi.dll". Beginning retry 5 in 1000ms. The process cannot access the file 'E:\TreadSnow\TreadSnow Github2\src\TreadSnow.HttpApi.Host\bin\Debug\net9.0\Volo.Abp.Account.HttpApi.dll' because it is being used by another process. The file is locked by: "TreadSnow.HttpApi.Host (46584)" [E:\TreadSnow\TreadSnow Github2\src\TreadSnow.HttpApi.Host\TreadSnow.HttpApi.Host.csproj]
C:\Program Files\dotnet\sdk\9.0.202\Microsoft.Common.CurrentVersion.targets(5063,5): warning MSB3026: Could not copy "E:\TreadSnow\TreadSnow Github2\ABP9.1.1\modules\account\src\Volo.Abp.Account.Web\bin\Debug\net9.0\Volo.Abp.Account.Web.dll" to "bin\Debug\net9.0\Volo.Abp.Account.Web.dll". Beginning retry 5 in 1000ms. The process cannot access the file 'E:\TreadSnow\TreadSnow Github2\src\TreadSnow.HttpApi.Host\bin\Debug\net9.0\Volo.Abp.Account.Web.dll' because it is being used by another process. The file is locked by: "TreadSnow.HttpApi.Host (46584)" [E:\TreadSnow\TreadSnow Github2\src\TreadSnow.HttpApi.Host\TreadSnow.HttpApi.Host.csproj]
C:\Program Files\dotnet\sdk\9.0.202\Microsoft.Common.CurrentVersion.targets(5063,5): warning MSB3026: Could not copy "E:\TreadSnow\TreadSnow Github2\ABP9.1.1\modules\account\src\Volo.Abp.Account.Web.OpenIddict\bin\Debug\net9.0\Volo.Abp.Account.Web.OpenIddict.dll" to "bin\Debug\net9.0\Volo.Abp.Account.Web.OpenIddict.dll". Beginning retry 5 in 1000ms. The process cannot access the file 'E:\TreadSnow\TreadSnow Github2\src\TreadSnow.HttpApi.Host\bin\Debug\net9.0\Volo.Abp.Account.Web.OpenIddict.dll' because it is being used by another process. The file is locked by: "TreadSnow.HttpApi.Host (46584)" [E:\TreadSnow\TreadSnow Github2\src\TreadSnow.HttpApi.Host\TreadSnow.HttpApi.Host.csproj]
C:\Program Files\dotnet\sdk\9.0.202\Microsoft.Common.CurrentVersion.targets(5063,5): warning MSB3026: Could not copy "E:\TreadSnow\TreadSnow Github2\ABP9.1.1\framework\src\Volo.Abp.ApiVersioning.Abstractions\bin\Debug\net9.0\Volo.Abp.ApiVersioning.Abstractions.dll" to "bin\Debug\net9.0\Volo.Abp.ApiVersioning.Abstractions.dll". Beginning retry 5 in 1000ms. The process cannot access the file 'E:\TreadSnow\TreadSnow Github2\src\TreadSnow.HttpApi.Host\bin\Debug\net9.0\Volo.Abp.ApiVersioning.Abstractions.dll' because it is being used by another process. The file is locked by: "TreadSnow.HttpApi.Host (46584)" [E:\TreadSnow\TreadSnow Github2\src\TreadSnow.HttpApi.Host\TreadSnow.HttpApi.Host.csproj]
C:\Program Files\dotnet\sdk\9.0.202\Microsoft.Common.CurrentVersion.targets(5063,5): warning MSB3026: Could not copy "E:\TreadSnow\TreadSnow Github2\ABP9.1.1\modules\account\src\Volo.Abp.Account.Application.Contracts\bin\Debug\net9.0\Volo.Abp.Account.Application.Contracts.dll" to "bin\Debug\net9.0\Volo.Abp.Account.Application.Contracts.dll". Beginning retry 6 in 1000ms. The process cannot access the file 'E:\TreadSnow\TreadSnow Github2\src\TreadSnow.HttpApi.Host\bin\Debug\net9.0\Volo.Abp.Account.Application.Contracts.dll' because it is being used by another process. The file is locked by: "TreadSnow.HttpApi.Host (46584)" [E:\TreadSnow\TreadSnow Github2\src\TreadSnow.HttpApi.Host\TreadSnow.HttpApi.Host.csproj]
C:\Program Files\dotnet\sdk\9.0.202\Microsoft.Common.CurrentVersion.targets(5063,5): warning MSB3026: Could not copy "E:\TreadSnow\TreadSnow Github2\ABP9.1.1\modules\account\src\Volo.Abp.Account.Application\bin\Debug\net9.0\Volo.Abp.Account.Application.dll" to "bin\Debug\net9.0\Volo.Abp.Account.Application.dll". Beginning retry 6 in 1000ms. The process cannot access the file 'E:\TreadSnow\TreadSnow Github2\src\TreadSnow.HttpApi.Host\bin\Debug\net9.0\Volo.Abp.Account.Application.dll' because it is being used by another process. The file is locked by: "TreadSnow.HttpApi.Host (46584)" [E:\TreadSnow\TreadSnow Github2\src\TreadSnow.HttpApi.Host\TreadSnow.HttpApi.Host.csproj]
C:\Program Files\dotnet\sdk\9.0.202\Microsoft.Common.CurrentVersion.targets(5063,5): warning MSB3026: Could not copy "E:\TreadSnow\TreadSnow Github2\ABP9.1.1\modules\account\src\Volo.Abp.Account.HttpApi\bin\Debug\net9.0\Volo.Abp.Account.HttpApi.dll" to "bin\Debug\net9.0\Volo.Abp.Account.HttpApi.dll". Beginning retry 6 in 1000ms. The process cannot access the file 'E:\TreadSnow\TreadSnow Github2\src\TreadSnow.HttpApi.Host\bin\Debug\net9.0\Volo.Abp.Account.HttpApi.dll' because it is being used by another process. The file is locked by: "TreadSnow.HttpApi.Host (46584)" [E:\TreadSnow\TreadSnow Github2\src\TreadSnow.HttpApi.Host\TreadSnow.HttpApi.Host.csproj]
C:\Program Files\dotnet\sdk\9.0.202\Microsoft.Common.CurrentVersion.targets(5063,5): warning MSB3026: Could not copy "E:\TreadSnow\TreadSnow Github2\ABP9.1.1\modules\account\src\Volo.Abp.Account.Web\bin\Debug\net9.0\Volo.Abp.Account.Web.dll" to "bin\Debug\net9.0\Volo.Abp.Account.Web.dll". Beginning retry 6 in 1000ms. The process cannot access the file 'E:\TreadSnow\TreadSnow Github2\src\TreadSnow.HttpApi.Host\bin\Debug\net9.0\Volo.Abp.Account.Web.dll' because it is being used by another process. The file is locked by: "TreadSnow.HttpApi.Host (46584)" [E:\TreadSnow\TreadSnow Github2\src\TreadSnow.HttpApi.Host\TreadSnow.HttpApi.Host.csproj]
C:\Program Files\dotnet\sdk\9.0.202\Microsoft.Common.CurrentVersion.targets(5063,5): warning MSB3026: Could not copy "E:\TreadSnow\TreadSnow Github2\ABP9.1.1\modules\account\src\Volo.Abp.Account.Web.OpenIddict\bin\Debug\net9.0\Volo.Abp.Account.Web.OpenIddict.dll" to "bin\Debug\net9.0\Volo.Abp.Account.Web.OpenIddict.dll". Beginning retry 6 in 1000ms. The process cannot access the file 'E:\TreadSnow\TreadSnow Github2\src\TreadSnow.HttpApi.Host\bin\Debug\net9.0\Volo.Abp.Account.Web.OpenIddict.dll' because it is being used by another process. The file is locked by: "TreadSnow.HttpApi.Host (46584)" [E:\TreadSnow\TreadSnow Github2\src\TreadSnow.HttpApi.Host\TreadSnow.HttpApi.Host.csproj]
C:\Program Files\dotnet\sdk\9.0.202\Microsoft.Common.CurrentVersion.targets(5063,5): warning MSB3026: Could not copy "E:\TreadSnow\TreadSnow Github2\ABP9.1.1\framework\src\Volo.Abp.ApiVersioning.Abstractions\bin\Debug\net9.0\Volo.Abp.ApiVersioning.Abstractions.dll" to "bin\Debug\net9.0\Volo.Abp.ApiVersioning.Abstractions.dll". Beginning retry 6 in 1000ms. The process cannot access the file 'E:\TreadSnow\TreadSnow Github2\src\TreadSnow.HttpApi.Host\bin\Debug\net9.0\Volo.Abp.ApiVersioning.Abstractions.dll' because it is being used by another process. The file is locked by: "TreadSnow.HttpApi.Host (46584)" [E:\TreadSnow\TreadSnow Github2\src\TreadSnow.HttpApi.Host\TreadSnow.HttpApi.Host.csproj]
C:\Program Files\dotnet\sdk\9.0.202\Microsoft.Common.CurrentVersion.targets(5063,5): warning MSB3026: Could not copy "E:\TreadSnow\TreadSnow Github2\ABP9.1.1\modules\account\src\Volo.Abp.Account.Application.Contracts\bin\Debug\net9.0\Volo.Abp.Account.Application.Contracts.dll" to "bin\Debug\net9.0\Volo.Abp.Account.Application.Contracts.dll". Beginning retry 7 in 1000ms. The process cannot access the file 'E:\TreadSnow\TreadSnow Github2\src\TreadSnow.HttpApi.Host\bin\Debug\net9.0\Volo.Abp.Account.Application.Contracts.dll' because it is being used by another process. The file is locked by: "TreadSnow.HttpApi.Host (46584)" [E:\TreadSnow\TreadSnow Github2\src\TreadSnow.HttpApi.Host\TreadSnow.HttpApi.Host.csproj]
C:\Program Files\dotnet\sdk\9.0.202\Microsoft.Common.CurrentVersion.targets(5063,5): warning MSB3026: Could not copy "E:\TreadSnow\TreadSnow Github2\ABP9.1.1\modules\account\src\Volo.Abp.Account.HttpApi\bin\Debug\net9.0\Volo.Abp.Account.HttpApi.dll" to "bin\Debug\net9.0\Volo.Abp.Account.HttpApi.dll". Beginning retry 7 in 1000ms. The process cannot access the file 'E:\TreadSnow\TreadSnow Github2\src\TreadSnow.HttpApi.Host\bin\Debug\net9.0\Volo.Abp.Account.HttpApi.dll' because it is being used by another process. The file is locked by: "TreadSnow.HttpApi.Host (46584)" [E:\TreadSnow\TreadSnow Github2\src\TreadSnow.HttpApi.Host\TreadSnow.HttpApi.Host.csproj]
C:\Program Files\dotnet\sdk\9.0.202\Microsoft.Common.CurrentVersion.targets(5063,5): warning MSB3026: Could not copy "E:\TreadSnow\TreadSnow Github2\ABP9.1.1\modules\account\src\Volo.Abp.Account.Application\bin\Debug\net9.0\Volo.Abp.Account.Application.dll" to "bin\Debug\net9.0\Volo.Abp.Account.Application.dll". Beginning retry 7 in 1000ms. The process cannot access the file 'E:\TreadSnow\TreadSnow Github2\src\TreadSnow.HttpApi.Host\bin\Debug\net9.0\Volo.Abp.Account.Application.dll' because it is being used by another process. The file is locked by: "TreadSnow.HttpApi.Host (46584)" [E:\TreadSnow\TreadSnow Github2\src\TreadSnow.HttpApi.Host\TreadSnow.HttpApi.Host.csproj]
C:\Program Files\dotnet\sdk\9.0.202\Microsoft.Common.CurrentVersion.targets(5063,5): warning MSB3026: Could not copy "E:\TreadSnow\TreadSnow Github2\ABP9.1.1\modules\account\src\Volo.Abp.Account.Web\bin\Debug\net9.0\Volo.Abp.Account.Web.dll" to "bin\Debug\net9.0\Volo.Abp.Account.Web.dll". Beginning retry 7 in 1000ms. The process cannot access the file 'E:\TreadSnow\TreadSnow Github2\src\TreadSnow.HttpApi.Host\bin\Debug\net9.0\Volo.Abp.Account.Web.dll' because it is being used by another process. The file is locked by: "TreadSnow.HttpApi.Host (46584)" [E:\TreadSnow\TreadSnow Github2\src\TreadSnow.HttpApi.Host\TreadSnow.HttpApi.Host.csproj]
C:\Program Files\dotnet\sdk\9.0.202\Microsoft.Common.CurrentVersion.targets(5063,5): warning MSB3026: Could not copy "E:\TreadSnow\TreadSnow Github2\ABP9.1.1\modules\account\src\Volo.Abp.Account.Web.OpenIddict\bin\Debug\net9.0\Volo.Abp.Account.Web.OpenIddict.dll" to "bin\Debug\net9.0\Volo.Abp.Account.Web.OpenIddict.dll". Beginning retry 7 in 1000ms. The process cannot access the file 'E:\TreadSnow\TreadSnow Github2\src\TreadSnow.HttpApi.Host\bin\Debug\net9.0\Volo.Abp.Account.Web.OpenIddict.dll' because it is being used by another process. The file is locked by: "TreadSnow.HttpApi.Host (46584)" [E:\TreadSnow\TreadSnow Github2\src\TreadSnow.HttpApi.Host\TreadSnow.HttpApi.Host.csproj]
C:\Program Files\dotnet\sdk\9.0.202\Microsoft.Common.CurrentVersion.targets(5063,5): warning MSB3026: Could not copy "E:\TreadSnow\TreadSnow Github2\ABP9.1.1\framework\src\Volo.Abp.ApiVersioning.Abstractions\bin\Debug\net9.0\Volo.Abp.ApiVersioning.Abstractions.dll" to "bin\Debug\net9.0\Volo.Abp.ApiVersioning.Abstractions.dll". Beginning retry 7 in 1000ms. The process cannot access the file 'E:\TreadSnow\TreadSnow Github2\src\TreadSnow.HttpApi.Host\bin\Debug\net9.0\Volo.Abp.ApiVersioning.Abstractions.dll' because it is being used by another process. The file is locked by: "TreadSnow.HttpApi.Host (46584)" [E:\TreadSnow\TreadSnow Github2\src\TreadSnow.HttpApi.Host\TreadSnow.HttpApi.Host.csproj]
C:\Program Files\dotnet\sdk\9.0.202\Microsoft.Common.CurrentVersion.targets(5063,5): warning MSB3026: Could not copy "E:\TreadSnow\TreadSnow Github2\ABP9.1.1\modules\account\src\Volo.Abp.Account.Application.Contracts\bin\Debug\net9.0\Volo.Abp.Account.Application.Contracts.dll" to "bin\Debug\net9.0\Volo.Abp.Account.Application.Contracts.dll". Beginning retry 8 in 1000ms. The process cannot access the file 'E:\TreadSnow\TreadSnow Github2\src\TreadSnow.HttpApi.Host\bin\Debug\net9.0\Volo.Abp.Account.Application.Contracts.dll' because it is being used by another process. The file is locked by: "TreadSnow.HttpApi.Host (46584)" [E:\TreadSnow\TreadSnow Github2\src\TreadSnow.HttpApi.Host\TreadSnow.HttpApi.Host.csproj]
C:\Program Files\dotnet\sdk\9.0.202\Microsoft.Common.CurrentVersion.targets(5063,5): warning MSB3026: Could not copy "E:\TreadSnow\TreadSnow Github2\ABP9.1.1\modules\account\src\Volo.Abp.Account.HttpApi\bin\Debug\net9.0\Volo.Abp.Account.HttpApi.dll" to "bin\Debug\net9.0\Volo.Abp.Account.HttpApi.dll". Beginning retry 8 in 1000ms. The process cannot access the file 'E:\TreadSnow\TreadSnow Github2\src\TreadSnow.HttpApi.Host\bin\Debug\net9.0\Volo.Abp.Account.HttpApi.dll' because it is being used by another process. The file is locked by: "TreadSnow.HttpApi.Host (46584)" [E:\TreadSnow\TreadSnow Github2\src\TreadSnow.HttpApi.Host\TreadSnow.HttpApi.Host.csproj]
C:\Program Files\dotnet\sdk\9.0.202\Microsoft.Common.CurrentVersion.targets(5063,5): warning MSB3026: Could not copy "E:\TreadSnow\TreadSnow Github2\ABP9.1.1\modules\account\src\Volo.Abp.Account.Application\bin\Debug\net9.0\Volo.Abp.Account.Application.dll" to "bin\Debug\net9.0\Volo.Abp.Account.Application.dll". Beginning retry 8 in 1000ms. The process cannot access the file 'E:\TreadSnow\TreadSnow Github2\src\TreadSnow.HttpApi.Host\bin\Debug\net9.0\Volo.Abp.Account.Application.dll' because it is being used by another process. The file is locked by: "TreadSnow.HttpApi.Host (46584)" [E:\TreadSnow\TreadSnow Github2\src\TreadSnow.HttpApi.Host\TreadSnow.HttpApi.Host.csproj]
C:\Program Files\dotnet\sdk\9.0.202\Microsoft.Common.CurrentVersion.targets(5063,5): warning MSB3026: Could not copy "E:\TreadSnow\TreadSnow Github2\ABP9.1.1\modules\account\src\Volo.Abp.Account.Web\bin\Debug\net9.0\Volo.Abp.Account.Web.dll" to "bin\Debug\net9.0\Volo.Abp.Account.Web.dll". Beginning retry 8 in 1000ms. The process cannot access the file 'E:\TreadSnow\TreadSnow Github2\src\TreadSnow.HttpApi.Host\bin\Debug\net9.0\Volo.Abp.Account.Web.dll' because it is being used by another process. The file is locked by: "TreadSnow.HttpApi.Host (46584)" [E:\TreadSnow\TreadSnow Github2\src\TreadSnow.HttpApi.Host\TreadSnow.HttpApi.Host.csproj]
C:\Program Files\dotnet\sdk\9.0.202\Microsoft.Common.CurrentVersion.targets(5063,5): warning MSB3026: Could not copy "E:\TreadSnow\TreadSnow Github2\ABP9.1.1\modules\account\src\Volo.Abp.Account.Web.OpenIddict\bin\Debug\net9.0\Volo.Abp.Account.Web.OpenIddict.dll" to "bin\Debug\net9.0\Volo.Abp.Account.Web.OpenIddict.dll". Beginning retry 8 in 1000ms. The process cannot access the file 'E:\TreadSnow\TreadSnow Github2\src\TreadSnow.HttpApi.Host\bin\Debug\net9.0\Volo.Abp.Account.Web.OpenIddict.dll' because it is being used by another process. The file is locked by: "TreadSnow.HttpApi.Host (46584)" [E:\TreadSnow\TreadSnow Github2\src\TreadSnow.HttpApi.Host\TreadSnow.HttpApi.Host.csproj]
C:\Program Files\dotnet\sdk\9.0.202\Microsoft.Common.CurrentVersion.targets(5063,5): warning MSB3026: Could not copy "E:\TreadSnow\TreadSnow Github2\ABP9.1.1\framework\src\Volo.Abp.ApiVersioning.Abstractions\bin\Debug\net9.0\Volo.Abp.ApiVersioning.Abstractions.dll" to "bin\Debug\net9.0\Volo.Abp.ApiVersioning.Abstractions.dll". Beginning retry 8 in 1000ms. The process cannot access the file 'E:\TreadSnow\TreadSnow Github2\src\TreadSnow.HttpApi.Host\bin\Debug\net9.0\Volo.Abp.ApiVersioning.Abstractions.dll' because it is being used by another process. The file is locked by: "TreadSnow.HttpApi.Host (46584)" [E:\TreadSnow\TreadSnow Github2\src\TreadSnow.HttpApi.Host\TreadSnow.HttpApi.Host.csproj]
C:\Program Files\dotnet\sdk\9.0.202\Microsoft.Common.CurrentVersion.targets(5063,5): warning MSB3026: Could not copy "E:\TreadSnow\TreadSnow Github2\ABP9.1.1\modules\account\src\Volo.Abp.Account.Application.Contracts\bin\Debug\net9.0\Volo.Abp.Account.Application.Contracts.dll" to "bin\Debug\net9.0\Volo.Abp.Account.Application.Contracts.dll". Beginning retry 9 in 1000ms. The process cannot access the file 'E:\TreadSnow\TreadSnow Github2\src\TreadSnow.HttpApi.Host\bin\Debug\net9.0\Volo.Abp.Account.Application.Contracts.dll' because it is being used by another process. The file is locked by: "TreadSnow.HttpApi.Host (46584)" [E:\TreadSnow\TreadSnow Github2\src\TreadSnow.HttpApi.Host\TreadSnow.HttpApi.Host.csproj]
C:\Program Files\dotnet\sdk\9.0.202\Microsoft.Common.CurrentVersion.targets(5063,5): warning MSB3026: Could not copy "E:\TreadSnow\TreadSnow Github2\ABP9.1.1\modules\account\src\Volo.Abp.Account.Application\bin\Debug\net9.0\Volo.Abp.Account.Application.dll" to "bin\Debug\net9.0\Volo.Abp.Account.Application.dll". Beginning retry 9 in 1000ms. The process cannot access the file 'E:\TreadSnow\TreadSnow Github2\src\TreadSnow.HttpApi.Host\bin\Debug\net9.0\Volo.Abp.Account.Application.dll' because it is being used by another process. The file is locked by: "TreadSnow.HttpApi.Host (46584)" [E:\TreadSnow\TreadSnow Github2\src\TreadSnow.HttpApi.Host\TreadSnow.HttpApi.Host.csproj]
C:\Program Files\dotnet\sdk\9.0.202\Microsoft.Common.CurrentVersion.targets(5063,5): warning MSB3026: Could not copy "E:\TreadSnow\TreadSnow Github2\ABP9.1.1\modules\account\src\Volo.Abp.Account.Web\bin\Debug\net9.0\Volo.Abp.Account.Web.dll" to "bin\Debug\net9.0\Volo.Abp.Account.Web.dll". Beginning retry 9 in 1000ms. The process cannot access the file 'E:\TreadSnow\TreadSnow Github2\src\TreadSnow.HttpApi.Host\bin\Debug\net9.0\Volo.Abp.Account.Web.dll' because it is being used by another process. The file is locked by: "TreadSnow.HttpApi.Host (46584)" [E:\TreadSnow\TreadSnow Github2\src\TreadSnow.HttpApi.Host\TreadSnow.HttpApi.Host.csproj]
C:\Program Files\dotnet\sdk\9.0.202\Microsoft.Common.CurrentVersion.targets(5063,5): warning MSB3026: Could not copy "E:\TreadSnow\TreadSnow Github2\ABP9.1.1\modules\account\src\Volo.Abp.Account.HttpApi\bin\Debug\net9.0\Volo.Abp.Account.HttpApi.dll" to "bin\Debug\net9.0\Volo.Abp.Account.HttpApi.dll". Beginning retry 9 in 1000ms. The process cannot access the file 'E:\TreadSnow\TreadSnow Github2\src\TreadSnow.HttpApi.Host\bin\Debug\net9.0\Volo.Abp.Account.HttpApi.dll' because it is being used by another process. The file is locked by: "TreadSnow.HttpApi.Host (46584)" [E:\TreadSnow\TreadSnow Github2\src\TreadSnow.HttpApi.Host\TreadSnow.HttpApi.Host.csproj]
C:\Program Files\dotnet\sdk\9.0.202\Microsoft.Common.CurrentVersion.targets(5063,5): warning MSB3026: Could not copy "E:\TreadSnow\TreadSnow Github2\ABP9.1.1\framework\src\Volo.Abp.ApiVersioning.Abstractions\bin\Debug\net9.0\Volo.Abp.ApiVersioning.Abstractions.dll" to "bin\Debug\net9.0\Volo.Abp.ApiVersioning.Abstractions.dll". Beginning retry 9 in 1000ms. The process cannot access the file 'E:\TreadSnow\TreadSnow Github2\src\TreadSnow.HttpApi.Host\bin\Debug\net9.0\Volo.Abp.ApiVersioning.Abstractions.dll' because it is being used by another process. The file is locked by: "TreadSnow.HttpApi.Host (46584)" [E:\TreadSnow\TreadSnow Github2\src\TreadSnow.HttpApi.Host\TreadSnow.HttpApi.Host.csproj]
C:\Program Files\dotnet\sdk\9.0.202\Microsoft.Common.CurrentVersion.targets(5063,5): warning MSB3026: Could not copy "E:\TreadSnow\TreadSnow Github2\ABP9.1.1\modules\account\src\Volo.Abp.Account.Web.OpenIddict\bin\Debug\net9.0\Volo.Abp.Account.Web.OpenIddict.dll" to "bin\Debug\net9.0\Volo.Abp.Account.Web.OpenIddict.dll". Beginning retry 9 in 1000ms. The process cannot access the file 'E:\TreadSnow\TreadSnow Github2\src\TreadSnow.HttpApi.Host\bin\Debug\net9.0\Volo.Abp.Account.Web.OpenIddict.dll' because it is being used by another process. The file is locked by: "TreadSnow.HttpApi.Host (46584)" [E:\TreadSnow\TreadSnow Github2\src\TreadSnow.HttpApi.Host\TreadSnow.HttpApi.Host.csproj]
C:\Program Files\dotnet\sdk\9.0.202\Microsoft.Common.CurrentVersion.targets(5063,5): warning MSB3026: Could not copy "E:\TreadSnow\TreadSnow Github2\ABP9.1.1\modules\account\src\Volo.Abp.Account.Application.Contracts\bin\Debug\net9.0\Volo.Abp.Account.Application.Contracts.dll" to "bin\Debug\net9.0\Volo.Abp.Account.Application.Contracts.dll". Beginning retry 10 in 1000ms. The process cannot access the file 'E:\TreadSnow\TreadSnow Github2\src\TreadSnow.HttpApi.Host\bin\Debug\net9.0\Volo.Abp.Account.Application.Contracts.dll' because it is being used by another process. The file is locked by: "TreadSnow.HttpApi.Host (46584)" [E:\TreadSnow\TreadSnow Github2\src\TreadSnow.HttpApi.Host\TreadSnow.HttpApi.Host.csproj]
C:\Program Files\dotnet\sdk\9.0.202\Microsoft.Common.CurrentVersion.targets(5063,5): warning MSB3026: Could not copy "E:\TreadSnow\TreadSnow Github2\ABP9.1.1\modules\account\src\Volo.Abp.Account.Web\bin\Debug\net9.0\Volo.Abp.Account.Web.dll" to "bin\Debug\net9.0\Volo.Abp.Account.Web.dll". Beginning retry 10 in 1000ms. The process cannot access the file 'E:\TreadSnow\TreadSnow Github2\src\TreadSnow.HttpApi.Host\bin\Debug\net9.0\Volo.Abp.Account.Web.dll' because it is being used by another process. The file is locked by: "TreadSnow.HttpApi.Host (46584)" [E:\TreadSnow\TreadSnow Github2\src\TreadSnow.HttpApi.Host\TreadSnow.HttpApi.Host.csproj]
C:\Program Files\dotnet\sdk\9.0.202\Microsoft.Common.CurrentVersion.targets(5063,5): warning MSB3026: Could not copy "E:\TreadSnow\TreadSnow Github2\ABP9.1.1\modules\account\src\Volo.Abp.Account.Application\bin\Debug\net9.0\Volo.Abp.Account.Application.dll" to "bin\Debug\net9.0\Volo.Abp.Account.Application.dll". Beginning retry 10 in 1000ms. The process cannot access the file 'E:\TreadSnow\TreadSnow Github2\src\TreadSnow.HttpApi.Host\bin\Debug\net9.0\Volo.Abp.Account.Application.dll' because it is being used by another process. The file is locked by: "TreadSnow.HttpApi.Host (46584)" [E:\TreadSnow\TreadSnow Github2\src\TreadSnow.HttpApi.Host\TreadSnow.HttpApi.Host.csproj]
C:\Program Files\dotnet\sdk\9.0.202\Microsoft.Common.CurrentVersion.targets(5063,5): warning MSB3026: Could not copy "E:\TreadSnow\TreadSnow Github2\ABP9.1.1\modules\account\src\Volo.Abp.Account.HttpApi\bin\Debug\net9.0\Volo.Abp.Account.HttpApi.dll" to "bin\Debug\net9.0\Volo.Abp.Account.HttpApi.dll". Beginning retry 10 in 1000ms. The process cannot access the file 'E:\TreadSnow\TreadSnow Github2\src\TreadSnow.HttpApi.Host\bin\Debug\net9.0\Volo.Abp.Account.HttpApi.dll' because it is being used by another process. The file is locked by: "TreadSnow.HttpApi.Host (46584)" [E:\TreadSnow\TreadSnow Github2\src\TreadSnow.HttpApi.Host\TreadSnow.HttpApi.Host.csproj]
C:\Program Files\dotnet\sdk\9.0.202\Microsoft.Common.CurrentVersion.targets(5063,5): warning MSB3026: Could not copy "E:\TreadSnow\TreadSnow Github2\ABP9.1.1\framework\src\Volo.Abp.ApiVersioning.Abstractions\bin\Debug\net9.0\Volo.Abp.ApiVersioning.Abstractions.dll" to "bin\Debug\net9.0\Volo.Abp.ApiVersioning.Abstractions.dll". Beginning retry 10 in 1000ms. The process cannot access the file 'E:\TreadSnow\TreadSnow Github2\src\TreadSnow.HttpApi.Host\bin\Debug\net9.0\Volo.Abp.ApiVersioning.Abstractions.dll' because it is being used by another process. The file is locked by: "TreadSnow.HttpApi.Host (46584)" [E:\TreadSnow\TreadSnow Github2\src\TreadSnow.HttpApi.Host\TreadSnow.HttpApi.Host.csproj]
C:\Program Files\dotnet\sdk\9.0.202\Microsoft.Common.CurrentVersion.targets(5063,5): warning MSB3026: Could not copy "E:\TreadSnow\TreadSnow Github2\ABP9.1.1\modules\account\src\Volo.Abp.Account.Web.OpenIddict\bin\Debug\net9.0\Volo.Abp.Account.Web.OpenIddict.dll" to "bin\Debug\net9.0\Volo.Abp.Account.Web.OpenIddict.dll". Beginning retry 10 in 1000ms. The process cannot access the file 'E:\TreadSnow\TreadSnow Github2\src\TreadSnow.HttpApi.Host\bin\Debug\net9.0\Volo.Abp.Account.Web.OpenIddict.dll' because it is being used by another process. The file is locked by: "TreadSnow.HttpApi.Host (46584)" [E:\TreadSnow\TreadSnow Github2\src\TreadSnow.HttpApi.Host\TreadSnow.HttpApi.Host.csproj]
C:\Program Files\dotnet\sdk\9.0.202\Microsoft.Common.CurrentVersion.targets(5063,5): warning MSB3026: Could not copy "E:\TreadSnow\TreadSnow Github2\ABP9.1.1\framework\src\Volo.Abp.AspNetCore.Abstractions\bin\Debug\net9.0\Volo.Abp.AspNetCore.Abstractions.dll" to "bin\Debug\net9.0\Volo.Abp.AspNetCore.Abstractions.dll". Beginning retry 1 in 1000ms. The process cannot access the file 'E:\TreadSnow\TreadSnow Github2\src\TreadSnow.HttpApi.Host\bin\Debug\net9.0\Volo.Abp.AspNetCore.Abstractions.dll' because it is being used by another process. The file is locked by: "TreadSnow.HttpApi.Host (46584)" [E:\TreadSnow\TreadSnow Github2\src\TreadSnow.HttpApi.Host\TreadSnow.HttpApi.Host.csproj]
C:\Program Files\dotnet\sdk\9.0.202\Microsoft.Common.CurrentVersion.targets(5063,5): warning MSB3026: Could not copy "E:\TreadSnow\TreadSnow Github2\ABP9.1.1\framework\src\Volo.Abp.AspNetCore.Bundling\bin\Debug\net9.0\Volo.Abp.AspNetCore.Bundling.dll" to "bin\Debug\net9.0\Volo.Abp.AspNetCore.Bundling.dll". Beginning retry 1 in 1000ms. The process cannot access the file 'E:\TreadSnow\TreadSnow Github2\src\TreadSnow.HttpApi.Host\bin\Debug\net9.0\Volo.Abp.AspNetCore.Bundling.dll' because it is being used by another process. The file is locked by: "TreadSnow.HttpApi.Host (46584)" [E:\TreadSnow\TreadSnow Github2\src\TreadSnow.HttpApi.Host\TreadSnow.HttpApi.Host.csproj]
C:\Program Files\dotnet\sdk\9.0.202\Microsoft.Common.CurrentVersion.targets(5063,5): warning MSB3026: Could not copy "E:\TreadSnow\TreadSnow Github2\ABP9.1.1\framework\src\Volo.Abp.AspNetCore\bin\Debug\net9.0\Volo.Abp.AspNetCore.dll" to "bin\Debug\net9.0\Volo.Abp.AspNetCore.dll". Beginning retry 1 in 1000ms. The process cannot access the file 'E:\TreadSnow\TreadSnow Github2\src\TreadSnow.HttpApi.Host\bin\Debug\net9.0\Volo.Abp.AspNetCore.dll' because it is being used by another process. The file is locked by: "TreadSnow.HttpApi.Host (46584)" [E:\TreadSnow\TreadSnow Github2\src\TreadSnow.HttpApi.Host\TreadSnow.HttpApi.Host.csproj]
C:\Program Files\dotnet\sdk\9.0.202\Microsoft.Common.CurrentVersion.targets(5063,5): warning MSB3026: Could not copy "E:\TreadSnow\TreadSnow Github2\ABP9.1.1\framework\src\Volo.Abp.AspNetCore.Mvc.Contracts\bin\Debug\net9.0\Volo.Abp.AspNetCore.Mvc.Contracts.dll" to "bin\Debug\net9.0\Volo.Abp.AspNetCore.Mvc.Contracts.dll". Beginning retry 1 in 1000ms. The process cannot access the file 'E:\TreadSnow\TreadSnow Github2\src\TreadSnow.HttpApi.Host\bin\Debug\net9.0\Volo.Abp.AspNetCore.Mvc.Contracts.dll' because it is being used by another process. The file is locked by: "TreadSnow.HttpApi.Host (46584)" [E:\TreadSnow\TreadSnow Github2\src\TreadSnow.HttpApi.Host\TreadSnow.HttpApi.Host.csproj]
C:\Program Files\dotnet\sdk\9.0.202\Microsoft.Common.CurrentVersion.targets(5063,5): warning MSB3026: Could not copy "E:\TreadSnow\TreadSnow Github2\ABP9.1.1\framework\src\Volo.Abp.AspNetCore.Mvc\bin\Debug\net9.0\Volo.Abp.AspNetCore.Mvc.dll" to "bin\Debug\net9.0\Volo.Abp.AspNetCore.Mvc.dll". Beginning retry 1 in 1000ms. The process cannot access the file 'E:\TreadSnow\TreadSnow Github2\src\TreadSnow.HttpApi.Host\bin\Debug\net9.0\Volo.Abp.AspNetCore.Mvc.dll' because it is being used by another process. The file is locked by: "TreadSnow.HttpApi.Host (46584)" [E:\TreadSnow\TreadSnow Github2\src\TreadSnow.HttpApi.Host\TreadSnow.HttpApi.Host.csproj]
C:\Program Files\dotnet\sdk\9.0.202\Microsoft.Common.CurrentVersion.targets(5063,5): warning MSB3026: Could not copy "E:\TreadSnow\TreadSnow Github2\ABP9.1.1\framework\src\Volo.Abp.AspNetCore.Mvc.UI.Bootstrap\bin\Debug\net9.0\Volo.Abp.AspNetCore.Mvc.UI.Bootstrap.dll" to "bin\Debug\net9.0\Volo.Abp.AspNetCore.Mvc.UI.Bootstrap.dll". Beginning retry 1 in 1000ms. The process cannot access the file 'E:\TreadSnow\TreadSnow Github2\src\TreadSnow.HttpApi.Host\bin\Debug\net9.0\Volo.Abp.AspNetCore.Mvc.UI.Bootstrap.dll' because it is being used by another process. The file is locked by: "TreadSnow.HttpApi.Host (46584)" [E:\TreadSnow\TreadSnow Github2\src\TreadSnow.HttpApi.Host\TreadSnow.HttpApi.Host.csproj]
C:\Program Files\dotnet\sdk\9.0.202\Microsoft.Common.CurrentVersion.targets(5063,5): warning MSB3026: Could not copy "E:\TreadSnow\TreadSnow Github2\ABP9.1.1\framework\src\Volo.Abp.AspNetCore.Abstractions\bin\Debug\net9.0\Volo.Abp.AspNetCore.Abstractions.dll" to "bin\Debug\net9.0\Volo.Abp.AspNetCore.Abstractions.dll". Beginning retry 2 in 1000ms. The process cannot access the file 'E:\TreadSnow\TreadSnow Github2\src\TreadSnow.HttpApi.Host\bin\Debug\net9.0\Volo.Abp.AspNetCore.Abstractions.dll' because it is being used by another process. The file is locked by: "TreadSnow.HttpApi.Host (46584)" [E:\TreadSnow\TreadSnow Github2\src\TreadSnow.HttpApi.Host\TreadSnow.HttpApi.Host.csproj]
C:\Program Files\dotnet\sdk\9.0.202\Microsoft.Common.CurrentVersion.targets(5063,5): warning MSB3026: Could not copy "E:\TreadSnow\TreadSnow Github2\ABP9.1.1\framework\src\Volo.Abp.AspNetCore.Bundling\bin\Debug\net9.0\Volo.Abp.AspNetCore.Bundling.dll" to "bin\Debug\net9.0\Volo.Abp.AspNetCore.Bundling.dll". Beginning retry 2 in 1000ms. The process cannot access the file 'E:\TreadSnow\TreadSnow Github2\src\TreadSnow.HttpApi.Host\bin\Debug\net9.0\Volo.Abp.AspNetCore.Bundling.dll' because it is being used by another process. The file is locked by: "TreadSnow.HttpApi.Host (46584)" [E:\TreadSnow\TreadSnow Github2\src\TreadSnow.HttpApi.Host\TreadSnow.HttpApi.Host.csproj]
C:\Program Files\dotnet\sdk\9.0.202\Microsoft.Common.CurrentVersion.targets(5063,5): warning MSB3026: Could not copy "E:\TreadSnow\TreadSnow Github2\ABP9.1.1\framework\src\Volo.Abp.AspNetCore\bin\Debug\net9.0\Volo.Abp.AspNetCore.dll" to "bin\Debug\net9.0\Volo.Abp.AspNetCore.dll". Beginning retry 2 in 1000ms. The process cannot access the file 'E:\TreadSnow\TreadSnow Github2\src\TreadSnow.HttpApi.Host\bin\Debug\net9.0\Volo.Abp.AspNetCore.dll' because it is being used by another process. The file is locked by: "TreadSnow.HttpApi.Host (46584)" [E:\TreadSnow\TreadSnow Github2\src\TreadSnow.HttpApi.Host\TreadSnow.HttpApi.Host.csproj]
C:\Program Files\dotnet\sdk\9.0.202\Microsoft.Common.CurrentVersion.targets(5063,5): warning MSB3026: Could not copy "E:\TreadSnow\TreadSnow Github2\ABP9.1.1\framework\src\Volo.Abp.AspNetCore.Mvc.Contracts\bin\Debug\net9.0\Volo.Abp.AspNetCore.Mvc.Contracts.dll" to "bin\Debug\net9.0\Volo.Abp.AspNetCore.Mvc.Contracts.dll". Beginning retry 2 in 1000ms. The process cannot access the file 'E:\TreadSnow\TreadSnow Github2\src\TreadSnow.HttpApi.Host\bin\Debug\net9.0\Volo.Abp.AspNetCore.Mvc.Contracts.dll' because it is being used by another process. The file is locked by: "TreadSnow.HttpApi.Host (46584)" [E:\TreadSnow\TreadSnow Github2\src\TreadSnow.HttpApi.Host\TreadSnow.HttpApi.Host.csproj]
C:\Program Files\dotnet\sdk\9.0.202\Microsoft.Common.CurrentVersion.targets(5063,5): warning MSB3026: Could not copy "E:\TreadSnow\TreadSnow Github2\ABP9.1.1\framework\src\Volo.Abp.AspNetCore.Mvc\bin\Debug\net9.0\Volo.Abp.AspNetCore.Mvc.dll" to "bin\Debug\net9.0\Volo.Abp.AspNetCore.Mvc.dll". Beginning retry 2 in 1000ms. The process cannot access the file 'E:\TreadSnow\TreadSnow Github2\src\TreadSnow.HttpApi.Host\bin\Debug\net9.0\Volo.Abp.AspNetCore.Mvc.dll' because it is being used by another process. The file is locked by: "TreadSnow.HttpApi.Host (46584)" [E:\TreadSnow\TreadSnow Github2\src\TreadSnow.HttpApi.Host\TreadSnow.HttpApi.Host.csproj]
C:\Program Files\dotnet\sdk\9.0.202\Microsoft.Common.CurrentVersion.targets(5063,5): warning MSB3026: Could not copy "E:\TreadSnow\TreadSnow Github2\ABP9.1.1\framework\src\Volo.Abp.AspNetCore.Mvc.UI.Bootstrap\bin\Debug\net9.0\Volo.Abp.AspNetCore.Mvc.UI.Bootstrap.dll" to "bin\Debug\net9.0\Volo.Abp.AspNetCore.Mvc.UI.Bootstrap.dll". Beginning retry 2 in 1000ms. The process cannot access the file 'E:\TreadSnow\TreadSnow Github2\src\TreadSnow.HttpApi.Host\bin\Debug\net9.0\Volo.Abp.AspNetCore.Mvc.UI.Bootstrap.dll' because it is being used by another process. The file is locked by: "TreadSnow.HttpApi.Host (46584)" [E:\TreadSnow\TreadSnow Github2\src\TreadSnow.HttpApi.Host\TreadSnow.HttpApi.Host.csproj]
C:\Program Files\dotnet\sdk\9.0.202\Microsoft.Common.CurrentVersion.targets(5063,5): warning MSB3026: Could not copy "E:\TreadSnow\TreadSnow Github2\ABP9.1.1\framework\src\Volo.Abp.AspNetCore.Abstractions\bin\Debug\net9.0\Volo.Abp.AspNetCore.Abstractions.dll" to "bin\Debug\net9.0\Volo.Abp.AspNetCore.Abstractions.dll". Beginning retry 3 in 1000ms. The process cannot access the file 'E:\TreadSnow\TreadSnow Github2\src\TreadSnow.HttpApi.Host\bin\Debug\net9.0\Volo.Abp.AspNetCore.Abstractions.dll' because it is being used by another process. The file is locked by: "TreadSnow.HttpApi.Host (46584)" [E:\TreadSnow\TreadSnow Github2\src\TreadSnow.HttpApi.Host\TreadSnow.HttpApi.Host.csproj]
C:\Program Files\dotnet\sdk\9.0.202\Microsoft.Common.CurrentVersion.targets(5063,5): warning MSB3026: Could not copy "E:\TreadSnow\TreadSnow Github2\ABP9.1.1\framework\src\Volo.Abp.AspNetCore.Bundling\bin\Debug\net9.0\Volo.Abp.AspNetCore.Bundling.dll" to "bin\Debug\net9.0\Volo.Abp.AspNetCore.Bundling.dll". Beginning retry 3 in 1000ms. The process cannot access the file 'E:\TreadSnow\TreadSnow Github2\src\TreadSnow.HttpApi.Host\bin\Debug\net9.0\Volo.Abp.AspNetCore.Bundling.dll' because it is being used by another process. The file is locked by: "TreadSnow.HttpApi.Host (46584)" [E:\TreadSnow\TreadSnow Github2\src\TreadSnow.HttpApi.Host\TreadSnow.HttpApi.Host.csproj]
C:\Program Files\dotnet\sdk\9.0.202\Microsoft.Common.CurrentVersion.targets(5063,5): warning MSB3026: Could not copy "E:\TreadSnow\TreadSnow Github2\ABP9.1.1\framework\src\Volo.Abp.AspNetCore\bin\Debug\net9.0\Volo.Abp.AspNetCore.dll" to "bin\Debug\net9.0\Volo.Abp.AspNetCore.dll". Beginning retry 3 in 1000ms. The process cannot access the file 'E:\TreadSnow\TreadSnow Github2\src\TreadSnow.HttpApi.Host\bin\Debug\net9.0\Volo.Abp.AspNetCore.dll' because it is being used by another process. The file is locked by: "TreadSnow.HttpApi.Host (46584)" [E:\TreadSnow\TreadSnow Github2\src\TreadSnow.HttpApi.Host\TreadSnow.HttpApi.Host.csproj]
C:\Program Files\dotnet\sdk\9.0.202\Microsoft.Common.CurrentVersion.targets(5063,5): warning MSB3026: Could not copy "E:\TreadSnow\TreadSnow Github2\ABP9.1.1\framework\src\Volo.Abp.AspNetCore.Mvc.Contracts\bin\Debug\net9.0\Volo.Abp.AspNetCore.Mvc.Contracts.dll" to "bin\Debug\net9.0\Volo.Abp.AspNetCore.Mvc.Contracts.dll". Beginning retry 3 in 1000ms. The process cannot access the file 'E:\TreadSnow\TreadSnow Github2\src\TreadSnow.HttpApi.Host\bin\Debug\net9.0\Volo.Abp.AspNetCore.Mvc.Contracts.dll' because it is being used by another process. The file is locked by: "TreadSnow.HttpApi.Host (46584)" [E:\TreadSnow\TreadSnow Github2\src\TreadSnow.HttpApi.Host\TreadSnow.HttpApi.Host.csproj]
C:\Program Files\dotnet\sdk\9.0.202\Microsoft.Common.CurrentVersion.targets(5063,5): warning MSB3026: Could not copy "E:\TreadSnow\TreadSnow Github2\ABP9.1.1\framework\src\Volo.Abp.AspNetCore.Abstractions\bin\Debug\net9.0\Volo.Abp.AspNetCore.Abstractions.dll" to "bin\Debug\net9.0\Volo.Abp.AspNetCore.Abstractions.dll". Beginning retry 4 in 1000ms. The process cannot access the file 'E:\TreadSnow\TreadSnow Github2\src\TreadSnow.HttpApi.Host\bin\Debug\net9.0\Volo.Abp.AspNetCore.Abstractions.dll' because it is being used by another process. The file is locked by: "TreadSnow.HttpApi.Host (46584)" [E:\TreadSnow\TreadSnow Github2\src\TreadSnow.HttpApi.Host\TreadSnow.HttpApi.Host.csproj]
C:\Program Files\dotnet\sdk\9.0.202\Microsoft.Common.CurrentVersion.targets(5063,5): warning MSB3026: Could not copy "E:\TreadSnow\TreadSnow Github2\ABP9.1.1\framework\src\Volo.Abp.AspNetCore.Mvc\bin\Debug\net9.0\Volo.Abp.AspNetCore.Mvc.dll" to "bin\Debug\net9.0\Volo.Abp.AspNetCore.Mvc.dll". Beginning retry 3 in 1000ms. The process cannot access the file 'E:\TreadSnow\TreadSnow Github2\src\TreadSnow.HttpApi.Host\bin\Debug\net9.0\Volo.Abp.AspNetCore.Mvc.dll' because it is being used by another process. The file is locked by: "TreadSnow.HttpApi.Host (46584)" [E:\TreadSnow\TreadSnow Github2\src\TreadSnow.HttpApi.Host\TreadSnow.HttpApi.Host.csproj]
C:\Program Files\dotnet\sdk\9.0.202\Microsoft.Common.CurrentVersion.targets(5063,5): warning MSB3026: Could not copy "E:\TreadSnow\TreadSnow Github2\ABP9.1.1\framework\src\Volo.Abp.AspNetCore.Mvc.UI.Bootstrap\bin\Debug\net9.0\Volo.Abp.AspNetCore.Mvc.UI.Bootstrap.dll" to "bin\Debug\net9.0\Volo.Abp.AspNetCore.Mvc.UI.Bootstrap.dll". Beginning retry 3 in 1000ms. The process cannot access the file 'E:\TreadSnow\TreadSnow Github2\src\TreadSnow.HttpApi.Host\bin\Debug\net9.0\Volo.Abp.AspNetCore.Mvc.UI.Bootstrap.dll' because it is being used by another process. The file is locked by: "TreadSnow.HttpApi.Host (46584)" [E:\TreadSnow\TreadSnow Github2\src\TreadSnow.HttpApi.Host\TreadSnow.HttpApi.Host.csproj]
C:\Program Files\dotnet\sdk\9.0.202\Microsoft.Common.CurrentVersion.targets(5063,5): warning MSB3026: Could not copy "E:\TreadSnow\TreadSnow Github2\ABP9.1.1\framework\src\Volo.Abp.AspNetCore.Bundling\bin\Debug\net9.0\Volo.Abp.AspNetCore.Bundling.dll" to "bin\Debug\net9.0\Volo.Abp.AspNetCore.Bundling.dll". Beginning retry 4 in 1000ms. The process cannot access the file 'E:\TreadSnow\TreadSnow Github2\src\TreadSnow.HttpApi.Host\bin\Debug\net9.0\Volo.Abp.AspNetCore.Bundling.dll' because it is being used by another process. The file is locked by: "TreadSnow.HttpApi.Host (46584)" [E:\TreadSnow\TreadSnow Github2\src\TreadSnow.HttpApi.Host\TreadSnow.HttpApi.Host.csproj]
C:\Program Files\dotnet\sdk\9.0.202\Microsoft.Common.CurrentVersion.targets(5063,5): warning MSB3026: Could not copy "E:\TreadSnow\TreadSnow Github2\ABP9.1.1\framework\src\Volo.Abp.AspNetCore\bin\Debug\net9.0\Volo.Abp.AspNetCore.dll" to "bin\Debug\net9.0\Volo.Abp.AspNetCore.dll". Beginning retry 4 in 1000ms. The process cannot access the file 'E:\TreadSnow\TreadSnow Github2\src\TreadSnow.HttpApi.Host\bin\Debug\net9.0\Volo.Abp.AspNetCore.dll' because it is being used by another process. The file is locked by: "TreadSnow.HttpApi.Host (46584)" [E:\TreadSnow\TreadSnow Github2\src\TreadSnow.HttpApi.Host\TreadSnow.HttpApi.Host.csproj]
C:\Program Files\dotnet\sdk\9.0.202\Microsoft.Common.CurrentVersion.targets(5063,5): warning MSB3026: Could not copy "E:\TreadSnow\TreadSnow Github2\ABP9.1.1\framework\src\Volo.Abp.AspNetCore.Mvc.Contracts\bin\Debug\net9.0\Volo.Abp.AspNetCore.Mvc.Contracts.dll" to "bin\Debug\net9.0\Volo.Abp.AspNetCore.Mvc.Contracts.dll". Beginning retry 4 in 1000ms. The process cannot access the file 'E:\TreadSnow\TreadSnow Github2\src\TreadSnow.HttpApi.Host\bin\Debug\net9.0\Volo.Abp.AspNetCore.Mvc.Contracts.dll' because it is being used by another process. The file is locked by: "TreadSnow.HttpApi.Host (46584)" [E:\TreadSnow\TreadSnow Github2\src\TreadSnow.HttpApi.Host\TreadSnow.HttpApi.Host.csproj]
C:\Program Files\dotnet\sdk\9.0.202\Microsoft.Common.CurrentVersion.targets(5063,5): warning MSB3026: Could not copy "E:\TreadSnow\TreadSnow Github2\ABP9.1.1\framework\src\Volo.Abp.AspNetCore.Abstractions\bin\Debug\net9.0\Volo.Abp.AspNetCore.Abstractions.dll" to "bin\Debug\net9.0\Volo.Abp.AspNetCore.Abstractions.dll". Beginning retry 5 in 1000ms. The process cannot access the file 'E:\TreadSnow\TreadSnow Github2\src\TreadSnow.HttpApi.Host\bin\Debug\net9.0\Volo.Abp.AspNetCore.Abstractions.dll' because it is being used by another process. The file is locked by: "TreadSnow.HttpApi.Host (46584)" [E:\TreadSnow\TreadSnow Github2\src\TreadSnow.HttpApi.Host\TreadSnow.HttpApi.Host.csproj]
C:\Program Files\dotnet\sdk\9.0.202\Microsoft.Common.CurrentVersion.targets(5063,5): warning MSB3026: Could not copy "E:\TreadSnow\TreadSnow Github2\ABP9.1.1\framework\src\Volo.Abp.AspNetCore.Mvc\bin\Debug\net9.0\Volo.Abp.AspNetCore.Mvc.dll" to "bin\Debug\net9.0\Volo.Abp.AspNetCore.Mvc.dll". Beginning retry 4 in 1000ms. The process cannot access the file 'E:\TreadSnow\TreadSnow Github2\src\TreadSnow.HttpApi.Host\bin\Debug\net9.0\Volo.Abp.AspNetCore.Mvc.dll' because it is being used by another process. The file is locked by: "TreadSnow.HttpApi.Host (46584)" [E:\TreadSnow\TreadSnow Github2\src\TreadSnow.HttpApi.Host\TreadSnow.HttpApi.Host.csproj]
C:\Program Files\dotnet\sdk\9.0.202\Microsoft.Common.CurrentVersion.targets(5063,5): warning MSB3026: Could not copy "E:\TreadSnow\TreadSnow Github2\ABP9.1.1\framework\src\Volo.Abp.AspNetCore.Mvc.UI.Bootstrap\bin\Debug\net9.0\Volo.Abp.AspNetCore.Mvc.UI.Bootstrap.dll" to "bin\Debug\net9.0\Volo.Abp.AspNetCore.Mvc.UI.Bootstrap.dll". Beginning retry 4 in 1000ms. The process cannot access the file 'E:\TreadSnow\TreadSnow Github2\src\TreadSnow.HttpApi.Host\bin\Debug\net9.0\Volo.Abp.AspNetCore.Mvc.UI.Bootstrap.dll' because it is being used by another process. The file is locked by: "TreadSnow.HttpApi.Host (46584)" [E:\TreadSnow\TreadSnow Github2\src\TreadSnow.HttpApi.Host\TreadSnow.HttpApi.Host.csproj]
C:\Program Files\dotnet\sdk\9.0.202\Microsoft.Common.CurrentVersion.targets(5063,5): warning MSB3026: Could not copy "E:\TreadSnow\TreadSnow Github2\ABP9.1.1\framework\src\Volo.Abp.AspNetCore.Bundling\bin\Debug\net9.0\Volo.Abp.AspNetCore.Bundling.dll" to "bin\Debug\net9.0\Volo.Abp.AspNetCore.Bundling.dll". Beginning retry 5 in 1000ms. The process cannot access the file 'E:\TreadSnow\TreadSnow Github2\src\TreadSnow.HttpApi.Host\bin\Debug\net9.0\Volo.Abp.AspNetCore.Bundling.dll' because it is being used by another process. The file is locked by: "TreadSnow.HttpApi.Host (46584)" [E:\TreadSnow\TreadSnow Github2\src\TreadSnow.HttpApi.Host\TreadSnow.HttpApi.Host.csproj]
C:\Program Files\dotnet\sdk\9.0.202\Microsoft.Common.CurrentVersion.targets(5063,5): warning MSB3026: Could not copy "E:\TreadSnow\TreadSnow Github2\ABP9.1.1\framework\src\Volo.Abp.AspNetCore\bin\Debug\net9.0\Volo.Abp.AspNetCore.dll" to "bin\Debug\net9.0\Volo.Abp.AspNetCore.dll". Beginning retry 5 in 1000ms. The process cannot access the file 'E:\TreadSnow\TreadSnow Github2\src\TreadSnow.HttpApi.Host\bin\Debug\net9.0\Volo.Abp.AspNetCore.dll' because it is being used by another process. The file is locked by: "TreadSnow.HttpApi.Host (46584)" [E:\TreadSnow\TreadSnow Github2\src\TreadSnow.HttpApi.Host\TreadSnow.HttpApi.Host.csproj]
C:\Program Files\dotnet\sdk\9.0.202\Microsoft.Common.CurrentVersion.targets(5063,5): warning MSB3026: Could not copy "E:\TreadSnow\TreadSnow Github2\ABP9.1.1\framework\src\Volo.Abp.AspNetCore.Mvc.Contracts\bin\Debug\net9.0\Volo.Abp.AspNetCore.Mvc.Contracts.dll" to "bin\Debug\net9.0\Volo.Abp.AspNetCore.Mvc.Contracts.dll". Beginning retry 5 in 1000ms. The process cannot access the file 'E:\TreadSnow\TreadSnow Github2\src\TreadSnow.HttpApi.Host\bin\Debug\net9.0\Volo.Abp.AspNetCore.Mvc.Contracts.dll' because it is being used by another process. The file is locked by: "TreadSnow.HttpApi.Host (46584)" [E:\TreadSnow\TreadSnow Github2\src\TreadSnow.HttpApi.Host\TreadSnow.HttpApi.Host.csproj]
C:\Program Files\dotnet\sdk\9.0.202\Microsoft.Common.CurrentVersion.targets(5063,5): warning MSB3026: Could not copy "E:\TreadSnow\TreadSnow Github2\ABP9.1.1\framework\src\Volo.Abp.AspNetCore.Abstractions\bin\Debug\net9.0\Volo.Abp.AspNetCore.Abstractions.dll" to "bin\Debug\net9.0\Volo.Abp.AspNetCore.Abstractions.dll". Beginning retry 6 in 1000ms. The process cannot access the file 'E:\TreadSnow\TreadSnow Github2\src\TreadSnow.HttpApi.Host\bin\Debug\net9.0\Volo.Abp.AspNetCore.Abstractions.dll' because it is being used by another process. The file is locked by: "TreadSnow.HttpApi.Host (46584)" [E:\TreadSnow\TreadSnow Github2\src\TreadSnow.HttpApi.Host\TreadSnow.HttpApi.Host.csproj]
C:\Program Files\dotnet\sdk\9.0.202\Microsoft.Common.CurrentVersion.targets(5063,5): warning MSB3026: Could not copy "E:\TreadSnow\TreadSnow Github2\ABP9.1.1\framework\src\Volo.Abp.AspNetCore.Mvc\bin\Debug\net9.0\Volo.Abp.AspNetCore.Mvc.dll" to "bin\Debug\net9.0\Volo.Abp.AspNetCore.Mvc.dll". Beginning retry 5 in 1000ms. The process cannot access the file 'E:\TreadSnow\TreadSnow Github2\src\TreadSnow.HttpApi.Host\bin\Debug\net9.0\Volo.Abp.AspNetCore.Mvc.dll' because it is being used by another process. The file is locked by: "TreadSnow.HttpApi.Host (46584)" [E:\TreadSnow\TreadSnow Github2\src\TreadSnow.HttpApi.Host\TreadSnow.HttpApi.Host.csproj]
C:\Program Files\dotnet\sdk\9.0.202\Microsoft.Common.CurrentVersion.targets(5063,5): warning MSB3026: Could not copy "E:\TreadSnow\TreadSnow Github2\ABP9.1.1\framework\src\Volo.Abp.AspNetCore.Mvc.UI.Bootstrap\bin\Debug\net9.0\Volo.Abp.AspNetCore.Mvc.UI.Bootstrap.dll" to "bin\Debug\net9.0\Volo.Abp.AspNetCore.Mvc.UI.Bootstrap.dll". Beginning retry 5 in 1000ms. The process cannot access the file 'E:\TreadSnow\TreadSnow Github2\src\TreadSnow.HttpApi.Host\bin\Debug\net9.0\Volo.Abp.AspNetCore.Mvc.UI.Bootstrap.dll' because it is being used by another process. The file is locked by: "TreadSnow.HttpApi.Host (46584)" [E:\TreadSnow\TreadSnow Github2\src\TreadSnow.HttpApi.Host\TreadSnow.HttpApi.Host.csproj]
C:\Program Files\dotnet\sdk\9.0.202\Microsoft.Common.CurrentVersion.targets(5063,5): warning MSB3026: Could not copy "E:\TreadSnow\TreadSnow Github2\ABP9.1.1\framework\src\Volo.Abp.AspNetCore.Bundling\bin\Debug\net9.0\Volo.Abp.AspNetCore.Bundling.dll" to "bin\Debug\net9.0\Volo.Abp.AspNetCore.Bundling.dll". Beginning retry 6 in 1000ms. The process cannot access the file 'E:\TreadSnow\TreadSnow Github2\src\TreadSnow.HttpApi.Host\bin\Debug\net9.0\Volo.Abp.AspNetCore.Bundling.dll' because it is being used by another process. The file is locked by: "TreadSnow.HttpApi.Host (46584)" [E:\TreadSnow\TreadSnow Github2\src\TreadSnow.HttpApi.Host\TreadSnow.HttpApi.Host.csproj]
C:\Program Files\dotnet\sdk\9.0.202\Microsoft.Common.CurrentVersion.targets(5063,5): warning MSB3026: Could not copy "E:\TreadSnow\TreadSnow Github2\ABP9.1.1\framework\src\Volo.Abp.AspNetCore\bin\Debug\net9.0\Volo.Abp.AspNetCore.dll" to "bin\Debug\net9.0\Volo.Abp.AspNetCore.dll". Beginning retry 6 in 1000ms. The process cannot access the file 'E:\TreadSnow\TreadSnow Github2\src\TreadSnow.HttpApi.Host\bin\Debug\net9.0\Volo.Abp.AspNetCore.dll' because it is being used by another process. The file is locked by: "TreadSnow.HttpApi.Host (46584)" [E:\TreadSnow\TreadSnow Github2\src\TreadSnow.HttpApi.Host\TreadSnow.HttpApi.Host.csproj]
C:\Program Files\dotnet\sdk\9.0.202\Microsoft.Common.CurrentVersion.targets(5063,5): warning MSB3026: Could not copy "E:\TreadSnow\TreadSnow Github2\ABP9.1.1\framework\src\Volo.Abp.AspNetCore.Mvc.Contracts\bin\Debug\net9.0\Volo.Abp.AspNetCore.Mvc.Contracts.dll" to "bin\Debug\net9.0\Volo.Abp.AspNetCore.Mvc.Contracts.dll". Beginning retry 6 in 1000ms. The process cannot access the file 'E:\TreadSnow\TreadSnow Github2\src\TreadSnow.HttpApi.Host\bin\Debug\net9.0\Volo.Abp.AspNetCore.Mvc.Contracts.dll' because it is being used by another process. The file is locked by: "TreadSnow.HttpApi.Host (46584)" [E:\TreadSnow\TreadSnow Github2\src\TreadSnow.HttpApi.Host\TreadSnow.HttpApi.Host.csproj]
C:\Program Files\dotnet\sdk\9.0.202\Microsoft.Common.CurrentVersion.targets(5063,5): warning MSB3026: Could not copy "E:\TreadSnow\TreadSnow Github2\ABP9.1.1\framework\src\Volo.Abp.AspNetCore.Abstractions\bin\Debug\net9.0\Volo.Abp.AspNetCore.Abstractions.dll" to "bin\Debug\net9.0\Volo.Abp.AspNetCore.Abstractions.dll". Beginning retry 7 in 1000ms. The process cannot access the file 'E:\TreadSnow\TreadSnow Github2\src\TreadSnow.HttpApi.Host\bin\Debug\net9.0\Volo.Abp.AspNetCore.Abstractions.dll' because it is being used by another process. The file is locked by: "TreadSnow.HttpApi.Host (46584)" [E:\TreadSnow\TreadSnow Github2\src\TreadSnow.HttpApi.Host\TreadSnow.HttpApi.Host.csproj]
C:\Program Files\dotnet\sdk\9.0.202\Microsoft.Common.CurrentVersion.targets(5063,5): warning MSB3026: Could not copy "E:\TreadSnow\TreadSnow Github2\ABP9.1.1\framework\src\Volo.Abp.AspNetCore.Mvc\bin\Debug\net9.0\Volo.Abp.AspNetCore.Mvc.dll" to "bin\Debug\net9.0\Volo.Abp.AspNetCore.Mvc.dll". Beginning retry 6 in 1000ms. The process cannot access the file 'E:\TreadSnow\TreadSnow Github2\src\TreadSnow.HttpApi.Host\bin\Debug\net9.0\Volo.Abp.AspNetCore.Mvc.dll' because it is being used by another process. The file is locked by: "TreadSnow.HttpApi.Host (46584)" [E:\TreadSnow\TreadSnow Github2\src\TreadSnow.HttpApi.Host\TreadSnow.HttpApi.Host.csproj]
C:\Program Files\dotnet\sdk\9.0.202\Microsoft.Common.CurrentVersion.targets(5063,5): warning MSB3026: Could not copy "E:\TreadSnow\TreadSnow Github2\ABP9.1.1\framework\src\Volo.Abp.AspNetCore.Mvc.UI.Bootstrap\bin\Debug\net9.0\Volo.Abp.AspNetCore.Mvc.UI.Bootstrap.dll" to "bin\Debug\net9.0\Volo.Abp.AspNetCore.Mvc.UI.Bootstrap.dll". Beginning retry 6 in 1000ms. The process cannot access the file 'E:\TreadSnow\TreadSnow Github2\src\TreadSnow.HttpApi.Host\bin\Debug\net9.0\Volo.Abp.AspNetCore.Mvc.UI.Bootstrap.dll' because it is being used by another process. The file is locked by: "TreadSnow.HttpApi.Host (46584)" [E:\TreadSnow\TreadSnow Github2\src\TreadSnow.HttpApi.Host\TreadSnow.HttpApi.Host.csproj]
C:\Program Files\dotnet\sdk\9.0.202\Microsoft.Common.CurrentVersion.targets(5063,5): warning MSB3026: Could not copy "E:\TreadSnow\TreadSnow Github2\ABP9.1.1\framework\src\Volo.Abp.AspNetCore.Bundling\bin\Debug\net9.0\Volo.Abp.AspNetCore.Bundling.dll" to "bin\Debug\net9.0\Volo.Abp.AspNetCore.Bundling.dll". Beginning retry 7 in 1000ms. The process cannot access the file 'E:\TreadSnow\TreadSnow Github2\src\TreadSnow.HttpApi.Host\bin\Debug\net9.0\Volo.Abp.AspNetCore.Bundling.dll' because it is being used by another process. The file is locked by: "TreadSnow.HttpApi.Host (46584)" [E:\TreadSnow\TreadSnow Github2\src\TreadSnow.HttpApi.Host\TreadSnow.HttpApi.Host.csproj]
C:\Program Files\dotnet\sdk\9.0.202\Microsoft.Common.CurrentVersion.targets(5063,5): warning MSB3026: Could not copy "E:\TreadSnow\TreadSnow Github2\ABP9.1.1\framework\src\Volo.Abp.AspNetCore\bin\Debug\net9.0\Volo.Abp.AspNetCore.dll" to "bin\Debug\net9.0\Volo.Abp.AspNetCore.dll". Beginning retry 7 in 1000ms. The process cannot access the file 'E:\TreadSnow\TreadSnow Github2\src\TreadSnow.HttpApi.Host\bin\Debug\net9.0\Volo.Abp.AspNetCore.dll' because it is being used by another process. The file is locked by: "TreadSnow.HttpApi.Host (46584)" [E:\TreadSnow\TreadSnow Github2\src\TreadSnow.HttpApi.Host\TreadSnow.HttpApi.Host.csproj]
C:\Program Files\dotnet\sdk\9.0.202\Microsoft.Common.CurrentVersion.targets(5063,5): warning MSB3026: Could not copy "E:\TreadSnow\TreadSnow Github2\ABP9.1.1\framework\src\Volo.Abp.AspNetCore.Mvc.Contracts\bin\Debug\net9.0\Volo.Abp.AspNetCore.Mvc.Contracts.dll" to "bin\Debug\net9.0\Volo.Abp.AspNetCore.Mvc.Contracts.dll". Beginning retry 7 in 1000ms. The process cannot access the file 'E:\TreadSnow\TreadSnow Github2\src\TreadSnow.HttpApi.Host\bin\Debug\net9.0\Volo.Abp.AspNetCore.Mvc.Contracts.dll' because it is being used by another process. The file is locked by: "TreadSnow.HttpApi.Host (46584)" [E:\TreadSnow\TreadSnow Github2\src\TreadSnow.HttpApi.Host\TreadSnow.HttpApi.Host.csproj]
C:\Program Files\dotnet\sdk\9.0.202\Microsoft.Common.CurrentVersion.targets(5063,5): warning MSB3026: Could not copy "E:\TreadSnow\TreadSnow Github2\ABP9.1.1\framework\src\Volo.Abp.AspNetCore.Abstractions\bin\Debug\net9.0\Volo.Abp.AspNetCore.Abstractions.dll" to "bin\Debug\net9.0\Volo.Abp.AspNetCore.Abstractions.dll". Beginning retry 8 in 1000ms. The process cannot access the file 'E:\TreadSnow\TreadSnow Github2\src\TreadSnow.HttpApi.Host\bin\Debug\net9.0\Volo.Abp.AspNetCore.Abstractions.dll' because it is being used by another process. The file is locked by: "TreadSnow.HttpApi.Host (46584)" [E:\TreadSnow\TreadSnow Github2\src\TreadSnow.HttpApi.Host\TreadSnow.HttpApi.Host.csproj]
C:\Program Files\dotnet\sdk\9.0.202\Microsoft.Common.CurrentVersion.targets(5063,5): warning MSB3026: Could not copy "E:\TreadSnow\TreadSnow Github2\ABP9.1.1\framework\src\Volo.Abp.AspNetCore.Mvc\bin\Debug\net9.0\Volo.Abp.AspNetCore.Mvc.dll" to "bin\Debug\net9.0\Volo.Abp.AspNetCore.Mvc.dll". Beginning retry 7 in 1000ms. The process cannot access the file 'E:\TreadSnow\TreadSnow Github2\src\TreadSnow.HttpApi.Host\bin\Debug\net9.0\Volo.Abp.AspNetCore.Mvc.dll' because it is being used by another process. The file is locked by: "TreadSnow.HttpApi.Host (46584)" [E:\TreadSnow\TreadSnow Github2\src\TreadSnow.HttpApi.Host\TreadSnow.HttpApi.Host.csproj]
C:\Program Files\dotnet\sdk\9.0.202\Microsoft.Common.CurrentVersion.targets(5063,5): warning MSB3026: Could not copy "E:\TreadSnow\TreadSnow Github2\ABP9.1.1\framework\src\Volo.Abp.AspNetCore.Mvc.UI.Bootstrap\bin\Debug\net9.0\Volo.Abp.AspNetCore.Mvc.UI.Bootstrap.dll" to "bin\Debug\net9.0\Volo.Abp.AspNetCore.Mvc.UI.Bootstrap.dll". Beginning retry 7 in 1000ms. The process cannot access the file 'E:\TreadSnow\TreadSnow Github2\src\TreadSnow.HttpApi.Host\bin\Debug\net9.0\Volo.Abp.AspNetCore.Mvc.UI.Bootstrap.dll' because it is being used by another process. The file is locked by: "TreadSnow.HttpApi.Host (46584)" [E:\TreadSnow\TreadSnow Github2\src\TreadSnow.HttpApi.Host\TreadSnow.HttpApi.Host.csproj]
C:\Program Files\dotnet\sdk\9.0.202\Microsoft.Common.CurrentVersion.targets(5063,5): warning MSB3026: Could not copy "E:\TreadSnow\TreadSnow Github2\ABP9.1.1\framework\src\Volo.Abp.AspNetCore.Bundling\bin\Debug\net9.0\Volo.Abp.AspNetCore.Bundling.dll" to "bin\Debug\net9.0\Volo.Abp.AspNetCore.Bundling.dll". Beginning retry 8 in 1000ms. The process cannot access the file 'E:\TreadSnow\TreadSnow Github2\src\TreadSnow.HttpApi.Host\bin\Debug\net9.0\Volo.Abp.AspNetCore.Bundling.dll' because it is being used by another process. The file is locked by: "TreadSnow.HttpApi.Host (46584)" [E:\TreadSnow\TreadSnow Github2\src\TreadSnow.HttpApi.Host\TreadSnow.HttpApi.Host.csproj]
C:\Program Files\dotnet\sdk\9.0.202\Microsoft.Common.CurrentVersion.targets(5063,5): warning MSB3026: Could not copy "E:\TreadSnow\TreadSnow Github2\ABP9.1.1\framework\src\Volo.Abp.AspNetCore\bin\Debug\net9.0\Volo.Abp.AspNetCore.dll" to "bin\Debug\net9.0\Volo.Abp.AspNetCore.dll". Beginning retry 8 in 1000ms. The process cannot access the file 'E:\TreadSnow\TreadSnow Github2\src\TreadSnow.HttpApi.Host\bin\Debug\net9.0\Volo.Abp.AspNetCore.dll' because it is being used by another process. The file is locked by: "TreadSnow.HttpApi.Host (46584)" [E:\TreadSnow\TreadSnow Github2\src\TreadSnow.HttpApi.Host\TreadSnow.HttpApi.Host.csproj]
C:\Program Files\dotnet\sdk\9.0.202\Microsoft.Common.CurrentVersion.targets(5063,5): warning MSB3026: Could not copy "E:\TreadSnow\TreadSnow Github2\ABP9.1.1\framework\src\Volo.Abp.AspNetCore.Mvc.Contracts\bin\Debug\net9.0\Volo.Abp.AspNetCore.Mvc.Contracts.dll" to "bin\Debug\net9.0\Volo.Abp.AspNetCore.Mvc.Contracts.dll". Beginning retry 8 in 1000ms. The process cannot access the file 'E:\TreadSnow\TreadSnow Github2\src\TreadSnow.HttpApi.Host\bin\Debug\net9.0\Volo.Abp.AspNetCore.Mvc.Contracts.dll' because it is being used by another process. The file is locked by: "TreadSnow.HttpApi.Host (46584)" [E:\TreadSnow\TreadSnow Github2\src\TreadSnow.HttpApi.Host\TreadSnow.HttpApi.Host.csproj]
C:\Program Files\dotnet\sdk\9.0.202\Microsoft.Common.CurrentVersion.targets(5063,5): warning MSB3026: Could not copy "E:\TreadSnow\TreadSnow Github2\ABP9.1.1\framework\src\Volo.Abp.AspNetCore.Abstractions\bin\Debug\net9.0\Volo.Abp.AspNetCore.Abstractions.dll" to "bin\Debug\net9.0\Volo.Abp.AspNetCore.Abstractions.dll". Beginning retry 9 in 1000ms. The process cannot access the file 'E:\TreadSnow\TreadSnow Github2\src\TreadSnow.HttpApi.Host\bin\Debug\net9.0\Volo.Abp.AspNetCore.Abstractions.dll' because it is being used by another process. The file is locked by: "TreadSnow.HttpApi.Host (46584)" [E:\TreadSnow\TreadSnow Github2\src\TreadSnow.HttpApi.Host\TreadSnow.HttpApi.Host.csproj]
C:\Program Files\dotnet\sdk\9.0.202\Microsoft.Common.CurrentVersion.targets(5063,5): warning MSB3026: Could not copy "E:\TreadSnow\TreadSnow Github2\ABP9.1.1\framework\src\Volo.Abp.AspNetCore.Mvc\bin\Debug\net9.0\Volo.Abp.AspNetCore.Mvc.dll" to "bin\Debug\net9.0\Volo.Abp.AspNetCore.Mvc.dll". Beginning retry 8 in 1000ms. The process cannot access the file 'E:\TreadSnow\TreadSnow Github2\src\TreadSnow.HttpApi.Host\bin\Debug\net9.0\Volo.Abp.AspNetCore.Mvc.dll' because it is being used by another process. The file is locked by: "TreadSnow.HttpApi.Host (46584)" [E:\TreadSnow\TreadSnow Github2\src\TreadSnow.HttpApi.Host\TreadSnow.HttpApi.Host.csproj]
C:\Program Files\dotnet\sdk\9.0.202\Microsoft.Common.CurrentVersion.targets(5063,5): warning MSB3026: Could not copy "E:\TreadSnow\TreadSnow Github2\ABP9.1.1\framework\src\Volo.Abp.AspNetCore.Mvc.UI.Bootstrap\bin\Debug\net9.0\Volo.Abp.AspNetCore.Mvc.UI.Bootstrap.dll" to "bin\Debug\net9.0\Volo.Abp.AspNetCore.Mvc.UI.Bootstrap.dll". Beginning retry 8 in 1000ms. The process cannot access the file 'E:\TreadSnow\TreadSnow Github2\src\TreadSnow.HttpApi.Host\bin\Debug\net9.0\Volo.Abp.AspNetCore.Mvc.UI.Bootstrap.dll' because it is being used by another process. The file is locked by: "TreadSnow.HttpApi.Host (46584)" [E:\TreadSnow\TreadSnow Github2\src\TreadSnow.HttpApi.Host\TreadSnow.HttpApi.Host.csproj]
C:\Program Files\dotnet\sdk\9.0.202\Microsoft.Common.CurrentVersion.targets(5063,5): warning MSB3026: Could not copy "E:\TreadSnow\TreadSnow Github2\ABP9.1.1\framework\src\Volo.Abp.AspNetCore.Bundling\bin\Debug\net9.0\Volo.Abp.AspNetCore.Bundling.dll" to "bin\Debug\net9.0\Volo.Abp.AspNetCore.Bundling.dll". Beginning retry 9 in 1000ms. The process cannot access the file 'E:\TreadSnow\TreadSnow Github2\src\TreadSnow.HttpApi.Host\bin\Debug\net9.0\Volo.Abp.AspNetCore.Bundling.dll' because it is being used by another process. The file is locked by: "TreadSnow.HttpApi.Host (46584)" [E:\TreadSnow\TreadSnow Github2\src\TreadSnow.HttpApi.Host\TreadSnow.HttpApi.Host.csproj]
C:\Program Files\dotnet\sdk\9.0.202\Microsoft.Common.CurrentVersion.targets(5063,5): warning MSB3026: Could not copy "E:\TreadSnow\TreadSnow Github2\ABP9.1.1\framework\src\Volo.Abp.AspNetCore\bin\Debug\net9.0\Volo.Abp.AspNetCore.dll" to "bin\Debug\net9.0\Volo.Abp.AspNetCore.dll". Beginning retry 9 in 1000ms. The process cannot access the file 'E:\TreadSnow\TreadSnow Github2\src\TreadSnow.HttpApi.Host\bin\Debug\net9.0\Volo.Abp.AspNetCore.dll' because it is being used by another process. The file is locked by: "TreadSnow.HttpApi.Host (46584)" [E:\TreadSnow\TreadSnow Github2\src\TreadSnow.HttpApi.Host\TreadSnow.HttpApi.Host.csproj]
C:\Program Files\dotnet\sdk\9.0.202\Microsoft.Common.CurrentVersion.targets(5063,5): warning MSB3026: Could not copy "E:\TreadSnow\TreadSnow Github2\ABP9.1.1\framework\src\Volo.Abp.AspNetCore.Mvc.Contracts\bin\Debug\net9.0\Volo.Abp.AspNetCore.Mvc.Contracts.dll" to "bin\Debug\net9.0\Volo.Abp.AspNetCore.Mvc.Contracts.dll". Beginning retry 9 in 1000ms. The process cannot access the file 'E:\TreadSnow\TreadSnow Github2\src\TreadSnow.HttpApi.Host\bin\Debug\net9.0\Volo.Abp.AspNetCore.Mvc.Contracts.dll' because it is being used by another process. The file is locked by: "TreadSnow.HttpApi.Host (46584)" [E:\TreadSnow\TreadSnow Github2\src\TreadSnow.HttpApi.Host\TreadSnow.HttpApi.Host.csproj]
C:\Program Files\dotnet\sdk\9.0.202\Microsoft.Common.CurrentVersion.targets(5063,5): warning MSB3026: Could not copy "E:\TreadSnow\TreadSnow Github2\ABP9.1.1\framework\src\Volo.Abp.AspNetCore.Abstractions\bin\Debug\net9.0\Volo.Abp.AspNetCore.Abstractions.dll" to "bin\Debug\net9.0\Volo.Abp.AspNetCore.Abstractions.dll". Beginning retry 10 in 1000ms. The process cannot access the file 'E:\TreadSnow\TreadSnow Github2\src\TreadSnow.HttpApi.Host\bin\Debug\net9.0\Volo.Abp.AspNetCore.Abstractions.dll' because it is being used by another process. The file is locked by: "TreadSnow.HttpApi.Host (46584)" [E:\TreadSnow\TreadSnow Github2\src\TreadSnow.HttpApi.Host\TreadSnow.HttpApi.Host.csproj]
C:\Program Files\dotnet\sdk\9.0.202\Microsoft.Common.CurrentVersion.targets(5063,5): warning MSB3026: Could not copy "E:\TreadSnow\TreadSnow Github2\ABP9.1.1\framework\src\Volo.Abp.AspNetCore.Mvc\bin\Debug\net9.0\Volo.Abp.AspNetCore.Mvc.dll" to "bin\Debug\net9.0\Volo.Abp.AspNetCore.Mvc.dll". Beginning retry 9 in 1000ms. The process cannot access the file 'E:\TreadSnow\TreadSnow Github2\src\TreadSnow.HttpApi.Host\bin\Debug\net9.0\Volo.Abp.AspNetCore.Mvc.dll' because it is being used by another process. The file is locked by: "TreadSnow.HttpApi.Host (46584)" [E:\TreadSnow\TreadSnow Github2\src\TreadSnow.HttpApi.Host\TreadSnow.HttpApi.Host.csproj]
C:\Program Files\dotnet\sdk\9.0.202\Microsoft.Common.CurrentVersion.targets(5063,5): warning MSB3026: Could not copy "E:\TreadSnow\TreadSnow Github2\ABP9.1.1\framework\src\Volo.Abp.AspNetCore.Mvc.UI.Bootstrap\bin\Debug\net9.0\Volo.Abp.AspNetCore.Mvc.UI.Bootstrap.dll" to "bin\Debug\net9.0\Volo.Abp.AspNetCore.Mvc.UI.Bootstrap.dll". Beginning retry 9 in 1000ms. The process cannot access the file 'E:\TreadSnow\TreadSnow Github2\src\TreadSnow.HttpApi.Host\bin\Debug\net9.0\Volo.Abp.AspNetCore.Mvc.UI.Bootstrap.dll' because it is being used by another process. The file is locked by: "TreadSnow.HttpApi.Host (46584)" [E:\TreadSnow\TreadSnow Github2\src\TreadSnow.HttpApi.Host\TreadSnow.HttpApi.Host.csproj]
C:\Program Files\dotnet\sdk\9.0.202\Microsoft.Common.CurrentVersion.targets(5063,5): warning MSB3026: Could not copy "E:\TreadSnow\TreadSnow Github2\ABP9.1.1\framework\src\Volo.Abp.AspNetCore.Bundling\bin\Debug\net9.0\Volo.Abp.AspNetCore.Bundling.dll" to "bin\Debug\net9.0\Volo.Abp.AspNetCore.Bundling.dll". Beginning retry 10 in 1000ms. The process cannot access the file 'E:\TreadSnow\TreadSnow Github2\src\TreadSnow.HttpApi.Host\bin\Debug\net9.0\Volo.Abp.AspNetCore.Bundling.dll' because it is being used by another process. The file is locked by: "TreadSnow.HttpApi.Host (46584)" [E:\TreadSnow\TreadSnow Github2\src\TreadSnow.HttpApi.Host\TreadSnow.HttpApi.Host.csproj]
C:\Program Files\dotnet\sdk\9.0.202\Microsoft.Common.CurrentVersion.targets(5063,5): warning MSB3026: Could not copy "E:\TreadSnow\TreadSnow Github2\ABP9.1.1\framework\src\Volo.Abp.AspNetCore\bin\Debug\net9.0\Volo.Abp.AspNetCore.dll" to "bin\Debug\net9.0\Volo.Abp.AspNetCore.dll". Beginning retry 10 in 1000ms. The process cannot access the file 'E:\TreadSnow\TreadSnow Github2\src\TreadSnow.HttpApi.Host\bin\Debug\net9.0\Volo.Abp.AspNetCore.dll' because it is being used by another process. The file is locked by: "TreadSnow.HttpApi.Host (46584)" [E:\TreadSnow\TreadSnow Github2\src\TreadSnow.HttpApi.Host\TreadSnow.HttpApi.Host.csproj]
C:\Program Files\dotnet\sdk\9.0.202\Microsoft.Common.CurrentVersion.targets(5063,5): warning MSB3026: Could not copy "E:\TreadSnow\TreadSnow Github2\ABP9.1.1\framework\src\Volo.Abp.AspNetCore.Mvc.Contracts\bin\Debug\net9.0\Volo.Abp.AspNetCore.Mvc.Contracts.dll" to "bin\Debug\net9.0\Volo.Abp.AspNetCore.Mvc.Contracts.dll". Beginning retry 10 in 1000ms. The process cannot access the file 'E:\TreadSnow\TreadSnow Github2\src\TreadSnow.HttpApi.Host\bin\Debug\net9.0\Volo.Abp.AspNetCore.Mvc.Contracts.dll' because it is being used by another process. The file is locked by: "TreadSnow.HttpApi.Host (46584)" [E:\TreadSnow\TreadSnow Github2\src\TreadSnow.HttpApi.Host\TreadSnow.HttpApi.Host.csproj]
C:\Program Files\dotnet\sdk\9.0.202\Microsoft.Common.CurrentVersion.targets(5063,5): warning MSB3026: Could not copy "E:\TreadSnow\TreadSnow Github2\ABP9.1.1\framework\src\Volo.Abp.AspNetCore.Mvc\bin\Debug\net9.0\Volo.Abp.AspNetCore.Mvc.dll" to "bin\Debug\net9.0\Volo.Abp.AspNetCore.Mvc.dll". Beginning retry 10 in 1000ms. The process cannot access the file 'E:\TreadSnow\TreadSnow Github2\src\TreadSnow.HttpApi.Host\bin\Debug\net9.0\Volo.Abp.AspNetCore.Mvc.dll' because it is being used by another process. The file is locked by: "TreadSnow.HttpApi.Host (46584)" [E:\TreadSnow\TreadSnow Github2\src\TreadSnow.HttpApi.Host\TreadSnow.HttpApi.Host.csproj]
C:\Program Files\dotnet\sdk\9.0.202\Microsoft.Common.CurrentVersion.targets(5063,5): warning MSB3026: Could not copy "E:\TreadSnow\TreadSnow Github2\ABP9.1.1\framework\src\Volo.Abp.AspNetCore.Mvc.UI.Bootstrap\bin\Debug\net9.0\Volo.Abp.AspNetCore.Mvc.UI.Bootstrap.dll" to "bin\Debug\net9.0\Volo.Abp.AspNetCore.Mvc.UI.Bootstrap.dll". Beginning retry 10 in 1000ms. The process cannot access the file 'E:\TreadSnow\TreadSnow Github2\src\TreadSnow.HttpApi.Host\bin\Debug\net9.0\Volo.Abp.AspNetCore.Mvc.UI.Bootstrap.dll' because it is being used by another process. The file is locked by: "TreadSnow.HttpApi.Host (46584)" [E:\TreadSnow\TreadSnow Github2\src\TreadSnow.HttpApi.Host\TreadSnow.HttpApi.Host.csproj]
C:\Program Files\dotnet\sdk\9.0.202\Microsoft.Common.CurrentVersion.targets(5063,5): warning MSB3026: Could not copy "E:\TreadSnow\TreadSnow Github2\ABP9.1.1\framework\src\Volo.Abp.AspNetCore.Mvc.UI.Bundling.Abstractions\bin\Debug\net9.0\Volo.Abp.AspNetCore.Mvc.UI.Bundling.Abstractions.dll" to "bin\Debug\net9.0\Volo.Abp.AspNetCore.Mvc.UI.Bundling.Abstractions.dll". Beginning retry 1 in 1000ms. The process cannot access the file 'E:\TreadSnow\TreadSnow Github2\src\TreadSnow.HttpApi.Host\bin\Debug\net9.0\Volo.Abp.AspNetCore.Mvc.UI.Bundling.Abstractions.dll' because it is being used by another process. The file is locked by: "TreadSnow.HttpApi.Host (46584)" [E:\TreadSnow\TreadSnow Github2\src\TreadSnow.HttpApi.Host\TreadSnow.HttpApi.Host.csproj]
C:\Program Files\dotnet\sdk\9.0.202\Microsoft.Common.CurrentVersion.targets(5063,5): warning MSB3026: Could not copy "E:\TreadSnow\TreadSnow Github2\ABP9.1.1\framework\src\Volo.Abp.AspNetCore.Mvc.UI.Bundling\bin\Debug\net9.0\Volo.Abp.AspNetCore.Mvc.UI.Bundling.dll" to "bin\Debug\net9.0\Volo.Abp.AspNetCore.Mvc.UI.Bundling.dll". Beginning retry 1 in 1000ms. The process cannot access the file 'E:\TreadSnow\TreadSnow Github2\src\TreadSnow.HttpApi.Host\bin\Debug\net9.0\Volo.Abp.AspNetCore.Mvc.UI.Bundling.dll' because it is being used by another process. The file is locked by: "TreadSnow.HttpApi.Host (46584)" [E:\TreadSnow\TreadSnow Github2\src\TreadSnow.HttpApi.Host\TreadSnow.HttpApi.Host.csproj]
C:\Program Files\dotnet\sdk\9.0.202\Microsoft.Common.CurrentVersion.targets(5063,5): warning MSB3026: Could not copy "E:\TreadSnow\TreadSnow Github2\ABP9.1.1\framework\src\Volo.Abp.AspNetCore.Mvc.UI\bin\Debug\net9.0\Volo.Abp.AspNetCore.Mvc.UI.dll" to "bin\Debug\net9.0\Volo.Abp.AspNetCore.Mvc.UI.dll". Beginning retry 1 in 1000ms. The process cannot access the file 'E:\TreadSnow\TreadSnow Github2\src\TreadSnow.HttpApi.Host\bin\Debug\net9.0\Volo.Abp.AspNetCore.Mvc.UI.dll' because it is being used by another process. The file is locked by: "TreadSnow.HttpApi.Host (46584)" [E:\TreadSnow\TreadSnow Github2\src\TreadSnow.HttpApi.Host\TreadSnow.HttpApi.Host.csproj]
C:\Program Files\dotnet\sdk\9.0.202\Microsoft.Common.CurrentVersion.targets(5063,5): warning MSB3026: Could not copy "E:\TreadSnow\TreadSnow Github2\ABP9.1.1\framework\src\Volo.Abp.AspNetCore.Mvc.UI.Packages\bin\Debug\net9.0\Volo.Abp.AspNetCore.Mvc.UI.Packages.dll" to "bin\Debug\net9.0\Volo.Abp.AspNetCore.Mvc.UI.Packages.dll". Beginning retry 1 in 1000ms. The process cannot access the file 'E:\TreadSnow\TreadSnow Github2\src\TreadSnow.HttpApi.Host\bin\Debug\net9.0\Volo.Abp.AspNetCore.Mvc.UI.Packages.dll' because it is being used by another process. The file is locked by: "TreadSnow.HttpApi.Host (46584)" [E:\TreadSnow\TreadSnow Github2\src\TreadSnow.HttpApi.Host\TreadSnow.HttpApi.Host.csproj]
C:\Program Files\dotnet\sdk\9.0.202\Microsoft.Common.CurrentVersion.targets(5063,5): warning MSB3026: Could not copy "E:\TreadSnow\TreadSnow Github2\ABP9.1.1\framework\src\Volo.Abp.AspNetCore.Mvc.UI.Bundling.Abstractions\bin\Debug\net9.0\Volo.Abp.AspNetCore.Mvc.UI.Bundling.Abstractions.dll" to "bin\Debug\net9.0\Volo.Abp.AspNetCore.Mvc.UI.Bundling.Abstractions.dll". Beginning retry 2 in 1000ms. The process cannot access the file 'E:\TreadSnow\TreadSnow Github2\src\TreadSnow.HttpApi.Host\bin\Debug\net9.0\Volo.Abp.AspNetCore.Mvc.UI.Bundling.Abstractions.dll' because it is being used by another process. The file is locked by: "TreadSnow.HttpApi.Host (46584)" [E:\TreadSnow\TreadSnow Github2\src\TreadSnow.HttpApi.Host\TreadSnow.HttpApi.Host.csproj]
C:\Program Files\dotnet\sdk\9.0.202\Microsoft.Common.CurrentVersion.targets(5063,5): warning MSB3026: Could not copy "E:\TreadSnow\TreadSnow Github2\ABP9.1.1\framework\src\Volo.Abp.AspNetCore.Mvc.UI.Theme.Shared\bin\Debug\net9.0\Volo.Abp.AspNetCore.Mvc.UI.Theme.Shared.dll" to "bin\Debug\net9.0\Volo.Abp.AspNetCore.Mvc.UI.Theme.Shared.dll". Beginning retry 1 in 1000ms. The process cannot access the file 'E:\TreadSnow\TreadSnow Github2\src\TreadSnow.HttpApi.Host\bin\Debug\net9.0\Volo.Abp.AspNetCore.Mvc.UI.Theme.Shared.dll' because it is being used by another process. The file is locked by: "TreadSnow.HttpApi.Host (46584)" [E:\TreadSnow\TreadSnow Github2\src\TreadSnow.HttpApi.Host\TreadSnow.HttpApi.Host.csproj]
C:\Program Files\dotnet\sdk\9.0.202\Microsoft.Common.CurrentVersion.targets(5063,5): warning MSB3026: Could not copy "E:\TreadSnow\TreadSnow Github2\ABP9.1.1\framework\src\Volo.Abp.AspNetCore.Mvc.UI.Widgets\bin\Debug\net9.0\Volo.Abp.AspNetCore.Mvc.UI.Widgets.dll" to "bin\Debug\net9.0\Volo.Abp.AspNetCore.Mvc.UI.Widgets.dll". Beginning retry 1 in 1000ms. The process cannot access the file 'E:\TreadSnow\TreadSnow Github2\src\TreadSnow.HttpApi.Host\bin\Debug\net9.0\Volo.Abp.AspNetCore.Mvc.UI.Widgets.dll' because it is being used by another process. The file is locked by: "TreadSnow.HttpApi.Host (46584)" [E:\TreadSnow\TreadSnow Github2\src\TreadSnow.HttpApi.Host\TreadSnow.HttpApi.Host.csproj]
C:\Program Files\dotnet\sdk\9.0.202\Microsoft.Common.CurrentVersion.targets(5063,5): warning MSB3026: Could not copy "E:\TreadSnow\TreadSnow Github2\ABP9.1.1\framework\src\Volo.Abp.AspNetCore.Mvc.UI.Bundling\bin\Debug\net9.0\Volo.Abp.AspNetCore.Mvc.UI.Bundling.dll" to "bin\Debug\net9.0\Volo.Abp.AspNetCore.Mvc.UI.Bundling.dll". Beginning retry 2 in 1000ms. The process cannot access the file 'E:\TreadSnow\TreadSnow Github2\src\TreadSnow.HttpApi.Host\bin\Debug\net9.0\Volo.Abp.AspNetCore.Mvc.UI.Bundling.dll' because it is being used by another process. The file is locked by: "TreadSnow.HttpApi.Host (46584)" [E:\TreadSnow\TreadSnow Github2\src\TreadSnow.HttpApi.Host\TreadSnow.HttpApi.Host.csproj]
C:\Program Files\dotnet\sdk\9.0.202\Microsoft.Common.CurrentVersion.targets(5063,5): warning MSB3026: Could not copy "E:\TreadSnow\TreadSnow Github2\ABP9.1.1\framework\src\Volo.Abp.AspNetCore.Mvc.UI\bin\Debug\net9.0\Volo.Abp.AspNetCore.Mvc.UI.dll" to "bin\Debug\net9.0\Volo.Abp.AspNetCore.Mvc.UI.dll". Beginning retry 2 in 1000ms. The process cannot access the file 'E:\TreadSnow\TreadSnow Github2\src\TreadSnow.HttpApi.Host\bin\Debug\net9.0\Volo.Abp.AspNetCore.Mvc.UI.dll' because it is being used by another process. The file is locked by: "TreadSnow.HttpApi.Host (46584)" [E:\TreadSnow\TreadSnow Github2\src\TreadSnow.HttpApi.Host\TreadSnow.HttpApi.Host.csproj]
C:\Program Files\dotnet\sdk\9.0.202\Microsoft.Common.CurrentVersion.targets(5063,5): warning MSB3026: Could not copy "E:\TreadSnow\TreadSnow Github2\ABP9.1.1\framework\src\Volo.Abp.AspNetCore.Mvc.UI.Packages\bin\Debug\net9.0\Volo.Abp.AspNetCore.Mvc.UI.Packages.dll" to "bin\Debug\net9.0\Volo.Abp.AspNetCore.Mvc.UI.Packages.dll". Beginning retry 2 in 1000ms. The process cannot access the file 'E:\TreadSnow\TreadSnow Github2\src\TreadSnow.HttpApi.Host\bin\Debug\net9.0\Volo.Abp.AspNetCore.Mvc.UI.Packages.dll' because it is being used by another process. The file is locked by: "TreadSnow.HttpApi.Host (46584)" [E:\TreadSnow\TreadSnow Github2\src\TreadSnow.HttpApi.Host\TreadSnow.HttpApi.Host.csproj]
C:\Program Files\dotnet\sdk\9.0.202\Microsoft.Common.CurrentVersion.targets(5063,5): warning MSB3026: Could not copy "E:\TreadSnow\TreadSnow Github2\ABP9.1.1\framework\src\Volo.Abp.AspNetCore.Mvc.UI.Bundling.Abstractions\bin\Debug\net9.0\Volo.Abp.AspNetCore.Mvc.UI.Bundling.Abstractions.dll" to "bin\Debug\net9.0\Volo.Abp.AspNetCore.Mvc.UI.Bundling.Abstractions.dll". Beginning retry 3 in 1000ms. The process cannot access the file 'E:\TreadSnow\TreadSnow Github2\src\TreadSnow.HttpApi.Host\bin\Debug\net9.0\Volo.Abp.AspNetCore.Mvc.UI.Bundling.Abstractions.dll' because it is being used by another process. The file is locked by: "TreadSnow.HttpApi.Host (46584)" [E:\TreadSnow\TreadSnow Github2\src\TreadSnow.HttpApi.Host\TreadSnow.HttpApi.Host.csproj]
C:\Program Files\dotnet\sdk\9.0.202\Microsoft.Common.CurrentVersion.targets(5063,5): warning MSB3026: Could not copy "E:\TreadSnow\TreadSnow Github2\ABP9.1.1\framework\src\Volo.Abp.AspNetCore.Mvc.UI.Theme.Shared\bin\Debug\net9.0\Volo.Abp.AspNetCore.Mvc.UI.Theme.Shared.dll" to "bin\Debug\net9.0\Volo.Abp.AspNetCore.Mvc.UI.Theme.Shared.dll". Beginning retry 2 in 1000ms. The process cannot access the file 'E:\TreadSnow\TreadSnow Github2\src\TreadSnow.HttpApi.Host\bin\Debug\net9.0\Volo.Abp.AspNetCore.Mvc.UI.Theme.Shared.dll' because it is being used by another process. The file is locked by: "TreadSnow.HttpApi.Host (46584)" [E:\TreadSnow\TreadSnow Github2\src\TreadSnow.HttpApi.Host\TreadSnow.HttpApi.Host.csproj]
C:\Program Files\dotnet\sdk\9.0.202\Microsoft.Common.CurrentVersion.targets(5063,5): warning MSB3026: Could not copy "E:\TreadSnow\TreadSnow Github2\ABP9.1.1\framework\src\Volo.Abp.AspNetCore.Mvc.UI.Widgets\bin\Debug\net9.0\Volo.Abp.AspNetCore.Mvc.UI.Widgets.dll" to "bin\Debug\net9.0\Volo.Abp.AspNetCore.Mvc.UI.Widgets.dll". Beginning retry 2 in 1000ms. The process cannot access the file 'E:\TreadSnow\TreadSnow Github2\src\TreadSnow.HttpApi.Host\bin\Debug\net9.0\Volo.Abp.AspNetCore.Mvc.UI.Widgets.dll' because it is being used by another process. The file is locked by: "TreadSnow.HttpApi.Host (46584)" [E:\TreadSnow\TreadSnow Github2\src\TreadSnow.HttpApi.Host\TreadSnow.HttpApi.Host.csproj]
C:\Program Files\dotnet\sdk\9.0.202\Microsoft.Common.CurrentVersion.targets(5063,5): warning MSB3026: Could not copy "E:\TreadSnow\TreadSnow Github2\ABP9.1.1\framework\src\Volo.Abp.AspNetCore.Mvc.UI.Bundling\bin\Debug\net9.0\Volo.Abp.AspNetCore.Mvc.UI.Bundling.dll" to "bin\Debug\net9.0\Volo.Abp.AspNetCore.Mvc.UI.Bundling.dll". Beginning retry 3 in 1000ms. The process cannot access the file 'E:\TreadSnow\TreadSnow Github2\src\TreadSnow.HttpApi.Host\bin\Debug\net9.0\Volo.Abp.AspNetCore.Mvc.UI.Bundling.dll' because it is being used by another process. The file is locked by: "TreadSnow.HttpApi.Host (46584)" [E:\TreadSnow\TreadSnow Github2\src\TreadSnow.HttpApi.Host\TreadSnow.HttpApi.Host.csproj]
C:\Program Files\dotnet\sdk\9.0.202\Microsoft.Common.CurrentVersion.targets(5063,5): warning MSB3026: Could not copy "E:\TreadSnow\TreadSnow Github2\ABP9.1.1\framework\src\Volo.Abp.AspNetCore.Mvc.UI\bin\Debug\net9.0\Volo.Abp.AspNetCore.Mvc.UI.dll" to "bin\Debug\net9.0\Volo.Abp.AspNetCore.Mvc.UI.dll". Beginning retry 3 in 1000ms. The process cannot access the file 'E:\TreadSnow\TreadSnow Github2\src\TreadSnow.HttpApi.Host\bin\Debug\net9.0\Volo.Abp.AspNetCore.Mvc.UI.dll' because it is being used by another process. The file is locked by: "TreadSnow.HttpApi.Host (46584)" [E:\TreadSnow\TreadSnow Github2\src\TreadSnow.HttpApi.Host\TreadSnow.HttpApi.Host.csproj]
C:\Program Files\dotnet\sdk\9.0.202\Microsoft.Common.CurrentVersion.targets(5063,5): warning MSB3026: Could not copy "E:\TreadSnow\TreadSnow Github2\ABP9.1.1\framework\src\Volo.Abp.AspNetCore.Mvc.UI.Packages\bin\Debug\net9.0\Volo.Abp.AspNetCore.Mvc.UI.Packages.dll" to "bin\Debug\net9.0\Volo.Abp.AspNetCore.Mvc.UI.Packages.dll". Beginning retry 3 in 1000ms. The process cannot access the file 'E:\TreadSnow\TreadSnow Github2\src\TreadSnow.HttpApi.Host\bin\Debug\net9.0\Volo.Abp.AspNetCore.Mvc.UI.Packages.dll' because it is being used by another process. The file is locked by: "TreadSnow.HttpApi.Host (46584)" [E:\TreadSnow\TreadSnow Github2\src\TreadSnow.HttpApi.Host\TreadSnow.HttpApi.Host.csproj]
C:\Program Files\dotnet\sdk\9.0.202\Microsoft.Common.CurrentVersion.targets(5063,5): warning MSB3026: Could not copy "E:\TreadSnow\TreadSnow Github2\ABP9.1.1\framework\src\Volo.Abp.AspNetCore.Mvc.UI.Widgets\bin\Debug\net9.0\Volo.Abp.AspNetCore.Mvc.UI.Widgets.dll" to "bin\Debug\net9.0\Volo.Abp.AspNetCore.Mvc.UI.Widgets.dll". Beginning retry 3 in 1000ms. The process cannot access the file 'E:\TreadSnow\TreadSnow Github2\src\TreadSnow.HttpApi.Host\bin\Debug\net9.0\Volo.Abp.AspNetCore.Mvc.UI.Widgets.dll' because it is being used by another process. The file is locked by: "TreadSnow.HttpApi.Host (46584)" [E:\TreadSnow\TreadSnow Github2\src\TreadSnow.HttpApi.Host\TreadSnow.HttpApi.Host.csproj]
C:\Program Files\dotnet\sdk\9.0.202\Microsoft.Common.CurrentVersion.targets(5063,5): warning MSB3026: Could not copy "E:\TreadSnow\TreadSnow Github2\ABP9.1.1\framework\src\Volo.Abp.AspNetCore.Mvc.UI.Theme.Shared\bin\Debug\net9.0\Volo.Abp.AspNetCore.Mvc.UI.Theme.Shared.dll" to "bin\Debug\net9.0\Volo.Abp.AspNetCore.Mvc.UI.Theme.Shared.dll". Beginning retry 3 in 1000ms. The process cannot access the file 'E:\TreadSnow\TreadSnow Github2\src\TreadSnow.HttpApi.Host\bin\Debug\net9.0\Volo.Abp.AspNetCore.Mvc.UI.Theme.Shared.dll' because it is being used by another process. The file is locked by: "TreadSnow.HttpApi.Host (46584)" [E:\TreadSnow\TreadSnow Github2\src\TreadSnow.HttpApi.Host\TreadSnow.HttpApi.Host.csproj]
C:\Program Files\dotnet\sdk\9.0.202\Microsoft.Common.CurrentVersion.targets(5063,5): warning MSB3026: Could not copy "E:\TreadSnow\TreadSnow Github2\ABP9.1.1\framework\src\Volo.Abp.AspNetCore.Mvc.UI.Bundling.Abstractions\bin\Debug\net9.0\Volo.Abp.AspNetCore.Mvc.UI.Bundling.Abstractions.dll" to "bin\Debug\net9.0\Volo.Abp.AspNetCore.Mvc.UI.Bundling.Abstractions.dll". Beginning retry 4 in 1000ms. The process cannot access the file 'E:\TreadSnow\TreadSnow Github2\src\TreadSnow.HttpApi.Host\bin\Debug\net9.0\Volo.Abp.AspNetCore.Mvc.UI.Bundling.Abstractions.dll' because it is being used by another process. The file is locked by: "TreadSnow.HttpApi.Host (46584)" [E:\TreadSnow\TreadSnow Github2\src\TreadSnow.HttpApi.Host\TreadSnow.HttpApi.Host.csproj]
C:\Program Files\dotnet\sdk\9.0.202\Microsoft.Common.CurrentVersion.targets(5063,5): warning MSB3026: Could not copy "E:\TreadSnow\TreadSnow Github2\ABP9.1.1\framework\src\Volo.Abp.AspNetCore.Mvc.UI.Bundling\bin\Debug\net9.0\Volo.Abp.AspNetCore.Mvc.UI.Bundling.dll" to "bin\Debug\net9.0\Volo.Abp.AspNetCore.Mvc.UI.Bundling.dll". Beginning retry 4 in 1000ms. The process cannot access the file 'E:\TreadSnow\TreadSnow Github2\src\TreadSnow.HttpApi.Host\bin\Debug\net9.0\Volo.Abp.AspNetCore.Mvc.UI.Bundling.dll' because it is being used by another process. The file is locked by: "TreadSnow.HttpApi.Host (46584)" [E:\TreadSnow\TreadSnow Github2\src\TreadSnow.HttpApi.Host\TreadSnow.HttpApi.Host.csproj]
C:\Program Files\dotnet\sdk\9.0.202\Microsoft.Common.CurrentVersion.targets(5063,5): warning MSB3026: Could not copy "E:\TreadSnow\TreadSnow Github2\ABP9.1.1\framework\src\Volo.Abp.AspNetCore.Mvc.UI\bin\Debug\net9.0\Volo.Abp.AspNetCore.Mvc.UI.dll" to "bin\Debug\net9.0\Volo.Abp.AspNetCore.Mvc.UI.dll". Beginning retry 4 in 1000ms. The process cannot access the file 'E:\TreadSnow\TreadSnow Github2\src\TreadSnow.HttpApi.Host\bin\Debug\net9.0\Volo.Abp.AspNetCore.Mvc.UI.dll' because it is being used by another process. The file is locked by: "TreadSnow.HttpApi.Host (46584)" [E:\TreadSnow\TreadSnow Github2\src\TreadSnow.HttpApi.Host\TreadSnow.HttpApi.Host.csproj]
C:\Program Files\dotnet\sdk\9.0.202\Microsoft.Common.CurrentVersion.targets(5063,5): warning MSB3026: Could not copy "E:\TreadSnow\TreadSnow Github2\ABP9.1.1\framework\src\Volo.Abp.AspNetCore.Mvc.UI.Packages\bin\Debug\net9.0\Volo.Abp.AspNetCore.Mvc.UI.Packages.dll" to "bin\Debug\net9.0\Volo.Abp.AspNetCore.Mvc.UI.Packages.dll". Beginning retry 4 in 1000ms. The process cannot access the file 'E:\TreadSnow\TreadSnow Github2\src\TreadSnow.HttpApi.Host\bin\Debug\net9.0\Volo.Abp.AspNetCore.Mvc.UI.Packages.dll' because it is being used by another process. The file is locked by: "TreadSnow.HttpApi.Host (46584)" [E:\TreadSnow\TreadSnow Github2\src\TreadSnow.HttpApi.Host\TreadSnow.HttpApi.Host.csproj]
C:\Program Files\dotnet\sdk\9.0.202\Microsoft.Common.CurrentVersion.targets(5063,5): warning MSB3026: Could not copy "E:\TreadSnow\TreadSnow Github2\ABP9.1.1\framework\src\Volo.Abp.AspNetCore.Mvc.UI.Bundling.Abstractions\bin\Debug\net9.0\Volo.Abp.AspNetCore.Mvc.UI.Bundling.Abstractions.dll" to "bin\Debug\net9.0\Volo.Abp.AspNetCore.Mvc.UI.Bundling.Abstractions.dll". Beginning retry 5 in 1000ms. The process cannot access the file 'E:\TreadSnow\TreadSnow Github2\src\TreadSnow.HttpApi.Host\bin\Debug\net9.0\Volo.Abp.AspNetCore.Mvc.UI.Bundling.Abstractions.dll' because it is being used by another process. The file is locked by: "TreadSnow.HttpApi.Host (46584)" [E:\TreadSnow\TreadSnow Github2\src\TreadSnow.HttpApi.Host\TreadSnow.HttpApi.Host.csproj]
C:\Program Files\dotnet\sdk\9.0.202\Microsoft.Common.CurrentVersion.targets(5063,5): warning MSB3026: Could not copy "E:\TreadSnow\TreadSnow Github2\ABP9.1.1\framework\src\Volo.Abp.AspNetCore.Mvc.UI.Theme.Shared\bin\Debug\net9.0\Volo.Abp.AspNetCore.Mvc.UI.Theme.Shared.dll" to "bin\Debug\net9.0\Volo.Abp.AspNetCore.Mvc.UI.Theme.Shared.dll". Beginning retry 4 in 1000ms. The process cannot access the file 'E:\TreadSnow\TreadSnow Github2\src\TreadSnow.HttpApi.Host\bin\Debug\net9.0\Volo.Abp.AspNetCore.Mvc.UI.Theme.Shared.dll' because it is being used by another process. The file is locked by: "TreadSnow.HttpApi.Host (46584)" [E:\TreadSnow\TreadSnow Github2\src\TreadSnow.HttpApi.Host\TreadSnow.HttpApi.Host.csproj]
C:\Program Files\dotnet\sdk\9.0.202\Microsoft.Common.CurrentVersion.targets(5063,5): warning MSB3026: Could not copy "E:\TreadSnow\TreadSnow Github2\ABP9.1.1\framework\src\Volo.Abp.AspNetCore.Mvc.UI.Widgets\bin\Debug\net9.0\Volo.Abp.AspNetCore.Mvc.UI.Widgets.dll" to "bin\Debug\net9.0\Volo.Abp.AspNetCore.Mvc.UI.Widgets.dll". Beginning retry 4 in 1000ms. The process cannot access the file 'E:\TreadSnow\TreadSnow Github2\src\TreadSnow.HttpApi.Host\bin\Debug\net9.0\Volo.Abp.AspNetCore.Mvc.UI.Widgets.dll' because it is being used by another process. The file is locked by: "TreadSnow.HttpApi.Host (46584)" [E:\TreadSnow\TreadSnow Github2\src\TreadSnow.HttpApi.Host\TreadSnow.HttpApi.Host.csproj]
C:\Program Files\dotnet\sdk\9.0.202\Microsoft.Common.CurrentVersion.targets(5063,5): warning MSB3026: Could not copy "E:\TreadSnow\TreadSnow Github2\ABP9.1.1\framework\src\Volo.Abp.AspNetCore.Mvc.UI.Bundling\bin\Debug\net9.0\Volo.Abp.AspNetCore.Mvc.UI.Bundling.dll" to "bin\Debug\net9.0\Volo.Abp.AspNetCore.Mvc.UI.Bundling.dll". Beginning retry 5 in 1000ms. The process cannot access the file 'E:\TreadSnow\TreadSnow Github2\src\TreadSnow.HttpApi.Host\bin\Debug\net9.0\Volo.Abp.AspNetCore.Mvc.UI.Bundling.dll' because it is being used by another process. The file is locked by: "TreadSnow.HttpApi.Host (46584)" [E:\TreadSnow\TreadSnow Github2\src\TreadSnow.HttpApi.Host\TreadSnow.HttpApi.Host.csproj]
C:\Program Files\dotnet\sdk\9.0.202\Microsoft.Common.CurrentVersion.targets(5063,5): warning MSB3026: Could not copy "E:\TreadSnow\TreadSnow Github2\ABP9.1.1\framework\src\Volo.Abp.AspNetCore.Mvc.UI\bin\Debug\net9.0\Volo.Abp.AspNetCore.Mvc.UI.dll" to "bin\Debug\net9.0\Volo.Abp.AspNetCore.Mvc.UI.dll". Beginning retry 5 in 1000ms. The process cannot access the file 'E:\TreadSnow\TreadSnow Github2\src\TreadSnow.HttpApi.Host\bin\Debug\net9.0\Volo.Abp.AspNetCore.Mvc.UI.dll' because it is being used by another process. The file is locked by: "TreadSnow.HttpApi.Host (46584)" [E:\TreadSnow\TreadSnow Github2\src\TreadSnow.HttpApi.Host\TreadSnow.HttpApi.Host.csproj]
C:\Program Files\dotnet\sdk\9.0.202\Microsoft.Common.CurrentVersion.targets(5063,5): warning MSB3026: Could not copy "E:\TreadSnow\TreadSnow Github2\ABP9.1.1\framework\src\Volo.Abp.AspNetCore.Mvc.UI.Packages\bin\Debug\net9.0\Volo.Abp.AspNetCore.Mvc.UI.Packages.dll" to "bin\Debug\net9.0\Volo.Abp.AspNetCore.Mvc.UI.Packages.dll". Beginning retry 5 in 1000ms. The process cannot access the file 'E:\TreadSnow\TreadSnow Github2\src\TreadSnow.HttpApi.Host\bin\Debug\net9.0\Volo.Abp.AspNetCore.Mvc.UI.Packages.dll' because it is being used by another process. The file is locked by: "TreadSnow.HttpApi.Host (46584)" [E:\TreadSnow\TreadSnow Github2\src\TreadSnow.HttpApi.Host\TreadSnow.HttpApi.Host.csproj]
C:\Program Files\dotnet\sdk\9.0.202\Microsoft.Common.CurrentVersion.targets(5063,5): warning MSB3026: Could not copy "E:\TreadSnow\TreadSnow Github2\ABP9.1.1\framework\src\Volo.Abp.AspNetCore.Mvc.UI.Bundling.Abstractions\bin\Debug\net9.0\Volo.Abp.AspNetCore.Mvc.UI.Bundling.Abstractions.dll" to "bin\Debug\net9.0\Volo.Abp.AspNetCore.Mvc.UI.Bundling.Abstractions.dll". Beginning retry 6 in 1000ms. The process cannot access the file 'E:\TreadSnow\TreadSnow Github2\src\TreadSnow.HttpApi.Host\bin\Debug\net9.0\Volo.Abp.AspNetCore.Mvc.UI.Bundling.Abstractions.dll' because it is being used by another process. The file is locked by: "TreadSnow.HttpApi.Host (46584)" [E:\TreadSnow\TreadSnow Github2\src\TreadSnow.HttpApi.Host\TreadSnow.HttpApi.Host.csproj]
C:\Program Files\dotnet\sdk\9.0.202\Microsoft.Common.CurrentVersion.targets(5063,5): warning MSB3026: Could not copy "E:\TreadSnow\TreadSnow Github2\ABP9.1.1\framework\src\Volo.Abp.AspNetCore.Mvc.UI.Widgets\bin\Debug\net9.0\Volo.Abp.AspNetCore.Mvc.UI.Widgets.dll" to "bin\Debug\net9.0\Volo.Abp.AspNetCore.Mvc.UI.Widgets.dll". Beginning retry 5 in 1000ms. The process cannot access the file 'E:\TreadSnow\TreadSnow Github2\src\TreadSnow.HttpApi.Host\bin\Debug\net9.0\Volo.Abp.AspNetCore.Mvc.UI.Widgets.dll' because it is being used by another process. The file is locked by: "TreadSnow.HttpApi.Host (46584)" [E:\TreadSnow\TreadSnow Github2\src\TreadSnow.HttpApi.Host\TreadSnow.HttpApi.Host.csproj]
C:\Program Files\dotnet\sdk\9.0.202\Microsoft.Common.CurrentVersion.targets(5063,5): warning MSB3026: Could not copy "E:\TreadSnow\TreadSnow Github2\ABP9.1.1\framework\src\Volo.Abp.AspNetCore.Mvc.UI.Theme.Shared\bin\Debug\net9.0\Volo.Abp.AspNetCore.Mvc.UI.Theme.Shared.dll" to "bin\Debug\net9.0\Volo.Abp.AspNetCore.Mvc.UI.Theme.Shared.dll". Beginning retry 5 in 1000ms. The process cannot access the file 'E:\TreadSnow\TreadSnow Github2\src\TreadSnow.HttpApi.Host\bin\Debug\net9.0\Volo.Abp.AspNetCore.Mvc.UI.Theme.Shared.dll' because it is being used by another process. The file is locked by: "TreadSnow.HttpApi.Host (46584)" [E:\TreadSnow\TreadSnow Github2\src\TreadSnow.HttpApi.Host\TreadSnow.HttpApi.Host.csproj]
C:\Program Files\dotnet\sdk\9.0.202\Microsoft.Common.CurrentVersion.targets(5063,5): warning MSB3026: Could not copy "E:\TreadSnow\TreadSnow Github2\ABP9.1.1\framework\src\Volo.Abp.AspNetCore.Mvc.UI.Bundling\bin\Debug\net9.0\Volo.Abp.AspNetCore.Mvc.UI.Bundling.dll" to "bin\Debug\net9.0\Volo.Abp.AspNetCore.Mvc.UI.Bundling.dll". Beginning retry 6 in 1000ms. The process cannot access the file 'E:\TreadSnow\TreadSnow Github2\src\TreadSnow.HttpApi.Host\bin\Debug\net9.0\Volo.Abp.AspNetCore.Mvc.UI.Bundling.dll' because it is being used by another process. The file is locked by: "TreadSnow.HttpApi.Host (46584)" [E:\TreadSnow\TreadSnow Github2\src\TreadSnow.HttpApi.Host\TreadSnow.HttpApi.Host.csproj]
C:\Program Files\dotnet\sdk\9.0.202\Microsoft.Common.CurrentVersion.targets(5063,5): warning MSB3026: Could not copy "E:\TreadSnow\TreadSnow Github2\ABP9.1.1\framework\src\Volo.Abp.AspNetCore.Mvc.UI\bin\Debug\net9.0\Volo.Abp.AspNetCore.Mvc.UI.dll" to "bin\Debug\net9.0\Volo.Abp.AspNetCore.Mvc.UI.dll". Beginning retry 6 in 1000ms. The process cannot access the file 'E:\TreadSnow\TreadSnow Github2\src\TreadSnow.HttpApi.Host\bin\Debug\net9.0\Volo.Abp.AspNetCore.Mvc.UI.dll' because it is being used by another process. The file is locked by: "TreadSnow.HttpApi.Host (46584)" [E:\TreadSnow\TreadSnow Github2\src\TreadSnow.HttpApi.Host\TreadSnow.HttpApi.Host.csproj]
C:\Program Files\dotnet\sdk\9.0.202\Microsoft.Common.CurrentVersion.targets(5063,5): warning MSB3026: Could not copy "E:\TreadSnow\TreadSnow Github2\ABP9.1.1\framework\src\Volo.Abp.AspNetCore.Mvc.UI.Packages\bin\Debug\net9.0\Volo.Abp.AspNetCore.Mvc.UI.Packages.dll" to "bin\Debug\net9.0\Volo.Abp.AspNetCore.Mvc.UI.Packages.dll". Beginning retry 6 in 1000ms. The process cannot access the file 'E:\TreadSnow\TreadSnow Github2\src\TreadSnow.HttpApi.Host\bin\Debug\net9.0\Volo.Abp.AspNetCore.Mvc.UI.Packages.dll' because it is being used by another process. The file is locked by: "TreadSnow.HttpApi.Host (46584)" [E:\TreadSnow\TreadSnow Github2\src\TreadSnow.HttpApi.Host\TreadSnow.HttpApi.Host.csproj]
C:\Program Files\dotnet\sdk\9.0.202\Microsoft.Common.CurrentVersion.targets(5063,5): warning MSB3026: Could not copy "E:\TreadSnow\TreadSnow Github2\ABP9.1.1\framework\src\Volo.Abp.AspNetCore.Mvc.UI.Bundling.Abstractions\bin\Debug\net9.0\Volo.Abp.AspNetCore.Mvc.UI.Bundling.Abstractions.dll" to "bin\Debug\net9.0\Volo.Abp.AspNetCore.Mvc.UI.Bundling.Abstractions.dll". Beginning retry 7 in 1000ms. The process cannot access the file 'E:\TreadSnow\TreadSnow Github2\src\TreadSnow.HttpApi.Host\bin\Debug\net9.0\Volo.Abp.AspNetCore.Mvc.UI.Bundling.Abstractions.dll' because it is being used by another process. The file is locked by: "TreadSnow.HttpApi.Host (46584)" [E:\TreadSnow\TreadSnow Github2\src\TreadSnow.HttpApi.Host\TreadSnow.HttpApi.Host.csproj]
C:\Program Files\dotnet\sdk\9.0.202\Microsoft.Common.CurrentVersion.targets(5063,5): warning MSB3026: Could not copy "E:\TreadSnow\TreadSnow Github2\ABP9.1.1\framework\src\Volo.Abp.AspNetCore.Mvc.UI.Theme.Shared\bin\Debug\net9.0\Volo.Abp.AspNetCore.Mvc.UI.Theme.Shared.dll" to "bin\Debug\net9.0\Volo.Abp.AspNetCore.Mvc.UI.Theme.Shared.dll". Beginning retry 6 in 1000ms. The process cannot access the file 'E:\TreadSnow\TreadSnow Github2\src\TreadSnow.HttpApi.Host\bin\Debug\net9.0\Volo.Abp.AspNetCore.Mvc.UI.Theme.Shared.dll' because it is being used by another process. The file is locked by: "TreadSnow.HttpApi.Host (46584)" [E:\TreadSnow\TreadSnow Github2\src\TreadSnow.HttpApi.Host\TreadSnow.HttpApi.Host.csproj]
C:\Program Files\dotnet\sdk\9.0.202\Microsoft.Common.CurrentVersion.targets(5063,5): warning MSB3026: Could not copy "E:\TreadSnow\TreadSnow Github2\ABP9.1.1\framework\src\Volo.Abp.AspNetCore.Mvc.UI.Widgets\bin\Debug\net9.0\Volo.Abp.AspNetCore.Mvc.UI.Widgets.dll" to "bin\Debug\net9.0\Volo.Abp.AspNetCore.Mvc.UI.Widgets.dll". Beginning retry 6 in 1000ms. The process cannot access the file 'E:\TreadSnow\TreadSnow Github2\src\TreadSnow.HttpApi.Host\bin\Debug\net9.0\Volo.Abp.AspNetCore.Mvc.UI.Widgets.dll' because it is being used by another process. The file is locked by: "TreadSnow.HttpApi.Host (46584)" [E:\TreadSnow\TreadSnow Github2\src\TreadSnow.HttpApi.Host\TreadSnow.HttpApi.Host.csproj]
C:\Program Files\dotnet\sdk\9.0.202\Microsoft.Common.CurrentVersion.targets(5063,5): warning MSB3026: Could not copy "E:\TreadSnow\TreadSnow Github2\ABP9.1.1\framework\src\Volo.Abp.AspNetCore.Mvc.UI.Bundling\bin\Debug\net9.0\Volo.Abp.AspNetCore.Mvc.UI.Bundling.dll" to "bin\Debug\net9.0\Volo.Abp.AspNetCore.Mvc.UI.Bundling.dll". Beginning retry 7 in 1000ms. The process cannot access the file 'E:\TreadSnow\TreadSnow Github2\src\TreadSnow.HttpApi.Host\bin\Debug\net9.0\Volo.Abp.AspNetCore.Mvc.UI.Bundling.dll' because it is being used by another process. The file is locked by: "TreadSnow.HttpApi.Host (46584)" [E:\TreadSnow\TreadSnow Github2\src\TreadSnow.HttpApi.Host\TreadSnow.HttpApi.Host.csproj]
C:\Program Files\dotnet\sdk\9.0.202\Microsoft.Common.CurrentVersion.targets(5063,5): warning MSB3026: Could not copy "E:\TreadSnow\TreadSnow Github2\ABP9.1.1\framework\src\Volo.Abp.AspNetCore.Mvc.UI\bin\Debug\net9.0\Volo.Abp.AspNetCore.Mvc.UI.dll" to "bin\Debug\net9.0\Volo.Abp.AspNetCore.Mvc.UI.dll". Beginning retry 7 in 1000ms. The process cannot access the file 'E:\TreadSnow\TreadSnow Github2\src\TreadSnow.HttpApi.Host\bin\Debug\net9.0\Volo.Abp.AspNetCore.Mvc.UI.dll' because it is being used by another process. The file is locked by: "TreadSnow.HttpApi.Host (46584)" [E:\TreadSnow\TreadSnow Github2\src\TreadSnow.HttpApi.Host\TreadSnow.HttpApi.Host.csproj]
C:\Program Files\dotnet\sdk\9.0.202\Microsoft.Common.CurrentVersion.targets(5063,5): warning MSB3026: Could not copy "E:\TreadSnow\TreadSnow Github2\ABP9.1.1\framework\src\Volo.Abp.AspNetCore.Mvc.UI.Packages\bin\Debug\net9.0\Volo.Abp.AspNetCore.Mvc.UI.Packages.dll" to "bin\Debug\net9.0\Volo.Abp.AspNetCore.Mvc.UI.Packages.dll". Beginning retry 7 in 1000ms. The process cannot access the file 'E:\TreadSnow\TreadSnow Github2\src\TreadSnow.HttpApi.Host\bin\Debug\net9.0\Volo.Abp.AspNetCore.Mvc.UI.Packages.dll' because it is being used by another process. The file is locked by: "TreadSnow.HttpApi.Host (46584)" [E:\TreadSnow\TreadSnow Github2\src\TreadSnow.HttpApi.Host\TreadSnow.HttpApi.Host.csproj]
C:\Program Files\dotnet\sdk\9.0.202\Microsoft.Common.CurrentVersion.targets(5063,5): warning MSB3026: Could not copy "E:\TreadSnow\TreadSnow Github2\ABP9.1.1\framework\src\Volo.Abp.AspNetCore.Mvc.UI.Bundling.Abstractions\bin\Debug\net9.0\Volo.Abp.AspNetCore.Mvc.UI.Bundling.Abstractions.dll" to "bin\Debug\net9.0\Volo.Abp.AspNetCore.Mvc.UI.Bundling.Abstractions.dll". Beginning retry 8 in 1000ms. The process cannot access the file 'E:\TreadSnow\TreadSnow Github2\src\TreadSnow.HttpApi.Host\bin\Debug\net9.0\Volo.Abp.AspNetCore.Mvc.UI.Bundling.Abstractions.dll' because it is being used by another process. The file is locked by: "TreadSnow.HttpApi.Host (46584)" [E:\TreadSnow\TreadSnow Github2\src\TreadSnow.HttpApi.Host\TreadSnow.HttpApi.Host.csproj]
C:\Program Files\dotnet\sdk\9.0.202\Microsoft.Common.CurrentVersion.targets(5063,5): warning MSB3026: Could not copy "E:\TreadSnow\TreadSnow Github2\ABP9.1.1\framework\src\Volo.Abp.AspNetCore.Mvc.UI.Theme.Shared\bin\Debug\net9.0\Volo.Abp.AspNetCore.Mvc.UI.Theme.Shared.dll" to "bin\Debug\net9.0\Volo.Abp.AspNetCore.Mvc.UI.Theme.Shared.dll". Beginning retry 7 in 1000ms. The process cannot access the file 'E:\TreadSnow\TreadSnow Github2\src\TreadSnow.HttpApi.Host\bin\Debug\net9.0\Volo.Abp.AspNetCore.Mvc.UI.Theme.Shared.dll' because it is being used by another process. The file is locked by: "TreadSnow.HttpApi.Host (46584)" [E:\TreadSnow\TreadSnow Github2\src\TreadSnow.HttpApi.Host\TreadSnow.HttpApi.Host.csproj]
C:\Program Files\dotnet\sdk\9.0.202\Microsoft.Common.CurrentVersion.targets(5063,5): warning MSB3026: Could not copy "E:\TreadSnow\TreadSnow Github2\ABP9.1.1\framework\src\Volo.Abp.AspNetCore.Mvc.UI.Widgets\bin\Debug\net9.0\Volo.Abp.AspNetCore.Mvc.UI.Widgets.dll" to "bin\Debug\net9.0\Volo.Abp.AspNetCore.Mvc.UI.Widgets.dll". Beginning retry 7 in 1000ms. The process cannot access the file 'E:\TreadSnow\TreadSnow Github2\src\TreadSnow.HttpApi.Host\bin\Debug\net9.0\Volo.Abp.AspNetCore.Mvc.UI.Widgets.dll' because it is being used by another process. The file is locked by: "TreadSnow.HttpApi.Host (46584)" [E:\TreadSnow\TreadSnow Github2\src\TreadSnow.HttpApi.Host\TreadSnow.HttpApi.Host.csproj]
C:\Program Files\dotnet\sdk\9.0.202\Microsoft.Common.CurrentVersion.targets(5063,5): warning MSB3026: Could not copy "E:\TreadSnow\TreadSnow Github2\ABP9.1.1\framework\src\Volo.Abp.AspNetCore.Mvc.UI.Bundling\bin\Debug\net9.0\Volo.Abp.AspNetCore.Mvc.UI.Bundling.dll" to "bin\Debug\net9.0\Volo.Abp.AspNetCore.Mvc.UI.Bundling.dll". Beginning retry 8 in 1000ms. The process cannot access the file 'E:\TreadSnow\TreadSnow Github2\src\TreadSnow.HttpApi.Host\bin\Debug\net9.0\Volo.Abp.AspNetCore.Mvc.UI.Bundling.dll' because it is being used by another process. The file is locked by: "TreadSnow.HttpApi.Host (46584)" [E:\TreadSnow\TreadSnow Github2\src\TreadSnow.HttpApi.Host\TreadSnow.HttpApi.Host.csproj]
C:\Program Files\dotnet\sdk\9.0.202\Microsoft.Common.CurrentVersion.targets(5063,5): warning MSB3026: Could not copy "E:\TreadSnow\TreadSnow Github2\ABP9.1.1\framework\src\Volo.Abp.AspNetCore.Mvc.UI\bin\Debug\net9.0\Volo.Abp.AspNetCore.Mvc.UI.dll" to "bin\Debug\net9.0\Volo.Abp.AspNetCore.Mvc.UI.dll". Beginning retry 8 in 1000ms. The process cannot access the file 'E:\TreadSnow\TreadSnow Github2\src\TreadSnow.HttpApi.Host\bin\Debug\net9.0\Volo.Abp.AspNetCore.Mvc.UI.dll' because it is being used by another process. The file is locked by: "TreadSnow.HttpApi.Host (46584)" [E:\TreadSnow\TreadSnow Github2\src\TreadSnow.HttpApi.Host\TreadSnow.HttpApi.Host.csproj]
C:\Program Files\dotnet\sdk\9.0.202\Microsoft.Common.CurrentVersion.targets(5063,5): warning MSB3026: Could not copy "E:\TreadSnow\TreadSnow Github2\ABP9.1.1\framework\src\Volo.Abp.AspNetCore.Mvc.UI.Packages\bin\Debug\net9.0\Volo.Abp.AspNetCore.Mvc.UI.Packages.dll" to "bin\Debug\net9.0\Volo.Abp.AspNetCore.Mvc.UI.Packages.dll". Beginning retry 8 in 1000ms. The process cannot access the file 'E:\TreadSnow\TreadSnow Github2\src\TreadSnow.HttpApi.Host\bin\Debug\net9.0\Volo.Abp.AspNetCore.Mvc.UI.Packages.dll' because it is being used by another process. The file is locked by: "TreadSnow.HttpApi.Host (46584)" [E:\TreadSnow\TreadSnow Github2\src\TreadSnow.HttpApi.Host\TreadSnow.HttpApi.Host.csproj]
C:\Program Files\dotnet\sdk\9.0.202\Microsoft.Common.CurrentVersion.targets(5063,5): warning MSB3026: Could not copy "E:\TreadSnow\TreadSnow Github2\ABP9.1.1\framework\src\Volo.Abp.AspNetCore.Mvc.UI.Bundling.Abstractions\bin\Debug\net9.0\Volo.Abp.AspNetCore.Mvc.UI.Bundling.Abstractions.dll" to "bin\Debug\net9.0\Volo.Abp.AspNetCore.Mvc.UI.Bundling.Abstractions.dll". Beginning retry 9 in 1000ms. The process cannot access the file 'E:\TreadSnow\TreadSnow Github2\src\TreadSnow.HttpApi.Host\bin\Debug\net9.0\Volo.Abp.AspNetCore.Mvc.UI.Bundling.Abstractions.dll' because it is being used by another process. The file is locked by: "TreadSnow.HttpApi.Host (46584)" [E:\TreadSnow\TreadSnow Github2\src\TreadSnow.HttpApi.Host\TreadSnow.HttpApi.Host.csproj]
C:\Program Files\dotnet\sdk\9.0.202\Microsoft.Common.CurrentVersion.targets(5063,5): warning MSB3026: Could not copy "E:\TreadSnow\TreadSnow Github2\ABP9.1.1\framework\src\Volo.Abp.AspNetCore.Mvc.UI.Theme.Shared\bin\Debug\net9.0\Volo.Abp.AspNetCore.Mvc.UI.Theme.Shared.dll" to "bin\Debug\net9.0\Volo.Abp.AspNetCore.Mvc.UI.Theme.Shared.dll". Beginning retry 8 in 1000ms. The process cannot access the file 'E:\TreadSnow\TreadSnow Github2\src\TreadSnow.HttpApi.Host\bin\Debug\net9.0\Volo.Abp.AspNetCore.Mvc.UI.Theme.Shared.dll' because it is being used by another process. The file is locked by: "TreadSnow.HttpApi.Host (46584)" [E:\TreadSnow\TreadSnow Github2\src\TreadSnow.HttpApi.Host\TreadSnow.HttpApi.Host.csproj]
C:\Program Files\dotnet\sdk\9.0.202\Microsoft.Common.CurrentVersion.targets(5063,5): warning MSB3026: Could not copy "E:\TreadSnow\TreadSnow Github2\ABP9.1.1\framework\src\Volo.Abp.AspNetCore.Mvc.UI.Widgets\bin\Debug\net9.0\Volo.Abp.AspNetCore.Mvc.UI.Widgets.dll" to "bin\Debug\net9.0\Volo.Abp.AspNetCore.Mvc.UI.Widgets.dll". Beginning retry 8 in 1000ms. The process cannot access the file 'E:\TreadSnow\TreadSnow Github2\src\TreadSnow.HttpApi.Host\bin\Debug\net9.0\Volo.Abp.AspNetCore.Mvc.UI.Widgets.dll' because it is being used by another process. The file is locked by: "TreadSnow.HttpApi.Host (46584)" [E:\TreadSnow\TreadSnow Github2\src\TreadSnow.HttpApi.Host\TreadSnow.HttpApi.Host.csproj]
C:\Program Files\dotnet\sdk\9.0.202\Microsoft.Common.CurrentVersion.targets(5063,5): warning MSB3026: Could not copy "E:\TreadSnow\TreadSnow Github2\ABP9.1.1\framework\src\Volo.Abp.AspNetCore.Mvc.UI.Bundling\bin\Debug\net9.0\Volo.Abp.AspNetCore.Mvc.UI.Bundling.dll" to "bin\Debug\net9.0\Volo.Abp.AspNetCore.Mvc.UI.Bundling.dll". Beginning retry 9 in 1000ms. The process cannot access the file 'E:\TreadSnow\TreadSnow Github2\src\TreadSnow.HttpApi.Host\bin\Debug\net9.0\Volo.Abp.AspNetCore.Mvc.UI.Bundling.dll' because it is being used by another process. The file is locked by: "TreadSnow.HttpApi.Host (46584)" [E:\TreadSnow\TreadSnow Github2\src\TreadSnow.HttpApi.Host\TreadSnow.HttpApi.Host.csproj]
C:\Program Files\dotnet\sdk\9.0.202\Microsoft.Common.CurrentVersion.targets(5063,5): warning MSB3026: Could not copy "E:\TreadSnow\TreadSnow Github2\ABP9.1.1\framework\src\Volo.Abp.AspNetCore.Mvc.UI\bin\Debug\net9.0\Volo.Abp.AspNetCore.Mvc.UI.dll" to "bin\Debug\net9.0\Volo.Abp.AspNetCore.Mvc.UI.dll". Beginning retry 9 in 1000ms. The process cannot access the file 'E:\TreadSnow\TreadSnow Github2\src\TreadSnow.HttpApi.Host\bin\Debug\net9.0\Volo.Abp.AspNetCore.Mvc.UI.dll' because it is being used by another process. The file is locked by: "TreadSnow.HttpApi.Host (46584)" [E:\TreadSnow\TreadSnow Github2\src\TreadSnow.HttpApi.Host\TreadSnow.HttpApi.Host.csproj]
C:\Program Files\dotnet\sdk\9.0.202\Microsoft.Common.CurrentVersion.targets(5063,5): warning MSB3026: Could not copy "E:\TreadSnow\TreadSnow Github2\ABP9.1.1\framework\src\Volo.Abp.AspNetCore.Mvc.UI.Packages\bin\Debug\net9.0\Volo.Abp.AspNetCore.Mvc.UI.Packages.dll" to "bin\Debug\net9.0\Volo.Abp.AspNetCore.Mvc.UI.Packages.dll". Beginning retry 9 in 1000ms. The process cannot access the file 'E:\TreadSnow\TreadSnow Github2\src\TreadSnow.HttpApi.Host\bin\Debug\net9.0\Volo.Abp.AspNetCore.Mvc.UI.Packages.dll' because it is being used by another process. The file is locked by: "TreadSnow.HttpApi.Host (46584)" [E:\TreadSnow\TreadSnow Github2\src\TreadSnow.HttpApi.Host\TreadSnow.HttpApi.Host.csproj]
C:\Program Files\dotnet\sdk\9.0.202\Microsoft.Common.CurrentVersion.targets(5063,5): warning MSB3026: Could not copy "E:\TreadSnow\TreadSnow Github2\ABP9.1.1\framework\src\Volo.Abp.AspNetCore.Mvc.UI.Bundling.Abstractions\bin\Debug\net9.0\Volo.Abp.AspNetCore.Mvc.UI.Bundling.Abstractions.dll" to "bin\Debug\net9.0\Volo.Abp.AspNetCore.Mvc.UI.Bundling.Abstractions.dll". Beginning retry 10 in 1000ms. The process cannot access the file 'E:\TreadSnow\TreadSnow Github2\src\TreadSnow.HttpApi.Host\bin\Debug\net9.0\Volo.Abp.AspNetCore.Mvc.UI.Bundling.Abstractions.dll' because it is being used by another process. The file is locked by: "TreadSnow.HttpApi.Host (46584)" [E:\TreadSnow\TreadSnow Github2\src\TreadSnow.HttpApi.Host\TreadSnow.HttpApi.Host.csproj]
C:\Program Files\dotnet\sdk\9.0.202\Microsoft.Common.CurrentVersion.targets(5063,5): warning MSB3026: Could not copy "E:\TreadSnow\TreadSnow Github2\ABP9.1.1\framework\src\Volo.Abp.AspNetCore.Mvc.UI.Theme.Shared\bin\Debug\net9.0\Volo.Abp.AspNetCore.Mvc.UI.Theme.Shared.dll" to "bin\Debug\net9.0\Volo.Abp.AspNetCore.Mvc.UI.Theme.Shared.dll". Beginning retry 9 in 1000ms. The process cannot access the file 'E:\TreadSnow\TreadSnow Github2\src\TreadSnow.HttpApi.Host\bin\Debug\net9.0\Volo.Abp.AspNetCore.Mvc.UI.Theme.Shared.dll' because it is being used by another process. The file is locked by: "TreadSnow.HttpApi.Host (46584)" [E:\TreadSnow\TreadSnow Github2\src\TreadSnow.HttpApi.Host\TreadSnow.HttpApi.Host.csproj]
C:\Program Files\dotnet\sdk\9.0.202\Microsoft.Common.CurrentVersion.targets(5063,5): warning MSB3026: Could not copy "E:\TreadSnow\TreadSnow Github2\ABP9.1.1\framework\src\Volo.Abp.AspNetCore.Mvc.UI.Bundling\bin\Debug\net9.0\Volo.Abp.AspNetCore.Mvc.UI.Bundling.dll" to "bin\Debug\net9.0\Volo.Abp.AspNetCore.Mvc.UI.Bundling.dll". Beginning retry 10 in 1000ms. The process cannot access the file 'E:\TreadSnow\TreadSnow Github2\src\TreadSnow.HttpApi.Host\bin\Debug\net9.0\Volo.Abp.AspNetCore.Mvc.UI.Bundling.dll' because it is being used by another process. The file is locked by: "TreadSnow.HttpApi.Host (46584)" [E:\TreadSnow\TreadSnow Github2\src\TreadSnow.HttpApi.Host\TreadSnow.HttpApi.Host.csproj]
C:\Program Files\dotnet\sdk\9.0.202\Microsoft.Common.CurrentVersion.targets(5063,5): warning MSB3026: Could not copy "E:\TreadSnow\TreadSnow Github2\ABP9.1.1\framework\src\Volo.Abp.AspNetCore.Mvc.UI.Widgets\bin\Debug\net9.0\Volo.Abp.AspNetCore.Mvc.UI.Widgets.dll" to "bin\Debug\net9.0\Volo.Abp.AspNetCore.Mvc.UI.Widgets.dll". Beginning retry 9 in 1000ms. The process cannot access the file 'E:\TreadSnow\TreadSnow Github2\src\TreadSnow.HttpApi.Host\bin\Debug\net9.0\Volo.Abp.AspNetCore.Mvc.UI.Widgets.dll' because it is being used by another process. The file is locked by: "TreadSnow.HttpApi.Host (46584)" [E:\TreadSnow\TreadSnow Github2\src\TreadSnow.HttpApi.Host\TreadSnow.HttpApi.Host.csproj]
C:\Program Files\dotnet\sdk\9.0.202\Microsoft.Common.CurrentVersion.targets(5063,5): warning MSB3026: Could not copy "E:\TreadSnow\TreadSnow Github2\ABP9.1.1\framework\src\Volo.Abp.AspNetCore.Mvc.UI\bin\Debug\net9.0\Volo.Abp.AspNetCore.Mvc.UI.dll" to "bin\Debug\net9.0\Volo.Abp.AspNetCore.Mvc.UI.dll". Beginning retry 10 in 1000ms. The process cannot access the file 'E:\TreadSnow\TreadSnow Github2\src\TreadSnow.HttpApi.Host\bin\Debug\net9.0\Volo.Abp.AspNetCore.Mvc.UI.dll' because it is being used by another process. The file is locked by: "TreadSnow.HttpApi.Host (46584)" [E:\TreadSnow\TreadSnow Github2\src\TreadSnow.HttpApi.Host\TreadSnow.HttpApi.Host.csproj]
C:\Program Files\dotnet\sdk\9.0.202\Microsoft.Common.CurrentVersion.targets(5063,5): warning MSB3026: Could not copy "E:\TreadSnow\TreadSnow Github2\ABP9.1.1\framework\src\Volo.Abp.AspNetCore.Mvc.UI.Packages\bin\Debug\net9.0\Volo.Abp.AspNetCore.Mvc.UI.Packages.dll" to "bin\Debug\net9.0\Volo.Abp.AspNetCore.Mvc.UI.Packages.dll". Beginning retry 10 in 1000ms. The process cannot access the file 'E:\TreadSnow\TreadSnow Github2\src\TreadSnow.HttpApi.Host\bin\Debug\net9.0\Volo.Abp.AspNetCore.Mvc.UI.Packages.dll' because it is being used by another process. The file is locked by: "TreadSnow.HttpApi.Host (46584)" [E:\TreadSnow\TreadSnow Github2\src\TreadSnow.HttpApi.Host\TreadSnow.HttpApi.Host.csproj]
C:\Program Files\dotnet\sdk\9.0.202\Microsoft.Common.CurrentVersion.targets(5063,5): warning MSB3026: Could not copy "E:\TreadSnow\TreadSnow Github2\ABP9.1.1\framework\src\Volo.Abp.Auditing.Contracts\bin\Debug\net9.0\Volo.Abp.Auditing.Contracts.dll" to "bin\Debug\net9.0\Volo.Abp.Auditing.Contracts.dll". Beginning retry 1 in 1000ms. The process cannot access the file 'E:\TreadSnow\TreadSnow Github2\src\TreadSnow.HttpApi.Host\bin\Debug\net9.0\Volo.Abp.Auditing.Contracts.dll' because it is being used by another process. The file is locked by: "TreadSnow.HttpApi.Host (46584)" [E:\TreadSnow\TreadSnow Github2\src\TreadSnow.HttpApi.Host\TreadSnow.HttpApi.Host.csproj]
C:\Program Files\dotnet\sdk\9.0.202\Microsoft.Common.CurrentVersion.targets(5063,5): warning MSB3026: Could not copy "E:\TreadSnow\TreadSnow Github2\ABP9.1.1\framework\src\Volo.Abp.AspNetCore.Mvc.UI.Theme.Shared\bin\Debug\net9.0\Volo.Abp.AspNetCore.Mvc.UI.Theme.Shared.dll" to "bin\Debug\net9.0\Volo.Abp.AspNetCore.Mvc.UI.Theme.Shared.dll". Beginning retry 10 in 1000ms. The process cannot access the file 'E:\TreadSnow\TreadSnow Github2\src\TreadSnow.HttpApi.Host\bin\Debug\net9.0\Volo.Abp.AspNetCore.Mvc.UI.Theme.Shared.dll' because it is being used by another process. The file is locked by: "TreadSnow.HttpApi.Host (46584)" [E:\TreadSnow\TreadSnow Github2\src\TreadSnow.HttpApi.Host\TreadSnow.HttpApi.Host.csproj]
C:\Program Files\dotnet\sdk\9.0.202\Microsoft.Common.CurrentVersion.targets(5063,5): warning MSB3026: Could not copy "E:\TreadSnow\TreadSnow Github2\ABP9.1.1\framework\src\Volo.Abp.AspNetCore.Mvc.UI.Widgets\bin\Debug\net9.0\Volo.Abp.AspNetCore.Mvc.UI.Widgets.dll" to "bin\Debug\net9.0\Volo.Abp.AspNetCore.Mvc.UI.Widgets.dll". Beginning retry 10 in 1000ms. The process cannot access the file 'E:\TreadSnow\TreadSnow Github2\src\TreadSnow.HttpApi.Host\bin\Debug\net9.0\Volo.Abp.AspNetCore.Mvc.UI.Widgets.dll' because it is being used by another process. The file is locked by: "TreadSnow.HttpApi.Host (46584)" [E:\TreadSnow\TreadSnow Github2\src\TreadSnow.HttpApi.Host\TreadSnow.HttpApi.Host.csproj]
C:\Program Files\dotnet\sdk\9.0.202\Microsoft.Common.CurrentVersion.targets(5063,5): warning MSB3026: Could not copy "E:\TreadSnow\TreadSnow Github2\ABP9.1.1\framework\src\Volo.Abp.Auditing\bin\Debug\net9.0\Volo.Abp.Auditing.dll" to "bin\Debug\net9.0\Volo.Abp.Auditing.dll". Beginning retry 1 in 1000ms. The process cannot access the file 'E:\TreadSnow\TreadSnow Github2\src\TreadSnow.HttpApi.Host\bin\Debug\net9.0\Volo.Abp.Auditing.dll' because it is being used by another process. The file is locked by: "TreadSnow.HttpApi.Host (46584)" [E:\TreadSnow\TreadSnow Github2\src\TreadSnow.HttpApi.Host\TreadSnow.HttpApi.Host.csproj]
C:\Program Files\dotnet\sdk\9.0.202\Microsoft.Common.CurrentVersion.targets(5063,5): warning MSB3026: Could not copy "E:\TreadSnow\TreadSnow Github2\ABP9.1.1\framework\src\Volo.Abp.Authorization.Abstractions\bin\Debug\net9.0\Volo.Abp.Authorization.Abstractions.dll" to "bin\Debug\net9.0\Volo.Abp.Authorization.Abstractions.dll". Beginning retry 1 in 1000ms. The process cannot access the file 'E:\TreadSnow\TreadSnow Github2\src\TreadSnow.HttpApi.Host\bin\Debug\net9.0\Volo.Abp.Authorization.Abstractions.dll' because it is being used by another process. The file is locked by: "TreadSnow.HttpApi.Host (46584)" [E:\TreadSnow\TreadSnow Github2\src\TreadSnow.HttpApi.Host\TreadSnow.HttpApi.Host.csproj]
C:\Program Files\dotnet\sdk\9.0.202\Microsoft.Common.CurrentVersion.targets(5063,5): warning MSB3026: Could not copy "E:\TreadSnow\TreadSnow Github2\ABP9.1.1\framework\src\Volo.Abp.Authorization\bin\Debug\net9.0\Volo.Abp.Authorization.dll" to "bin\Debug\net9.0\Volo.Abp.Authorization.dll". Beginning retry 1 in 1000ms. The process cannot access the file 'E:\TreadSnow\TreadSnow Github2\src\TreadSnow.HttpApi.Host\bin\Debug\net9.0\Volo.Abp.Authorization.dll' because it is being used by another process. The file is locked by: "TreadSnow.HttpApi.Host (46584)" [E:\TreadSnow\TreadSnow Github2\src\TreadSnow.HttpApi.Host\TreadSnow.HttpApi.Host.csproj]
C:\Program Files\dotnet\sdk\9.0.202\Microsoft.Common.CurrentVersion.targets(5063,5): warning MSB3026: Could not copy "E:\TreadSnow\TreadSnow Github2\ABP9.1.1\framework\src\Volo.Abp.Auditing.Contracts\bin\Debug\net9.0\Volo.Abp.Auditing.Contracts.dll" to "bin\Debug\net9.0\Volo.Abp.Auditing.Contracts.dll". Beginning retry 2 in 1000ms. The process cannot access the file 'E:\TreadSnow\TreadSnow Github2\src\TreadSnow.HttpApi.Host\bin\Debug\net9.0\Volo.Abp.Auditing.Contracts.dll' because it is being used by another process. The file is locked by: "TreadSnow.HttpApi.Host (46584)" [E:\TreadSnow\TreadSnow Github2\src\TreadSnow.HttpApi.Host\TreadSnow.HttpApi.Host.csproj]
C:\Program Files\dotnet\sdk\9.0.202\Microsoft.Common.CurrentVersion.targets(5063,5): warning MSB3026: Could not copy "E:\TreadSnow\TreadSnow Github2\ABP9.1.1\framework\src\Volo.Abp.AutoMapper\bin\Debug\net9.0\Volo.Abp.AutoMapper.dll" to "bin\Debug\net9.0\Volo.Abp.AutoMapper.dll". Beginning retry 1 in 1000ms. The process cannot access the file 'E:\TreadSnow\TreadSnow Github2\src\TreadSnow.HttpApi.Host\bin\Debug\net9.0\Volo.Abp.AutoMapper.dll' because it is being used by another process. The file is locked by: "TreadSnow.HttpApi.Host (46584)" [E:\TreadSnow\TreadSnow Github2\src\TreadSnow.HttpApi.Host\TreadSnow.HttpApi.Host.csproj]
C:\Program Files\dotnet\sdk\9.0.202\Microsoft.Common.CurrentVersion.targets(5063,5): warning MSB3026: Could not copy "E:\TreadSnow\TreadSnow Github2\ABP9.1.1\framework\src\Volo.Abp.BackgroundJobs.Abstractions\bin\Debug\net9.0\Volo.Abp.BackgroundJobs.Abstractions.dll" to "bin\Debug\net9.0\Volo.Abp.BackgroundJobs.Abstractions.dll". Beginning retry 1 in 1000ms. The process cannot access the file 'E:\TreadSnow\TreadSnow Github2\src\TreadSnow.HttpApi.Host\bin\Debug\net9.0\Volo.Abp.BackgroundJobs.Abstractions.dll' because it is being used by another process. The file is locked by: "TreadSnow.HttpApi.Host (46584)" [E:\TreadSnow\TreadSnow Github2\src\TreadSnow.HttpApi.Host\TreadSnow.HttpApi.Host.csproj]
C:\Program Files\dotnet\sdk\9.0.202\Microsoft.Common.CurrentVersion.targets(5063,5): warning MSB3026: Could not copy "E:\TreadSnow\TreadSnow Github2\ABP9.1.1\framework\src\Volo.Abp.Auditing\bin\Debug\net9.0\Volo.Abp.Auditing.dll" to "bin\Debug\net9.0\Volo.Abp.Auditing.dll". Beginning retry 2 in 1000ms. The process cannot access the file 'E:\TreadSnow\TreadSnow Github2\src\TreadSnow.HttpApi.Host\bin\Debug\net9.0\Volo.Abp.Auditing.dll' because it is being used by another process. The file is locked by: "TreadSnow.HttpApi.Host (46584)" [E:\TreadSnow\TreadSnow Github2\src\TreadSnow.HttpApi.Host\TreadSnow.HttpApi.Host.csproj]
C:\Program Files\dotnet\sdk\9.0.202\Microsoft.Common.CurrentVersion.targets(5063,5): warning MSB3026: Could not copy "E:\TreadSnow\TreadSnow Github2\ABP9.1.1\framework\src\Volo.Abp.Authorization.Abstractions\bin\Debug\net9.0\Volo.Abp.Authorization.Abstractions.dll" to "bin\Debug\net9.0\Volo.Abp.Authorization.Abstractions.dll". Beginning retry 2 in 1000ms. The process cannot access the file 'E:\TreadSnow\TreadSnow Github2\src\TreadSnow.HttpApi.Host\bin\Debug\net9.0\Volo.Abp.Authorization.Abstractions.dll' because it is being used by another process. The file is locked by: "TreadSnow.HttpApi.Host (46584)" [E:\TreadSnow\TreadSnow Github2\src\TreadSnow.HttpApi.Host\TreadSnow.HttpApi.Host.csproj]
C:\Program Files\dotnet\sdk\9.0.202\Microsoft.Common.CurrentVersion.targets(5063,5): warning MSB3026: Could not copy "E:\TreadSnow\TreadSnow Github2\ABP9.1.1\framework\src\Volo.Abp.Authorization\bin\Debug\net9.0\Volo.Abp.Authorization.dll" to "bin\Debug\net9.0\Volo.Abp.Authorization.dll". Beginning retry 2 in 1000ms. The process cannot access the file 'E:\TreadSnow\TreadSnow Github2\src\TreadSnow.HttpApi.Host\bin\Debug\net9.0\Volo.Abp.Authorization.dll' because it is being used by another process. The file is locked by: "TreadSnow.HttpApi.Host (46584)" [E:\TreadSnow\TreadSnow Github2\src\TreadSnow.HttpApi.Host\TreadSnow.HttpApi.Host.csproj]
C:\Program Files\dotnet\sdk\9.0.202\Microsoft.Common.CurrentVersion.targets(5063,5): warning MSB3026: Could not copy "E:\TreadSnow\TreadSnow Github2\ABP9.1.1\framework\src\Volo.Abp.Auditing.Contracts\bin\Debug\net9.0\Volo.Abp.Auditing.Contracts.dll" to "bin\Debug\net9.0\Volo.Abp.Auditing.Contracts.dll". Beginning retry 3 in 1000ms. The process cannot access the file 'E:\TreadSnow\TreadSnow Github2\src\TreadSnow.HttpApi.Host\bin\Debug\net9.0\Volo.Abp.Auditing.Contracts.dll' because it is being used by another process. The file is locked by: "TreadSnow.HttpApi.Host (46584)" [E:\TreadSnow\TreadSnow Github2\src\TreadSnow.HttpApi.Host\TreadSnow.HttpApi.Host.csproj]
C:\Program Files\dotnet\sdk\9.0.202\Microsoft.Common.CurrentVersion.targets(5063,5): warning MSB3026: Could not copy "E:\TreadSnow\TreadSnow Github2\ABP9.1.1\framework\src\Volo.Abp.AutoMapper\bin\Debug\net9.0\Volo.Abp.AutoMapper.dll" to "bin\Debug\net9.0\Volo.Abp.AutoMapper.dll". Beginning retry 2 in 1000ms. The process cannot access the file 'E:\TreadSnow\TreadSnow Github2\src\TreadSnow.HttpApi.Host\bin\Debug\net9.0\Volo.Abp.AutoMapper.dll' because it is being used by another process. The file is locked by: "TreadSnow.HttpApi.Host (46584)" [E:\TreadSnow\TreadSnow Github2\src\TreadSnow.HttpApi.Host\TreadSnow.HttpApi.Host.csproj]
C:\Program Files\dotnet\sdk\9.0.202\Microsoft.Common.CurrentVersion.targets(5063,5): warning MSB3026: Could not copy "E:\TreadSnow\TreadSnow Github2\ABP9.1.1\framework\src\Volo.Abp.BackgroundJobs.Abstractions\bin\Debug\net9.0\Volo.Abp.BackgroundJobs.Abstractions.dll" to "bin\Debug\net9.0\Volo.Abp.BackgroundJobs.Abstractions.dll". Beginning retry 2 in 1000ms. The process cannot access the file 'E:\TreadSnow\TreadSnow Github2\src\TreadSnow.HttpApi.Host\bin\Debug\net9.0\Volo.Abp.BackgroundJobs.Abstractions.dll' because it is being used by another process. The file is locked by: "TreadSnow.HttpApi.Host (46584)" [E:\TreadSnow\TreadSnow Github2\src\TreadSnow.HttpApi.Host\TreadSnow.HttpApi.Host.csproj]
C:\Program Files\dotnet\sdk\9.0.202\Microsoft.Common.CurrentVersion.targets(5063,5): warning MSB3026: Could not copy "E:\TreadSnow\TreadSnow Github2\ABP9.1.1\framework\src\Volo.Abp.Auditing\bin\Debug\net9.0\Volo.Abp.Auditing.dll" to "bin\Debug\net9.0\Volo.Abp.Auditing.dll". Beginning retry 3 in 1000ms. The process cannot access the file 'E:\TreadSnow\TreadSnow Github2\src\TreadSnow.HttpApi.Host\bin\Debug\net9.0\Volo.Abp.Auditing.dll' because it is being used by another process. The file is locked by: "TreadSnow.HttpApi.Host (46584)" [E:\TreadSnow\TreadSnow Github2\src\TreadSnow.HttpApi.Host\TreadSnow.HttpApi.Host.csproj]
C:\Program Files\dotnet\sdk\9.0.202\Microsoft.Common.CurrentVersion.targets(5063,5): warning MSB3026: Could not copy "E:\TreadSnow\TreadSnow Github2\ABP9.1.1\framework\src\Volo.Abp.Authorization.Abstractions\bin\Debug\net9.0\Volo.Abp.Authorization.Abstractions.dll" to "bin\Debug\net9.0\Volo.Abp.Authorization.Abstractions.dll". Beginning retry 3 in 1000ms. The process cannot access the file 'E:\TreadSnow\TreadSnow Github2\src\TreadSnow.HttpApi.Host\bin\Debug\net9.0\Volo.Abp.Authorization.Abstractions.dll' because it is being used by another process. The file is locked by: "TreadSnow.HttpApi.Host (46584)" [E:\TreadSnow\TreadSnow Github2\src\TreadSnow.HttpApi.Host\TreadSnow.HttpApi.Host.csproj]
C:\Program Files\dotnet\sdk\9.0.202\Microsoft.Common.CurrentVersion.targets(5063,5): warning MSB3026: Could not copy "E:\TreadSnow\TreadSnow Github2\ABP9.1.1\framework\src\Volo.Abp.Authorization\bin\Debug\net9.0\Volo.Abp.Authorization.dll" to "bin\Debug\net9.0\Volo.Abp.Authorization.dll". Beginning retry 3 in 1000ms. The process cannot access the file 'E:\TreadSnow\TreadSnow Github2\src\TreadSnow.HttpApi.Host\bin\Debug\net9.0\Volo.Abp.Authorization.dll' because it is being used by another process. The file is locked by: "TreadSnow.HttpApi.Host (46584)" [E:\TreadSnow\TreadSnow Github2\src\TreadSnow.HttpApi.Host\TreadSnow.HttpApi.Host.csproj]
C:\Program Files\dotnet\sdk\9.0.202\Microsoft.Common.CurrentVersion.targets(5063,5): warning MSB3026: Could not copy "E:\TreadSnow\TreadSnow Github2\ABP9.1.1\framework\src\Volo.Abp.Auditing.Contracts\bin\Debug\net9.0\Volo.Abp.Auditing.Contracts.dll" to "bin\Debug\net9.0\Volo.Abp.Auditing.Contracts.dll". Beginning retry 4 in 1000ms. The process cannot access the file 'E:\TreadSnow\TreadSnow Github2\src\TreadSnow.HttpApi.Host\bin\Debug\net9.0\Volo.Abp.Auditing.Contracts.dll' because it is being used by another process. The file is locked by: "TreadSnow.HttpApi.Host (46584)" [E:\TreadSnow\TreadSnow Github2\src\TreadSnow.HttpApi.Host\TreadSnow.HttpApi.Host.csproj]
C:\Program Files\dotnet\sdk\9.0.202\Microsoft.Common.CurrentVersion.targets(5063,5): warning MSB3026: Could not copy "E:\TreadSnow\TreadSnow Github2\ABP9.1.1\framework\src\Volo.Abp.AutoMapper\bin\Debug\net9.0\Volo.Abp.AutoMapper.dll" to "bin\Debug\net9.0\Volo.Abp.AutoMapper.dll". Beginning retry 3 in 1000ms. The process cannot access the file 'E:\TreadSnow\TreadSnow Github2\src\TreadSnow.HttpApi.Host\bin\Debug\net9.0\Volo.Abp.AutoMapper.dll' because it is being used by another process. The file is locked by: "TreadSnow.HttpApi.Host (46584)" [E:\TreadSnow\TreadSnow Github2\src\TreadSnow.HttpApi.Host\TreadSnow.HttpApi.Host.csproj]
C:\Program Files\dotnet\sdk\9.0.202\Microsoft.Common.CurrentVersion.targets(5063,5): warning MSB3026: Could not copy "E:\TreadSnow\TreadSnow Github2\ABP9.1.1\framework\src\Volo.Abp.BackgroundJobs.Abstractions\bin\Debug\net9.0\Volo.Abp.BackgroundJobs.Abstractions.dll" to "bin\Debug\net9.0\Volo.Abp.BackgroundJobs.Abstractions.dll". Beginning retry 3 in 1000ms. The process cannot access the file 'E:\TreadSnow\TreadSnow Github2\src\TreadSnow.HttpApi.Host\bin\Debug\net9.0\Volo.Abp.BackgroundJobs.Abstractions.dll' because it is being used by another process. The file is locked by: "TreadSnow.HttpApi.Host (46584)" [E:\TreadSnow\TreadSnow Github2\src\TreadSnow.HttpApi.Host\TreadSnow.HttpApi.Host.csproj]
C:\Program Files\dotnet\sdk\9.0.202\Microsoft.Common.CurrentVersion.targets(5063,5): warning MSB3026: Could not copy "E:\TreadSnow\TreadSnow Github2\ABP9.1.1\framework\src\Volo.Abp.Auditing\bin\Debug\net9.0\Volo.Abp.Auditing.dll" to "bin\Debug\net9.0\Volo.Abp.Auditing.dll". Beginning retry 4 in 1000ms. The process cannot access the file 'E:\TreadSnow\TreadSnow Github2\src\TreadSnow.HttpApi.Host\bin\Debug\net9.0\Volo.Abp.Auditing.dll' because it is being used by another process. The file is locked by: "TreadSnow.HttpApi.Host (46584)" [E:\TreadSnow\TreadSnow Github2\src\TreadSnow.HttpApi.Host\TreadSnow.HttpApi.Host.csproj]
C:\Program Files\dotnet\sdk\9.0.202\Microsoft.Common.CurrentVersion.targets(5063,5): warning MSB3026: Could not copy "E:\TreadSnow\TreadSnow Github2\ABP9.1.1\framework\src\Volo.Abp.Authorization.Abstractions\bin\Debug\net9.0\Volo.Abp.Authorization.Abstractions.dll" to "bin\Debug\net9.0\Volo.Abp.Authorization.Abstractions.dll". Beginning retry 4 in 1000ms. The process cannot access the file 'E:\TreadSnow\TreadSnow Github2\src\TreadSnow.HttpApi.Host\bin\Debug\net9.0\Volo.Abp.Authorization.Abstractions.dll' because it is being used by another process. The file is locked by: "TreadSnow.HttpApi.Host (46584)" [E:\TreadSnow\TreadSnow Github2\src\TreadSnow.HttpApi.Host\TreadSnow.HttpApi.Host.csproj]
C:\Program Files\dotnet\sdk\9.0.202\Microsoft.Common.CurrentVersion.targets(5063,5): warning MSB3026: Could not copy "E:\TreadSnow\TreadSnow Github2\ABP9.1.1\framework\src\Volo.Abp.Authorization\bin\Debug\net9.0\Volo.Abp.Authorization.dll" to "bin\Debug\net9.0\Volo.Abp.Authorization.dll". Beginning retry 4 in 1000ms. The process cannot access the file 'E:\TreadSnow\TreadSnow Github2\src\TreadSnow.HttpApi.Host\bin\Debug\net9.0\Volo.Abp.Authorization.dll' because it is being used by another process. The file is locked by: "TreadSnow.HttpApi.Host (46584)" [E:\TreadSnow\TreadSnow Github2\src\TreadSnow.HttpApi.Host\TreadSnow.HttpApi.Host.csproj]
C:\Program Files\dotnet\sdk\9.0.202\Microsoft.Common.CurrentVersion.targets(5063,5): warning MSB3026: Could not copy "E:\TreadSnow\TreadSnow Github2\ABP9.1.1\framework\src\Volo.Abp.Auditing.Contracts\bin\Debug\net9.0\Volo.Abp.Auditing.Contracts.dll" to "bin\Debug\net9.0\Volo.Abp.Auditing.Contracts.dll". Beginning retry 5 in 1000ms. The process cannot access the file 'E:\TreadSnow\TreadSnow Github2\src\TreadSnow.HttpApi.Host\bin\Debug\net9.0\Volo.Abp.Auditing.Contracts.dll' because it is being used by another process. The file is locked by: "TreadSnow.HttpApi.Host (46584)" [E:\TreadSnow\TreadSnow Github2\src\TreadSnow.HttpApi.Host\TreadSnow.HttpApi.Host.csproj]
C:\Program Files\dotnet\sdk\9.0.202\Microsoft.Common.CurrentVersion.targets(5063,5): warning MSB3026: Could not copy "E:\TreadSnow\TreadSnow Github2\ABP9.1.1\framework\src\Volo.Abp.AutoMapper\bin\Debug\net9.0\Volo.Abp.AutoMapper.dll" to "bin\Debug\net9.0\Volo.Abp.AutoMapper.dll". Beginning retry 4 in 1000ms. The process cannot access the file 'E:\TreadSnow\TreadSnow Github2\src\TreadSnow.HttpApi.Host\bin\Debug\net9.0\Volo.Abp.AutoMapper.dll' because it is being used by another process. The file is locked by: "TreadSnow.HttpApi.Host (46584)" [E:\TreadSnow\TreadSnow Github2\src\TreadSnow.HttpApi.Host\TreadSnow.HttpApi.Host.csproj]
C:\Program Files\dotnet\sdk\9.0.202\Microsoft.Common.CurrentVersion.targets(5063,5): warning MSB3026: Could not copy "E:\TreadSnow\TreadSnow Github2\ABP9.1.1\framework\src\Volo.Abp.BackgroundJobs.Abstractions\bin\Debug\net9.0\Volo.Abp.BackgroundJobs.Abstractions.dll" to "bin\Debug\net9.0\Volo.Abp.BackgroundJobs.Abstractions.dll". Beginning retry 4 in 1000ms. The process cannot access the file 'E:\TreadSnow\TreadSnow Github2\src\TreadSnow.HttpApi.Host\bin\Debug\net9.0\Volo.Abp.BackgroundJobs.Abstractions.dll' because it is being used by another process. The file is locked by: "TreadSnow.HttpApi.Host (46584)" [E:\TreadSnow\TreadSnow Github2\src\TreadSnow.HttpApi.Host\TreadSnow.HttpApi.Host.csproj]
C:\Program Files\dotnet\sdk\9.0.202\Microsoft.Common.CurrentVersion.targets(5063,5): warning MSB3026: Could not copy "E:\TreadSnow\TreadSnow Github2\ABP9.1.1\framework\src\Volo.Abp.Auditing\bin\Debug\net9.0\Volo.Abp.Auditing.dll" to "bin\Debug\net9.0\Volo.Abp.Auditing.dll". Beginning retry 5 in 1000ms. The process cannot access the file 'E:\TreadSnow\TreadSnow Github2\src\TreadSnow.HttpApi.Host\bin\Debug\net9.0\Volo.Abp.Auditing.dll' because it is being used by another process. The file is locked by: "TreadSnow.HttpApi.Host (46584)" [E:\TreadSnow\TreadSnow Github2\src\TreadSnow.HttpApi.Host\TreadSnow.HttpApi.Host.csproj]
C:\Program Files\dotnet\sdk\9.0.202\Microsoft.Common.CurrentVersion.targets(5063,5): warning MSB3026: Could not copy "E:\TreadSnow\TreadSnow Github2\ABP9.1.1\framework\src\Volo.Abp.Authorization.Abstractions\bin\Debug\net9.0\Volo.Abp.Authorization.Abstractions.dll" to "bin\Debug\net9.0\Volo.Abp.Authorization.Abstractions.dll". Beginning retry 5 in 1000ms. The process cannot access the file 'E:\TreadSnow\TreadSnow Github2\src\TreadSnow.HttpApi.Host\bin\Debug\net9.0\Volo.Abp.Authorization.Abstractions.dll' because it is being used by another process. The file is locked by: "TreadSnow.HttpApi.Host (46584)" [E:\TreadSnow\TreadSnow Github2\src\TreadSnow.HttpApi.Host\TreadSnow.HttpApi.Host.csproj]
C:\Program Files\dotnet\sdk\9.0.202\Microsoft.Common.CurrentVersion.targets(5063,5): warning MSB3026: Could not copy "E:\TreadSnow\TreadSnow Github2\ABP9.1.1\framework\src\Volo.Abp.Authorization\bin\Debug\net9.0\Volo.Abp.Authorization.dll" to "bin\Debug\net9.0\Volo.Abp.Authorization.dll". Beginning retry 5 in 1000ms. The process cannot access the file 'E:\TreadSnow\TreadSnow Github2\src\TreadSnow.HttpApi.Host\bin\Debug\net9.0\Volo.Abp.Authorization.dll' because it is being used by another process. The file is locked by: "TreadSnow.HttpApi.Host (46584)" [E:\TreadSnow\TreadSnow Github2\src\TreadSnow.HttpApi.Host\TreadSnow.HttpApi.Host.csproj]
C:\Program Files\dotnet\sdk\9.0.202\Microsoft.Common.CurrentVersion.targets(5063,5): warning MSB3026: Could not copy "E:\TreadSnow\TreadSnow Github2\ABP9.1.1\framework\src\Volo.Abp.Auditing.Contracts\bin\Debug\net9.0\Volo.Abp.Auditing.Contracts.dll" to "bin\Debug\net9.0\Volo.Abp.Auditing.Contracts.dll". Beginning retry 6 in 1000ms. The process cannot access the file 'E:\TreadSnow\TreadSnow Github2\src\TreadSnow.HttpApi.Host\bin\Debug\net9.0\Volo.Abp.Auditing.Contracts.dll' because it is being used by another process. The file is locked by: "TreadSnow.HttpApi.Host (46584)" [E:\TreadSnow\TreadSnow Github2\src\TreadSnow.HttpApi.Host\TreadSnow.HttpApi.Host.csproj]
C:\Program Files\dotnet\sdk\9.0.202\Microsoft.Common.CurrentVersion.targets(5063,5): warning MSB3026: Could not copy "E:\TreadSnow\TreadSnow Github2\ABP9.1.1\framework\src\Volo.Abp.AutoMapper\bin\Debug\net9.0\Volo.Abp.AutoMapper.dll" to "bin\Debug\net9.0\Volo.Abp.AutoMapper.dll". Beginning retry 5 in 1000ms. The process cannot access the file 'E:\TreadSnow\TreadSnow Github2\src\TreadSnow.HttpApi.Host\bin\Debug\net9.0\Volo.Abp.AutoMapper.dll' because it is being used by another process. The file is locked by: "TreadSnow.HttpApi.Host (46584)" [E:\TreadSnow\TreadSnow Github2\src\TreadSnow.HttpApi.Host\TreadSnow.HttpApi.Host.csproj]
C:\Program Files\dotnet\sdk\9.0.202\Microsoft.Common.CurrentVersion.targets(5063,5): warning MSB3026: Could not copy "E:\TreadSnow\TreadSnow Github2\ABP9.1.1\framework\src\Volo.Abp.BackgroundJobs.Abstractions\bin\Debug\net9.0\Volo.Abp.BackgroundJobs.Abstractions.dll" to "bin\Debug\net9.0\Volo.Abp.BackgroundJobs.Abstractions.dll". Beginning retry 5 in 1000ms. The process cannot access the file 'E:\TreadSnow\TreadSnow Github2\src\TreadSnow.HttpApi.Host\bin\Debug\net9.0\Volo.Abp.BackgroundJobs.Abstractions.dll' because it is being used by another process. The file is locked by: "TreadSnow.HttpApi.Host (46584)" [E:\TreadSnow\TreadSnow Github2\src\TreadSnow.HttpApi.Host\TreadSnow.HttpApi.Host.csproj]
C:\Program Files\dotnet\sdk\9.0.202\Microsoft.Common.CurrentVersion.targets(5063,5): warning MSB3026: Could not copy "E:\TreadSnow\TreadSnow Github2\ABP9.1.1\framework\src\Volo.Abp.Auditing\bin\Debug\net9.0\Volo.Abp.Auditing.dll" to "bin\Debug\net9.0\Volo.Abp.Auditing.dll". Beginning retry 6 in 1000ms. The process cannot access the file 'E:\TreadSnow\TreadSnow Github2\src\TreadSnow.HttpApi.Host\bin\Debug\net9.0\Volo.Abp.Auditing.dll' because it is being used by another process. The file is locked by: "TreadSnow.HttpApi.Host (46584)" [E:\TreadSnow\TreadSnow Github2\src\TreadSnow.HttpApi.Host\TreadSnow.HttpApi.Host.csproj]
C:\Program Files\dotnet\sdk\9.0.202\Microsoft.Common.CurrentVersion.targets(5063,5): warning MSB3026: Could not copy "E:\TreadSnow\TreadSnow Github2\ABP9.1.1\framework\src\Volo.Abp.Authorization.Abstractions\bin\Debug\net9.0\Volo.Abp.Authorization.Abstractions.dll" to "bin\Debug\net9.0\Volo.Abp.Authorization.Abstractions.dll". Beginning retry 6 in 1000ms. The process cannot access the file 'E:\TreadSnow\TreadSnow Github2\src\TreadSnow.HttpApi.Host\bin\Debug\net9.0\Volo.Abp.Authorization.Abstractions.dll' because it is being used by another process. The file is locked by: "TreadSnow.HttpApi.Host (46584)" [E:\TreadSnow\TreadSnow Github2\src\TreadSnow.HttpApi.Host\TreadSnow.HttpApi.Host.csproj]
C:\Program Files\dotnet\sdk\9.0.202\Microsoft.Common.CurrentVersion.targets(5063,5): warning MSB3026: Could not copy "E:\TreadSnow\TreadSnow Github2\ABP9.1.1\framework\src\Volo.Abp.Authorization\bin\Debug\net9.0\Volo.Abp.Authorization.dll" to "bin\Debug\net9.0\Volo.Abp.Authorization.dll". Beginning retry 6 in 1000ms. The process cannot access the file 'E:\TreadSnow\TreadSnow Github2\src\TreadSnow.HttpApi.Host\bin\Debug\net9.0\Volo.Abp.Authorization.dll' because it is being used by another process. The file is locked by: "TreadSnow.HttpApi.Host (46584)" [E:\TreadSnow\TreadSnow Github2\src\TreadSnow.HttpApi.Host\TreadSnow.HttpApi.Host.csproj]
C:\Program Files\dotnet\sdk\9.0.202\Microsoft.Common.CurrentVersion.targets(5063,5): warning MSB3026: Could not copy "E:\TreadSnow\TreadSnow Github2\ABP9.1.1\framework\src\Volo.Abp.Auditing.Contracts\bin\Debug\net9.0\Volo.Abp.Auditing.Contracts.dll" to "bin\Debug\net9.0\Volo.Abp.Auditing.Contracts.dll". Beginning retry 7 in 1000ms. The process cannot access the file 'E:\TreadSnow\TreadSnow Github2\src\TreadSnow.HttpApi.Host\bin\Debug\net9.0\Volo.Abp.Auditing.Contracts.dll' because it is being used by another process. The file is locked by: "TreadSnow.HttpApi.Host (46584)" [E:\TreadSnow\TreadSnow Github2\src\TreadSnow.HttpApi.Host\TreadSnow.HttpApi.Host.csproj]
C:\Program Files\dotnet\sdk\9.0.202\Microsoft.Common.CurrentVersion.targets(5063,5): warning MSB3026: Could not copy "E:\TreadSnow\TreadSnow Github2\ABP9.1.1\framework\src\Volo.Abp.AutoMapper\bin\Debug\net9.0\Volo.Abp.AutoMapper.dll" to "bin\Debug\net9.0\Volo.Abp.AutoMapper.dll". Beginning retry 6 in 1000ms. The process cannot access the file 'E:\TreadSnow\TreadSnow Github2\src\TreadSnow.HttpApi.Host\bin\Debug\net9.0\Volo.Abp.AutoMapper.dll' because it is being used by another process. The file is locked by: "TreadSnow.HttpApi.Host (46584)" [E:\TreadSnow\TreadSnow Github2\src\TreadSnow.HttpApi.Host\TreadSnow.HttpApi.Host.csproj]
C:\Program Files\dotnet\sdk\9.0.202\Microsoft.Common.CurrentVersion.targets(5063,5): warning MSB3026: Could not copy "E:\TreadSnow\TreadSnow Github2\ABP9.1.1\framework\src\Volo.Abp.BackgroundJobs.Abstractions\bin\Debug\net9.0\Volo.Abp.BackgroundJobs.Abstractions.dll" to "bin\Debug\net9.0\Volo.Abp.BackgroundJobs.Abstractions.dll". Beginning retry 6 in 1000ms. The process cannot access the file 'E:\TreadSnow\TreadSnow Github2\src\TreadSnow.HttpApi.Host\bin\Debug\net9.0\Volo.Abp.BackgroundJobs.Abstractions.dll' because it is being used by another process. The file is locked by: "TreadSnow.HttpApi.Host (46584)" [E:\TreadSnow\TreadSnow Github2\src\TreadSnow.HttpApi.Host\TreadSnow.HttpApi.Host.csproj]
C:\Program Files\dotnet\sdk\9.0.202\Microsoft.Common.CurrentVersion.targets(5063,5): warning MSB3026: Could not copy "E:\TreadSnow\TreadSnow Github2\ABP9.1.1\framework\src\Volo.Abp.Auditing\bin\Debug\net9.0\Volo.Abp.Auditing.dll" to "bin\Debug\net9.0\Volo.Abp.Auditing.dll". Beginning retry 7 in 1000ms. The process cannot access the file 'E:\TreadSnow\TreadSnow Github2\src\TreadSnow.HttpApi.Host\bin\Debug\net9.0\Volo.Abp.Auditing.dll' because it is being used by another process. The file is locked by: "TreadSnow.HttpApi.Host (46584)" [E:\TreadSnow\TreadSnow Github2\src\TreadSnow.HttpApi.Host\TreadSnow.HttpApi.Host.csproj]
C:\Program Files\dotnet\sdk\9.0.202\Microsoft.Common.CurrentVersion.targets(5063,5): warning MSB3026: Could not copy "E:\TreadSnow\TreadSnow Github2\ABP9.1.1\framework\src\Volo.Abp.Authorization.Abstractions\bin\Debug\net9.0\Volo.Abp.Authorization.Abstractions.dll" to "bin\Debug\net9.0\Volo.Abp.Authorization.Abstractions.dll". Beginning retry 7 in 1000ms. The process cannot access the file 'E:\TreadSnow\TreadSnow Github2\src\TreadSnow.HttpApi.Host\bin\Debug\net9.0\Volo.Abp.Authorization.Abstractions.dll' because it is being used by another process. The file is locked by: "TreadSnow.HttpApi.Host (46584)" [E:\TreadSnow\TreadSnow Github2\src\TreadSnow.HttpApi.Host\TreadSnow.HttpApi.Host.csproj]
C:\Program Files\dotnet\sdk\9.0.202\Microsoft.Common.CurrentVersion.targets(5063,5): warning MSB3026: Could not copy "E:\TreadSnow\TreadSnow Github2\ABP9.1.1\framework\src\Volo.Abp.Authorization\bin\Debug\net9.0\Volo.Abp.Authorization.dll" to "bin\Debug\net9.0\Volo.Abp.Authorization.dll". Beginning retry 7 in 1000ms. The process cannot access the file 'E:\TreadSnow\TreadSnow Github2\src\TreadSnow.HttpApi.Host\bin\Debug\net9.0\Volo.Abp.Authorization.dll' because it is being used by another process. The file is locked by: "TreadSnow.HttpApi.Host (46584)" [E:\TreadSnow\TreadSnow Github2\src\TreadSnow.HttpApi.Host\TreadSnow.HttpApi.Host.csproj]
C:\Program Files\dotnet\sdk\9.0.202\Microsoft.Common.CurrentVersion.targets(5063,5): warning MSB3026: Could not copy "E:\TreadSnow\TreadSnow Github2\ABP9.1.1\framework\src\Volo.Abp.Auditing.Contracts\bin\Debug\net9.0\Volo.Abp.Auditing.Contracts.dll" to "bin\Debug\net9.0\Volo.Abp.Auditing.Contracts.dll". Beginning retry 8 in 1000ms. The process cannot access the file 'E:\TreadSnow\TreadSnow Github2\src\TreadSnow.HttpApi.Host\bin\Debug\net9.0\Volo.Abp.Auditing.Contracts.dll' because it is being used by another process. The file is locked by: "TreadSnow.HttpApi.Host (46584)" [E:\TreadSnow\TreadSnow Github2\src\TreadSnow.HttpApi.Host\TreadSnow.HttpApi.Host.csproj]
C:\Program Files\dotnet\sdk\9.0.202\Microsoft.Common.CurrentVersion.targets(5063,5): warning MSB3026: Could not copy "E:\TreadSnow\TreadSnow Github2\ABP9.1.1\framework\src\Volo.Abp.AutoMapper\bin\Debug\net9.0\Volo.Abp.AutoMapper.dll" to "bin\Debug\net9.0\Volo.Abp.AutoMapper.dll". Beginning retry 7 in 1000ms. The process cannot access the file 'E:\TreadSnow\TreadSnow Github2\src\TreadSnow.HttpApi.Host\bin\Debug\net9.0\Volo.Abp.AutoMapper.dll' because it is being used by another process. The file is locked by: "TreadSnow.HttpApi.Host (46584)" [E:\TreadSnow\TreadSnow Github2\src\TreadSnow.HttpApi.Host\TreadSnow.HttpApi.Host.csproj]
C:\Program Files\dotnet\sdk\9.0.202\Microsoft.Common.CurrentVersion.targets(5063,5): warning MSB3026: Could not copy "E:\TreadSnow\TreadSnow Github2\ABP9.1.1\framework\src\Volo.Abp.BackgroundJobs.Abstractions\bin\Debug\net9.0\Volo.Abp.BackgroundJobs.Abstractions.dll" to "bin\Debug\net9.0\Volo.Abp.BackgroundJobs.Abstractions.dll". Beginning retry 7 in 1000ms. The process cannot access the file 'E:\TreadSnow\TreadSnow Github2\src\TreadSnow.HttpApi.Host\bin\Debug\net9.0\Volo.Abp.BackgroundJobs.Abstractions.dll' because it is being used by another process. The file is locked by: "TreadSnow.HttpApi.Host (46584)" [E:\TreadSnow\TreadSnow Github2\src\TreadSnow.HttpApi.Host\TreadSnow.HttpApi.Host.csproj]
C:\Program Files\dotnet\sdk\9.0.202\Microsoft.Common.CurrentVersion.targets(5063,5): warning MSB3026: Could not copy "E:\TreadSnow\TreadSnow Github2\ABP9.1.1\framework\src\Volo.Abp.Auditing\bin\Debug\net9.0\Volo.Abp.Auditing.dll" to "bin\Debug\net9.0\Volo.Abp.Auditing.dll". Beginning retry 8 in 1000ms. The process cannot access the file 'E:\TreadSnow\TreadSnow Github2\src\TreadSnow.HttpApi.Host\bin\Debug\net9.0\Volo.Abp.Auditing.dll' because it is being used by another process. The file is locked by: "TreadSnow.HttpApi.Host (46584)" [E:\TreadSnow\TreadSnow Github2\src\TreadSnow.HttpApi.Host\TreadSnow.HttpApi.Host.csproj]
C:\Program Files\dotnet\sdk\9.0.202\Microsoft.Common.CurrentVersion.targets(5063,5): warning MSB3026: Could not copy "E:\TreadSnow\TreadSnow Github2\ABP9.1.1\framework\src\Volo.Abp.Authorization.Abstractions\bin\Debug\net9.0\Volo.Abp.Authorization.Abstractions.dll" to "bin\Debug\net9.0\Volo.Abp.Authorization.Abstractions.dll". Beginning retry 8 in 1000ms. The process cannot access the file 'E:\TreadSnow\TreadSnow Github2\src\TreadSnow.HttpApi.Host\bin\Debug\net9.0\Volo.Abp.Authorization.Abstractions.dll' because it is being used by another process. The file is locked by: "TreadSnow.HttpApi.Host (46584)" [E:\TreadSnow\TreadSnow Github2\src\TreadSnow.HttpApi.Host\TreadSnow.HttpApi.Host.csproj]
C:\Program Files\dotnet\sdk\9.0.202\Microsoft.Common.CurrentVersion.targets(5063,5): warning MSB3026: Could not copy "E:\TreadSnow\TreadSnow Github2\ABP9.1.1\framework\src\Volo.Abp.Authorization\bin\Debug\net9.0\Volo.Abp.Authorization.dll" to "bin\Debug\net9.0\Volo.Abp.Authorization.dll". Beginning retry 8 in 1000ms. The process cannot access the file 'E:\TreadSnow\TreadSnow Github2\src\TreadSnow.HttpApi.Host\bin\Debug\net9.0\Volo.Abp.Authorization.dll' because it is being used by another process. The file is locked by: "TreadSnow.HttpApi.Host (46584)" [E:\TreadSnow\TreadSnow Github2\src\TreadSnow.HttpApi.Host\TreadSnow.HttpApi.Host.csproj]
C:\Program Files\dotnet\sdk\9.0.202\Microsoft.Common.CurrentVersion.targets(5063,5): warning MSB3026: Could not copy "E:\TreadSnow\TreadSnow Github2\ABP9.1.1\framework\src\Volo.Abp.Auditing.Contracts\bin\Debug\net9.0\Volo.Abp.Auditing.Contracts.dll" to "bin\Debug\net9.0\Volo.Abp.Auditing.Contracts.dll". Beginning retry 9 in 1000ms. The process cannot access the file 'E:\TreadSnow\TreadSnow Github2\src\TreadSnow.HttpApi.Host\bin\Debug\net9.0\Volo.Abp.Auditing.Contracts.dll' because it is being used by another process. The file is locked by: "TreadSnow.HttpApi.Host (46584)" [E:\TreadSnow\TreadSnow Github2\src\TreadSnow.HttpApi.Host\TreadSnow.HttpApi.Host.csproj]
C:\Program Files\dotnet\sdk\9.0.202\Microsoft.Common.CurrentVersion.targets(5063,5): warning MSB3026: Could not copy "E:\TreadSnow\TreadSnow Github2\ABP9.1.1\framework\src\Volo.Abp.AutoMapper\bin\Debug\net9.0\Volo.Abp.AutoMapper.dll" to "bin\Debug\net9.0\Volo.Abp.AutoMapper.dll". Beginning retry 8 in 1000ms. The process cannot access the file 'E:\TreadSnow\TreadSnow Github2\src\TreadSnow.HttpApi.Host\bin\Debug\net9.0\Volo.Abp.AutoMapper.dll' because it is being used by another process. The file is locked by: "TreadSnow.HttpApi.Host (46584)" [E:\TreadSnow\TreadSnow Github2\src\TreadSnow.HttpApi.Host\TreadSnow.HttpApi.Host.csproj]
C:\Program Files\dotnet\sdk\9.0.202\Microsoft.Common.CurrentVersion.targets(5063,5): warning MSB3026: Could not copy "E:\TreadSnow\TreadSnow Github2\ABP9.1.1\framework\src\Volo.Abp.BackgroundJobs.Abstractions\bin\Debug\net9.0\Volo.Abp.BackgroundJobs.Abstractions.dll" to "bin\Debug\net9.0\Volo.Abp.BackgroundJobs.Abstractions.dll". Beginning retry 8 in 1000ms. The process cannot access the file 'E:\TreadSnow\TreadSnow Github2\src\TreadSnow.HttpApi.Host\bin\Debug\net9.0\Volo.Abp.BackgroundJobs.Abstractions.dll' because it is being used by another process. The file is locked by: "TreadSnow.HttpApi.Host (46584)" [E:\TreadSnow\TreadSnow Github2\src\TreadSnow.HttpApi.Host\TreadSnow.HttpApi.Host.csproj]
C:\Program Files\dotnet\sdk\9.0.202\Microsoft.Common.CurrentVersion.targets(5063,5): warning MSB3026: Could not copy "E:\TreadSnow\TreadSnow Github2\ABP9.1.1\framework\src\Volo.Abp.Auditing\bin\Debug\net9.0\Volo.Abp.Auditing.dll" to "bin\Debug\net9.0\Volo.Abp.Auditing.dll". Beginning retry 9 in 1000ms. The process cannot access the file 'E:\TreadSnow\TreadSnow Github2\src\TreadSnow.HttpApi.Host\bin\Debug\net9.0\Volo.Abp.Auditing.dll' because it is being used by another process. The file is locked by: "TreadSnow.HttpApi.Host (46584)" [E:\TreadSnow\TreadSnow Github2\src\TreadSnow.HttpApi.Host\TreadSnow.HttpApi.Host.csproj]
C:\Program Files\dotnet\sdk\9.0.202\Microsoft.Common.CurrentVersion.targets(5063,5): warning MSB3026: Could not copy "E:\TreadSnow\TreadSnow Github2\ABP9.1.1\framework\src\Volo.Abp.Authorization.Abstractions\bin\Debug\net9.0\Volo.Abp.Authorization.Abstractions.dll" to "bin\Debug\net9.0\Volo.Abp.Authorization.Abstractions.dll". Beginning retry 9 in 1000ms. The process cannot access the file 'E:\TreadSnow\TreadSnow Github2\src\TreadSnow.HttpApi.Host\bin\Debug\net9.0\Volo.Abp.Authorization.Abstractions.dll' because it is being used by another process. The file is locked by: "TreadSnow.HttpApi.Host (46584)" [E:\TreadSnow\TreadSnow Github2\src\TreadSnow.HttpApi.Host\TreadSnow.HttpApi.Host.csproj]
C:\Program Files\dotnet\sdk\9.0.202\Microsoft.Common.CurrentVersion.targets(5063,5): warning MSB3026: Could not copy "E:\TreadSnow\TreadSnow Github2\ABP9.1.1\framework\src\Volo.Abp.Authorization\bin\Debug\net9.0\Volo.Abp.Authorization.dll" to "bin\Debug\net9.0\Volo.Abp.Authorization.dll". Beginning retry 9 in 1000ms. The process cannot access the file 'E:\TreadSnow\TreadSnow Github2\src\TreadSnow.HttpApi.Host\bin\Debug\net9.0\Volo.Abp.Authorization.dll' because it is being used by another process. The file is locked by: "TreadSnow.HttpApi.Host (46584)" [E:\TreadSnow\TreadSnow Github2\src\TreadSnow.HttpApi.Host\TreadSnow.HttpApi.Host.csproj]
C:\Program Files\dotnet\sdk\9.0.202\Microsoft.Common.CurrentVersion.targets(5063,5): warning MSB3026: Could not copy "E:\TreadSnow\TreadSnow Github2\ABP9.1.1\framework\src\Volo.Abp.Auditing.Contracts\bin\Debug\net9.0\Volo.Abp.Auditing.Contracts.dll" to "bin\Debug\net9.0\Volo.Abp.Auditing.Contracts.dll". Beginning retry 10 in 1000ms. The process cannot access the file 'E:\TreadSnow\TreadSnow Github2\src\TreadSnow.HttpApi.Host\bin\Debug\net9.0\Volo.Abp.Auditing.Contracts.dll' because it is being used by another process. The file is locked by: "TreadSnow.HttpApi.Host (46584)" [E:\TreadSnow\TreadSnow Github2\src\TreadSnow.HttpApi.Host\TreadSnow.HttpApi.Host.csproj]
C:\Program Files\dotnet\sdk\9.0.202\Microsoft.Common.CurrentVersion.targets(5063,5): warning MSB3026: Could not copy "E:\TreadSnow\TreadSnow Github2\ABP9.1.1\framework\src\Volo.Abp.AutoMapper\bin\Debug\net9.0\Volo.Abp.AutoMapper.dll" to "bin\Debug\net9.0\Volo.Abp.AutoMapper.dll". Beginning retry 9 in 1000ms. The process cannot access the file 'E:\TreadSnow\TreadSnow Github2\src\TreadSnow.HttpApi.Host\bin\Debug\net9.0\Volo.Abp.AutoMapper.dll' because it is being used by another process. The file is locked by: "TreadSnow.HttpApi.Host (46584)" [E:\TreadSnow\TreadSnow Github2\src\TreadSnow.HttpApi.Host\TreadSnow.HttpApi.Host.csproj]
C:\Program Files\dotnet\sdk\9.0.202\Microsoft.Common.CurrentVersion.targets(5063,5): warning MSB3026: Could not copy "E:\TreadSnow\TreadSnow Github2\ABP9.1.1\framework\src\Volo.Abp.BackgroundJobs.Abstractions\bin\Debug\net9.0\Volo.Abp.BackgroundJobs.Abstractions.dll" to "bin\Debug\net9.0\Volo.Abp.BackgroundJobs.Abstractions.dll". Beginning retry 9 in 1000ms. The process cannot access the file 'E:\TreadSnow\TreadSnow Github2\src\TreadSnow.HttpApi.Host\bin\Debug\net9.0\Volo.Abp.BackgroundJobs.Abstractions.dll' because it is being used by another process. The file is locked by: "TreadSnow.HttpApi.Host (46584)" [E:\TreadSnow\TreadSnow Github2\src\TreadSnow.HttpApi.Host\TreadSnow.HttpApi.Host.csproj]
C:\Program Files\dotnet\sdk\9.0.202\Microsoft.Common.CurrentVersion.targets(5063,5): warning MSB3026: Could not copy "E:\TreadSnow\TreadSnow Github2\ABP9.1.1\framework\src\Volo.Abp.Auditing\bin\Debug\net9.0\Volo.Abp.Auditing.dll" to "bin\Debug\net9.0\Volo.Abp.Auditing.dll". Beginning retry 10 in 1000ms. The process cannot access the file 'E:\TreadSnow\TreadSnow Github2\src\TreadSnow.HttpApi.Host\bin\Debug\net9.0\Volo.Abp.Auditing.dll' because it is being used by another process. The file is locked by: "TreadSnow.HttpApi.Host (46584)" [E:\TreadSnow\TreadSnow Github2\src\TreadSnow.HttpApi.Host\TreadSnow.HttpApi.Host.csproj]
C:\Program Files\dotnet\sdk\9.0.202\Microsoft.Common.CurrentVersion.targets(5063,5): warning MSB3026: Could not copy "E:\TreadSnow\TreadSnow Github2\ABP9.1.1\framework\src\Volo.Abp.Authorization.Abstractions\bin\Debug\net9.0\Volo.Abp.Authorization.Abstractions.dll" to "bin\Debug\net9.0\Volo.Abp.Authorization.Abstractions.dll". Beginning retry 10 in 1000ms. The process cannot access the file 'E:\TreadSnow\TreadSnow Github2\src\TreadSnow.HttpApi.Host\bin\Debug\net9.0\Volo.Abp.Authorization.Abstractions.dll' because it is being used by another process. The file is locked by: "TreadSnow.HttpApi.Host (46584)" [E:\TreadSnow\TreadSnow Github2\src\TreadSnow.HttpApi.Host\TreadSnow.HttpApi.Host.csproj]
C:\Program Files\dotnet\sdk\9.0.202\Microsoft.Common.CurrentVersion.targets(5063,5): warning MSB3026: Could not copy "E:\TreadSnow\TreadSnow Github2\ABP9.1.1\framework\src\Volo.Abp.Authorization\bin\Debug\net9.0\Volo.Abp.Authorization.dll" to "bin\Debug\net9.0\Volo.Abp.Authorization.dll". Beginning retry 10 in 1000ms. The process cannot access the file 'E:\TreadSnow\TreadSnow Github2\src\TreadSnow.HttpApi.Host\bin\Debug\net9.0\Volo.Abp.Authorization.dll' because it is being used by another process. The file is locked by: "TreadSnow.HttpApi.Host (46584)" [E:\TreadSnow\TreadSnow Github2\src\TreadSnow.HttpApi.Host\TreadSnow.HttpApi.Host.csproj]
C:\Program Files\dotnet\sdk\9.0.202\Microsoft.Common.CurrentVersion.targets(5063,5): warning MSB3026: Could not copy "E:\TreadSnow\TreadSnow Github2\ABP9.1.1\framework\src\Volo.Abp.BackgroundWorkers\bin\Debug\net9.0\Volo.Abp.BackgroundWorkers.dll" to "bin\Debug\net9.0\Volo.Abp.BackgroundWorkers.dll". Beginning retry 1 in 1000ms. The process cannot access the file 'E:\TreadSnow\TreadSnow Github2\src\TreadSnow.HttpApi.Host\bin\Debug\net9.0\Volo.Abp.BackgroundWorkers.dll' because it is being used by another process. The file is locked by: "TreadSnow.HttpApi.Host (46584)" [E:\TreadSnow\TreadSnow Github2\src\TreadSnow.HttpApi.Host\TreadSnow.HttpApi.Host.csproj]
C:\Program Files\dotnet\sdk\9.0.202\Microsoft.Common.CurrentVersion.targets(5063,5): warning MSB3026: Could not copy "E:\TreadSnow\TreadSnow Github2\ABP9.1.1\framework\src\Volo.Abp.AutoMapper\bin\Debug\net9.0\Volo.Abp.AutoMapper.dll" to "bin\Debug\net9.0\Volo.Abp.AutoMapper.dll". Beginning retry 10 in 1000ms. The process cannot access the file 'E:\TreadSnow\TreadSnow Github2\src\TreadSnow.HttpApi.Host\bin\Debug\net9.0\Volo.Abp.AutoMapper.dll' because it is being used by another process. The file is locked by: "TreadSnow.HttpApi.Host (46584)" [E:\TreadSnow\TreadSnow Github2\src\TreadSnow.HttpApi.Host\TreadSnow.HttpApi.Host.csproj]
C:\Program Files\dotnet\sdk\9.0.202\Microsoft.Common.CurrentVersion.targets(5063,5): warning MSB3026: Could not copy "E:\TreadSnow\TreadSnow Github2\ABP9.1.1\framework\src\Volo.Abp.BackgroundJobs.Abstractions\bin\Debug\net9.0\Volo.Abp.BackgroundJobs.Abstractions.dll" to "bin\Debug\net9.0\Volo.Abp.BackgroundJobs.Abstractions.dll". Beginning retry 10 in 1000ms. The process cannot access the file 'E:\TreadSnow\TreadSnow Github2\src\TreadSnow.HttpApi.Host\bin\Debug\net9.0\Volo.Abp.BackgroundJobs.Abstractions.dll' because it is being used by another process. The file is locked by: "TreadSnow.HttpApi.Host (46584)" [E:\TreadSnow\TreadSnow Github2\src\TreadSnow.HttpApi.Host\TreadSnow.HttpApi.Host.csproj]
C:\Program Files\dotnet\sdk\9.0.202\Microsoft.Common.CurrentVersion.targets(5063,5): warning MSB3026: Could not copy "E:\TreadSnow\TreadSnow Github2\ABP9.1.1\framework\src\Volo.Abp.Core\bin\Debug\net9.0\Volo.Abp.Core.dll" to "bin\Debug\net9.0\Volo.Abp.Core.dll". Beginning retry 1 in 1000ms. The process cannot access the file 'E:\TreadSnow\TreadSnow Github2\src\TreadSnow.HttpApi.Host\bin\Debug\net9.0\Volo.Abp.Core.dll' because it is being used by another process. The file is locked by: "TreadSnow.HttpApi.Host (46584)" [E:\TreadSnow\TreadSnow Github2\src\TreadSnow.HttpApi.Host\TreadSnow.HttpApi.Host.csproj]
C:\Program Files\dotnet\sdk\9.0.202\Microsoft.Common.CurrentVersion.targets(5063,5): warning MSB3026: Could not copy "E:\TreadSnow\TreadSnow Github2\ABP9.1.1\framework\src\Volo.Abp.Data\bin\Debug\net9.0\Volo.Abp.Data.dll" to "bin\Debug\net9.0\Volo.Abp.Data.dll". Beginning retry 1 in 1000ms. The process cannot access the file 'E:\TreadSnow\TreadSnow Github2\src\TreadSnow.HttpApi.Host\bin\Debug\net9.0\Volo.Abp.Data.dll' because it is being used by another process. The file is locked by: "TreadSnow.HttpApi.Host (46584)" [E:\TreadSnow\TreadSnow Github2\src\TreadSnow.HttpApi.Host\TreadSnow.HttpApi.Host.csproj]
C:\Program Files\dotnet\sdk\9.0.202\Microsoft.Common.CurrentVersion.targets(5063,5): warning MSB3026: Could not copy "E:\TreadSnow\TreadSnow Github2\ABP9.1.1\framework\src\Volo.Abp.Ddd.Application.Contracts\bin\Debug\net9.0\Volo.Abp.Ddd.Application.Contracts.dll" to "bin\Debug\net9.0\Volo.Abp.Ddd.Application.Contracts.dll". Beginning retry 1 in 1000ms. The process cannot access the file 'E:\TreadSnow\TreadSnow Github2\src\TreadSnow.HttpApi.Host\bin\Debug\net9.0\Volo.Abp.Ddd.Application.Contracts.dll' because it is being used by another process. The file is locked by: "TreadSnow.HttpApi.Host (46584)" [E:\TreadSnow\TreadSnow Github2\src\TreadSnow.HttpApi.Host\TreadSnow.HttpApi.Host.csproj]
C:\Program Files\dotnet\sdk\9.0.202\Microsoft.Common.CurrentVersion.targets(5063,5): warning MSB3026: Could not copy "E:\TreadSnow\TreadSnow Github2\ABP9.1.1\framework\src\Volo.Abp.BackgroundWorkers\bin\Debug\net9.0\Volo.Abp.BackgroundWorkers.dll" to "bin\Debug\net9.0\Volo.Abp.BackgroundWorkers.dll". Beginning retry 2 in 1000ms. The process cannot access the file 'E:\TreadSnow\TreadSnow Github2\src\TreadSnow.HttpApi.Host\bin\Debug\net9.0\Volo.Abp.BackgroundWorkers.dll' because it is being used by another process. The file is locked by: "TreadSnow.HttpApi.Host (46584)" [E:\TreadSnow\TreadSnow Github2\src\TreadSnow.HttpApi.Host\TreadSnow.HttpApi.Host.csproj]
C:\Program Files\dotnet\sdk\9.0.202\Microsoft.Common.CurrentVersion.targets(5063,5): warning MSB3026: Could not copy "E:\TreadSnow\TreadSnow Github2\ABP9.1.1\framework\src\Volo.Abp.Ddd.Application\bin\Debug\net9.0\Volo.Abp.Ddd.Application.dll" to "bin\Debug\net9.0\Volo.Abp.Ddd.Application.dll". Beginning retry 1 in 1000ms. The process cannot access the file 'E:\TreadSnow\TreadSnow Github2\src\TreadSnow.HttpApi.Host\bin\Debug\net9.0\Volo.Abp.Ddd.Application.dll' because it is being used by another process. The file is locked by: "TreadSnow.HttpApi.Host (46584)" [E:\TreadSnow\TreadSnow Github2\src\TreadSnow.HttpApi.Host\TreadSnow.HttpApi.Host.csproj]
C:\Program Files\dotnet\sdk\9.0.202\Microsoft.Common.CurrentVersion.targets(5063,5): warning MSB3026: Could not copy "E:\TreadSnow\TreadSnow Github2\ABP9.1.1\framework\src\Volo.Abp.Ddd.Domain\bin\Debug\net9.0\Volo.Abp.Ddd.Domain.dll" to "bin\Debug\net9.0\Volo.Abp.Ddd.Domain.dll". Beginning retry 1 in 1000ms. The process cannot access the file 'E:\TreadSnow\TreadSnow Github2\src\TreadSnow.HttpApi.Host\bin\Debug\net9.0\Volo.Abp.Ddd.Domain.dll' because it is being used by another process. The file is locked by: "TreadSnow.HttpApi.Host (46584)" [E:\TreadSnow\TreadSnow Github2\src\TreadSnow.HttpApi.Host\TreadSnow.HttpApi.Host.csproj]
C:\Program Files\dotnet\sdk\9.0.202\Microsoft.Common.CurrentVersion.targets(5063,5): warning MSB3026: Could not copy "E:\TreadSnow\TreadSnow Github2\ABP9.1.1\framework\src\Volo.Abp.Data\bin\Debug\net9.0\Volo.Abp.Data.dll" to "bin\Debug\net9.0\Volo.Abp.Data.dll". Beginning retry 2 in 1000ms. The process cannot access the file 'E:\TreadSnow\TreadSnow Github2\src\TreadSnow.HttpApi.Host\bin\Debug\net9.0\Volo.Abp.Data.dll' because it is being used by another process. The file is locked by: "TreadSnow.HttpApi.Host (46584)" [E:\TreadSnow\TreadSnow Github2\src\TreadSnow.HttpApi.Host\TreadSnow.HttpApi.Host.csproj]
C:\Program Files\dotnet\sdk\9.0.202\Microsoft.Common.CurrentVersion.targets(5063,5): warning MSB3026: Could not copy "E:\TreadSnow\TreadSnow Github2\ABP9.1.1\framework\src\Volo.Abp.Ddd.Application.Contracts\bin\Debug\net9.0\Volo.Abp.Ddd.Application.Contracts.dll" to "bin\Debug\net9.0\Volo.Abp.Ddd.Application.Contracts.dll". Beginning retry 2 in 1000ms. The process cannot access the file 'E:\TreadSnow\TreadSnow Github2\src\TreadSnow.HttpApi.Host\bin\Debug\net9.0\Volo.Abp.Ddd.Application.Contracts.dll' because it is being used by another process. The file is locked by: "TreadSnow.HttpApi.Host (46584)" [E:\TreadSnow\TreadSnow Github2\src\TreadSnow.HttpApi.Host\TreadSnow.HttpApi.Host.csproj]
C:\Program Files\dotnet\sdk\9.0.202\Microsoft.Common.CurrentVersion.targets(5063,5): warning MSB3026: Could not copy "E:\TreadSnow\TreadSnow Github2\ABP9.1.1\framework\src\Volo.Abp.Core\bin\Debug\net9.0\Volo.Abp.Core.dll" to "bin\Debug\net9.0\Volo.Abp.Core.dll". Beginning retry 2 in 1000ms. The process cannot access the file 'E:\TreadSnow\TreadSnow Github2\src\TreadSnow.HttpApi.Host\bin\Debug\net9.0\Volo.Abp.Core.dll' because it is being used by another process. The file is locked by: "TreadSnow.HttpApi.Host (46584)" [E:\TreadSnow\TreadSnow Github2\src\TreadSnow.HttpApi.Host\TreadSnow.HttpApi.Host.csproj]
C:\Program Files\dotnet\sdk\9.0.202\Microsoft.Common.CurrentVersion.targets(5063,5): warning MSB3026: Could not copy "E:\TreadSnow\TreadSnow Github2\ABP9.1.1\framework\src\Volo.Abp.BackgroundWorkers\bin\Debug\net9.0\Volo.Abp.BackgroundWorkers.dll" to "bin\Debug\net9.0\Volo.Abp.BackgroundWorkers.dll". Beginning retry 3 in 1000ms. The process cannot access the file 'E:\TreadSnow\TreadSnow Github2\src\TreadSnow.HttpApi.Host\bin\Debug\net9.0\Volo.Abp.BackgroundWorkers.dll' because it is being used by another process. The file is locked by: "TreadSnow.HttpApi.Host (46584)" [E:\TreadSnow\TreadSnow Github2\src\TreadSnow.HttpApi.Host\TreadSnow.HttpApi.Host.csproj]
C:\Program Files\dotnet\sdk\9.0.202\Microsoft.Common.CurrentVersion.targets(5063,5): warning MSB3026: Could not copy "E:\TreadSnow\TreadSnow Github2\ABP9.1.1\framework\src\Volo.Abp.Ddd.Application\bin\Debug\net9.0\Volo.Abp.Ddd.Application.dll" to "bin\Debug\net9.0\Volo.Abp.Ddd.Application.dll". Beginning retry 2 in 1000ms. The process cannot access the file 'E:\TreadSnow\TreadSnow Github2\src\TreadSnow.HttpApi.Host\bin\Debug\net9.0\Volo.Abp.Ddd.Application.dll' because it is being used by another process. The file is locked by: "TreadSnow.HttpApi.Host (46584)" [E:\TreadSnow\TreadSnow Github2\src\TreadSnow.HttpApi.Host\TreadSnow.HttpApi.Host.csproj]
C:\Program Files\dotnet\sdk\9.0.202\Microsoft.Common.CurrentVersion.targets(5063,5): warning MSB3026: Could not copy "E:\TreadSnow\TreadSnow Github2\ABP9.1.1\framework\src\Volo.Abp.Ddd.Domain\bin\Debug\net9.0\Volo.Abp.Ddd.Domain.dll" to "bin\Debug\net9.0\Volo.Abp.Ddd.Domain.dll". Beginning retry 2 in 1000ms. The process cannot access the file 'E:\TreadSnow\TreadSnow Github2\src\TreadSnow.HttpApi.Host\bin\Debug\net9.0\Volo.Abp.Ddd.Domain.dll' because it is being used by another process. The file is locked by: "TreadSnow.HttpApi.Host (46584)" [E:\TreadSnow\TreadSnow Github2\src\TreadSnow.HttpApi.Host\TreadSnow.HttpApi.Host.csproj]
C:\Program Files\dotnet\sdk\9.0.202\Microsoft.Common.CurrentVersion.targets(5063,5): warning MSB3026: Could not copy "E:\TreadSnow\TreadSnow Github2\ABP9.1.1\framework\src\Volo.Abp.Data\bin\Debug\net9.0\Volo.Abp.Data.dll" to "bin\Debug\net9.0\Volo.Abp.Data.dll". Beginning retry 3 in 1000ms. The process cannot access the file 'E:\TreadSnow\TreadSnow Github2\src\TreadSnow.HttpApi.Host\bin\Debug\net9.0\Volo.Abp.Data.dll' because it is being used by another process. The file is locked by: "TreadSnow.HttpApi.Host (46584)" [E:\TreadSnow\TreadSnow Github2\src\TreadSnow.HttpApi.Host\TreadSnow.HttpApi.Host.csproj]
C:\Program Files\dotnet\sdk\9.0.202\Microsoft.Common.CurrentVersion.targets(5063,5): warning MSB3026: Could not copy "E:\TreadSnow\TreadSnow Github2\ABP9.1.1\framework\src\Volo.Abp.Core\bin\Debug\net9.0\Volo.Abp.Core.dll" to "bin\Debug\net9.0\Volo.Abp.Core.dll". Beginning retry 3 in 1000ms. The process cannot access the file 'E:\TreadSnow\TreadSnow Github2\src\TreadSnow.HttpApi.Host\bin\Debug\net9.0\Volo.Abp.Core.dll' because it is being used by another process. The file is locked by: "TreadSnow.HttpApi.Host (46584)" [E:\TreadSnow\TreadSnow Github2\src\TreadSnow.HttpApi.Host\TreadSnow.HttpApi.Host.csproj]
C:\Program Files\dotnet\sdk\9.0.202\Microsoft.Common.CurrentVersion.targets(5063,5): warning MSB3026: Could not copy "E:\TreadSnow\TreadSnow Github2\ABP9.1.1\framework\src\Volo.Abp.Ddd.Application.Contracts\bin\Debug\net9.0\Volo.Abp.Ddd.Application.Contracts.dll" to "bin\Debug\net9.0\Volo.Abp.Ddd.Application.Contracts.dll". Beginning retry 3 in 1000ms. The process cannot access the file 'E:\TreadSnow\TreadSnow Github2\src\TreadSnow.HttpApi.Host\bin\Debug\net9.0\Volo.Abp.Ddd.Application.Contracts.dll' because it is being used by another process. The file is locked by: "TreadSnow.HttpApi.Host (46584)" [E:\TreadSnow\TreadSnow Github2\src\TreadSnow.HttpApi.Host\TreadSnow.HttpApi.Host.csproj]
C:\Program Files\dotnet\sdk\9.0.202\Microsoft.Common.CurrentVersion.targets(5063,5): warning MSB3026: Could not copy "E:\TreadSnow\TreadSnow Github2\ABP9.1.1\framework\src\Volo.Abp.BackgroundWorkers\bin\Debug\net9.0\Volo.Abp.BackgroundWorkers.dll" to "bin\Debug\net9.0\Volo.Abp.BackgroundWorkers.dll". Beginning retry 4 in 1000ms. The process cannot access the file 'E:\TreadSnow\TreadSnow Github2\src\TreadSnow.HttpApi.Host\bin\Debug\net9.0\Volo.Abp.BackgroundWorkers.dll' because it is being used by another process. The file is locked by: "TreadSnow.HttpApi.Host (46584)" [E:\TreadSnow\TreadSnow Github2\src\TreadSnow.HttpApi.Host\TreadSnow.HttpApi.Host.csproj]
C:\Program Files\dotnet\sdk\9.0.202\Microsoft.Common.CurrentVersion.targets(5063,5): warning MSB3026: Could not copy "E:\TreadSnow\TreadSnow Github2\ABP9.1.1\framework\src\Volo.Abp.Ddd.Application\bin\Debug\net9.0\Volo.Abp.Ddd.Application.dll" to "bin\Debug\net9.0\Volo.Abp.Ddd.Application.dll". Beginning retry 3 in 1000ms. The process cannot access the file 'E:\TreadSnow\TreadSnow Github2\src\TreadSnow.HttpApi.Host\bin\Debug\net9.0\Volo.Abp.Ddd.Application.dll' because it is being used by another process. The file is locked by: "TreadSnow.HttpApi.Host (46584)" [E:\TreadSnow\TreadSnow Github2\src\TreadSnow.HttpApi.Host\TreadSnow.HttpApi.Host.csproj]
C:\Program Files\dotnet\sdk\9.0.202\Microsoft.Common.CurrentVersion.targets(5063,5): warning MSB3026: Could not copy "E:\TreadSnow\TreadSnow Github2\ABP9.1.1\framework\src\Volo.Abp.Ddd.Domain\bin\Debug\net9.0\Volo.Abp.Ddd.Domain.dll" to "bin\Debug\net9.0\Volo.Abp.Ddd.Domain.dll". Beginning retry 3 in 1000ms. The process cannot access the file 'E:\TreadSnow\TreadSnow Github2\src\TreadSnow.HttpApi.Host\bin\Debug\net9.0\Volo.Abp.Ddd.Domain.dll' because it is being used by another process. The file is locked by: "TreadSnow.HttpApi.Host (46584)" [E:\TreadSnow\TreadSnow Github2\src\TreadSnow.HttpApi.Host\TreadSnow.HttpApi.Host.csproj]
C:\Program Files\dotnet\sdk\9.0.202\Microsoft.Common.CurrentVersion.targets(5063,5): warning MSB3026: Could not copy "E:\TreadSnow\TreadSnow Github2\ABP9.1.1\framework\src\Volo.Abp.Data\bin\Debug\net9.0\Volo.Abp.Data.dll" to "bin\Debug\net9.0\Volo.Abp.Data.dll". Beginning retry 4 in 1000ms. The process cannot access the file 'E:\TreadSnow\TreadSnow Github2\src\TreadSnow.HttpApi.Host\bin\Debug\net9.0\Volo.Abp.Data.dll' because it is being used by another process. The file is locked by: "TreadSnow.HttpApi.Host (46584)" [E:\TreadSnow\TreadSnow Github2\src\TreadSnow.HttpApi.Host\TreadSnow.HttpApi.Host.csproj]
C:\Program Files\dotnet\sdk\9.0.202\Microsoft.Common.CurrentVersion.targets(5063,5): warning MSB3026: Could not copy "E:\TreadSnow\TreadSnow Github2\ABP9.1.1\framework\src\Volo.Abp.Core\bin\Debug\net9.0\Volo.Abp.Core.dll" to "bin\Debug\net9.0\Volo.Abp.Core.dll". Beginning retry 4 in 1000ms. The process cannot access the file 'E:\TreadSnow\TreadSnow Github2\src\TreadSnow.HttpApi.Host\bin\Debug\net9.0\Volo.Abp.Core.dll' because it is being used by another process. The file is locked by: "TreadSnow.HttpApi.Host (46584)" [E:\TreadSnow\TreadSnow Github2\src\TreadSnow.HttpApi.Host\TreadSnow.HttpApi.Host.csproj]
C:\Program Files\dotnet\sdk\9.0.202\Microsoft.Common.CurrentVersion.targets(5063,5): warning MSB3026: Could not copy "E:\TreadSnow\TreadSnow Github2\ABP9.1.1\framework\src\Volo.Abp.Ddd.Application.Contracts\bin\Debug\net9.0\Volo.Abp.Ddd.Application.Contracts.dll" to "bin\Debug\net9.0\Volo.Abp.Ddd.Application.Contracts.dll". Beginning retry 4 in 1000ms. The process cannot access the file 'E:\TreadSnow\TreadSnow Github2\src\TreadSnow.HttpApi.Host\bin\Debug\net9.0\Volo.Abp.Ddd.Application.Contracts.dll' because it is being used by another process. The file is locked by: "TreadSnow.HttpApi.Host (46584)" [E:\TreadSnow\TreadSnow Github2\src\TreadSnow.HttpApi.Host\TreadSnow.HttpApi.Host.csproj]
C:\Program Files\dotnet\sdk\9.0.202\Microsoft.Common.CurrentVersion.targets(5063,5): warning MSB3026: Could not copy "E:\TreadSnow\TreadSnow Github2\ABP9.1.1\framework\src\Volo.Abp.BackgroundWorkers\bin\Debug\net9.0\Volo.Abp.BackgroundWorkers.dll" to "bin\Debug\net9.0\Volo.Abp.BackgroundWorkers.dll". Beginning retry 5 in 1000ms. The process cannot access the file 'E:\TreadSnow\TreadSnow Github2\src\TreadSnow.HttpApi.Host\bin\Debug\net9.0\Volo.Abp.BackgroundWorkers.dll' because it is being used by another process. The file is locked by: "TreadSnow.HttpApi.Host (46584)" [E:\TreadSnow\TreadSnow Github2\src\TreadSnow.HttpApi.Host\TreadSnow.HttpApi.Host.csproj]
C:\Program Files\dotnet\sdk\9.0.202\Microsoft.Common.CurrentVersion.targets(5063,5): warning MSB3026: Could not copy "E:\TreadSnow\TreadSnow Github2\ABP9.1.1\framework\src\Volo.Abp.Ddd.Application\bin\Debug\net9.0\Volo.Abp.Ddd.Application.dll" to "bin\Debug\net9.0\Volo.Abp.Ddd.Application.dll". Beginning retry 4 in 1000ms. The process cannot access the file 'E:\TreadSnow\TreadSnow Github2\src\TreadSnow.HttpApi.Host\bin\Debug\net9.0\Volo.Abp.Ddd.Application.dll' because it is being used by another process. The file is locked by: "TreadSnow.HttpApi.Host (46584)" [E:\TreadSnow\TreadSnow Github2\src\TreadSnow.HttpApi.Host\TreadSnow.HttpApi.Host.csproj]
C:\Program Files\dotnet\sdk\9.0.202\Microsoft.Common.CurrentVersion.targets(5063,5): warning MSB3026: Could not copy "E:\TreadSnow\TreadSnow Github2\ABP9.1.1\framework\src\Volo.Abp.Data\bin\Debug\net9.0\Volo.Abp.Data.dll" to "bin\Debug\net9.0\Volo.Abp.Data.dll". Beginning retry 5 in 1000ms. The process cannot access the file 'E:\TreadSnow\TreadSnow Github2\src\TreadSnow.HttpApi.Host\bin\Debug\net9.0\Volo.Abp.Data.dll' because it is being used by another process. The file is locked by: "TreadSnow.HttpApi.Host (46584)" [E:\TreadSnow\TreadSnow Github2\src\TreadSnow.HttpApi.Host\TreadSnow.HttpApi.Host.csproj]
C:\Program Files\dotnet\sdk\9.0.202\Microsoft.Common.CurrentVersion.targets(5063,5): warning MSB3026: Could not copy "E:\TreadSnow\TreadSnow Github2\ABP9.1.1\framework\src\Volo.Abp.Ddd.Domain\bin\Debug\net9.0\Volo.Abp.Ddd.Domain.dll" to "bin\Debug\net9.0\Volo.Abp.Ddd.Domain.dll". Beginning retry 4 in 1000ms. The process cannot access the file 'E:\TreadSnow\TreadSnow Github2\src\TreadSnow.HttpApi.Host\bin\Debug\net9.0\Volo.Abp.Ddd.Domain.dll' because it is being used by another process. The file is locked by: "TreadSnow.HttpApi.Host (46584)" [E:\TreadSnow\TreadSnow Github2\src\TreadSnow.HttpApi.Host\TreadSnow.HttpApi.Host.csproj]
C:\Program Files\dotnet\sdk\9.0.202\Microsoft.Common.CurrentVersion.targets(5063,5): warning MSB3026: Could not copy "E:\TreadSnow\TreadSnow Github2\ABP9.1.1\framework\src\Volo.Abp.Core\bin\Debug\net9.0\Volo.Abp.Core.dll" to "bin\Debug\net9.0\Volo.Abp.Core.dll". Beginning retry 5 in 1000ms. The process cannot access the file 'E:\TreadSnow\TreadSnow Github2\src\TreadSnow.HttpApi.Host\bin\Debug\net9.0\Volo.Abp.Core.dll' because it is being used by another process. The file is locked by: "TreadSnow.HttpApi.Host (46584)" [E:\TreadSnow\TreadSnow Github2\src\TreadSnow.HttpApi.Host\TreadSnow.HttpApi.Host.csproj]
C:\Program Files\dotnet\sdk\9.0.202\Microsoft.Common.CurrentVersion.targets(5063,5): warning MSB3026: Could not copy "E:\TreadSnow\TreadSnow Github2\ABP9.1.1\framework\src\Volo.Abp.Ddd.Application.Contracts\bin\Debug\net9.0\Volo.Abp.Ddd.Application.Contracts.dll" to "bin\Debug\net9.0\Volo.Abp.Ddd.Application.Contracts.dll". Beginning retry 5 in 1000ms. The process cannot access the file 'E:\TreadSnow\TreadSnow Github2\src\TreadSnow.HttpApi.Host\bin\Debug\net9.0\Volo.Abp.Ddd.Application.Contracts.dll' because it is being used by another process. The file is locked by: "TreadSnow.HttpApi.Host (46584)" [E:\TreadSnow\TreadSnow Github2\src\TreadSnow.HttpApi.Host\TreadSnow.HttpApi.Host.csproj]
C:\Program Files\dotnet\sdk\9.0.202\Microsoft.Common.CurrentVersion.targets(5063,5): warning MSB3026: Could not copy "E:\TreadSnow\TreadSnow Github2\ABP9.1.1\framework\src\Volo.Abp.BackgroundWorkers\bin\Debug\net9.0\Volo.Abp.BackgroundWorkers.dll" to "bin\Debug\net9.0\Volo.Abp.BackgroundWorkers.dll". Beginning retry 6 in 1000ms. The process cannot access the file 'E:\TreadSnow\TreadSnow Github2\src\TreadSnow.HttpApi.Host\bin\Debug\net9.0\Volo.Abp.BackgroundWorkers.dll' because it is being used by another process. The file is locked by: "TreadSnow.HttpApi.Host (46584)" [E:\TreadSnow\TreadSnow Github2\src\TreadSnow.HttpApi.Host\TreadSnow.HttpApi.Host.csproj]
C:\Program Files\dotnet\sdk\9.0.202\Microsoft.Common.CurrentVersion.targets(5063,5): warning MSB3026: Could not copy "E:\TreadSnow\TreadSnow Github2\ABP9.1.1\framework\src\Volo.Abp.Ddd.Application\bin\Debug\net9.0\Volo.Abp.Ddd.Application.dll" to "bin\Debug\net9.0\Volo.Abp.Ddd.Application.dll". Beginning retry 5 in 1000ms. The process cannot access the file 'E:\TreadSnow\TreadSnow Github2\src\TreadSnow.HttpApi.Host\bin\Debug\net9.0\Volo.Abp.Ddd.Application.dll' because it is being used by another process. The file is locked by: "TreadSnow.HttpApi.Host (46584)" [E:\TreadSnow\TreadSnow Github2\src\TreadSnow.HttpApi.Host\TreadSnow.HttpApi.Host.csproj]
C:\Program Files\dotnet\sdk\9.0.202\Microsoft.Common.CurrentVersion.targets(5063,5): warning MSB3026: Could not copy "E:\TreadSnow\TreadSnow Github2\ABP9.1.1\framework\src\Volo.Abp.Data\bin\Debug\net9.0\Volo.Abp.Data.dll" to "bin\Debug\net9.0\Volo.Abp.Data.dll". Beginning retry 6 in 1000ms. The process cannot access the file 'E:\TreadSnow\TreadSnow Github2\src\TreadSnow.HttpApi.Host\bin\Debug\net9.0\Volo.Abp.Data.dll' because it is being used by another process. The file is locked by: "TreadSnow.HttpApi.Host (46584)" [E:\TreadSnow\TreadSnow Github2\src\TreadSnow.HttpApi.Host\TreadSnow.HttpApi.Host.csproj]
C:\Program Files\dotnet\sdk\9.0.202\Microsoft.Common.CurrentVersion.targets(5063,5): warning MSB3026: Could not copy "E:\TreadSnow\TreadSnow Github2\ABP9.1.1\framework\src\Volo.Abp.Ddd.Domain\bin\Debug\net9.0\Volo.Abp.Ddd.Domain.dll" to "bin\Debug\net9.0\Volo.Abp.Ddd.Domain.dll". Beginning retry 5 in 1000ms. The process cannot access the file 'E:\TreadSnow\TreadSnow Github2\src\TreadSnow.HttpApi.Host\bin\Debug\net9.0\Volo.Abp.Ddd.Domain.dll' because it is being used by another process. The file is locked by: "TreadSnow.HttpApi.Host (46584)" [E:\TreadSnow\TreadSnow Github2\src\TreadSnow.HttpApi.Host\TreadSnow.HttpApi.Host.csproj]
C:\Program Files\dotnet\sdk\9.0.202\Microsoft.Common.CurrentVersion.targets(5063,5): warning MSB3026: Could not copy "E:\TreadSnow\TreadSnow Github2\ABP9.1.1\framework\src\Volo.Abp.Ddd.Application.Contracts\bin\Debug\net9.0\Volo.Abp.Ddd.Application.Contracts.dll" to "bin\Debug\net9.0\Volo.Abp.Ddd.Application.Contracts.dll". Beginning retry 6 in 1000ms. The process cannot access the file 'E:\TreadSnow\TreadSnow Github2\src\TreadSnow.HttpApi.Host\bin\Debug\net9.0\Volo.Abp.Ddd.Application.Contracts.dll' because it is being used by another process. The file is locked by: "TreadSnow.HttpApi.Host (46584)" [E:\TreadSnow\TreadSnow Github2\src\TreadSnow.HttpApi.Host\TreadSnow.HttpApi.Host.csproj]
C:\Program Files\dotnet\sdk\9.0.202\Microsoft.Common.CurrentVersion.targets(5063,5): warning MSB3026: Could not copy "E:\TreadSnow\TreadSnow Github2\ABP9.1.1\framework\src\Volo.Abp.Core\bin\Debug\net9.0\Volo.Abp.Core.dll" to "bin\Debug\net9.0\Volo.Abp.Core.dll". Beginning retry 6 in 1000ms. The process cannot access the file 'E:\TreadSnow\TreadSnow Github2\src\TreadSnow.HttpApi.Host\bin\Debug\net9.0\Volo.Abp.Core.dll' because it is being used by another process. The file is locked by: "TreadSnow.HttpApi.Host (46584)" [E:\TreadSnow\TreadSnow Github2\src\TreadSnow.HttpApi.Host\TreadSnow.HttpApi.Host.csproj]
C:\Program Files\dotnet\sdk\9.0.202\Microsoft.Common.CurrentVersion.targets(5063,5): warning MSB3026: Could not copy "E:\TreadSnow\TreadSnow Github2\ABP9.1.1\framework\src\Volo.Abp.BackgroundWorkers\bin\Debug\net9.0\Volo.Abp.BackgroundWorkers.dll" to "bin\Debug\net9.0\Volo.Abp.BackgroundWorkers.dll". Beginning retry 7 in 1000ms. The process cannot access the file 'E:\TreadSnow\TreadSnow Github2\src\TreadSnow.HttpApi.Host\bin\Debug\net9.0\Volo.Abp.BackgroundWorkers.dll' because it is being used by another process. The file is locked by: "TreadSnow.HttpApi.Host (46584)" [E:\TreadSnow\TreadSnow Github2\src\TreadSnow.HttpApi.Host\TreadSnow.HttpApi.Host.csproj]
C:\Program Files\dotnet\sdk\9.0.202\Microsoft.Common.CurrentVersion.targets(5063,5): warning MSB3026: Could not copy "E:\TreadSnow\TreadSnow Github2\ABP9.1.1\framework\src\Volo.Abp.Ddd.Application\bin\Debug\net9.0\Volo.Abp.Ddd.Application.dll" to "bin\Debug\net9.0\Volo.Abp.Ddd.Application.dll". Beginning retry 6 in 1000ms. The process cannot access the file 'E:\TreadSnow\TreadSnow Github2\src\TreadSnow.HttpApi.Host\bin\Debug\net9.0\Volo.Abp.Ddd.Application.dll' because it is being used by another process. The file is locked by: "TreadSnow.HttpApi.Host (46584)" [E:\TreadSnow\TreadSnow Github2\src\TreadSnow.HttpApi.Host\TreadSnow.HttpApi.Host.csproj]
C:\Program Files\dotnet\sdk\9.0.202\Microsoft.Common.CurrentVersion.targets(5063,5): warning MSB3026: Could not copy "E:\TreadSnow\TreadSnow Github2\ABP9.1.1\framework\src\Volo.Abp.Data\bin\Debug\net9.0\Volo.Abp.Data.dll" to "bin\Debug\net9.0\Volo.Abp.Data.dll". Beginning retry 7 in 1000ms. The process cannot access the file 'E:\TreadSnow\TreadSnow Github2\src\TreadSnow.HttpApi.Host\bin\Debug\net9.0\Volo.Abp.Data.dll' because it is being used by another process. The file is locked by: "TreadSnow.HttpApi.Host (46584)" [E:\TreadSnow\TreadSnow Github2\src\TreadSnow.HttpApi.Host\TreadSnow.HttpApi.Host.csproj]
C:\Program Files\dotnet\sdk\9.0.202\Microsoft.Common.CurrentVersion.targets(5063,5): warning MSB3026: Could not copy "E:\TreadSnow\TreadSnow Github2\ABP9.1.1\framework\src\Volo.Abp.Ddd.Domain\bin\Debug\net9.0\Volo.Abp.Ddd.Domain.dll" to "bin\Debug\net9.0\Volo.Abp.Ddd.Domain.dll". Beginning retry 6 in 1000ms. The process cannot access the file 'E:\TreadSnow\TreadSnow Github2\src\TreadSnow.HttpApi.Host\bin\Debug\net9.0\Volo.Abp.Ddd.Domain.dll' because it is being used by another process. The file is locked by: "TreadSnow.HttpApi.Host (46584)" [E:\TreadSnow\TreadSnow Github2\src\TreadSnow.HttpApi.Host\TreadSnow.HttpApi.Host.csproj]
C:\Program Files\dotnet\sdk\9.0.202\Microsoft.Common.CurrentVersion.targets(5063,5): warning MSB3026: Could not copy "E:\TreadSnow\TreadSnow Github2\ABP9.1.1\framework\src\Volo.Abp.Core\bin\Debug\net9.0\Volo.Abp.Core.dll" to "bin\Debug\net9.0\Volo.Abp.Core.dll". Beginning retry 7 in 1000ms. The process cannot access the file 'E:\TreadSnow\TreadSnow Github2\src\TreadSnow.HttpApi.Host\bin\Debug\net9.0\Volo.Abp.Core.dll' because it is being used by another process. The file is locked by: "TreadSnow.HttpApi.Host (46584)" [E:\TreadSnow\TreadSnow Github2\src\TreadSnow.HttpApi.Host\TreadSnow.HttpApi.Host.csproj]
C:\Program Files\dotnet\sdk\9.0.202\Microsoft.Common.CurrentVersion.targets(5063,5): warning MSB3026: Could not copy "E:\TreadSnow\TreadSnow Github2\ABP9.1.1\framework\src\Volo.Abp.Ddd.Application.Contracts\bin\Debug\net9.0\Volo.Abp.Ddd.Application.Contracts.dll" to "bin\Debug\net9.0\Volo.Abp.Ddd.Application.Contracts.dll". Beginning retry 7 in 1000ms. The process cannot access the file 'E:\TreadSnow\TreadSnow Github2\src\TreadSnow.HttpApi.Host\bin\Debug\net9.0\Volo.Abp.Ddd.Application.Contracts.dll' because it is being used by another process. The file is locked by: "TreadSnow.HttpApi.Host (46584)" [E:\TreadSnow\TreadSnow Github2\src\TreadSnow.HttpApi.Host\TreadSnow.HttpApi.Host.csproj]
C:\Program Files\dotnet\sdk\9.0.202\Microsoft.Common.CurrentVersion.targets(5063,5): warning MSB3026: Could not copy "E:\TreadSnow\TreadSnow Github2\ABP9.1.1\framework\src\Volo.Abp.BackgroundWorkers\bin\Debug\net9.0\Volo.Abp.BackgroundWorkers.dll" to "bin\Debug\net9.0\Volo.Abp.BackgroundWorkers.dll". Beginning retry 8 in 1000ms. The process cannot access the file 'E:\TreadSnow\TreadSnow Github2\src\TreadSnow.HttpApi.Host\bin\Debug\net9.0\Volo.Abp.BackgroundWorkers.dll' because it is being used by another process. The file is locked by: "TreadSnow.HttpApi.Host (46584)" [E:\TreadSnow\TreadSnow Github2\src\TreadSnow.HttpApi.Host\TreadSnow.HttpApi.Host.csproj]
C:\Program Files\dotnet\sdk\9.0.202\Microsoft.Common.CurrentVersion.targets(5063,5): warning MSB3026: Could not copy "E:\TreadSnow\TreadSnow Github2\ABP9.1.1\framework\src\Volo.Abp.Ddd.Application\bin\Debug\net9.0\Volo.Abp.Ddd.Application.dll" to "bin\Debug\net9.0\Volo.Abp.Ddd.Application.dll". Beginning retry 7 in 1000ms. The process cannot access the file 'E:\TreadSnow\TreadSnow Github2\src\TreadSnow.HttpApi.Host\bin\Debug\net9.0\Volo.Abp.Ddd.Application.dll' because it is being used by another process. The file is locked by: "TreadSnow.HttpApi.Host (46584)" [E:\TreadSnow\TreadSnow Github2\src\TreadSnow.HttpApi.Host\TreadSnow.HttpApi.Host.csproj]
C:\Program Files\dotnet\sdk\9.0.202\Microsoft.Common.CurrentVersion.targets(5063,5): warning MSB3026: Could not copy "E:\TreadSnow\TreadSnow Github2\ABP9.1.1\framework\src\Volo.Abp.Data\bin\Debug\net9.0\Volo.Abp.Data.dll" to "bin\Debug\net9.0\Volo.Abp.Data.dll". Beginning retry 8 in 1000ms. The process cannot access the file 'E:\TreadSnow\TreadSnow Github2\src\TreadSnow.HttpApi.Host\bin\Debug\net9.0\Volo.Abp.Data.dll' because it is being used by another process. The file is locked by: "TreadSnow.HttpApi.Host (46584)" [E:\TreadSnow\TreadSnow Github2\src\TreadSnow.HttpApi.Host\TreadSnow.HttpApi.Host.csproj]
C:\Program Files\dotnet\sdk\9.0.202\Microsoft.Common.CurrentVersion.targets(5063,5): warning MSB3026: Could not copy "E:\TreadSnow\TreadSnow Github2\ABP9.1.1\framework\src\Volo.Abp.Ddd.Domain\bin\Debug\net9.0\Volo.Abp.Ddd.Domain.dll" to "bin\Debug\net9.0\Volo.Abp.Ddd.Domain.dll". Beginning retry 7 in 1000ms. The process cannot access the file 'E:\TreadSnow\TreadSnow Github2\src\TreadSnow.HttpApi.Host\bin\Debug\net9.0\Volo.Abp.Ddd.Domain.dll' because it is being used by another process. The file is locked by: "TreadSnow.HttpApi.Host (46584)" [E:\TreadSnow\TreadSnow Github2\src\TreadSnow.HttpApi.Host\TreadSnow.HttpApi.Host.csproj]
C:\Program Files\dotnet\sdk\9.0.202\Microsoft.Common.CurrentVersion.targets(5063,5): warning MSB3026: Could not copy "E:\TreadSnow\TreadSnow Github2\ABP9.1.1\framework\src\Volo.Abp.Core\bin\Debug\net9.0\Volo.Abp.Core.dll" to "bin\Debug\net9.0\Volo.Abp.Core.dll". Beginning retry 8 in 1000ms. The process cannot access the file 'E:\TreadSnow\TreadSnow Github2\src\TreadSnow.HttpApi.Host\bin\Debug\net9.0\Volo.Abp.Core.dll' because it is being used by another process. The file is locked by: "TreadSnow.HttpApi.Host (46584)" [E:\TreadSnow\TreadSnow Github2\src\TreadSnow.HttpApi.Host\TreadSnow.HttpApi.Host.csproj]
C:\Program Files\dotnet\sdk\9.0.202\Microsoft.Common.CurrentVersion.targets(5063,5): warning MSB3026: Could not copy "E:\TreadSnow\TreadSnow Github2\ABP9.1.1\framework\src\Volo.Abp.Ddd.Application.Contracts\bin\Debug\net9.0\Volo.Abp.Ddd.Application.Contracts.dll" to "bin\Debug\net9.0\Volo.Abp.Ddd.Application.Contracts.dll". Beginning retry 8 in 1000ms. The process cannot access the file 'E:\TreadSnow\TreadSnow Github2\src\TreadSnow.HttpApi.Host\bin\Debug\net9.0\Volo.Abp.Ddd.Application.Contracts.dll' because it is being used by another process. The file is locked by: "TreadSnow.HttpApi.Host (46584)" [E:\TreadSnow\TreadSnow Github2\src\TreadSnow.HttpApi.Host\TreadSnow.HttpApi.Host.csproj]
C:\Program Files\dotnet\sdk\9.0.202\Microsoft.Common.CurrentVersion.targets(5063,5): warning MSB3026: Could not copy "E:\TreadSnow\TreadSnow Github2\ABP9.1.1\framework\src\Volo.Abp.BackgroundWorkers\bin\Debug\net9.0\Volo.Abp.BackgroundWorkers.dll" to "bin\Debug\net9.0\Volo.Abp.BackgroundWorkers.dll". Beginning retry 9 in 1000ms. The process cannot access the file 'E:\TreadSnow\TreadSnow Github2\src\TreadSnow.HttpApi.Host\bin\Debug\net9.0\Volo.Abp.BackgroundWorkers.dll' because it is being used by another process. The file is locked by: "TreadSnow.HttpApi.Host (46584)" [E:\TreadSnow\TreadSnow Github2\src\TreadSnow.HttpApi.Host\TreadSnow.HttpApi.Host.csproj]
C:\Program Files\dotnet\sdk\9.0.202\Microsoft.Common.CurrentVersion.targets(5063,5): warning MSB3026: Could not copy "E:\TreadSnow\TreadSnow Github2\ABP9.1.1\framework\src\Volo.Abp.Ddd.Application\bin\Debug\net9.0\Volo.Abp.Ddd.Application.dll" to "bin\Debug\net9.0\Volo.Abp.Ddd.Application.dll". Beginning retry 8 in 1000ms. The process cannot access the file 'E:\TreadSnow\TreadSnow Github2\src\TreadSnow.HttpApi.Host\bin\Debug\net9.0\Volo.Abp.Ddd.Application.dll' because it is being used by another process. The file is locked by: "TreadSnow.HttpApi.Host (46584)" [E:\TreadSnow\TreadSnow Github2\src\TreadSnow.HttpApi.Host\TreadSnow.HttpApi.Host.csproj]
C:\Program Files\dotnet\sdk\9.0.202\Microsoft.Common.CurrentVersion.targets(5063,5): warning MSB3026: Could not copy "E:\TreadSnow\TreadSnow Github2\ABP9.1.1\framework\src\Volo.Abp.Data\bin\Debug\net9.0\Volo.Abp.Data.dll" to "bin\Debug\net9.0\Volo.Abp.Data.dll". Beginning retry 9 in 1000ms. The process cannot access the file 'E:\TreadSnow\TreadSnow Github2\src\TreadSnow.HttpApi.Host\bin\Debug\net9.0\Volo.Abp.Data.dll' because it is being used by another process. The file is locked by: "TreadSnow.HttpApi.Host (46584)" [E:\TreadSnow\TreadSnow Github2\src\TreadSnow.HttpApi.Host\TreadSnow.HttpApi.Host.csproj]
C:\Program Files\dotnet\sdk\9.0.202\Microsoft.Common.CurrentVersion.targets(5063,5): warning MSB3026: Could not copy "E:\TreadSnow\TreadSnow Github2\ABP9.1.1\framework\src\Volo.Abp.Ddd.Domain\bin\Debug\net9.0\Volo.Abp.Ddd.Domain.dll" to "bin\Debug\net9.0\Volo.Abp.Ddd.Domain.dll". Beginning retry 8 in 1000ms. The process cannot access the file 'E:\TreadSnow\TreadSnow Github2\src\TreadSnow.HttpApi.Host\bin\Debug\net9.0\Volo.Abp.Ddd.Domain.dll' because it is being used by another process. The file is locked by: "TreadSnow.HttpApi.Host (46584)" [E:\TreadSnow\TreadSnow Github2\src\TreadSnow.HttpApi.Host\TreadSnow.HttpApi.Host.csproj]
C:\Program Files\dotnet\sdk\9.0.202\Microsoft.Common.CurrentVersion.targets(5063,5): warning MSB3026: Could not copy "E:\TreadSnow\TreadSnow Github2\ABP9.1.1\framework\src\Volo.Abp.Ddd.Application.Contracts\bin\Debug\net9.0\Volo.Abp.Ddd.Application.Contracts.dll" to "bin\Debug\net9.0\Volo.Abp.Ddd.Application.Contracts.dll". Beginning retry 9 in 1000ms. The process cannot access the file 'E:\TreadSnow\TreadSnow Github2\src\TreadSnow.HttpApi.Host\bin\Debug\net9.0\Volo.Abp.Ddd.Application.Contracts.dll' because it is being used by another process. The file is locked by: "TreadSnow.HttpApi.Host (46584)" [E:\TreadSnow\TreadSnow Github2\src\TreadSnow.HttpApi.Host\TreadSnow.HttpApi.Host.csproj]
C:\Program Files\dotnet\sdk\9.0.202\Microsoft.Common.CurrentVersion.targets(5063,5): warning MSB3026: Could not copy "E:\TreadSnow\TreadSnow Github2\ABP9.1.1\framework\src\Volo.Abp.Core\bin\Debug\net9.0\Volo.Abp.Core.dll" to "bin\Debug\net9.0\Volo.Abp.Core.dll". Beginning retry 9 in 1000ms. The process cannot access the file 'E:\TreadSnow\TreadSnow Github2\src\TreadSnow.HttpApi.Host\bin\Debug\net9.0\Volo.Abp.Core.dll' because it is being used by another process. The file is locked by: "TreadSnow.HttpApi.Host (46584)" [E:\TreadSnow\TreadSnow Github2\src\TreadSnow.HttpApi.Host\TreadSnow.HttpApi.Host.csproj]
C:\Program Files\dotnet\sdk\9.0.202\Microsoft.Common.CurrentVersion.targets(5063,5): warning MSB3026: Could not copy "E:\TreadSnow\TreadSnow Github2\ABP9.1.1\framework\src\Volo.Abp.BackgroundWorkers\bin\Debug\net9.0\Volo.Abp.BackgroundWorkers.dll" to "bin\Debug\net9.0\Volo.Abp.BackgroundWorkers.dll". Beginning retry 10 in 1000ms. The process cannot access the file 'E:\TreadSnow\TreadSnow Github2\src\TreadSnow.HttpApi.Host\bin\Debug\net9.0\Volo.Abp.BackgroundWorkers.dll' because it is being used by another process. The file is locked by: "TreadSnow.HttpApi.Host (46584)" [E:\TreadSnow\TreadSnow Github2\src\TreadSnow.HttpApi.Host\TreadSnow.HttpApi.Host.csproj]
C:\Program Files\dotnet\sdk\9.0.202\Microsoft.Common.CurrentVersion.targets(5063,5): warning MSB3026: Could not copy "E:\TreadSnow\TreadSnow Github2\ABP9.1.1\framework\src\Volo.Abp.Ddd.Application\bin\Debug\net9.0\Volo.Abp.Ddd.Application.dll" to "bin\Debug\net9.0\Volo.Abp.Ddd.Application.dll". Beginning retry 9 in 1000ms. The process cannot access the file 'E:\TreadSnow\TreadSnow Github2\src\TreadSnow.HttpApi.Host\bin\Debug\net9.0\Volo.Abp.Ddd.Application.dll' because it is being used by another process. The file is locked by: "TreadSnow.HttpApi.Host (46584)" [E:\TreadSnow\TreadSnow Github2\src\TreadSnow.HttpApi.Host\TreadSnow.HttpApi.Host.csproj]
C:\Program Files\dotnet\sdk\9.0.202\Microsoft.Common.CurrentVersion.targets(5063,5): warning MSB3026: Could not copy "E:\TreadSnow\TreadSnow Github2\ABP9.1.1\framework\src\Volo.Abp.Data\bin\Debug\net9.0\Volo.Abp.Data.dll" to "bin\Debug\net9.0\Volo.Abp.Data.dll". Beginning retry 10 in 1000ms. The process cannot access the file 'E:\TreadSnow\TreadSnow Github2\src\TreadSnow.HttpApi.Host\bin\Debug\net9.0\Volo.Abp.Data.dll' because it is being used by another process. The file is locked by: "TreadSnow.HttpApi.Host (46584)" [E:\TreadSnow\TreadSnow Github2\src\TreadSnow.HttpApi.Host\TreadSnow.HttpApi.Host.csproj]
C:\Program Files\dotnet\sdk\9.0.202\Microsoft.Common.CurrentVersion.targets(5063,5): warning MSB3026: Could not copy "E:\TreadSnow\TreadSnow Github2\ABP9.1.1\framework\src\Volo.Abp.Ddd.Domain\bin\Debug\net9.0\Volo.Abp.Ddd.Domain.dll" to "bin\Debug\net9.0\Volo.Abp.Ddd.Domain.dll". Beginning retry 9 in 1000ms. The process cannot access the file 'E:\TreadSnow\TreadSnow Github2\src\TreadSnow.HttpApi.Host\bin\Debug\net9.0\Volo.Abp.Ddd.Domain.dll' because it is being used by another process. The file is locked by: "TreadSnow.HttpApi.Host (46584)" [E:\TreadSnow\TreadSnow Github2\src\TreadSnow.HttpApi.Host\TreadSnow.HttpApi.Host.csproj]
C:\Program Files\dotnet\sdk\9.0.202\Microsoft.Common.CurrentVersion.targets(5063,5): warning MSB3026: Could not copy "E:\TreadSnow\TreadSnow Github2\ABP9.1.1\framework\src\Volo.Abp.Ddd.Application.Contracts\bin\Debug\net9.0\Volo.Abp.Ddd.Application.Contracts.dll" to "bin\Debug\net9.0\Volo.Abp.Ddd.Application.Contracts.dll". Beginning retry 10 in 1000ms. The process cannot access the file 'E:\TreadSnow\TreadSnow Github2\src\TreadSnow.HttpApi.Host\bin\Debug\net9.0\Volo.Abp.Ddd.Application.Contracts.dll' because it is being used by another process. The file is locked by: "TreadSnow.HttpApi.Host (46584)" [E:\TreadSnow\TreadSnow Github2\src\TreadSnow.HttpApi.Host\TreadSnow.HttpApi.Host.csproj]
C:\Program Files\dotnet\sdk\9.0.202\Microsoft.Common.CurrentVersion.targets(5063,5): warning MSB3026: Could not copy "E:\TreadSnow\TreadSnow Github2\ABP9.1.1\framework\src\Volo.Abp.Core\bin\Debug\net9.0\Volo.Abp.Core.dll" to "bin\Debug\net9.0\Volo.Abp.Core.dll". Beginning retry 10 in 1000ms. The process cannot access the file 'E:\TreadSnow\TreadSnow Github2\src\TreadSnow.HttpApi.Host\bin\Debug\net9.0\Volo.Abp.Core.dll' because it is being used by another process. The file is locked by: "TreadSnow.HttpApi.Host (46584)" [E:\TreadSnow\TreadSnow Github2\src\TreadSnow.HttpApi.Host\TreadSnow.HttpApi.Host.csproj]
C:\Program Files\dotnet\sdk\9.0.202\Microsoft.Common.CurrentVersion.targets(5063,5): warning MSB3026: Could not copy "E:\TreadSnow\TreadSnow Github2\ABP9.1.1\framework\src\Volo.Abp.Ddd.Domain.Shared\bin\Debug\net9.0\Volo.Abp.Ddd.Domain.Shared.dll" to "bin\Debug\net9.0\Volo.Abp.Ddd.Domain.Shared.dll". Beginning retry 1 in 1000ms. The process cannot access the file 'E:\TreadSnow\TreadSnow Github2\src\TreadSnow.HttpApi.Host\bin\Debug\net9.0\Volo.Abp.Ddd.Domain.Shared.dll' because it is being used by another process. The file is locked by: "TreadSnow.HttpApi.Host (46584)" [E:\TreadSnow\TreadSnow Github2\src\TreadSnow.HttpApi.Host\TreadSnow.HttpApi.Host.csproj]
C:\Program Files\dotnet\sdk\9.0.202\Microsoft.Common.CurrentVersion.targets(5063,5): warning MSB3026: Could not copy "E:\TreadSnow\TreadSnow Github2\ABP9.1.1\framework\src\Volo.Abp.Ddd.Application\bin\Debug\net9.0\Volo.Abp.Ddd.Application.dll" to "bin\Debug\net9.0\Volo.Abp.Ddd.Application.dll". Beginning retry 10 in 1000ms. The process cannot access the file 'E:\TreadSnow\TreadSnow Github2\src\TreadSnow.HttpApi.Host\bin\Debug\net9.0\Volo.Abp.Ddd.Application.dll' because it is being used by another process. The file is locked by: "TreadSnow.HttpApi.Host (46584)" [E:\TreadSnow\TreadSnow Github2\src\TreadSnow.HttpApi.Host\TreadSnow.HttpApi.Host.csproj]
C:\Program Files\dotnet\sdk\9.0.202\Microsoft.Common.CurrentVersion.targets(5063,5): warning MSB3026: Could not copy "E:\TreadSnow\TreadSnow Github2\ABP9.1.1\framework\src\Volo.Abp.Ddd.Domain\bin\Debug\net9.0\Volo.Abp.Ddd.Domain.dll" to "bin\Debug\net9.0\Volo.Abp.Ddd.Domain.dll". Beginning retry 10 in 1000ms. The process cannot access the file 'E:\TreadSnow\TreadSnow Github2\src\TreadSnow.HttpApi.Host\bin\Debug\net9.0\Volo.Abp.Ddd.Domain.dll' because it is being used by another process. The file is locked by: "TreadSnow.HttpApi.Host (46584)" [E:\TreadSnow\TreadSnow Github2\src\TreadSnow.HttpApi.Host\TreadSnow.HttpApi.Host.csproj]
C:\Program Files\dotnet\sdk\9.0.202\Microsoft.Common.CurrentVersion.targets(5063,5): warning MSB3026: Could not copy "E:\TreadSnow\TreadSnow Github2\ABP9.1.1\framework\src\Volo.Abp.DistributedLocking.Abstractions\bin\Debug\net9.0\Volo.Abp.DistributedLocking.Abstractions.dll" to "bin\Debug\net9.0\Volo.Abp.DistributedLocking.Abstractions.dll". Beginning retry 1 in 1000ms. The process cannot access the file 'E:\TreadSnow\TreadSnow Github2\src\TreadSnow.HttpApi.Host\bin\Debug\net9.0\Volo.Abp.DistributedLocking.Abstractions.dll' because it is being used by another process. The file is locked by: "TreadSnow.HttpApi.Host (46584)" [E:\TreadSnow\TreadSnow Github2\src\TreadSnow.HttpApi.Host\TreadSnow.HttpApi.Host.csproj]
C:\Program Files\dotnet\sdk\9.0.202\Microsoft.Common.CurrentVersion.targets(5063,5): warning MSB3026: Could not copy "E:\TreadSnow\TreadSnow Github2\ABP9.1.1\framework\src\Volo.Abp.Emailing\bin\Debug\net9.0\Volo.Abp.Emailing.dll" to "bin\Debug\net9.0\Volo.Abp.Emailing.dll". Beginning retry 1 in 1000ms. The process cannot access the file 'E:\TreadSnow\TreadSnow Github2\src\TreadSnow.HttpApi.Host\bin\Debug\net9.0\Volo.Abp.Emailing.dll' because it is being used by another process. The file is locked by: "TreadSnow.HttpApi.Host (46584)" [E:\TreadSnow\TreadSnow Github2\src\TreadSnow.HttpApi.Host\TreadSnow.HttpApi.Host.csproj]
C:\Program Files\dotnet\sdk\9.0.202\Microsoft.Common.CurrentVersion.targets(5063,5): warning MSB3026: Could not copy "E:\TreadSnow\TreadSnow Github2\ABP9.1.1\framework\src\Volo.Abp.EntityFrameworkCore\bin\Debug\net9.0\Volo.Abp.EntityFrameworkCore.dll" to "bin\Debug\net9.0\Volo.Abp.EntityFrameworkCore.dll". Beginning retry 1 in 1000ms. The process cannot access the file 'E:\TreadSnow\TreadSnow Github2\src\TreadSnow.HttpApi.Host\bin\Debug\net9.0\Volo.Abp.EntityFrameworkCore.dll' because it is being used by another process. The file is locked by: "TreadSnow.HttpApi.Host (46584)" [E:\TreadSnow\TreadSnow Github2\src\TreadSnow.HttpApi.Host\TreadSnow.HttpApi.Host.csproj]
C:\Program Files\dotnet\sdk\9.0.202\Microsoft.Common.CurrentVersion.targets(5063,5): warning MSB3026: Could not copy "E:\TreadSnow\TreadSnow Github2\ABP9.1.1\framework\src\Volo.Abp.Ddd.Domain.Shared\bin\Debug\net9.0\Volo.Abp.Ddd.Domain.Shared.dll" to "bin\Debug\net9.0\Volo.Abp.Ddd.Domain.Shared.dll". Beginning retry 2 in 1000ms. The process cannot access the file 'E:\TreadSnow\TreadSnow Github2\src\TreadSnow.HttpApi.Host\bin\Debug\net9.0\Volo.Abp.Ddd.Domain.Shared.dll' because it is being used by another process. The file is locked by: "TreadSnow.HttpApi.Host (46584)" [E:\TreadSnow\TreadSnow Github2\src\TreadSnow.HttpApi.Host\TreadSnow.HttpApi.Host.csproj]
C:\Program Files\dotnet\sdk\9.0.202\Microsoft.Common.CurrentVersion.targets(5063,5): warning MSB3026: Could not copy "E:\TreadSnow\TreadSnow Github2\ABP9.1.1\framework\src\Volo.Abp.EventBus.Abstractions\bin\Debug\net9.0\Volo.Abp.EventBus.Abstractions.dll" to "bin\Debug\net9.0\Volo.Abp.EventBus.Abstractions.dll". Beginning retry 1 in 1000ms. The process cannot access the file 'E:\TreadSnow\TreadSnow Github2\src\TreadSnow.HttpApi.Host\bin\Debug\net9.0\Volo.Abp.EventBus.Abstractions.dll' because it is being used by another process. The file is locked by: "TreadSnow.HttpApi.Host (46584)" [E:\TreadSnow\TreadSnow Github2\src\TreadSnow.HttpApi.Host\TreadSnow.HttpApi.Host.csproj]
C:\Program Files\dotnet\sdk\9.0.202\Microsoft.Common.CurrentVersion.targets(5063,5): warning MSB3026: Could not copy "E:\TreadSnow\TreadSnow Github2\ABP9.1.1\framework\src\Volo.Abp.EventBus\bin\Debug\net9.0\Volo.Abp.EventBus.dll" to "bin\Debug\net9.0\Volo.Abp.EventBus.dll". Beginning retry 1 in 1000ms. The process cannot access the file 'E:\TreadSnow\TreadSnow Github2\src\TreadSnow.HttpApi.Host\bin\Debug\net9.0\Volo.Abp.EventBus.dll' because it is being used by another process. The file is locked by: "TreadSnow.HttpApi.Host (46584)" [E:\TreadSnow\TreadSnow Github2\src\TreadSnow.HttpApi.Host\TreadSnow.HttpApi.Host.csproj]
C:\Program Files\dotnet\sdk\9.0.202\Microsoft.Common.CurrentVersion.targets(5063,5): warning MSB3026: Could not copy "E:\TreadSnow\TreadSnow Github2\ABP9.1.1\framework\src\Volo.Abp.DistributedLocking.Abstractions\bin\Debug\net9.0\Volo.Abp.DistributedLocking.Abstractions.dll" to "bin\Debug\net9.0\Volo.Abp.DistributedLocking.Abstractions.dll". Beginning retry 2 in 1000ms. The process cannot access the file 'E:\TreadSnow\TreadSnow Github2\src\TreadSnow.HttpApi.Host\bin\Debug\net9.0\Volo.Abp.DistributedLocking.Abstractions.dll' because it is being used by another process. The file is locked by: "TreadSnow.HttpApi.Host (46584)" [E:\TreadSnow\TreadSnow Github2\src\TreadSnow.HttpApi.Host\TreadSnow.HttpApi.Host.csproj]
C:\Program Files\dotnet\sdk\9.0.202\Microsoft.Common.CurrentVersion.targets(5063,5): warning MSB3026: Could not copy "E:\TreadSnow\TreadSnow Github2\ABP9.1.1\framework\src\Volo.Abp.Emailing\bin\Debug\net9.0\Volo.Abp.Emailing.dll" to "bin\Debug\net9.0\Volo.Abp.Emailing.dll". Beginning retry 2 in 1000ms. The process cannot access the file 'E:\TreadSnow\TreadSnow Github2\src\TreadSnow.HttpApi.Host\bin\Debug\net9.0\Volo.Abp.Emailing.dll' because it is being used by another process. The file is locked by: "TreadSnow.HttpApi.Host (46584)" [E:\TreadSnow\TreadSnow Github2\src\TreadSnow.HttpApi.Host\TreadSnow.HttpApi.Host.csproj]
C:\Program Files\dotnet\sdk\9.0.202\Microsoft.Common.CurrentVersion.targets(5063,5): warning MSB3026: Could not copy "E:\TreadSnow\TreadSnow Github2\ABP9.1.1\framework\src\Volo.Abp.EntityFrameworkCore\bin\Debug\net9.0\Volo.Abp.EntityFrameworkCore.dll" to "bin\Debug\net9.0\Volo.Abp.EntityFrameworkCore.dll". Beginning retry 2 in 1000ms. The process cannot access the file 'E:\TreadSnow\TreadSnow Github2\src\TreadSnow.HttpApi.Host\bin\Debug\net9.0\Volo.Abp.EntityFrameworkCore.dll' because it is being used by another process. The file is locked by: "TreadSnow.HttpApi.Host (46584)" [E:\TreadSnow\TreadSnow Github2\src\TreadSnow.HttpApi.Host\TreadSnow.HttpApi.Host.csproj]
C:\Program Files\dotnet\sdk\9.0.202\Microsoft.Common.CurrentVersion.targets(5063,5): warning MSB3026: Could not copy "E:\TreadSnow\TreadSnow Github2\ABP9.1.1\framework\src\Volo.Abp.Ddd.Domain.Shared\bin\Debug\net9.0\Volo.Abp.Ddd.Domain.Shared.dll" to "bin\Debug\net9.0\Volo.Abp.Ddd.Domain.Shared.dll". Beginning retry 3 in 1000ms. The process cannot access the file 'E:\TreadSnow\TreadSnow Github2\src\TreadSnow.HttpApi.Host\bin\Debug\net9.0\Volo.Abp.Ddd.Domain.Shared.dll' because it is being used by another process. The file is locked by: "TreadSnow.HttpApi.Host (46584)" [E:\TreadSnow\TreadSnow Github2\src\TreadSnow.HttpApi.Host\TreadSnow.HttpApi.Host.csproj]
C:\Program Files\dotnet\sdk\9.0.202\Microsoft.Common.CurrentVersion.targets(5063,5): warning MSB3026: Could not copy "E:\TreadSnow\TreadSnow Github2\ABP9.1.1\framework\src\Volo.Abp.EventBus.Abstractions\bin\Debug\net9.0\Volo.Abp.EventBus.Abstractions.dll" to "bin\Debug\net9.0\Volo.Abp.EventBus.Abstractions.dll". Beginning retry 2 in 1000ms. The process cannot access the file 'E:\TreadSnow\TreadSnow Github2\src\TreadSnow.HttpApi.Host\bin\Debug\net9.0\Volo.Abp.EventBus.Abstractions.dll' because it is being used by another process. The file is locked by: "TreadSnow.HttpApi.Host (46584)" [E:\TreadSnow\TreadSnow Github2\src\TreadSnow.HttpApi.Host\TreadSnow.HttpApi.Host.csproj]
C:\Program Files\dotnet\sdk\9.0.202\Microsoft.Common.CurrentVersion.targets(5063,5): warning MSB3026: Could not copy "E:\TreadSnow\TreadSnow Github2\ABP9.1.1\framework\src\Volo.Abp.EventBus\bin\Debug\net9.0\Volo.Abp.EventBus.dll" to "bin\Debug\net9.0\Volo.Abp.EventBus.dll". Beginning retry 2 in 1000ms. The process cannot access the file 'E:\TreadSnow\TreadSnow Github2\src\TreadSnow.HttpApi.Host\bin\Debug\net9.0\Volo.Abp.EventBus.dll' because it is being used by another process. The file is locked by: "TreadSnow.HttpApi.Host (46584)" [E:\TreadSnow\TreadSnow Github2\src\TreadSnow.HttpApi.Host\TreadSnow.HttpApi.Host.csproj]
C:\Program Files\dotnet\sdk\9.0.202\Microsoft.Common.CurrentVersion.targets(5063,5): warning MSB3026: Could not copy "E:\TreadSnow\TreadSnow Github2\ABP9.1.1\framework\src\Volo.Abp.DistributedLocking.Abstractions\bin\Debug\net9.0\Volo.Abp.DistributedLocking.Abstractions.dll" to "bin\Debug\net9.0\Volo.Abp.DistributedLocking.Abstractions.dll". Beginning retry 3 in 1000ms. The process cannot access the file 'E:\TreadSnow\TreadSnow Github2\src\TreadSnow.HttpApi.Host\bin\Debug\net9.0\Volo.Abp.DistributedLocking.Abstractions.dll' because it is being used by another process. The file is locked by: "TreadSnow.HttpApi.Host (46584)" [E:\TreadSnow\TreadSnow Github2\src\TreadSnow.HttpApi.Host\TreadSnow.HttpApi.Host.csproj]
C:\Program Files\dotnet\sdk\9.0.202\Microsoft.Common.CurrentVersion.targets(5063,5): warning MSB3026: Could not copy "E:\TreadSnow\TreadSnow Github2\ABP9.1.1\framework\src\Volo.Abp.Emailing\bin\Debug\net9.0\Volo.Abp.Emailing.dll" to "bin\Debug\net9.0\Volo.Abp.Emailing.dll". Beginning retry 3 in 1000ms. The process cannot access the file 'E:\TreadSnow\TreadSnow Github2\src\TreadSnow.HttpApi.Host\bin\Debug\net9.0\Volo.Abp.Emailing.dll' because it is being used by another process. The file is locked by: "TreadSnow.HttpApi.Host (46584)" [E:\TreadSnow\TreadSnow Github2\src\TreadSnow.HttpApi.Host\TreadSnow.HttpApi.Host.csproj]
C:\Program Files\dotnet\sdk\9.0.202\Microsoft.Common.CurrentVersion.targets(5063,5): warning MSB3026: Could not copy "E:\TreadSnow\TreadSnow Github2\ABP9.1.1\framework\src\Volo.Abp.EntityFrameworkCore\bin\Debug\net9.0\Volo.Abp.EntityFrameworkCore.dll" to "bin\Debug\net9.0\Volo.Abp.EntityFrameworkCore.dll". Beginning retry 3 in 1000ms. The process cannot access the file 'E:\TreadSnow\TreadSnow Github2\src\TreadSnow.HttpApi.Host\bin\Debug\net9.0\Volo.Abp.EntityFrameworkCore.dll' because it is being used by another process. The file is locked by: "TreadSnow.HttpApi.Host (46584)" [E:\TreadSnow\TreadSnow Github2\src\TreadSnow.HttpApi.Host\TreadSnow.HttpApi.Host.csproj]
C:\Program Files\dotnet\sdk\9.0.202\Microsoft.Common.CurrentVersion.targets(5063,5): warning MSB3026: Could not copy "E:\TreadSnow\TreadSnow Github2\ABP9.1.1\framework\src\Volo.Abp.Ddd.Domain.Shared\bin\Debug\net9.0\Volo.Abp.Ddd.Domain.Shared.dll" to "bin\Debug\net9.0\Volo.Abp.Ddd.Domain.Shared.dll". Beginning retry 4 in 1000ms. The process cannot access the file 'E:\TreadSnow\TreadSnow Github2\src\TreadSnow.HttpApi.Host\bin\Debug\net9.0\Volo.Abp.Ddd.Domain.Shared.dll' because it is being used by another process. The file is locked by: "TreadSnow.HttpApi.Host (46584)" [E:\TreadSnow\TreadSnow Github2\src\TreadSnow.HttpApi.Host\TreadSnow.HttpApi.Host.csproj]
C:\Program Files\dotnet\sdk\9.0.202\Microsoft.Common.CurrentVersion.targets(5063,5): warning MSB3026: Could not copy "E:\TreadSnow\TreadSnow Github2\ABP9.1.1\framework\src\Volo.Abp.EventBus.Abstractions\bin\Debug\net9.0\Volo.Abp.EventBus.Abstractions.dll" to "bin\Debug\net9.0\Volo.Abp.EventBus.Abstractions.dll". Beginning retry 3 in 1000ms. The process cannot access the file 'E:\TreadSnow\TreadSnow Github2\src\TreadSnow.HttpApi.Host\bin\Debug\net9.0\Volo.Abp.EventBus.Abstractions.dll' because it is being used by another process. The file is locked by: "TreadSnow.HttpApi.Host (46584)" [E:\TreadSnow\TreadSnow Github2\src\TreadSnow.HttpApi.Host\TreadSnow.HttpApi.Host.csproj]
C:\Program Files\dotnet\sdk\9.0.202\Microsoft.Common.CurrentVersion.targets(5063,5): warning MSB3026: Could not copy "E:\TreadSnow\TreadSnow Github2\ABP9.1.1\framework\src\Volo.Abp.EventBus\bin\Debug\net9.0\Volo.Abp.EventBus.dll" to "bin\Debug\net9.0\Volo.Abp.EventBus.dll". Beginning retry 3 in 1000ms. The process cannot access the file 'E:\TreadSnow\TreadSnow Github2\src\TreadSnow.HttpApi.Host\bin\Debug\net9.0\Volo.Abp.EventBus.dll' because it is being used by another process. The file is locked by: "TreadSnow.HttpApi.Host (46584)" [E:\TreadSnow\TreadSnow Github2\src\TreadSnow.HttpApi.Host\TreadSnow.HttpApi.Host.csproj]
C:\Program Files\dotnet\sdk\9.0.202\Microsoft.Common.CurrentVersion.targets(5063,5): warning MSB3026: Could not copy "E:\TreadSnow\TreadSnow Github2\ABP9.1.1\framework\src\Volo.Abp.DistributedLocking.Abstractions\bin\Debug\net9.0\Volo.Abp.DistributedLocking.Abstractions.dll" to "bin\Debug\net9.0\Volo.Abp.DistributedLocking.Abstractions.dll". Beginning retry 4 in 1000ms. The process cannot access the file 'E:\TreadSnow\TreadSnow Github2\src\TreadSnow.HttpApi.Host\bin\Debug\net9.0\Volo.Abp.DistributedLocking.Abstractions.dll' because it is being used by another process. The file is locked by: "TreadSnow.HttpApi.Host (46584)" [E:\TreadSnow\TreadSnow Github2\src\TreadSnow.HttpApi.Host\TreadSnow.HttpApi.Host.csproj]
C:\Program Files\dotnet\sdk\9.0.202\Microsoft.Common.CurrentVersion.targets(5063,5): warning MSB3026: Could not copy "E:\TreadSnow\TreadSnow Github2\ABP9.1.1\framework\src\Volo.Abp.Emailing\bin\Debug\net9.0\Volo.Abp.Emailing.dll" to "bin\Debug\net9.0\Volo.Abp.Emailing.dll". Beginning retry 4 in 1000ms. The process cannot access the file 'E:\TreadSnow\TreadSnow Github2\src\TreadSnow.HttpApi.Host\bin\Debug\net9.0\Volo.Abp.Emailing.dll' because it is being used by another process. The file is locked by: "TreadSnow.HttpApi.Host (46584)" [E:\TreadSnow\TreadSnow Github2\src\TreadSnow.HttpApi.Host\TreadSnow.HttpApi.Host.csproj]
C:\Program Files\dotnet\sdk\9.0.202\Microsoft.Common.CurrentVersion.targets(5063,5): warning MSB3026: Could not copy "E:\TreadSnow\TreadSnow Github2\ABP9.1.1\framework\src\Volo.Abp.EntityFrameworkCore\bin\Debug\net9.0\Volo.Abp.EntityFrameworkCore.dll" to "bin\Debug\net9.0\Volo.Abp.EntityFrameworkCore.dll". Beginning retry 4 in 1000ms. The process cannot access the file 'E:\TreadSnow\TreadSnow Github2\src\TreadSnow.HttpApi.Host\bin\Debug\net9.0\Volo.Abp.EntityFrameworkCore.dll' because it is being used by another process. The file is locked by: "TreadSnow.HttpApi.Host (46584)" [E:\TreadSnow\TreadSnow Github2\src\TreadSnow.HttpApi.Host\TreadSnow.HttpApi.Host.csproj]
C:\Program Files\dotnet\sdk\9.0.202\Microsoft.Common.CurrentVersion.targets(5063,5): warning MSB3026: Could not copy "E:\TreadSnow\TreadSnow Github2\ABP9.1.1\framework\src\Volo.Abp.Ddd.Domain.Shared\bin\Debug\net9.0\Volo.Abp.Ddd.Domain.Shared.dll" to "bin\Debug\net9.0\Volo.Abp.Ddd.Domain.Shared.dll". Beginning retry 5 in 1000ms. The process cannot access the file 'E:\TreadSnow\TreadSnow Github2\src\TreadSnow.HttpApi.Host\bin\Debug\net9.0\Volo.Abp.Ddd.Domain.Shared.dll' because it is being used by another process. The file is locked by: "TreadSnow.HttpApi.Host (46584)" [E:\TreadSnow\TreadSnow Github2\src\TreadSnow.HttpApi.Host\TreadSnow.HttpApi.Host.csproj]
C:\Program Files\dotnet\sdk\9.0.202\Microsoft.Common.CurrentVersion.targets(5063,5): warning MSB3026: Could not copy "E:\TreadSnow\TreadSnow Github2\ABP9.1.1\framework\src\Volo.Abp.EventBus.Abstractions\bin\Debug\net9.0\Volo.Abp.EventBus.Abstractions.dll" to "bin\Debug\net9.0\Volo.Abp.EventBus.Abstractions.dll". Beginning retry 4 in 1000ms. The process cannot access the file 'E:\TreadSnow\TreadSnow Github2\src\TreadSnow.HttpApi.Host\bin\Debug\net9.0\Volo.Abp.EventBus.Abstractions.dll' because it is being used by another process. The file is locked by: "TreadSnow.HttpApi.Host (46584)" [E:\TreadSnow\TreadSnow Github2\src\TreadSnow.HttpApi.Host\TreadSnow.HttpApi.Host.csproj]
C:\Program Files\dotnet\sdk\9.0.202\Microsoft.Common.CurrentVersion.targets(5063,5): warning MSB3026: Could not copy "E:\TreadSnow\TreadSnow Github2\ABP9.1.1\framework\src\Volo.Abp.EventBus\bin\Debug\net9.0\Volo.Abp.EventBus.dll" to "bin\Debug\net9.0\Volo.Abp.EventBus.dll". Beginning retry 4 in 1000ms. The process cannot access the file 'E:\TreadSnow\TreadSnow Github2\src\TreadSnow.HttpApi.Host\bin\Debug\net9.0\Volo.Abp.EventBus.dll' because it is being used by another process. The file is locked by: "TreadSnow.HttpApi.Host (46584)" [E:\TreadSnow\TreadSnow Github2\src\TreadSnow.HttpApi.Host\TreadSnow.HttpApi.Host.csproj]
C:\Program Files\dotnet\sdk\9.0.202\Microsoft.Common.CurrentVersion.targets(5063,5): warning MSB3026: Could not copy "E:\TreadSnow\TreadSnow Github2\ABP9.1.1\framework\src\Volo.Abp.DistributedLocking.Abstractions\bin\Debug\net9.0\Volo.Abp.DistributedLocking.Abstractions.dll" to "bin\Debug\net9.0\Volo.Abp.DistributedLocking.Abstractions.dll". Beginning retry 5 in 1000ms. The process cannot access the file 'E:\TreadSnow\TreadSnow Github2\src\TreadSnow.HttpApi.Host\bin\Debug\net9.0\Volo.Abp.DistributedLocking.Abstractions.dll' because it is being used by another process. The file is locked by: "TreadSnow.HttpApi.Host (46584)" [E:\TreadSnow\TreadSnow Github2\src\TreadSnow.HttpApi.Host\TreadSnow.HttpApi.Host.csproj]
C:\Program Files\dotnet\sdk\9.0.202\Microsoft.Common.CurrentVersion.targets(5063,5): warning MSB3026: Could not copy "E:\TreadSnow\TreadSnow Github2\ABP9.1.1\framework\src\Volo.Abp.EntityFrameworkCore\bin\Debug\net9.0\Volo.Abp.EntityFrameworkCore.dll" to "bin\Debug\net9.0\Volo.Abp.EntityFrameworkCore.dll". Beginning retry 5 in 1000ms. The process cannot access the file 'E:\TreadSnow\TreadSnow Github2\src\TreadSnow.HttpApi.Host\bin\Debug\net9.0\Volo.Abp.EntityFrameworkCore.dll' because it is being used by another process. The file is locked by: "TreadSnow.HttpApi.Host (46584)" [E:\TreadSnow\TreadSnow Github2\src\TreadSnow.HttpApi.Host\TreadSnow.HttpApi.Host.csproj]
C:\Program Files\dotnet\sdk\9.0.202\Microsoft.Common.CurrentVersion.targets(5063,5): warning MSB3026: Could not copy "E:\TreadSnow\TreadSnow Github2\ABP9.1.1\framework\src\Volo.Abp.Emailing\bin\Debug\net9.0\Volo.Abp.Emailing.dll" to "bin\Debug\net9.0\Volo.Abp.Emailing.dll". Beginning retry 5 in 1000ms. The process cannot access the file 'E:\TreadSnow\TreadSnow Github2\src\TreadSnow.HttpApi.Host\bin\Debug\net9.0\Volo.Abp.Emailing.dll' because it is being used by another process. The file is locked by: "TreadSnow.HttpApi.Host (46584)" [E:\TreadSnow\TreadSnow Github2\src\TreadSnow.HttpApi.Host\TreadSnow.HttpApi.Host.csproj]
C:\Program Files\dotnet\sdk\9.0.202\Microsoft.Common.CurrentVersion.targets(5063,5): warning MSB3026: Could not copy "E:\TreadSnow\TreadSnow Github2\ABP9.1.1\framework\src\Volo.Abp.Ddd.Domain.Shared\bin\Debug\net9.0\Volo.Abp.Ddd.Domain.Shared.dll" to "bin\Debug\net9.0\Volo.Abp.Ddd.Domain.Shared.dll". Beginning retry 6 in 1000ms. The process cannot access the file 'E:\TreadSnow\TreadSnow Github2\src\TreadSnow.HttpApi.Host\bin\Debug\net9.0\Volo.Abp.Ddd.Domain.Shared.dll' because it is being used by another process. The file is locked by: "TreadSnow.HttpApi.Host (46584)" [E:\TreadSnow\TreadSnow Github2\src\TreadSnow.HttpApi.Host\TreadSnow.HttpApi.Host.csproj]
C:\Program Files\dotnet\sdk\9.0.202\Microsoft.Common.CurrentVersion.targets(5063,5): warning MSB3026: Could not copy "E:\TreadSnow\TreadSnow Github2\ABP9.1.1\framework\src\Volo.Abp.EventBus.Abstractions\bin\Debug\net9.0\Volo.Abp.EventBus.Abstractions.dll" to "bin\Debug\net9.0\Volo.Abp.EventBus.Abstractions.dll". Beginning retry 5 in 1000ms. The process cannot access the file 'E:\TreadSnow\TreadSnow Github2\src\TreadSnow.HttpApi.Host\bin\Debug\net9.0\Volo.Abp.EventBus.Abstractions.dll' because it is being used by another process. The file is locked by: "TreadSnow.HttpApi.Host (46584)" [E:\TreadSnow\TreadSnow Github2\src\TreadSnow.HttpApi.Host\TreadSnow.HttpApi.Host.csproj]
C:\Program Files\dotnet\sdk\9.0.202\Microsoft.Common.CurrentVersion.targets(5063,5): warning MSB3026: Could not copy "E:\TreadSnow\TreadSnow Github2\ABP9.1.1\framework\src\Volo.Abp.EventBus\bin\Debug\net9.0\Volo.Abp.EventBus.dll" to "bin\Debug\net9.0\Volo.Abp.EventBus.dll". Beginning retry 5 in 1000ms. The process cannot access the file 'E:\TreadSnow\TreadSnow Github2\src\TreadSnow.HttpApi.Host\bin\Debug\net9.0\Volo.Abp.EventBus.dll' because it is being used by another process. The file is locked by: "TreadSnow.HttpApi.Host (46584)" [E:\TreadSnow\TreadSnow Github2\src\TreadSnow.HttpApi.Host\TreadSnow.HttpApi.Host.csproj]
C:\Program Files\dotnet\sdk\9.0.202\Microsoft.Common.CurrentVersion.targets(5063,5): warning MSB3026: Could not copy "E:\TreadSnow\TreadSnow Github2\ABP9.1.1\framework\src\Volo.Abp.DistributedLocking.Abstractions\bin\Debug\net9.0\Volo.Abp.DistributedLocking.Abstractions.dll" to "bin\Debug\net9.0\Volo.Abp.DistributedLocking.Abstractions.dll". Beginning retry 6 in 1000ms. The process cannot access the file 'E:\TreadSnow\TreadSnow Github2\src\TreadSnow.HttpApi.Host\bin\Debug\net9.0\Volo.Abp.DistributedLocking.Abstractions.dll' because it is being used by another process. The file is locked by: "TreadSnow.HttpApi.Host (46584)" [E:\TreadSnow\TreadSnow Github2\src\TreadSnow.HttpApi.Host\TreadSnow.HttpApi.Host.csproj]
C:\Program Files\dotnet\sdk\9.0.202\Microsoft.Common.CurrentVersion.targets(5063,5): warning MSB3026: Could not copy "E:\TreadSnow\TreadSnow Github2\ABP9.1.1\framework\src\Volo.Abp.Emailing\bin\Debug\net9.0\Volo.Abp.Emailing.dll" to "bin\Debug\net9.0\Volo.Abp.Emailing.dll". Beginning retry 6 in 1000ms. The process cannot access the file 'E:\TreadSnow\TreadSnow Github2\src\TreadSnow.HttpApi.Host\bin\Debug\net9.0\Volo.Abp.Emailing.dll' because it is being used by another process. The file is locked by: "TreadSnow.HttpApi.Host (46584)" [E:\TreadSnow\TreadSnow Github2\src\TreadSnow.HttpApi.Host\TreadSnow.HttpApi.Host.csproj]
C:\Program Files\dotnet\sdk\9.0.202\Microsoft.Common.CurrentVersion.targets(5063,5): warning MSB3026: Could not copy "E:\TreadSnow\TreadSnow Github2\ABP9.1.1\framework\src\Volo.Abp.EntityFrameworkCore\bin\Debug\net9.0\Volo.Abp.EntityFrameworkCore.dll" to "bin\Debug\net9.0\Volo.Abp.EntityFrameworkCore.dll". Beginning retry 6 in 1000ms. The process cannot access the file 'E:\TreadSnow\TreadSnow Github2\src\TreadSnow.HttpApi.Host\bin\Debug\net9.0\Volo.Abp.EntityFrameworkCore.dll' because it is being used by another process. The file is locked by: "TreadSnow.HttpApi.Host (46584)" [E:\TreadSnow\TreadSnow Github2\src\TreadSnow.HttpApi.Host\TreadSnow.HttpApi.Host.csproj]
C:\Program Files\dotnet\sdk\9.0.202\Microsoft.Common.CurrentVersion.targets(5063,5): warning MSB3026: Could not copy "E:\TreadSnow\TreadSnow Github2\ABP9.1.1\framework\src\Volo.Abp.Ddd.Domain.Shared\bin\Debug\net9.0\Volo.Abp.Ddd.Domain.Shared.dll" to "bin\Debug\net9.0\Volo.Abp.Ddd.Domain.Shared.dll". Beginning retry 7 in 1000ms. The process cannot access the file 'E:\TreadSnow\TreadSnow Github2\src\TreadSnow.HttpApi.Host\bin\Debug\net9.0\Volo.Abp.Ddd.Domain.Shared.dll' because it is being used by another process. The file is locked by: "TreadSnow.HttpApi.Host (46584)" [E:\TreadSnow\TreadSnow Github2\src\TreadSnow.HttpApi.Host\TreadSnow.HttpApi.Host.csproj]
C:\Program Files\dotnet\sdk\9.0.202\Microsoft.Common.CurrentVersion.targets(5063,5): warning MSB3026: Could not copy "E:\TreadSnow\TreadSnow Github2\ABP9.1.1\framework\src\Volo.Abp.EventBus.Abstractions\bin\Debug\net9.0\Volo.Abp.EventBus.Abstractions.dll" to "bin\Debug\net9.0\Volo.Abp.EventBus.Abstractions.dll". Beginning retry 6 in 1000ms. The process cannot access the file 'E:\TreadSnow\TreadSnow Github2\src\TreadSnow.HttpApi.Host\bin\Debug\net9.0\Volo.Abp.EventBus.Abstractions.dll' because it is being used by another process. The file is locked by: "TreadSnow.HttpApi.Host (46584)" [E:\TreadSnow\TreadSnow Github2\src\TreadSnow.HttpApi.Host\TreadSnow.HttpApi.Host.csproj]
C:\Program Files\dotnet\sdk\9.0.202\Microsoft.Common.CurrentVersion.targets(5063,5): warning MSB3026: Could not copy "E:\TreadSnow\TreadSnow Github2\ABP9.1.1\framework\src\Volo.Abp.EventBus\bin\Debug\net9.0\Volo.Abp.EventBus.dll" to "bin\Debug\net9.0\Volo.Abp.EventBus.dll". Beginning retry 6 in 1000ms. The process cannot access the file 'E:\TreadSnow\TreadSnow Github2\src\TreadSnow.HttpApi.Host\bin\Debug\net9.0\Volo.Abp.EventBus.dll' because it is being used by another process. The file is locked by: "TreadSnow.HttpApi.Host (46584)" [E:\TreadSnow\TreadSnow Github2\src\TreadSnow.HttpApi.Host\TreadSnow.HttpApi.Host.csproj]
C:\Program Files\dotnet\sdk\9.0.202\Microsoft.Common.CurrentVersion.targets(5063,5): warning MSB3026: Could not copy "E:\TreadSnow\TreadSnow Github2\ABP9.1.1\framework\src\Volo.Abp.DistributedLocking.Abstractions\bin\Debug\net9.0\Volo.Abp.DistributedLocking.Abstractions.dll" to "bin\Debug\net9.0\Volo.Abp.DistributedLocking.Abstractions.dll". Beginning retry 7 in 1000ms. The process cannot access the file 'E:\TreadSnow\TreadSnow Github2\src\TreadSnow.HttpApi.Host\bin\Debug\net9.0\Volo.Abp.DistributedLocking.Abstractions.dll' because it is being used by another process. The file is locked by: "TreadSnow.HttpApi.Host (46584)" [E:\TreadSnow\TreadSnow Github2\src\TreadSnow.HttpApi.Host\TreadSnow.HttpApi.Host.csproj]
C:\Program Files\dotnet\sdk\9.0.202\Microsoft.Common.CurrentVersion.targets(5063,5): warning MSB3026: Could not copy "E:\TreadSnow\TreadSnow Github2\ABP9.1.1\framework\src\Volo.Abp.Emailing\bin\Debug\net9.0\Volo.Abp.Emailing.dll" to "bin\Debug\net9.0\Volo.Abp.Emailing.dll". Beginning retry 7 in 1000ms. The process cannot access the file 'E:\TreadSnow\TreadSnow Github2\src\TreadSnow.HttpApi.Host\bin\Debug\net9.0\Volo.Abp.Emailing.dll' because it is being used by another process. The file is locked by: "TreadSnow.HttpApi.Host (46584)" [E:\TreadSnow\TreadSnow Github2\src\TreadSnow.HttpApi.Host\TreadSnow.HttpApi.Host.csproj]
C:\Program Files\dotnet\sdk\9.0.202\Microsoft.Common.CurrentVersion.targets(5063,5): warning MSB3026: Could not copy "E:\TreadSnow\TreadSnow Github2\ABP9.1.1\framework\src\Volo.Abp.EntityFrameworkCore\bin\Debug\net9.0\Volo.Abp.EntityFrameworkCore.dll" to "bin\Debug\net9.0\Volo.Abp.EntityFrameworkCore.dll". Beginning retry 7 in 1000ms. The process cannot access the file 'E:\TreadSnow\TreadSnow Github2\src\TreadSnow.HttpApi.Host\bin\Debug\net9.0\Volo.Abp.EntityFrameworkCore.dll' because it is being used by another process. The file is locked by: "TreadSnow.HttpApi.Host (46584)" [E:\TreadSnow\TreadSnow Github2\src\TreadSnow.HttpApi.Host\TreadSnow.HttpApi.Host.csproj]
C:\Program Files\dotnet\sdk\9.0.202\Microsoft.Common.CurrentVersion.targets(5063,5): warning MSB3026: Could not copy "E:\TreadSnow\TreadSnow Github2\ABP9.1.1\framework\src\Volo.Abp.Ddd.Domain.Shared\bin\Debug\net9.0\Volo.Abp.Ddd.Domain.Shared.dll" to "bin\Debug\net9.0\Volo.Abp.Ddd.Domain.Shared.dll". Beginning retry 8 in 1000ms. The process cannot access the file 'E:\TreadSnow\TreadSnow Github2\src\TreadSnow.HttpApi.Host\bin\Debug\net9.0\Volo.Abp.Ddd.Domain.Shared.dll' because it is being used by another process. The file is locked by: "TreadSnow.HttpApi.Host (46584)" [E:\TreadSnow\TreadSnow Github2\src\TreadSnow.HttpApi.Host\TreadSnow.HttpApi.Host.csproj]
C:\Program Files\dotnet\sdk\9.0.202\Microsoft.Common.CurrentVersion.targets(5063,5): warning MSB3026: Could not copy "E:\TreadSnow\TreadSnow Github2\ABP9.1.1\framework\src\Volo.Abp.EventBus.Abstractions\bin\Debug\net9.0\Volo.Abp.EventBus.Abstractions.dll" to "bin\Debug\net9.0\Volo.Abp.EventBus.Abstractions.dll". Beginning retry 7 in 1000ms. The process cannot access the file 'E:\TreadSnow\TreadSnow Github2\src\TreadSnow.HttpApi.Host\bin\Debug\net9.0\Volo.Abp.EventBus.Abstractions.dll' because it is being used by another process. The file is locked by: "TreadSnow.HttpApi.Host (46584)" [E:\TreadSnow\TreadSnow Github2\src\TreadSnow.HttpApi.Host\TreadSnow.HttpApi.Host.csproj]
C:\Program Files\dotnet\sdk\9.0.202\Microsoft.Common.CurrentVersion.targets(5063,5): warning MSB3026: Could not copy "E:\TreadSnow\TreadSnow Github2\ABP9.1.1\framework\src\Volo.Abp.EventBus\bin\Debug\net9.0\Volo.Abp.EventBus.dll" to "bin\Debug\net9.0\Volo.Abp.EventBus.dll". Beginning retry 7 in 1000ms. The process cannot access the file 'E:\TreadSnow\TreadSnow Github2\src\TreadSnow.HttpApi.Host\bin\Debug\net9.0\Volo.Abp.EventBus.dll' because it is being used by another process. The file is locked by: "TreadSnow.HttpApi.Host (46584)" [E:\TreadSnow\TreadSnow Github2\src\TreadSnow.HttpApi.Host\TreadSnow.HttpApi.Host.csproj]
C:\Program Files\dotnet\sdk\9.0.202\Microsoft.Common.CurrentVersion.targets(5063,5): warning MSB3026: Could not copy "E:\TreadSnow\TreadSnow Github2\ABP9.1.1\framework\src\Volo.Abp.DistributedLocking.Abstractions\bin\Debug\net9.0\Volo.Abp.DistributedLocking.Abstractions.dll" to "bin\Debug\net9.0\Volo.Abp.DistributedLocking.Abstractions.dll". Beginning retry 8 in 1000ms. The process cannot access the file 'E:\TreadSnow\TreadSnow Github2\src\TreadSnow.HttpApi.Host\bin\Debug\net9.0\Volo.Abp.DistributedLocking.Abstractions.dll' because it is being used by another process. The file is locked by: "TreadSnow.HttpApi.Host (46584)" [E:\TreadSnow\TreadSnow Github2\src\TreadSnow.HttpApi.Host\TreadSnow.HttpApi.Host.csproj]
C:\Program Files\dotnet\sdk\9.0.202\Microsoft.Common.CurrentVersion.targets(5063,5): warning MSB3026: Could not copy "E:\TreadSnow\TreadSnow Github2\ABP9.1.1\framework\src\Volo.Abp.Emailing\bin\Debug\net9.0\Volo.Abp.Emailing.dll" to "bin\Debug\net9.0\Volo.Abp.Emailing.dll". Beginning retry 8 in 1000ms. The process cannot access the file 'E:\TreadSnow\TreadSnow Github2\src\TreadSnow.HttpApi.Host\bin\Debug\net9.0\Volo.Abp.Emailing.dll' because it is being used by another process. The file is locked by: "TreadSnow.HttpApi.Host (46584)" [E:\TreadSnow\TreadSnow Github2\src\TreadSnow.HttpApi.Host\TreadSnow.HttpApi.Host.csproj]
C:\Program Files\dotnet\sdk\9.0.202\Microsoft.Common.CurrentVersion.targets(5063,5): warning MSB3026: Could not copy "E:\TreadSnow\TreadSnow Github2\ABP9.1.1\framework\src\Volo.Abp.EntityFrameworkCore\bin\Debug\net9.0\Volo.Abp.EntityFrameworkCore.dll" to "bin\Debug\net9.0\Volo.Abp.EntityFrameworkCore.dll". Beginning retry 8 in 1000ms. The process cannot access the file 'E:\TreadSnow\TreadSnow Github2\src\TreadSnow.HttpApi.Host\bin\Debug\net9.0\Volo.Abp.EntityFrameworkCore.dll' because it is being used by another process. The file is locked by: "TreadSnow.HttpApi.Host (46584)" [E:\TreadSnow\TreadSnow Github2\src\TreadSnow.HttpApi.Host\TreadSnow.HttpApi.Host.csproj]
C:\Program Files\dotnet\sdk\9.0.202\Microsoft.Common.CurrentVersion.targets(5063,5): warning MSB3026: Could not copy "E:\TreadSnow\TreadSnow Github2\ABP9.1.1\framework\src\Volo.Abp.Ddd.Domain.Shared\bin\Debug\net9.0\Volo.Abp.Ddd.Domain.Shared.dll" to "bin\Debug\net9.0\Volo.Abp.Ddd.Domain.Shared.dll". Beginning retry 9 in 1000ms. The process cannot access the file 'E:\TreadSnow\TreadSnow Github2\src\TreadSnow.HttpApi.Host\bin\Debug\net9.0\Volo.Abp.Ddd.Domain.Shared.dll' because it is being used by another process. The file is locked by: "TreadSnow.HttpApi.Host (46584)" [E:\TreadSnow\TreadSnow Github2\src\TreadSnow.HttpApi.Host\TreadSnow.HttpApi.Host.csproj]
C:\Program Files\dotnet\sdk\9.0.202\Microsoft.Common.CurrentVersion.targets(5063,5): warning MSB3026: Could not copy "E:\TreadSnow\TreadSnow Github2\ABP9.1.1\framework\src\Volo.Abp.EventBus.Abstractions\bin\Debug\net9.0\Volo.Abp.EventBus.Abstractions.dll" to "bin\Debug\net9.0\Volo.Abp.EventBus.Abstractions.dll". Beginning retry 8 in 1000ms. The process cannot access the file 'E:\TreadSnow\TreadSnow Github2\src\TreadSnow.HttpApi.Host\bin\Debug\net9.0\Volo.Abp.EventBus.Abstractions.dll' because it is being used by another process. The file is locked by: "TreadSnow.HttpApi.Host (46584)" [E:\TreadSnow\TreadSnow Github2\src\TreadSnow.HttpApi.Host\TreadSnow.HttpApi.Host.csproj]
C:\Program Files\dotnet\sdk\9.0.202\Microsoft.Common.CurrentVersion.targets(5063,5): warning MSB3026: Could not copy "E:\TreadSnow\TreadSnow Github2\ABP9.1.1\framework\src\Volo.Abp.DistributedLocking.Abstractions\bin\Debug\net9.0\Volo.Abp.DistributedLocking.Abstractions.dll" to "bin\Debug\net9.0\Volo.Abp.DistributedLocking.Abstractions.dll". Beginning retry 9 in 1000ms. The process cannot access the file 'E:\TreadSnow\TreadSnow Github2\src\TreadSnow.HttpApi.Host\bin\Debug\net9.0\Volo.Abp.DistributedLocking.Abstractions.dll' because it is being used by another process. The file is locked by: "TreadSnow.HttpApi.Host (46584)" [E:\TreadSnow\TreadSnow Github2\src\TreadSnow.HttpApi.Host\TreadSnow.HttpApi.Host.csproj]
C:\Program Files\dotnet\sdk\9.0.202\Microsoft.Common.CurrentVersion.targets(5063,5): warning MSB3026: Could not copy "E:\TreadSnow\TreadSnow Github2\ABP9.1.1\framework\src\Volo.Abp.EventBus\bin\Debug\net9.0\Volo.Abp.EventBus.dll" to "bin\Debug\net9.0\Volo.Abp.EventBus.dll". Beginning retry 8 in 1000ms. The process cannot access the file 'E:\TreadSnow\TreadSnow Github2\src\TreadSnow.HttpApi.Host\bin\Debug\net9.0\Volo.Abp.EventBus.dll' because it is being used by another process. The file is locked by: "TreadSnow.HttpApi.Host (46584)" [E:\TreadSnow\TreadSnow Github2\src\TreadSnow.HttpApi.Host\TreadSnow.HttpApi.Host.csproj]
C:\Program Files\dotnet\sdk\9.0.202\Microsoft.Common.CurrentVersion.targets(5063,5): warning MSB3026: Could not copy "E:\TreadSnow\TreadSnow Github2\ABP9.1.1\framework\src\Volo.Abp.EntityFrameworkCore\bin\Debug\net9.0\Volo.Abp.EntityFrameworkCore.dll" to "bin\Debug\net9.0\Volo.Abp.EntityFrameworkCore.dll". Beginning retry 9 in 1000ms. The process cannot access the file 'E:\TreadSnow\TreadSnow Github2\src\TreadSnow.HttpApi.Host\bin\Debug\net9.0\Volo.Abp.EntityFrameworkCore.dll' because it is being used by another process. The file is locked by: "TreadSnow.HttpApi.Host (46584)" [E:\TreadSnow\TreadSnow Github2\src\TreadSnow.HttpApi.Host\TreadSnow.HttpApi.Host.csproj]
C:\Program Files\dotnet\sdk\9.0.202\Microsoft.Common.CurrentVersion.targets(5063,5): warning MSB3026: Could not copy "E:\TreadSnow\TreadSnow Github2\ABP9.1.1\framework\src\Volo.Abp.Ddd.Domain.Shared\bin\Debug\net9.0\Volo.Abp.Ddd.Domain.Shared.dll" to "bin\Debug\net9.0\Volo.Abp.Ddd.Domain.Shared.dll". Beginning retry 10 in 1000ms. The process cannot access the file 'E:\TreadSnow\TreadSnow Github2\src\TreadSnow.HttpApi.Host\bin\Debug\net9.0\Volo.Abp.Ddd.Domain.Shared.dll' because it is being used by another process. The file is locked by: "TreadSnow.HttpApi.Host (46584)" [E:\TreadSnow\TreadSnow Github2\src\TreadSnow.HttpApi.Host\TreadSnow.HttpApi.Host.csproj]
C:\Program Files\dotnet\sdk\9.0.202\Microsoft.Common.CurrentVersion.targets(5063,5): warning MSB3026: Could not copy "E:\TreadSnow\TreadSnow Github2\ABP9.1.1\framework\src\Volo.Abp.Emailing\bin\Debug\net9.0\Volo.Abp.Emailing.dll" to "bin\Debug\net9.0\Volo.Abp.Emailing.dll". Beginning retry 9 in 1000ms. The process cannot access the file 'E:\TreadSnow\TreadSnow Github2\src\TreadSnow.HttpApi.Host\bin\Debug\net9.0\Volo.Abp.Emailing.dll' because it is being used by another process. The file is locked by: "TreadSnow.HttpApi.Host (46584)" [E:\TreadSnow\TreadSnow Github2\src\TreadSnow.HttpApi.Host\TreadSnow.HttpApi.Host.csproj]
C:\Program Files\dotnet\sdk\9.0.202\Microsoft.Common.CurrentVersion.targets(5063,5): warning MSB3026: Could not copy "E:\TreadSnow\TreadSnow Github2\ABP9.1.1\framework\src\Volo.Abp.EventBus.Abstractions\bin\Debug\net9.0\Volo.Abp.EventBus.Abstractions.dll" to "bin\Debug\net9.0\Volo.Abp.EventBus.Abstractions.dll". Beginning retry 9 in 1000ms. The process cannot access the file 'E:\TreadSnow\TreadSnow Github2\src\TreadSnow.HttpApi.Host\bin\Debug\net9.0\Volo.Abp.EventBus.Abstractions.dll' because it is being used by another process. The file is locked by: "TreadSnow.HttpApi.Host (46584)" [E:\TreadSnow\TreadSnow Github2\src\TreadSnow.HttpApi.Host\TreadSnow.HttpApi.Host.csproj]
C:\Program Files\dotnet\sdk\9.0.202\Microsoft.Common.CurrentVersion.targets(5063,5): warning MSB3026: Could not copy "E:\TreadSnow\TreadSnow Github2\ABP9.1.1\framework\src\Volo.Abp.EventBus\bin\Debug\net9.0\Volo.Abp.EventBus.dll" to "bin\Debug\net9.0\Volo.Abp.EventBus.dll". Beginning retry 9 in 1000ms. The process cannot access the file 'E:\TreadSnow\TreadSnow Github2\src\TreadSnow.HttpApi.Host\bin\Debug\net9.0\Volo.Abp.EventBus.dll' because it is being used by another process. The file is locked by: "TreadSnow.HttpApi.Host (46584)" [E:\TreadSnow\TreadSnow Github2\src\TreadSnow.HttpApi.Host\TreadSnow.HttpApi.Host.csproj]
C:\Program Files\dotnet\sdk\9.0.202\Microsoft.Common.CurrentVersion.targets(5063,5): warning MSB3026: Could not copy "E:\TreadSnow\TreadSnow Github2\ABP9.1.1\framework\src\Volo.Abp.DistributedLocking.Abstractions\bin\Debug\net9.0\Volo.Abp.DistributedLocking.Abstractions.dll" to "bin\Debug\net9.0\Volo.Abp.DistributedLocking.Abstractions.dll". Beginning retry 10 in 1000ms. The process cannot access the file 'E:\TreadSnow\TreadSnow Github2\src\TreadSnow.HttpApi.Host\bin\Debug\net9.0\Volo.Abp.DistributedLocking.Abstractions.dll' because it is being used by another process. The file is locked by: "TreadSnow.HttpApi.Host (46584)" [E:\TreadSnow\TreadSnow Github2\src\TreadSnow.HttpApi.Host\TreadSnow.HttpApi.Host.csproj]
C:\Program Files\dotnet\sdk\9.0.202\Microsoft.Common.CurrentVersion.targets(5063,5): warning MSB3026: Could not copy "E:\TreadSnow\TreadSnow Github2\ABP9.1.1\framework\src\Volo.Abp.EntityFrameworkCore\bin\Debug\net9.0\Volo.Abp.EntityFrameworkCore.dll" to "bin\Debug\net9.0\Volo.Abp.EntityFrameworkCore.dll". Beginning retry 10 in 1000ms. The process cannot access the file 'E:\TreadSnow\TreadSnow Github2\src\TreadSnow.HttpApi.Host\bin\Debug\net9.0\Volo.Abp.EntityFrameworkCore.dll' because it is being used by another process. The file is locked by: "TreadSnow.HttpApi.Host (46584)" [E:\TreadSnow\TreadSnow Github2\src\TreadSnow.HttpApi.Host\TreadSnow.HttpApi.Host.csproj]
C:\Program Files\dotnet\sdk\9.0.202\Microsoft.Common.CurrentVersion.targets(5063,5): warning MSB3026: Could not copy "E:\TreadSnow\TreadSnow Github2\ABP9.1.1\framework\src\Volo.Abp.Emailing\bin\Debug\net9.0\Volo.Abp.Emailing.dll" to "bin\Debug\net9.0\Volo.Abp.Emailing.dll". Beginning retry 10 in 1000ms. The process cannot access the file 'E:\TreadSnow\TreadSnow Github2\src\TreadSnow.HttpApi.Host\bin\Debug\net9.0\Volo.Abp.Emailing.dll' because it is being used by another process. The file is locked by: "TreadSnow.HttpApi.Host (46584)" [E:\TreadSnow\TreadSnow Github2\src\TreadSnow.HttpApi.Host\TreadSnow.HttpApi.Host.csproj]
C:\Program Files\dotnet\sdk\9.0.202\Microsoft.Common.CurrentVersion.targets(5063,5): warning MSB3026: Could not copy "E:\TreadSnow\TreadSnow Github2\ABP9.1.1\framework\src\Volo.Abp.EventBus.Abstractions\bin\Debug\net9.0\Volo.Abp.EventBus.Abstractions.dll" to "bin\Debug\net9.0\Volo.Abp.EventBus.Abstractions.dll". Beginning retry 10 in 1000ms. The process cannot access the file 'E:\TreadSnow\TreadSnow Github2\src\TreadSnow.HttpApi.Host\bin\Debug\net9.0\Volo.Abp.EventBus.Abstractions.dll' because it is being used by another process. The file is locked by: "TreadSnow.HttpApi.Host (46584)" [E:\TreadSnow\TreadSnow Github2\src\TreadSnow.HttpApi.Host\TreadSnow.HttpApi.Host.csproj]
C:\Program Files\dotnet\sdk\9.0.202\Microsoft.Common.CurrentVersion.targets(5063,5): warning MSB3026: Could not copy "E:\TreadSnow\TreadSnow Github2\ABP9.1.1\framework\src\Volo.Abp.ExceptionHandling\bin\Debug\net9.0\Volo.Abp.ExceptionHandling.dll" to "bin\Debug\net9.0\Volo.Abp.ExceptionHandling.dll". Beginning retry 1 in 1000ms. The process cannot access the file 'E:\TreadSnow\TreadSnow Github2\src\TreadSnow.HttpApi.Host\bin\Debug\net9.0\Volo.Abp.ExceptionHandling.dll' because it is being used by another process. The file is locked by: "TreadSnow.HttpApi.Host (46584)" [E:\TreadSnow\TreadSnow Github2\src\TreadSnow.HttpApi.Host\TreadSnow.HttpApi.Host.csproj]
C:\Program Files\dotnet\sdk\9.0.202\Microsoft.Common.CurrentVersion.targets(5063,5): warning MSB3026: Could not copy "E:\TreadSnow\TreadSnow Github2\ABP9.1.1\framework\src\Volo.Abp.EventBus\bin\Debug\net9.0\Volo.Abp.EventBus.dll" to "bin\Debug\net9.0\Volo.Abp.EventBus.dll". Beginning retry 10 in 1000ms. The process cannot access the file 'E:\TreadSnow\TreadSnow Github2\src\TreadSnow.HttpApi.Host\bin\Debug\net9.0\Volo.Abp.EventBus.dll' because it is being used by another process. The file is locked by: "TreadSnow.HttpApi.Host (46584)" [E:\TreadSnow\TreadSnow Github2\src\TreadSnow.HttpApi.Host\TreadSnow.HttpApi.Host.csproj]
C:\Program Files\dotnet\sdk\9.0.202\Microsoft.Common.CurrentVersion.targets(5063,5): warning MSB3026: Could not copy "E:\TreadSnow\TreadSnow Github2\ABP9.1.1\framework\src\Volo.Abp.Features\bin\Debug\net9.0\Volo.Abp.Features.dll" to "bin\Debug\net9.0\Volo.Abp.Features.dll". Beginning retry 1 in 1000ms. The process cannot access the file 'E:\TreadSnow\TreadSnow Github2\src\TreadSnow.HttpApi.Host\bin\Debug\net9.0\Volo.Abp.Features.dll' because it is being used by another process. The file is locked by: "TreadSnow.HttpApi.Host (46584)" [E:\TreadSnow\TreadSnow Github2\src\TreadSnow.HttpApi.Host\TreadSnow.HttpApi.Host.csproj]
C:\Program Files\dotnet\sdk\9.0.202\Microsoft.Common.CurrentVersion.targets(5063,5): warning MSB3026: Could not copy "E:\TreadSnow\TreadSnow Github2\ABP9.1.1\framework\src\Volo.Abp.Guids\bin\Debug\net9.0\Volo.Abp.Guids.dll" to "bin\Debug\net9.0\Volo.Abp.Guids.dll". Beginning retry 1 in 1000ms. The process cannot access the file 'E:\TreadSnow\TreadSnow Github2\src\TreadSnow.HttpApi.Host\bin\Debug\net9.0\Volo.Abp.Guids.dll' because it is being used by another process. The file is locked by: "TreadSnow.HttpApi.Host (46584)" [E:\TreadSnow\TreadSnow Github2\src\TreadSnow.HttpApi.Host\TreadSnow.HttpApi.Host.csproj]
C:\Program Files\dotnet\sdk\9.0.202\Microsoft.Common.CurrentVersion.targets(5063,5): warning MSB3026: Could not copy "E:\TreadSnow\TreadSnow Github2\ABP9.1.1\framework\src\Volo.Abp.ExceptionHandling\bin\Debug\net9.0\Volo.Abp.ExceptionHandling.dll" to "bin\Debug\net9.0\Volo.Abp.ExceptionHandling.dll". Beginning retry 2 in 1000ms. The process cannot access the file 'E:\TreadSnow\TreadSnow Github2\src\TreadSnow.HttpApi.Host\bin\Debug\net9.0\Volo.Abp.ExceptionHandling.dll' because it is being used by another process. The file is locked by: "TreadSnow.HttpApi.Host (46584)" [E:\TreadSnow\TreadSnow Github2\src\TreadSnow.HttpApi.Host\TreadSnow.HttpApi.Host.csproj]
C:\Program Files\dotnet\sdk\9.0.202\Microsoft.Common.CurrentVersion.targets(5063,5): warning MSB3026: Could not copy "E:\TreadSnow\TreadSnow Github2\ABP9.1.1\framework\src\Volo.Abp.Http.Abstractions\bin\Debug\net9.0\Volo.Abp.Http.Abstractions.dll" to "bin\Debug\net9.0\Volo.Abp.Http.Abstractions.dll". Beginning retry 1 in 1000ms. The process cannot access the file 'E:\TreadSnow\TreadSnow Github2\src\TreadSnow.HttpApi.Host\bin\Debug\net9.0\Volo.Abp.Http.Abstractions.dll' because it is being used by another process. The file is locked by: "TreadSnow.HttpApi.Host (46584)" [E:\TreadSnow\TreadSnow Github2\src\TreadSnow.HttpApi.Host\TreadSnow.HttpApi.Host.csproj]
C:\Program Files\dotnet\sdk\9.0.202\Microsoft.Common.CurrentVersion.targets(5063,5): warning MSB3026: Could not copy "E:\TreadSnow\TreadSnow Github2\ABP9.1.1\framework\src\Volo.Abp.Http\bin\Debug\net9.0\Volo.Abp.Http.dll" to "bin\Debug\net9.0\Volo.Abp.Http.dll". Beginning retry 1 in 1000ms. The process cannot access the file 'E:\TreadSnow\TreadSnow Github2\src\TreadSnow.HttpApi.Host\bin\Debug\net9.0\Volo.Abp.Http.dll' because it is being used by another process. The file is locked by: "TreadSnow.HttpApi.Host (46584)" [E:\TreadSnow\TreadSnow Github2\src\TreadSnow.HttpApi.Host\TreadSnow.HttpApi.Host.csproj]
C:\Program Files\dotnet\sdk\9.0.202\Microsoft.Common.CurrentVersion.targets(5063,5): warning MSB3026: Could not copy "E:\TreadSnow\TreadSnow Github2\ABP9.1.1\modules\identity\src\Volo.Abp.Identity.Application.Contracts\bin\Debug\net9.0\Volo.Abp.Identity.Application.Contracts.dll" to "bin\Debug\net9.0\Volo.Abp.Identity.Application.Contracts.dll". Beginning retry 1 in 1000ms. The process cannot access the file 'E:\TreadSnow\TreadSnow Github2\src\TreadSnow.HttpApi.Host\bin\Debug\net9.0\Volo.Abp.Identity.Application.Contracts.dll' because it is being used by another process. The file is locked by: "TreadSnow.HttpApi.Host (46584)" [E:\TreadSnow\TreadSnow Github2\src\TreadSnow.HttpApi.Host\TreadSnow.HttpApi.Host.csproj]
C:\Program Files\dotnet\sdk\9.0.202\Microsoft.Common.CurrentVersion.targets(5063,5): warning MSB3026: Could not copy "E:\TreadSnow\TreadSnow Github2\ABP9.1.1\framework\src\Volo.Abp.Features\bin\Debug\net9.0\Volo.Abp.Features.dll" to "bin\Debug\net9.0\Volo.Abp.Features.dll". Beginning retry 2 in 1000ms. The process cannot access the file 'E:\TreadSnow\TreadSnow Github2\src\TreadSnow.HttpApi.Host\bin\Debug\net9.0\Volo.Abp.Features.dll' because it is being used by another process. The file is locked by: "TreadSnow.HttpApi.Host (46584)" [E:\TreadSnow\TreadSnow Github2\src\TreadSnow.HttpApi.Host\TreadSnow.HttpApi.Host.csproj]
C:\Program Files\dotnet\sdk\9.0.202\Microsoft.Common.CurrentVersion.targets(5063,5): warning MSB3026: Could not copy "E:\TreadSnow\TreadSnow Github2\ABP9.1.1\framework\src\Volo.Abp.Guids\bin\Debug\net9.0\Volo.Abp.Guids.dll" to "bin\Debug\net9.0\Volo.Abp.Guids.dll". Beginning retry 2 in 1000ms. The process cannot access the file 'E:\TreadSnow\TreadSnow Github2\src\TreadSnow.HttpApi.Host\bin\Debug\net9.0\Volo.Abp.Guids.dll' because it is being used by another process. The file is locked by: "TreadSnow.HttpApi.Host (46584)" [E:\TreadSnow\TreadSnow Github2\src\TreadSnow.HttpApi.Host\TreadSnow.HttpApi.Host.csproj]
C:\Program Files\dotnet\sdk\9.0.202\Microsoft.Common.CurrentVersion.targets(5063,5): warning MSB3026: Could not copy "E:\TreadSnow\TreadSnow Github2\ABP9.1.1\framework\src\Volo.Abp.Http.Abstractions\bin\Debug\net9.0\Volo.Abp.Http.Abstractions.dll" to "bin\Debug\net9.0\Volo.Abp.Http.Abstractions.dll". Beginning retry 2 in 1000ms. The process cannot access the file 'E:\TreadSnow\TreadSnow Github2\src\TreadSnow.HttpApi.Host\bin\Debug\net9.0\Volo.Abp.Http.Abstractions.dll' because it is being used by another process. The file is locked by: "TreadSnow.HttpApi.Host (46584)" [E:\TreadSnow\TreadSnow Github2\src\TreadSnow.HttpApi.Host\TreadSnow.HttpApi.Host.csproj]
C:\Program Files\dotnet\sdk\9.0.202\Microsoft.Common.CurrentVersion.targets(5063,5): warning MSB3026: Could not copy "E:\TreadSnow\TreadSnow Github2\ABP9.1.1\framework\src\Volo.Abp.ExceptionHandling\bin\Debug\net9.0\Volo.Abp.ExceptionHandling.dll" to "bin\Debug\net9.0\Volo.Abp.ExceptionHandling.dll". Beginning retry 3 in 1000ms. The process cannot access the file 'E:\TreadSnow\TreadSnow Github2\src\TreadSnow.HttpApi.Host\bin\Debug\net9.0\Volo.Abp.ExceptionHandling.dll' because it is being used by another process. The file is locked by: "TreadSnow.HttpApi.Host (46584)" [E:\TreadSnow\TreadSnow Github2\src\TreadSnow.HttpApi.Host\TreadSnow.HttpApi.Host.csproj]
C:\Program Files\dotnet\sdk\9.0.202\Microsoft.Common.CurrentVersion.targets(5063,5): warning MSB3026: Could not copy "E:\TreadSnow\TreadSnow Github2\ABP9.1.1\framework\src\Volo.Abp.Http\bin\Debug\net9.0\Volo.Abp.Http.dll" to "bin\Debug\net9.0\Volo.Abp.Http.dll". Beginning retry 2 in 1000ms. The process cannot access the file 'E:\TreadSnow\TreadSnow Github2\src\TreadSnow.HttpApi.Host\bin\Debug\net9.0\Volo.Abp.Http.dll' because it is being used by another process. The file is locked by: "TreadSnow.HttpApi.Host (46584)" [E:\TreadSnow\TreadSnow Github2\src\TreadSnow.HttpApi.Host\TreadSnow.HttpApi.Host.csproj]
C:\Program Files\dotnet\sdk\9.0.202\Microsoft.Common.CurrentVersion.targets(5063,5): warning MSB3026: Could not copy "E:\TreadSnow\TreadSnow Github2\ABP9.1.1\modules\identity\src\Volo.Abp.Identity.Application.Contracts\bin\Debug\net9.0\Volo.Abp.Identity.Application.Contracts.dll" to "bin\Debug\net9.0\Volo.Abp.Identity.Application.Contracts.dll". Beginning retry 2 in 1000ms. The process cannot access the file 'E:\TreadSnow\TreadSnow Github2\src\TreadSnow.HttpApi.Host\bin\Debug\net9.0\Volo.Abp.Identity.Application.Contracts.dll' because it is being used by another process. The file is locked by: "TreadSnow.HttpApi.Host (46584)" [E:\TreadSnow\TreadSnow Github2\src\TreadSnow.HttpApi.Host\TreadSnow.HttpApi.Host.csproj]
C:\Program Files\dotnet\sdk\9.0.202\Microsoft.Common.CurrentVersion.targets(5063,5): warning MSB3026: Could not copy "E:\TreadSnow\TreadSnow Github2\ABP9.1.1\framework\src\Volo.Abp.Features\bin\Debug\net9.0\Volo.Abp.Features.dll" to "bin\Debug\net9.0\Volo.Abp.Features.dll". Beginning retry 3 in 1000ms. The process cannot access the file 'E:\TreadSnow\TreadSnow Github2\src\TreadSnow.HttpApi.Host\bin\Debug\net9.0\Volo.Abp.Features.dll' because it is being used by another process. The file is locked by: "TreadSnow.HttpApi.Host (46584)" [E:\TreadSnow\TreadSnow Github2\src\TreadSnow.HttpApi.Host\TreadSnow.HttpApi.Host.csproj]
C:\Program Files\dotnet\sdk\9.0.202\Microsoft.Common.CurrentVersion.targets(5063,5): warning MSB3026: Could not copy "E:\TreadSnow\TreadSnow Github2\ABP9.1.1\framework\src\Volo.Abp.Guids\bin\Debug\net9.0\Volo.Abp.Guids.dll" to "bin\Debug\net9.0\Volo.Abp.Guids.dll". Beginning retry 3 in 1000ms. The process cannot access the file 'E:\TreadSnow\TreadSnow Github2\src\TreadSnow.HttpApi.Host\bin\Debug\net9.0\Volo.Abp.Guids.dll' because it is being used by another process. The file is locked by: "TreadSnow.HttpApi.Host (46584)" [E:\TreadSnow\TreadSnow Github2\src\TreadSnow.HttpApi.Host\TreadSnow.HttpApi.Host.csproj]
C:\Program Files\dotnet\sdk\9.0.202\Microsoft.Common.CurrentVersion.targets(5063,5): warning MSB3026: Could not copy "E:\TreadSnow\TreadSnow Github2\ABP9.1.1\framework\src\Volo.Abp.ExceptionHandling\bin\Debug\net9.0\Volo.Abp.ExceptionHandling.dll" to "bin\Debug\net9.0\Volo.Abp.ExceptionHandling.dll". Beginning retry 4 in 1000ms. The process cannot access the file 'E:\TreadSnow\TreadSnow Github2\src\TreadSnow.HttpApi.Host\bin\Debug\net9.0\Volo.Abp.ExceptionHandling.dll' because it is being used by another process. The file is locked by: "TreadSnow.HttpApi.Host (46584)" [E:\TreadSnow\TreadSnow Github2\src\TreadSnow.HttpApi.Host\TreadSnow.HttpApi.Host.csproj]
C:\Program Files\dotnet\sdk\9.0.202\Microsoft.Common.CurrentVersion.targets(5063,5): warning MSB3026: Could not copy "E:\TreadSnow\TreadSnow Github2\ABP9.1.1\framework\src\Volo.Abp.Http.Abstractions\bin\Debug\net9.0\Volo.Abp.Http.Abstractions.dll" to "bin\Debug\net9.0\Volo.Abp.Http.Abstractions.dll". Beginning retry 3 in 1000ms. The process cannot access the file 'E:\TreadSnow\TreadSnow Github2\src\TreadSnow.HttpApi.Host\bin\Debug\net9.0\Volo.Abp.Http.Abstractions.dll' because it is being used by another process. The file is locked by: "TreadSnow.HttpApi.Host (46584)" [E:\TreadSnow\TreadSnow Github2\src\TreadSnow.HttpApi.Host\TreadSnow.HttpApi.Host.csproj]
C:\Program Files\dotnet\sdk\9.0.202\Microsoft.Common.CurrentVersion.targets(5063,5): warning MSB3026: Could not copy "E:\TreadSnow\TreadSnow Github2\ABP9.1.1\framework\src\Volo.Abp.Http\bin\Debug\net9.0\Volo.Abp.Http.dll" to "bin\Debug\net9.0\Volo.Abp.Http.dll". Beginning retry 3 in 1000ms. The process cannot access the file 'E:\TreadSnow\TreadSnow Github2\src\TreadSnow.HttpApi.Host\bin\Debug\net9.0\Volo.Abp.Http.dll' because it is being used by another process. The file is locked by: "TreadSnow.HttpApi.Host (46584)" [E:\TreadSnow\TreadSnow Github2\src\TreadSnow.HttpApi.Host\TreadSnow.HttpApi.Host.csproj]
C:\Program Files\dotnet\sdk\9.0.202\Microsoft.Common.CurrentVersion.targets(5063,5): warning MSB3026: Could not copy "E:\TreadSnow\TreadSnow Github2\ABP9.1.1\modules\identity\src\Volo.Abp.Identity.Application.Contracts\bin\Debug\net9.0\Volo.Abp.Identity.Application.Contracts.dll" to "bin\Debug\net9.0\Volo.Abp.Identity.Application.Contracts.dll". Beginning retry 3 in 1000ms. The process cannot access the file 'E:\TreadSnow\TreadSnow Github2\src\TreadSnow.HttpApi.Host\bin\Debug\net9.0\Volo.Abp.Identity.Application.Contracts.dll' because it is being used by another process. The file is locked by: "TreadSnow.HttpApi.Host (46584)" [E:\TreadSnow\TreadSnow Github2\src\TreadSnow.HttpApi.Host\TreadSnow.HttpApi.Host.csproj]
C:\Program Files\dotnet\sdk\9.0.202\Microsoft.Common.CurrentVersion.targets(5063,5): warning MSB3026: Could not copy "E:\TreadSnow\TreadSnow Github2\ABP9.1.1\framework\src\Volo.Abp.Features\bin\Debug\net9.0\Volo.Abp.Features.dll" to "bin\Debug\net9.0\Volo.Abp.Features.dll". Beginning retry 4 in 1000ms. The process cannot access the file 'E:\TreadSnow\TreadSnow Github2\src\TreadSnow.HttpApi.Host\bin\Debug\net9.0\Volo.Abp.Features.dll' because it is being used by another process. The file is locked by: "TreadSnow.HttpApi.Host (46584)" [E:\TreadSnow\TreadSnow Github2\src\TreadSnow.HttpApi.Host\TreadSnow.HttpApi.Host.csproj]
C:\Program Files\dotnet\sdk\9.0.202\Microsoft.Common.CurrentVersion.targets(5063,5): warning MSB3026: Could not copy "E:\TreadSnow\TreadSnow Github2\ABP9.1.1\framework\src\Volo.Abp.Guids\bin\Debug\net9.0\Volo.Abp.Guids.dll" to "bin\Debug\net9.0\Volo.Abp.Guids.dll". Beginning retry 4 in 1000ms. The process cannot access the file 'E:\TreadSnow\TreadSnow Github2\src\TreadSnow.HttpApi.Host\bin\Debug\net9.0\Volo.Abp.Guids.dll' because it is being used by another process. The file is locked by: "TreadSnow.HttpApi.Host (46584)" [E:\TreadSnow\TreadSnow Github2\src\TreadSnow.HttpApi.Host\TreadSnow.HttpApi.Host.csproj]
C:\Program Files\dotnet\sdk\9.0.202\Microsoft.Common.CurrentVersion.targets(5063,5): warning MSB3026: Could not copy "E:\TreadSnow\TreadSnow Github2\ABP9.1.1\framework\src\Volo.Abp.ExceptionHandling\bin\Debug\net9.0\Volo.Abp.ExceptionHandling.dll" to "bin\Debug\net9.0\Volo.Abp.ExceptionHandling.dll". Beginning retry 5 in 1000ms. The process cannot access the file 'E:\TreadSnow\TreadSnow Github2\src\TreadSnow.HttpApi.Host\bin\Debug\net9.0\Volo.Abp.ExceptionHandling.dll' because it is being used by another process. The file is locked by: "TreadSnow.HttpApi.Host (46584)" [E:\TreadSnow\TreadSnow Github2\src\TreadSnow.HttpApi.Host\TreadSnow.HttpApi.Host.csproj]
C:\Program Files\dotnet\sdk\9.0.202\Microsoft.Common.CurrentVersion.targets(5063,5): warning MSB3026: Could not copy "E:\TreadSnow\TreadSnow Github2\ABP9.1.1\framework\src\Volo.Abp.Http.Abstractions\bin\Debug\net9.0\Volo.Abp.Http.Abstractions.dll" to "bin\Debug\net9.0\Volo.Abp.Http.Abstractions.dll". Beginning retry 4 in 1000ms. The process cannot access the file 'E:\TreadSnow\TreadSnow Github2\src\TreadSnow.HttpApi.Host\bin\Debug\net9.0\Volo.Abp.Http.Abstractions.dll' because it is being used by another process. The file is locked by: "TreadSnow.HttpApi.Host (46584)" [E:\TreadSnow\TreadSnow Github2\src\TreadSnow.HttpApi.Host\TreadSnow.HttpApi.Host.csproj]
C:\Program Files\dotnet\sdk\9.0.202\Microsoft.Common.CurrentVersion.targets(5063,5): warning MSB3026: Could not copy "E:\TreadSnow\TreadSnow Github2\ABP9.1.1\framework\src\Volo.Abp.Http\bin\Debug\net9.0\Volo.Abp.Http.dll" to "bin\Debug\net9.0\Volo.Abp.Http.dll". Beginning retry 4 in 1000ms. The process cannot access the file 'E:\TreadSnow\TreadSnow Github2\src\TreadSnow.HttpApi.Host\bin\Debug\net9.0\Volo.Abp.Http.dll' because it is being used by another process. The file is locked by: "TreadSnow.HttpApi.Host (46584)" [E:\TreadSnow\TreadSnow Github2\src\TreadSnow.HttpApi.Host\TreadSnow.HttpApi.Host.csproj]
C:\Program Files\dotnet\sdk\9.0.202\Microsoft.Common.CurrentVersion.targets(5063,5): warning MSB3026: Could not copy "E:\TreadSnow\TreadSnow Github2\ABP9.1.1\modules\identity\src\Volo.Abp.Identity.Application.Contracts\bin\Debug\net9.0\Volo.Abp.Identity.Application.Contracts.dll" to "bin\Debug\net9.0\Volo.Abp.Identity.Application.Contracts.dll". Beginning retry 4 in 1000ms. The process cannot access the file 'E:\TreadSnow\TreadSnow Github2\src\TreadSnow.HttpApi.Host\bin\Debug\net9.0\Volo.Abp.Identity.Application.Contracts.dll' because it is being used by another process. The file is locked by: "TreadSnow.HttpApi.Host (46584)" [E:\TreadSnow\TreadSnow Github2\src\TreadSnow.HttpApi.Host\TreadSnow.HttpApi.Host.csproj]
C:\Program Files\dotnet\sdk\9.0.202\Microsoft.Common.CurrentVersion.targets(5063,5): warning MSB3026: Could not copy "E:\TreadSnow\TreadSnow Github2\ABP9.1.1\framework\src\Volo.Abp.Features\bin\Debug\net9.0\Volo.Abp.Features.dll" to "bin\Debug\net9.0\Volo.Abp.Features.dll". Beginning retry 5 in 1000ms. The process cannot access the file 'E:\TreadSnow\TreadSnow Github2\src\TreadSnow.HttpApi.Host\bin\Debug\net9.0\Volo.Abp.Features.dll' because it is being used by another process. The file is locked by: "TreadSnow.HttpApi.Host (46584)" [E:\TreadSnow\TreadSnow Github2\src\TreadSnow.HttpApi.Host\TreadSnow.HttpApi.Host.csproj]
C:\Program Files\dotnet\sdk\9.0.202\Microsoft.Common.CurrentVersion.targets(5063,5): warning MSB3026: Could not copy "E:\TreadSnow\TreadSnow Github2\ABP9.1.1\framework\src\Volo.Abp.Guids\bin\Debug\net9.0\Volo.Abp.Guids.dll" to "bin\Debug\net9.0\Volo.Abp.Guids.dll". Beginning retry 5 in 1000ms. The process cannot access the file 'E:\TreadSnow\TreadSnow Github2\src\TreadSnow.HttpApi.Host\bin\Debug\net9.0\Volo.Abp.Guids.dll' because it is being used by another process. The file is locked by: "TreadSnow.HttpApi.Host (46584)" [E:\TreadSnow\TreadSnow Github2\src\TreadSnow.HttpApi.Host\TreadSnow.HttpApi.Host.csproj]
C:\Program Files\dotnet\sdk\9.0.202\Microsoft.Common.CurrentVersion.targets(5063,5): warning MSB3026: Could not copy "E:\TreadSnow\TreadSnow Github2\ABP9.1.1\framework\src\Volo.Abp.ExceptionHandling\bin\Debug\net9.0\Volo.Abp.ExceptionHandling.dll" to "bin\Debug\net9.0\Volo.Abp.ExceptionHandling.dll". Beginning retry 6 in 1000ms. The process cannot access the file 'E:\TreadSnow\TreadSnow Github2\src\TreadSnow.HttpApi.Host\bin\Debug\net9.0\Volo.Abp.ExceptionHandling.dll' because it is being used by another process. The file is locked by: "TreadSnow.HttpApi.Host (46584)" [E:\TreadSnow\TreadSnow Github2\src\TreadSnow.HttpApi.Host\TreadSnow.HttpApi.Host.csproj]
C:\Program Files\dotnet\sdk\9.0.202\Microsoft.Common.CurrentVersion.targets(5063,5): warning MSB3026: Could not copy "E:\TreadSnow\TreadSnow Github2\ABP9.1.1\framework\src\Volo.Abp.Http.Abstractions\bin\Debug\net9.0\Volo.Abp.Http.Abstractions.dll" to "bin\Debug\net9.0\Volo.Abp.Http.Abstractions.dll". Beginning retry 5 in 1000ms. The process cannot access the file 'E:\TreadSnow\TreadSnow Github2\src\TreadSnow.HttpApi.Host\bin\Debug\net9.0\Volo.Abp.Http.Abstractions.dll' because it is being used by another process. The file is locked by: "TreadSnow.HttpApi.Host (46584)" [E:\TreadSnow\TreadSnow Github2\src\TreadSnow.HttpApi.Host\TreadSnow.HttpApi.Host.csproj]
C:\Program Files\dotnet\sdk\9.0.202\Microsoft.Common.CurrentVersion.targets(5063,5): warning MSB3026: Could not copy "E:\TreadSnow\TreadSnow Github2\ABP9.1.1\framework\src\Volo.Abp.Http\bin\Debug\net9.0\Volo.Abp.Http.dll" to "bin\Debug\net9.0\Volo.Abp.Http.dll". Beginning retry 5 in 1000ms. The process cannot access the file 'E:\TreadSnow\TreadSnow Github2\src\TreadSnow.HttpApi.Host\bin\Debug\net9.0\Volo.Abp.Http.dll' because it is being used by another process. The file is locked by: "TreadSnow.HttpApi.Host (46584)" [E:\TreadSnow\TreadSnow Github2\src\TreadSnow.HttpApi.Host\TreadSnow.HttpApi.Host.csproj]
C:\Program Files\dotnet\sdk\9.0.202\Microsoft.Common.CurrentVersion.targets(5063,5): warning MSB3026: Could not copy "E:\TreadSnow\TreadSnow Github2\ABP9.1.1\modules\identity\src\Volo.Abp.Identity.Application.Contracts\bin\Debug\net9.0\Volo.Abp.Identity.Application.Contracts.dll" to "bin\Debug\net9.0\Volo.Abp.Identity.Application.Contracts.dll". Beginning retry 5 in 1000ms. The process cannot access the file 'E:\TreadSnow\TreadSnow Github2\src\TreadSnow.HttpApi.Host\bin\Debug\net9.0\Volo.Abp.Identity.Application.Contracts.dll' because it is being used by another process. The file is locked by: "TreadSnow.HttpApi.Host (46584)" [E:\TreadSnow\TreadSnow Github2\src\TreadSnow.HttpApi.Host\TreadSnow.HttpApi.Host.csproj]
C:\Program Files\dotnet\sdk\9.0.202\Microsoft.Common.CurrentVersion.targets(5063,5): warning MSB3026: Could not copy "E:\TreadSnow\TreadSnow Github2\ABP9.1.1\framework\src\Volo.Abp.Features\bin\Debug\net9.0\Volo.Abp.Features.dll" to "bin\Debug\net9.0\Volo.Abp.Features.dll". Beginning retry 6 in 1000ms. The process cannot access the file 'E:\TreadSnow\TreadSnow Github2\src\TreadSnow.HttpApi.Host\bin\Debug\net9.0\Volo.Abp.Features.dll' because it is being used by another process. The file is locked by: "TreadSnow.HttpApi.Host (46584)" [E:\TreadSnow\TreadSnow Github2\src\TreadSnow.HttpApi.Host\TreadSnow.HttpApi.Host.csproj]
C:\Program Files\dotnet\sdk\9.0.202\Microsoft.Common.CurrentVersion.targets(5063,5): warning MSB3026: Could not copy "E:\TreadSnow\TreadSnow Github2\ABP9.1.1\framework\src\Volo.Abp.Guids\bin\Debug\net9.0\Volo.Abp.Guids.dll" to "bin\Debug\net9.0\Volo.Abp.Guids.dll". Beginning retry 6 in 1000ms. The process cannot access the file 'E:\TreadSnow\TreadSnow Github2\src\TreadSnow.HttpApi.Host\bin\Debug\net9.0\Volo.Abp.Guids.dll' because it is being used by another process. The file is locked by: "TreadSnow.HttpApi.Host (46584)" [E:\TreadSnow\TreadSnow Github2\src\TreadSnow.HttpApi.Host\TreadSnow.HttpApi.Host.csproj]
C:\Program Files\dotnet\sdk\9.0.202\Microsoft.Common.CurrentVersion.targets(5063,5): warning MSB3026: Could not copy "E:\TreadSnow\TreadSnow Github2\ABP9.1.1\framework\src\Volo.Abp.ExceptionHandling\bin\Debug\net9.0\Volo.Abp.ExceptionHandling.dll" to "bin\Debug\net9.0\Volo.Abp.ExceptionHandling.dll". Beginning retry 7 in 1000ms. The process cannot access the file 'E:\TreadSnow\TreadSnow Github2\src\TreadSnow.HttpApi.Host\bin\Debug\net9.0\Volo.Abp.ExceptionHandling.dll' because it is being used by another process. The file is locked by: "TreadSnow.HttpApi.Host (46584)" [E:\TreadSnow\TreadSnow Github2\src\TreadSnow.HttpApi.Host\TreadSnow.HttpApi.Host.csproj]
C:\Program Files\dotnet\sdk\9.0.202\Microsoft.Common.CurrentVersion.targets(5063,5): warning MSB3026: Could not copy "E:\TreadSnow\TreadSnow Github2\ABP9.1.1\framework\src\Volo.Abp.Http.Abstractions\bin\Debug\net9.0\Volo.Abp.Http.Abstractions.dll" to "bin\Debug\net9.0\Volo.Abp.Http.Abstractions.dll". Beginning retry 6 in 1000ms. The process cannot access the file 'E:\TreadSnow\TreadSnow Github2\src\TreadSnow.HttpApi.Host\bin\Debug\net9.0\Volo.Abp.Http.Abstractions.dll' because it is being used by another process. The file is locked by: "TreadSnow.HttpApi.Host (46584)" [E:\TreadSnow\TreadSnow Github2\src\TreadSnow.HttpApi.Host\TreadSnow.HttpApi.Host.csproj]
C:\Program Files\dotnet\sdk\9.0.202\Microsoft.Common.CurrentVersion.targets(5063,5): warning MSB3026: Could not copy "E:\TreadSnow\TreadSnow Github2\ABP9.1.1\framework\src\Volo.Abp.Http\bin\Debug\net9.0\Volo.Abp.Http.dll" to "bin\Debug\net9.0\Volo.Abp.Http.dll". Beginning retry 6 in 1000ms. The process cannot access the file 'E:\TreadSnow\TreadSnow Github2\src\TreadSnow.HttpApi.Host\bin\Debug\net9.0\Volo.Abp.Http.dll' because it is being used by another process. The file is locked by: "TreadSnow.HttpApi.Host (46584)" [E:\TreadSnow\TreadSnow Github2\src\TreadSnow.HttpApi.Host\TreadSnow.HttpApi.Host.csproj]
C:\Program Files\dotnet\sdk\9.0.202\Microsoft.Common.CurrentVersion.targets(5063,5): warning MSB3026: Could not copy "E:\TreadSnow\TreadSnow Github2\ABP9.1.1\modules\identity\src\Volo.Abp.Identity.Application.Contracts\bin\Debug\net9.0\Volo.Abp.Identity.Application.Contracts.dll" to "bin\Debug\net9.0\Volo.Abp.Identity.Application.Contracts.dll". Beginning retry 6 in 1000ms. The process cannot access the file 'E:\TreadSnow\TreadSnow Github2\src\TreadSnow.HttpApi.Host\bin\Debug\net9.0\Volo.Abp.Identity.Application.Contracts.dll' because it is being used by another process. The file is locked by: "TreadSnow.HttpApi.Host (46584)" [E:\TreadSnow\TreadSnow Github2\src\TreadSnow.HttpApi.Host\TreadSnow.HttpApi.Host.csproj]
C:\Program Files\dotnet\sdk\9.0.202\Microsoft.Common.CurrentVersion.targets(5063,5): warning MSB3026: Could not copy "E:\TreadSnow\TreadSnow Github2\ABP9.1.1\framework\src\Volo.Abp.Features\bin\Debug\net9.0\Volo.Abp.Features.dll" to "bin\Debug\net9.0\Volo.Abp.Features.dll". Beginning retry 7 in 1000ms. The process cannot access the file 'E:\TreadSnow\TreadSnow Github2\src\TreadSnow.HttpApi.Host\bin\Debug\net9.0\Volo.Abp.Features.dll' because it is being used by another process. The file is locked by: "TreadSnow.HttpApi.Host (46584)" [E:\TreadSnow\TreadSnow Github2\src\TreadSnow.HttpApi.Host\TreadSnow.HttpApi.Host.csproj]
C:\Program Files\dotnet\sdk\9.0.202\Microsoft.Common.CurrentVersion.targets(5063,5): warning MSB3026: Could not copy "E:\TreadSnow\TreadSnow Github2\ABP9.1.1\framework\src\Volo.Abp.Guids\bin\Debug\net9.0\Volo.Abp.Guids.dll" to "bin\Debug\net9.0\Volo.Abp.Guids.dll". Beginning retry 7 in 1000ms. The process cannot access the file 'E:\TreadSnow\TreadSnow Github2\src\TreadSnow.HttpApi.Host\bin\Debug\net9.0\Volo.Abp.Guids.dll' because it is being used by another process. The file is locked by: "TreadSnow.HttpApi.Host (46584)" [E:\TreadSnow\TreadSnow Github2\src\TreadSnow.HttpApi.Host\TreadSnow.HttpApi.Host.csproj]
C:\Program Files\dotnet\sdk\9.0.202\Microsoft.Common.CurrentVersion.targets(5063,5): warning MSB3026: Could not copy "E:\TreadSnow\TreadSnow Github2\ABP9.1.1\framework\src\Volo.Abp.ExceptionHandling\bin\Debug\net9.0\Volo.Abp.ExceptionHandling.dll" to "bin\Debug\net9.0\Volo.Abp.ExceptionHandling.dll". Beginning retry 8 in 1000ms. The process cannot access the file 'E:\TreadSnow\TreadSnow Github2\src\TreadSnow.HttpApi.Host\bin\Debug\net9.0\Volo.Abp.ExceptionHandling.dll' because it is being used by another process. The file is locked by: "TreadSnow.HttpApi.Host (46584)" [E:\TreadSnow\TreadSnow Github2\src\TreadSnow.HttpApi.Host\TreadSnow.HttpApi.Host.csproj]
C:\Program Files\dotnet\sdk\9.0.202\Microsoft.Common.CurrentVersion.targets(5063,5): warning MSB3026: Could not copy "E:\TreadSnow\TreadSnow Github2\ABP9.1.1\framework\src\Volo.Abp.Http.Abstractions\bin\Debug\net9.0\Volo.Abp.Http.Abstractions.dll" to "bin\Debug\net9.0\Volo.Abp.Http.Abstractions.dll". Beginning retry 7 in 1000ms. The process cannot access the file 'E:\TreadSnow\TreadSnow Github2\src\TreadSnow.HttpApi.Host\bin\Debug\net9.0\Volo.Abp.Http.Abstractions.dll' because it is being used by another process. The file is locked by: "TreadSnow.HttpApi.Host (46584)" [E:\TreadSnow\TreadSnow Github2\src\TreadSnow.HttpApi.Host\TreadSnow.HttpApi.Host.csproj]
C:\Program Files\dotnet\sdk\9.0.202\Microsoft.Common.CurrentVersion.targets(5063,5): warning MSB3026: Could not copy "E:\TreadSnow\TreadSnow Github2\ABP9.1.1\framework\src\Volo.Abp.Http\bin\Debug\net9.0\Volo.Abp.Http.dll" to "bin\Debug\net9.0\Volo.Abp.Http.dll". Beginning retry 7 in 1000ms. The process cannot access the file 'E:\TreadSnow\TreadSnow Github2\src\TreadSnow.HttpApi.Host\bin\Debug\net9.0\Volo.Abp.Http.dll' because it is being used by another process. The file is locked by: "TreadSnow.HttpApi.Host (46584)" [E:\TreadSnow\TreadSnow Github2\src\TreadSnow.HttpApi.Host\TreadSnow.HttpApi.Host.csproj]
C:\Program Files\dotnet\sdk\9.0.202\Microsoft.Common.CurrentVersion.targets(5063,5): warning MSB3026: Could not copy "E:\TreadSnow\TreadSnow Github2\ABP9.1.1\modules\identity\src\Volo.Abp.Identity.Application.Contracts\bin\Debug\net9.0\Volo.Abp.Identity.Application.Contracts.dll" to "bin\Debug\net9.0\Volo.Abp.Identity.Application.Contracts.dll". Beginning retry 7 in 1000ms. The process cannot access the file 'E:\TreadSnow\TreadSnow Github2\src\TreadSnow.HttpApi.Host\bin\Debug\net9.0\Volo.Abp.Identity.Application.Contracts.dll' because it is being used by another process. The file is locked by: "TreadSnow.HttpApi.Host (46584)" [E:\TreadSnow\TreadSnow Github2\src\TreadSnow.HttpApi.Host\TreadSnow.HttpApi.Host.csproj]
C:\Program Files\dotnet\sdk\9.0.202\Microsoft.Common.CurrentVersion.targets(5063,5): warning MSB3026: Could not copy "E:\TreadSnow\TreadSnow Github2\ABP9.1.1\framework\src\Volo.Abp.Features\bin\Debug\net9.0\Volo.Abp.Features.dll" to "bin\Debug\net9.0\Volo.Abp.Features.dll". Beginning retry 8 in 1000ms. The process cannot access the file 'E:\TreadSnow\TreadSnow Github2\src\TreadSnow.HttpApi.Host\bin\Debug\net9.0\Volo.Abp.Features.dll' because it is being used by another process. The file is locked by: "TreadSnow.HttpApi.Host (46584)" [E:\TreadSnow\TreadSnow Github2\src\TreadSnow.HttpApi.Host\TreadSnow.HttpApi.Host.csproj]
C:\Program Files\dotnet\sdk\9.0.202\Microsoft.Common.CurrentVersion.targets(5063,5): warning MSB3026: Could not copy "E:\TreadSnow\TreadSnow Github2\ABP9.1.1\framework\src\Volo.Abp.Guids\bin\Debug\net9.0\Volo.Abp.Guids.dll" to "bin\Debug\net9.0\Volo.Abp.Guids.dll". Beginning retry 8 in 1000ms. The process cannot access the file 'E:\TreadSnow\TreadSnow Github2\src\TreadSnow.HttpApi.Host\bin\Debug\net9.0\Volo.Abp.Guids.dll' because it is being used by another process. The file is locked by: "TreadSnow.HttpApi.Host (46584)" [E:\TreadSnow\TreadSnow Github2\src\TreadSnow.HttpApi.Host\TreadSnow.HttpApi.Host.csproj]
C:\Program Files\dotnet\sdk\9.0.202\Microsoft.Common.CurrentVersion.targets(5063,5): warning MSB3026: Could not copy "E:\TreadSnow\TreadSnow Github2\ABP9.1.1\framework\src\Volo.Abp.ExceptionHandling\bin\Debug\net9.0\Volo.Abp.ExceptionHandling.dll" to "bin\Debug\net9.0\Volo.Abp.ExceptionHandling.dll". Beginning retry 9 in 1000ms. The process cannot access the file 'E:\TreadSnow\TreadSnow Github2\src\TreadSnow.HttpApi.Host\bin\Debug\net9.0\Volo.Abp.ExceptionHandling.dll' because it is being used by another process. The file is locked by: "TreadSnow.HttpApi.Host (46584)" [E:\TreadSnow\TreadSnow Github2\src\TreadSnow.HttpApi.Host\TreadSnow.HttpApi.Host.csproj]
C:\Program Files\dotnet\sdk\9.0.202\Microsoft.Common.CurrentVersion.targets(5063,5): warning MSB3026: Could not copy "E:\TreadSnow\TreadSnow Github2\ABP9.1.1\framework\src\Volo.Abp.Http.Abstractions\bin\Debug\net9.0\Volo.Abp.Http.Abstractions.dll" to "bin\Debug\net9.0\Volo.Abp.Http.Abstractions.dll". Beginning retry 8 in 1000ms. The process cannot access the file 'E:\TreadSnow\TreadSnow Github2\src\TreadSnow.HttpApi.Host\bin\Debug\net9.0\Volo.Abp.Http.Abstractions.dll' because it is being used by another process. The file is locked by: "TreadSnow.HttpApi.Host (46584)" [E:\TreadSnow\TreadSnow Github2\src\TreadSnow.HttpApi.Host\TreadSnow.HttpApi.Host.csproj]
C:\Program Files\dotnet\sdk\9.0.202\Microsoft.Common.CurrentVersion.targets(5063,5): warning MSB3026: Could not copy "E:\TreadSnow\TreadSnow Github2\ABP9.1.1\framework\src\Volo.Abp.Http\bin\Debug\net9.0\Volo.Abp.Http.dll" to "bin\Debug\net9.0\Volo.Abp.Http.dll". Beginning retry 8 in 1000ms. The process cannot access the file 'E:\TreadSnow\TreadSnow Github2\src\TreadSnow.HttpApi.Host\bin\Debug\net9.0\Volo.Abp.Http.dll' because it is being used by another process. The file is locked by: "TreadSnow.HttpApi.Host (46584)" [E:\TreadSnow\TreadSnow Github2\src\TreadSnow.HttpApi.Host\TreadSnow.HttpApi.Host.csproj]
C:\Program Files\dotnet\sdk\9.0.202\Microsoft.Common.CurrentVersion.targets(5063,5): warning MSB3026: Could not copy "E:\TreadSnow\TreadSnow Github2\ABP9.1.1\framework\src\Volo.Abp.Features\bin\Debug\net9.0\Volo.Abp.Features.dll" to "bin\Debug\net9.0\Volo.Abp.Features.dll". Beginning retry 9 in 1000ms. The process cannot access the file 'E:\TreadSnow\TreadSnow Github2\src\TreadSnow.HttpApi.Host\bin\Debug\net9.0\Volo.Abp.Features.dll' because it is being used by another process. The file is locked by: "TreadSnow.HttpApi.Host (46584)" [E:\TreadSnow\TreadSnow Github2\src\TreadSnow.HttpApi.Host\TreadSnow.HttpApi.Host.csproj]
C:\Program Files\dotnet\sdk\9.0.202\Microsoft.Common.CurrentVersion.targets(5063,5): warning MSB3026: Could not copy "E:\TreadSnow\TreadSnow Github2\ABP9.1.1\modules\identity\src\Volo.Abp.Identity.Application.Contracts\bin\Debug\net9.0\Volo.Abp.Identity.Application.Contracts.dll" to "bin\Debug\net9.0\Volo.Abp.Identity.Application.Contracts.dll". Beginning retry 8 in 1000ms. The process cannot access the file 'E:\TreadSnow\TreadSnow Github2\src\TreadSnow.HttpApi.Host\bin\Debug\net9.0\Volo.Abp.Identity.Application.Contracts.dll' because it is being used by another process. The file is locked by: "TreadSnow.HttpApi.Host (46584)" [E:\TreadSnow\TreadSnow Github2\src\TreadSnow.HttpApi.Host\TreadSnow.HttpApi.Host.csproj]
C:\Program Files\dotnet\sdk\9.0.202\Microsoft.Common.CurrentVersion.targets(5063,5): warning MSB3026: Could not copy "E:\TreadSnow\TreadSnow Github2\ABP9.1.1\framework\src\Volo.Abp.Guids\bin\Debug\net9.0\Volo.Abp.Guids.dll" to "bin\Debug\net9.0\Volo.Abp.Guids.dll". Beginning retry 9 in 1000ms. The process cannot access the file 'E:\TreadSnow\TreadSnow Github2\src\TreadSnow.HttpApi.Host\bin\Debug\net9.0\Volo.Abp.Guids.dll' because it is being used by another process. The file is locked by: "TreadSnow.HttpApi.Host (46584)" [E:\TreadSnow\TreadSnow Github2\src\TreadSnow.HttpApi.Host\TreadSnow.HttpApi.Host.csproj]
C:\Program Files\dotnet\sdk\9.0.202\Microsoft.Common.CurrentVersion.targets(5063,5): warning MSB3026: Could not copy "E:\TreadSnow\TreadSnow Github2\ABP9.1.1\framework\src\Volo.Abp.ExceptionHandling\bin\Debug\net9.0\Volo.Abp.ExceptionHandling.dll" to "bin\Debug\net9.0\Volo.Abp.ExceptionHandling.dll". Beginning retry 10 in 1000ms. The process cannot access the file 'E:\TreadSnow\TreadSnow Github2\src\TreadSnow.HttpApi.Host\bin\Debug\net9.0\Volo.Abp.ExceptionHandling.dll' because it is being used by another process. The file is locked by: "TreadSnow.HttpApi.Host (46584)" [E:\TreadSnow\TreadSnow Github2\src\TreadSnow.HttpApi.Host\TreadSnow.HttpApi.Host.csproj]
C:\Program Files\dotnet\sdk\9.0.202\Microsoft.Common.CurrentVersion.targets(5063,5): warning MSB3026: Could not copy "E:\TreadSnow\TreadSnow Github2\ABP9.1.1\framework\src\Volo.Abp.Http.Abstractions\bin\Debug\net9.0\Volo.Abp.Http.Abstractions.dll" to "bin\Debug\net9.0\Volo.Abp.Http.Abstractions.dll". Beginning retry 9 in 1000ms. The process cannot access the file 'E:\TreadSnow\TreadSnow Github2\src\TreadSnow.HttpApi.Host\bin\Debug\net9.0\Volo.Abp.Http.Abstractions.dll' because it is being used by another process. The file is locked by: "TreadSnow.HttpApi.Host (46584)" [E:\TreadSnow\TreadSnow Github2\src\TreadSnow.HttpApi.Host\TreadSnow.HttpApi.Host.csproj]
C:\Program Files\dotnet\sdk\9.0.202\Microsoft.Common.CurrentVersion.targets(5063,5): warning MSB3026: Could not copy "E:\TreadSnow\TreadSnow Github2\ABP9.1.1\framework\src\Volo.Abp.Http\bin\Debug\net9.0\Volo.Abp.Http.dll" to "bin\Debug\net9.0\Volo.Abp.Http.dll". Beginning retry 9 in 1000ms. The process cannot access the file 'E:\TreadSnow\TreadSnow Github2\src\TreadSnow.HttpApi.Host\bin\Debug\net9.0\Volo.Abp.Http.dll' because it is being used by another process. The file is locked by: "TreadSnow.HttpApi.Host (46584)" [E:\TreadSnow\TreadSnow Github2\src\TreadSnow.HttpApi.Host\TreadSnow.HttpApi.Host.csproj]
C:\Program Files\dotnet\sdk\9.0.202\Microsoft.Common.CurrentVersion.targets(5063,5): warning MSB3026: Could not copy "E:\TreadSnow\TreadSnow Github2\ABP9.1.1\framework\src\Volo.Abp.Features\bin\Debug\net9.0\Volo.Abp.Features.dll" to "bin\Debug\net9.0\Volo.Abp.Features.dll". Beginning retry 10 in 1000ms. The process cannot access the file 'E:\TreadSnow\TreadSnow Github2\src\TreadSnow.HttpApi.Host\bin\Debug\net9.0\Volo.Abp.Features.dll' because it is being used by another process. The file is locked by: "TreadSnow.HttpApi.Host (46584)" [E:\TreadSnow\TreadSnow Github2\src\TreadSnow.HttpApi.Host\TreadSnow.HttpApi.Host.csproj]
C:\Program Files\dotnet\sdk\9.0.202\Microsoft.Common.CurrentVersion.targets(5063,5): warning MSB3026: Could not copy "E:\TreadSnow\TreadSnow Github2\ABP9.1.1\modules\identity\src\Volo.Abp.Identity.Application.Contracts\bin\Debug\net9.0\Volo.Abp.Identity.Application.Contracts.dll" to "bin\Debug\net9.0\Volo.Abp.Identity.Application.Contracts.dll". Beginning retry 9 in 1000ms. The process cannot access the file 'E:\TreadSnow\TreadSnow Github2\src\TreadSnow.HttpApi.Host\bin\Debug\net9.0\Volo.Abp.Identity.Application.Contracts.dll' because it is being used by another process. The file is locked by: "TreadSnow.HttpApi.Host (46584)" [E:\TreadSnow\TreadSnow Github2\src\TreadSnow.HttpApi.Host\TreadSnow.HttpApi.Host.csproj]
C:\Program Files\dotnet\sdk\9.0.202\Microsoft.Common.CurrentVersion.targets(5063,5): warning MSB3026: Could not copy "E:\TreadSnow\TreadSnow Github2\ABP9.1.1\framework\src\Volo.Abp.Guids\bin\Debug\net9.0\Volo.Abp.Guids.dll" to "bin\Debug\net9.0\Volo.Abp.Guids.dll". Beginning retry 10 in 1000ms. The process cannot access the file 'E:\TreadSnow\TreadSnow Github2\src\TreadSnow.HttpApi.Host\bin\Debug\net9.0\Volo.Abp.Guids.dll' because it is being used by another process. The file is locked by: "TreadSnow.HttpApi.Host (46584)" [E:\TreadSnow\TreadSnow Github2\src\TreadSnow.HttpApi.Host\TreadSnow.HttpApi.Host.csproj]
C:\Program Files\dotnet\sdk\9.0.202\Microsoft.Common.CurrentVersion.targets(5063,5): warning MSB3026: Could not copy "E:\TreadSnow\TreadSnow Github2\ABP9.1.1\framework\src\Volo.Abp.Http.Abstractions\bin\Debug\net9.0\Volo.Abp.Http.Abstractions.dll" to "bin\Debug\net9.0\Volo.Abp.Http.Abstractions.dll". Beginning retry 10 in 1000ms. The process cannot access the file 'E:\TreadSnow\TreadSnow Github2\src\TreadSnow.HttpApi.Host\bin\Debug\net9.0\Volo.Abp.Http.Abstractions.dll' because it is being used by another process. The file is locked by: "TreadSnow.HttpApi.Host (46584)" [E:\TreadSnow\TreadSnow Github2\src\TreadSnow.HttpApi.Host\TreadSnow.HttpApi.Host.csproj]
C:\Program Files\dotnet\sdk\9.0.202\Microsoft.Common.CurrentVersion.targets(5063,5): warning MSB3026: Could not copy "E:\TreadSnow\TreadSnow Github2\ABP9.1.1\modules\identity\src\Volo.Abp.Identity.Application\bin\Debug\net9.0\Volo.Abp.Identity.Application.dll" to "bin\Debug\net9.0\Volo.Abp.Identity.Application.dll". Beginning retry 1 in 1000ms. The process cannot access the file 'E:\TreadSnow\TreadSnow Github2\src\TreadSnow.HttpApi.Host\bin\Debug\net9.0\Volo.Abp.Identity.Application.dll' because it is being used by another process. The file is locked by: "TreadSnow.HttpApi.Host (46584)" [E:\TreadSnow\TreadSnow Github2\src\TreadSnow.HttpApi.Host\TreadSnow.HttpApi.Host.csproj]
C:\Program Files\dotnet\sdk\9.0.202\Microsoft.Common.CurrentVersion.targets(5063,5): warning MSB3026: Could not copy "E:\TreadSnow\TreadSnow Github2\ABP9.1.1\framework\src\Volo.Abp.Http\bin\Debug\net9.0\Volo.Abp.Http.dll" to "bin\Debug\net9.0\Volo.Abp.Http.dll". Beginning retry 10 in 1000ms. The process cannot access the file 'E:\TreadSnow\TreadSnow Github2\src\TreadSnow.HttpApi.Host\bin\Debug\net9.0\Volo.Abp.Http.dll' because it is being used by another process. The file is locked by: "TreadSnow.HttpApi.Host (46584)" [E:\TreadSnow\TreadSnow Github2\src\TreadSnow.HttpApi.Host\TreadSnow.HttpApi.Host.csproj]
C:\Program Files\dotnet\sdk\9.0.202\Microsoft.Common.CurrentVersion.targets(5063,5): warning MSB3026: Could not copy "E:\TreadSnow\TreadSnow Github2\ABP9.1.1\modules\identity\src\Volo.Abp.Identity.Application.Contracts\bin\Debug\net9.0\Volo.Abp.Identity.Application.Contracts.dll" to "bin\Debug\net9.0\Volo.Abp.Identity.Application.Contracts.dll". Beginning retry 10 in 1000ms. The process cannot access the file 'E:\TreadSnow\TreadSnow Github2\src\TreadSnow.HttpApi.Host\bin\Debug\net9.0\Volo.Abp.Identity.Application.Contracts.dll' because it is being used by another process. The file is locked by: "TreadSnow.HttpApi.Host (46584)" [E:\TreadSnow\TreadSnow Github2\src\TreadSnow.HttpApi.Host\TreadSnow.HttpApi.Host.csproj]
C:\Program Files\dotnet\sdk\9.0.202\Microsoft.Common.CurrentVersion.targets(5063,5): warning MSB3026: Could not copy "E:\TreadSnow\TreadSnow Github2\ABP9.1.1\modules\identity\src\Volo.Abp.Identity.AspNetCore\bin\Debug\net9.0\Volo.Abp.Identity.AspNetCore.dll" to "bin\Debug\net9.0\Volo.Abp.Identity.AspNetCore.dll". Beginning retry 1 in 1000ms. The process cannot access the file 'E:\TreadSnow\TreadSnow Github2\src\TreadSnow.HttpApi.Host\bin\Debug\net9.0\Volo.Abp.Identity.AspNetCore.dll' because it is being used by another process. The file is locked by: "TreadSnow.HttpApi.Host (46584)" [E:\TreadSnow\TreadSnow Github2\src\TreadSnow.HttpApi.Host\TreadSnow.HttpApi.Host.csproj]
C:\Program Files\dotnet\sdk\9.0.202\Microsoft.Common.CurrentVersion.targets(5063,5): warning MSB3026: Could not copy "E:\TreadSnow\TreadSnow Github2\ABP9.1.1\modules\identity\src\Volo.Abp.Identity.Domain\bin\Debug\net9.0\Volo.Abp.Identity.Domain.dll" to "bin\Debug\net9.0\Volo.Abp.Identity.Domain.dll". Beginning retry 1 in 1000ms. The process cannot access the file 'E:\TreadSnow\TreadSnow Github2\src\TreadSnow.HttpApi.Host\bin\Debug\net9.0\Volo.Abp.Identity.Domain.dll' because it is being used by another process. The file is locked by: "TreadSnow.HttpApi.Host (46584)" [E:\TreadSnow\TreadSnow Github2\src\TreadSnow.HttpApi.Host\TreadSnow.HttpApi.Host.csproj]
C:\Program Files\dotnet\sdk\9.0.202\Microsoft.Common.CurrentVersion.targets(5063,5): warning MSB3026: Could not copy "E:\TreadSnow\TreadSnow Github2\ABP9.1.1\modules\identity\src\Volo.Abp.Identity.Application\bin\Debug\net9.0\Volo.Abp.Identity.Application.dll" to "bin\Debug\net9.0\Volo.Abp.Identity.Application.dll". Beginning retry 2 in 1000ms. The process cannot access the file 'E:\TreadSnow\TreadSnow Github2\src\TreadSnow.HttpApi.Host\bin\Debug\net9.0\Volo.Abp.Identity.Application.dll' because it is being used by another process. The file is locked by: "TreadSnow.HttpApi.Host (46584)" [E:\TreadSnow\TreadSnow Github2\src\TreadSnow.HttpApi.Host\TreadSnow.HttpApi.Host.csproj]
C:\Program Files\dotnet\sdk\9.0.202\Microsoft.Common.CurrentVersion.targets(5063,5): warning MSB3026: Could not copy "E:\TreadSnow\TreadSnow Github2\ABP9.1.1\modules\identity\src\Volo.Abp.Identity.Domain.Shared\bin\Debug\net9.0\Volo.Abp.Identity.Domain.Shared.dll" to "bin\Debug\net9.0\Volo.Abp.Identity.Domain.Shared.dll". Beginning retry 1 in 1000ms. The process cannot access the file 'E:\TreadSnow\TreadSnow Github2\src\TreadSnow.HttpApi.Host\bin\Debug\net9.0\Volo.Abp.Identity.Domain.Shared.dll' because it is being used by another process. The file is locked by: "TreadSnow.HttpApi.Host (46584)" [E:\TreadSnow\TreadSnow Github2\src\TreadSnow.HttpApi.Host\TreadSnow.HttpApi.Host.csproj]
C:\Program Files\dotnet\sdk\9.0.202\Microsoft.Common.CurrentVersion.targets(5063,5): warning MSB3026: Could not copy "E:\TreadSnow\TreadSnow Github2\ABP9.1.1\modules\identity\src\Volo.Abp.Identity.EntityFrameworkCore\bin\Debug\net9.0\Volo.Abp.Identity.EntityFrameworkCore.dll" to "bin\Debug\net9.0\Volo.Abp.Identity.EntityFrameworkCore.dll". Beginning retry 1 in 1000ms. The process cannot access the file 'E:\TreadSnow\TreadSnow Github2\src\TreadSnow.HttpApi.Host\bin\Debug\net9.0\Volo.Abp.Identity.EntityFrameworkCore.dll' because it is being used by another process. The file is locked by: "TreadSnow.HttpApi.Host (46584)" [E:\TreadSnow\TreadSnow Github2\src\TreadSnow.HttpApi.Host\TreadSnow.HttpApi.Host.csproj]
C:\Program Files\dotnet\sdk\9.0.202\Microsoft.Common.CurrentVersion.targets(5063,5): warning MSB3026: Could not copy "E:\TreadSnow\TreadSnow Github2\ABP9.1.1\modules\identity\src\Volo.Abp.Identity.AspNetCore\bin\Debug\net9.0\Volo.Abp.Identity.AspNetCore.dll" to "bin\Debug\net9.0\Volo.Abp.Identity.AspNetCore.dll". Beginning retry 2 in 1000ms. The process cannot access the file 'E:\TreadSnow\TreadSnow Github2\src\TreadSnow.HttpApi.Host\bin\Debug\net9.0\Volo.Abp.Identity.AspNetCore.dll' because it is being used by another process. The file is locked by: "TreadSnow.HttpApi.Host (46584)" [E:\TreadSnow\TreadSnow Github2\src\TreadSnow.HttpApi.Host\TreadSnow.HttpApi.Host.csproj]
C:\Program Files\dotnet\sdk\9.0.202\Microsoft.Common.CurrentVersion.targets(5063,5): warning MSB3026: Could not copy "E:\TreadSnow\TreadSnow Github2\ABP9.1.1\modules\identity\src\Volo.Abp.Identity.HttpApi\bin\Debug\net9.0\Volo.Abp.Identity.HttpApi.dll" to "bin\Debug\net9.0\Volo.Abp.Identity.HttpApi.dll". Beginning retry 1 in 1000ms. The process cannot access the file 'E:\TreadSnow\TreadSnow Github2\src\TreadSnow.HttpApi.Host\bin\Debug\net9.0\Volo.Abp.Identity.HttpApi.dll' because it is being used by another process. The file is locked by: "TreadSnow.HttpApi.Host (46584)" [E:\TreadSnow\TreadSnow Github2\src\TreadSnow.HttpApi.Host\TreadSnow.HttpApi.Host.csproj]
C:\Program Files\dotnet\sdk\9.0.202\Microsoft.Common.CurrentVersion.targets(5063,5): warning MSB3026: Could not copy "E:\TreadSnow\TreadSnow Github2\ABP9.1.1\modules\identity\src\Volo.Abp.Identity.Domain\bin\Debug\net9.0\Volo.Abp.Identity.Domain.dll" to "bin\Debug\net9.0\Volo.Abp.Identity.Domain.dll". Beginning retry 2 in 1000ms. The process cannot access the file 'E:\TreadSnow\TreadSnow Github2\src\TreadSnow.HttpApi.Host\bin\Debug\net9.0\Volo.Abp.Identity.Domain.dll' because it is being used by another process. The file is locked by: "TreadSnow.HttpApi.Host (46584)" [E:\TreadSnow\TreadSnow Github2\src\TreadSnow.HttpApi.Host\TreadSnow.HttpApi.Host.csproj]
C:\Program Files\dotnet\sdk\9.0.202\Microsoft.Common.CurrentVersion.targets(5063,5): warning MSB3026: Could not copy "E:\TreadSnow\TreadSnow Github2\ABP9.1.1\modules\identity\src\Volo.Abp.Identity.Application\bin\Debug\net9.0\Volo.Abp.Identity.Application.dll" to "bin\Debug\net9.0\Volo.Abp.Identity.Application.dll". Beginning retry 3 in 1000ms. The process cannot access the file 'E:\TreadSnow\TreadSnow Github2\src\TreadSnow.HttpApi.Host\bin\Debug\net9.0\Volo.Abp.Identity.Application.dll' because it is being used by another process. The file is locked by: "TreadSnow.HttpApi.Host (46584)" [E:\TreadSnow\TreadSnow Github2\src\TreadSnow.HttpApi.Host\TreadSnow.HttpApi.Host.csproj]
C:\Program Files\dotnet\sdk\9.0.202\Microsoft.Common.CurrentVersion.targets(5063,5): warning MSB3026: Could not copy "E:\TreadSnow\TreadSnow Github2\ABP9.1.1\modules\identity\src\Volo.Abp.Identity.Domain.Shared\bin\Debug\net9.0\Volo.Abp.Identity.Domain.Shared.dll" to "bin\Debug\net9.0\Volo.Abp.Identity.Domain.Shared.dll". Beginning retry 2 in 1000ms. The process cannot access the file 'E:\TreadSnow\TreadSnow Github2\src\TreadSnow.HttpApi.Host\bin\Debug\net9.0\Volo.Abp.Identity.Domain.Shared.dll' because it is being used by another process. The file is locked by: "TreadSnow.HttpApi.Host (46584)" [E:\TreadSnow\TreadSnow Github2\src\TreadSnow.HttpApi.Host\TreadSnow.HttpApi.Host.csproj]
C:\Program Files\dotnet\sdk\9.0.202\Microsoft.Common.CurrentVersion.targets(5063,5): warning MSB3026: Could not copy "E:\TreadSnow\TreadSnow Github2\ABP9.1.1\modules\identity\src\Volo.Abp.Identity.EntityFrameworkCore\bin\Debug\net9.0\Volo.Abp.Identity.EntityFrameworkCore.dll" to "bin\Debug\net9.0\Volo.Abp.Identity.EntityFrameworkCore.dll". Beginning retry 2 in 1000ms. The process cannot access the file 'E:\TreadSnow\TreadSnow Github2\src\TreadSnow.HttpApi.Host\bin\Debug\net9.0\Volo.Abp.Identity.EntityFrameworkCore.dll' because it is being used by another process. The file is locked by: "TreadSnow.HttpApi.Host (46584)" [E:\TreadSnow\TreadSnow Github2\src\TreadSnow.HttpApi.Host\TreadSnow.HttpApi.Host.csproj]
C:\Program Files\dotnet\sdk\9.0.202\Microsoft.Common.CurrentVersion.targets(5063,5): warning MSB3026: Could not copy "E:\TreadSnow\TreadSnow Github2\ABP9.1.1\modules\identity\src\Volo.Abp.Identity.AspNetCore\bin\Debug\net9.0\Volo.Abp.Identity.AspNetCore.dll" to "bin\Debug\net9.0\Volo.Abp.Identity.AspNetCore.dll". Beginning retry 3 in 1000ms. The process cannot access the file 'E:\TreadSnow\TreadSnow Github2\src\TreadSnow.HttpApi.Host\bin\Debug\net9.0\Volo.Abp.Identity.AspNetCore.dll' because it is being used by another process. The file is locked by: "TreadSnow.HttpApi.Host (46584)" [E:\TreadSnow\TreadSnow Github2\src\TreadSnow.HttpApi.Host\TreadSnow.HttpApi.Host.csproj]
C:\Program Files\dotnet\sdk\9.0.202\Microsoft.Common.CurrentVersion.targets(5063,5): warning MSB3026: Could not copy "E:\TreadSnow\TreadSnow Github2\ABP9.1.1\modules\identity\src\Volo.Abp.Identity.HttpApi\bin\Debug\net9.0\Volo.Abp.Identity.HttpApi.dll" to "bin\Debug\net9.0\Volo.Abp.Identity.HttpApi.dll". Beginning retry 2 in 1000ms. The process cannot access the file 'E:\TreadSnow\TreadSnow Github2\src\TreadSnow.HttpApi.Host\bin\Debug\net9.0\Volo.Abp.Identity.HttpApi.dll' because it is being used by another process. The file is locked by: "TreadSnow.HttpApi.Host (46584)" [E:\TreadSnow\TreadSnow Github2\src\TreadSnow.HttpApi.Host\TreadSnow.HttpApi.Host.csproj]
C:\Program Files\dotnet\sdk\9.0.202\Microsoft.Common.CurrentVersion.targets(5063,5): warning MSB3026: Could not copy "E:\TreadSnow\TreadSnow Github2\ABP9.1.1\modules\identity\src\Volo.Abp.Identity.Domain\bin\Debug\net9.0\Volo.Abp.Identity.Domain.dll" to "bin\Debug\net9.0\Volo.Abp.Identity.Domain.dll". Beginning retry 3 in 1000ms. The process cannot access the file 'E:\TreadSnow\TreadSnow Github2\src\TreadSnow.HttpApi.Host\bin\Debug\net9.0\Volo.Abp.Identity.Domain.dll' because it is being used by another process. The file is locked by: "TreadSnow.HttpApi.Host (46584)" [E:\TreadSnow\TreadSnow Github2\src\TreadSnow.HttpApi.Host\TreadSnow.HttpApi.Host.csproj]
C:\Program Files\dotnet\sdk\9.0.202\Microsoft.Common.CurrentVersion.targets(5063,5): warning MSB3026: Could not copy "E:\TreadSnow\TreadSnow Github2\ABP9.1.1\modules\identity\src\Volo.Abp.Identity.Application\bin\Debug\net9.0\Volo.Abp.Identity.Application.dll" to "bin\Debug\net9.0\Volo.Abp.Identity.Application.dll". Beginning retry 4 in 1000ms. The process cannot access the file 'E:\TreadSnow\TreadSnow Github2\src\TreadSnow.HttpApi.Host\bin\Debug\net9.0\Volo.Abp.Identity.Application.dll' because it is being used by another process. The file is locked by: "TreadSnow.HttpApi.Host (46584)" [E:\TreadSnow\TreadSnow Github2\src\TreadSnow.HttpApi.Host\TreadSnow.HttpApi.Host.csproj]
C:\Program Files\dotnet\sdk\9.0.202\Microsoft.Common.CurrentVersion.targets(5063,5): warning MSB3026: Could not copy "E:\TreadSnow\TreadSnow Github2\ABP9.1.1\modules\identity\src\Volo.Abp.Identity.Domain.Shared\bin\Debug\net9.0\Volo.Abp.Identity.Domain.Shared.dll" to "bin\Debug\net9.0\Volo.Abp.Identity.Domain.Shared.dll". Beginning retry 3 in 1000ms. The process cannot access the file 'E:\TreadSnow\TreadSnow Github2\src\TreadSnow.HttpApi.Host\bin\Debug\net9.0\Volo.Abp.Identity.Domain.Shared.dll' because it is being used by another process. The file is locked by: "TreadSnow.HttpApi.Host (46584)" [E:\TreadSnow\TreadSnow Github2\src\TreadSnow.HttpApi.Host\TreadSnow.HttpApi.Host.csproj]
C:\Program Files\dotnet\sdk\9.0.202\Microsoft.Common.CurrentVersion.targets(5063,5): warning MSB3026: Could not copy "E:\TreadSnow\TreadSnow Github2\ABP9.1.1\modules\identity\src\Volo.Abp.Identity.EntityFrameworkCore\bin\Debug\net9.0\Volo.Abp.Identity.EntityFrameworkCore.dll" to "bin\Debug\net9.0\Volo.Abp.Identity.EntityFrameworkCore.dll". Beginning retry 3 in 1000ms. The process cannot access the file 'E:\TreadSnow\TreadSnow Github2\src\TreadSnow.HttpApi.Host\bin\Debug\net9.0\Volo.Abp.Identity.EntityFrameworkCore.dll' because it is being used by another process. The file is locked by: "TreadSnow.HttpApi.Host (46584)" [E:\TreadSnow\TreadSnow Github2\src\TreadSnow.HttpApi.Host\TreadSnow.HttpApi.Host.csproj]
C:\Program Files\dotnet\sdk\9.0.202\Microsoft.Common.CurrentVersion.targets(5063,5): warning MSB3026: Could not copy "E:\TreadSnow\TreadSnow Github2\ABP9.1.1\modules\identity\src\Volo.Abp.Identity.AspNetCore\bin\Debug\net9.0\Volo.Abp.Identity.AspNetCore.dll" to "bin\Debug\net9.0\Volo.Abp.Identity.AspNetCore.dll". Beginning retry 4 in 1000ms. The process cannot access the file 'E:\TreadSnow\TreadSnow Github2\src\TreadSnow.HttpApi.Host\bin\Debug\net9.0\Volo.Abp.Identity.AspNetCore.dll' because it is being used by another process. The file is locked by: "TreadSnow.HttpApi.Host (46584)" [E:\TreadSnow\TreadSnow Github2\src\TreadSnow.HttpApi.Host\TreadSnow.HttpApi.Host.csproj]
C:\Program Files\dotnet\sdk\9.0.202\Microsoft.Common.CurrentVersion.targets(5063,5): warning MSB3026: Could not copy "E:\TreadSnow\TreadSnow Github2\ABP9.1.1\modules\identity\src\Volo.Abp.Identity.HttpApi\bin\Debug\net9.0\Volo.Abp.Identity.HttpApi.dll" to "bin\Debug\net9.0\Volo.Abp.Identity.HttpApi.dll". Beginning retry 3 in 1000ms. The process cannot access the file 'E:\TreadSnow\TreadSnow Github2\src\TreadSnow.HttpApi.Host\bin\Debug\net9.0\Volo.Abp.Identity.HttpApi.dll' because it is being used by another process. The file is locked by: "TreadSnow.HttpApi.Host (46584)" [E:\TreadSnow\TreadSnow Github2\src\TreadSnow.HttpApi.Host\TreadSnow.HttpApi.Host.csproj]
C:\Program Files\dotnet\sdk\9.0.202\Microsoft.Common.CurrentVersion.targets(5063,5): warning MSB3026: Could not copy "E:\TreadSnow\TreadSnow Github2\ABP9.1.1\modules\identity\src\Volo.Abp.Identity.Domain\bin\Debug\net9.0\Volo.Abp.Identity.Domain.dll" to "bin\Debug\net9.0\Volo.Abp.Identity.Domain.dll". Beginning retry 4 in 1000ms. The process cannot access the file 'E:\TreadSnow\TreadSnow Github2\src\TreadSnow.HttpApi.Host\bin\Debug\net9.0\Volo.Abp.Identity.Domain.dll' because it is being used by another process. The file is locked by: "TreadSnow.HttpApi.Host (46584)" [E:\TreadSnow\TreadSnow Github2\src\TreadSnow.HttpApi.Host\TreadSnow.HttpApi.Host.csproj]
C:\Program Files\dotnet\sdk\9.0.202\Microsoft.Common.CurrentVersion.targets(5063,5): warning MSB3026: Could not copy "E:\TreadSnow\TreadSnow Github2\ABP9.1.1\modules\identity\src\Volo.Abp.Identity.Application\bin\Debug\net9.0\Volo.Abp.Identity.Application.dll" to "bin\Debug\net9.0\Volo.Abp.Identity.Application.dll". Beginning retry 5 in 1000ms. The process cannot access the file 'E:\TreadSnow\TreadSnow Github2\src\TreadSnow.HttpApi.Host\bin\Debug\net9.0\Volo.Abp.Identity.Application.dll' because it is being used by another process. The file is locked by: "TreadSnow.HttpApi.Host (46584)" [E:\TreadSnow\TreadSnow Github2\src\TreadSnow.HttpApi.Host\TreadSnow.HttpApi.Host.csproj]
C:\Program Files\dotnet\sdk\9.0.202\Microsoft.Common.CurrentVersion.targets(5063,5): warning MSB3026: Could not copy "E:\TreadSnow\TreadSnow Github2\ABP9.1.1\modules\identity\src\Volo.Abp.Identity.Domain.Shared\bin\Debug\net9.0\Volo.Abp.Identity.Domain.Shared.dll" to "bin\Debug\net9.0\Volo.Abp.Identity.Domain.Shared.dll". Beginning retry 4 in 1000ms. The process cannot access the file 'E:\TreadSnow\TreadSnow Github2\src\TreadSnow.HttpApi.Host\bin\Debug\net9.0\Volo.Abp.Identity.Domain.Shared.dll' because it is being used by another process. The file is locked by: "TreadSnow.HttpApi.Host (46584)" [E:\TreadSnow\TreadSnow Github2\src\TreadSnow.HttpApi.Host\TreadSnow.HttpApi.Host.csproj]
C:\Program Files\dotnet\sdk\9.0.202\Microsoft.Common.CurrentVersion.targets(5063,5): warning MSB3026: Could not copy "E:\TreadSnow\TreadSnow Github2\ABP9.1.1\modules\identity\src\Volo.Abp.Identity.EntityFrameworkCore\bin\Debug\net9.0\Volo.Abp.Identity.EntityFrameworkCore.dll" to "bin\Debug\net9.0\Volo.Abp.Identity.EntityFrameworkCore.dll". Beginning retry 4 in 1000ms. The process cannot access the file 'E:\TreadSnow\TreadSnow Github2\src\TreadSnow.HttpApi.Host\bin\Debug\net9.0\Volo.Abp.Identity.EntityFrameworkCore.dll' because it is being used by another process. The file is locked by: "TreadSnow.HttpApi.Host (46584)" [E:\TreadSnow\TreadSnow Github2\src\TreadSnow.HttpApi.Host\TreadSnow.HttpApi.Host.csproj]
C:\Program Files\dotnet\sdk\9.0.202\Microsoft.Common.CurrentVersion.targets(5063,5): warning MSB3026: Could not copy "E:\TreadSnow\TreadSnow Github2\ABP9.1.1\modules\identity\src\Volo.Abp.Identity.AspNetCore\bin\Debug\net9.0\Volo.Abp.Identity.AspNetCore.dll" to "bin\Debug\net9.0\Volo.Abp.Identity.AspNetCore.dll". Beginning retry 5 in 1000ms. The process cannot access the file 'E:\TreadSnow\TreadSnow Github2\src\TreadSnow.HttpApi.Host\bin\Debug\net9.0\Volo.Abp.Identity.AspNetCore.dll' because it is being used by another process. The file is locked by: "TreadSnow.HttpApi.Host (46584)" [E:\TreadSnow\TreadSnow Github2\src\TreadSnow.HttpApi.Host\TreadSnow.HttpApi.Host.csproj]
C:\Program Files\dotnet\sdk\9.0.202\Microsoft.Common.CurrentVersion.targets(5063,5): warning MSB3026: Could not copy "E:\TreadSnow\TreadSnow Github2\ABP9.1.1\modules\identity\src\Volo.Abp.Identity.HttpApi\bin\Debug\net9.0\Volo.Abp.Identity.HttpApi.dll" to "bin\Debug\net9.0\Volo.Abp.Identity.HttpApi.dll". Beginning retry 4 in 1000ms. The process cannot access the file 'E:\TreadSnow\TreadSnow Github2\src\TreadSnow.HttpApi.Host\bin\Debug\net9.0\Volo.Abp.Identity.HttpApi.dll' because it is being used by another process. The file is locked by: "TreadSnow.HttpApi.Host (46584)" [E:\TreadSnow\TreadSnow Github2\src\TreadSnow.HttpApi.Host\TreadSnow.HttpApi.Host.csproj]
C:\Program Files\dotnet\sdk\9.0.202\Microsoft.Common.CurrentVersion.targets(5063,5): warning MSB3026: Could not copy "E:\TreadSnow\TreadSnow Github2\ABP9.1.1\modules\identity\src\Volo.Abp.Identity.Domain\bin\Debug\net9.0\Volo.Abp.Identity.Domain.dll" to "bin\Debug\net9.0\Volo.Abp.Identity.Domain.dll". Beginning retry 5 in 1000ms. The process cannot access the file 'E:\TreadSnow\TreadSnow Github2\src\TreadSnow.HttpApi.Host\bin\Debug\net9.0\Volo.Abp.Identity.Domain.dll' because it is being used by another process. The file is locked by: "TreadSnow.HttpApi.Host (46584)" [E:\TreadSnow\TreadSnow Github2\src\TreadSnow.HttpApi.Host\TreadSnow.HttpApi.Host.csproj]
C:\Program Files\dotnet\sdk\9.0.202\Microsoft.Common.CurrentVersion.targets(5063,5): warning MSB3026: Could not copy "E:\TreadSnow\TreadSnow Github2\ABP9.1.1\modules\identity\src\Volo.Abp.Identity.Application\bin\Debug\net9.0\Volo.Abp.Identity.Application.dll" to "bin\Debug\net9.0\Volo.Abp.Identity.Application.dll". Beginning retry 6 in 1000ms. The process cannot access the file 'E:\TreadSnow\TreadSnow Github2\src\TreadSnow.HttpApi.Host\bin\Debug\net9.0\Volo.Abp.Identity.Application.dll' because it is being used by another process. The file is locked by: "TreadSnow.HttpApi.Host (46584)" [E:\TreadSnow\TreadSnow Github2\src\TreadSnow.HttpApi.Host\TreadSnow.HttpApi.Host.csproj]
C:\Program Files\dotnet\sdk\9.0.202\Microsoft.Common.CurrentVersion.targets(5063,5): warning MSB3026: Could not copy "E:\TreadSnow\TreadSnow Github2\ABP9.1.1\modules\identity\src\Volo.Abp.Identity.Domain.Shared\bin\Debug\net9.0\Volo.Abp.Identity.Domain.Shared.dll" to "bin\Debug\net9.0\Volo.Abp.Identity.Domain.Shared.dll". Beginning retry 5 in 1000ms. The process cannot access the file 'E:\TreadSnow\TreadSnow Github2\src\TreadSnow.HttpApi.Host\bin\Debug\net9.0\Volo.Abp.Identity.Domain.Shared.dll' because it is being used by another process. The file is locked by: "TreadSnow.HttpApi.Host (46584)" [E:\TreadSnow\TreadSnow Github2\src\TreadSnow.HttpApi.Host\TreadSnow.HttpApi.Host.csproj]
C:\Program Files\dotnet\sdk\9.0.202\Microsoft.Common.CurrentVersion.targets(5063,5): warning MSB3026: Could not copy "E:\TreadSnow\TreadSnow Github2\ABP9.1.1\modules\identity\src\Volo.Abp.Identity.EntityFrameworkCore\bin\Debug\net9.0\Volo.Abp.Identity.EntityFrameworkCore.dll" to "bin\Debug\net9.0\Volo.Abp.Identity.EntityFrameworkCore.dll". Beginning retry 5 in 1000ms. The process cannot access the file 'E:\TreadSnow\TreadSnow Github2\src\TreadSnow.HttpApi.Host\bin\Debug\net9.0\Volo.Abp.Identity.EntityFrameworkCore.dll' because it is being used by another process. The file is locked by: "TreadSnow.HttpApi.Host (46584)" [E:\TreadSnow\TreadSnow Github2\src\TreadSnow.HttpApi.Host\TreadSnow.HttpApi.Host.csproj]
C:\Program Files\dotnet\sdk\9.0.202\Microsoft.Common.CurrentVersion.targets(5063,5): warning MSB3026: Could not copy "E:\TreadSnow\TreadSnow Github2\ABP9.1.1\modules\identity\src\Volo.Abp.Identity.AspNetCore\bin\Debug\net9.0\Volo.Abp.Identity.AspNetCore.dll" to "bin\Debug\net9.0\Volo.Abp.Identity.AspNetCore.dll". Beginning retry 6 in 1000ms. The process cannot access the file 'E:\TreadSnow\TreadSnow Github2\src\TreadSnow.HttpApi.Host\bin\Debug\net9.0\Volo.Abp.Identity.AspNetCore.dll' because it is being used by another process. The file is locked by: "TreadSnow.HttpApi.Host (46584)" [E:\TreadSnow\TreadSnow Github2\src\TreadSnow.HttpApi.Host\TreadSnow.HttpApi.Host.csproj]
C:\Program Files\dotnet\sdk\9.0.202\Microsoft.Common.CurrentVersion.targets(5063,5): warning MSB3026: Could not copy "E:\TreadSnow\TreadSnow Github2\ABP9.1.1\modules\identity\src\Volo.Abp.Identity.HttpApi\bin\Debug\net9.0\Volo.Abp.Identity.HttpApi.dll" to "bin\Debug\net9.0\Volo.Abp.Identity.HttpApi.dll". Beginning retry 5 in 1000ms. The process cannot access the file 'E:\TreadSnow\TreadSnow Github2\src\TreadSnow.HttpApi.Host\bin\Debug\net9.0\Volo.Abp.Identity.HttpApi.dll' because it is being used by another process. The file is locked by: "TreadSnow.HttpApi.Host (46584)" [E:\TreadSnow\TreadSnow Github2\src\TreadSnow.HttpApi.Host\TreadSnow.HttpApi.Host.csproj]
C:\Program Files\dotnet\sdk\9.0.202\Microsoft.Common.CurrentVersion.targets(5063,5): warning MSB3026: Could not copy "E:\TreadSnow\TreadSnow Github2\ABP9.1.1\modules\identity\src\Volo.Abp.Identity.Domain\bin\Debug\net9.0\Volo.Abp.Identity.Domain.dll" to "bin\Debug\net9.0\Volo.Abp.Identity.Domain.dll". Beginning retry 6 in 1000ms. The process cannot access the file 'E:\TreadSnow\TreadSnow Github2\src\TreadSnow.HttpApi.Host\bin\Debug\net9.0\Volo.Abp.Identity.Domain.dll' because it is being used by another process. The file is locked by: "TreadSnow.HttpApi.Host (46584)" [E:\TreadSnow\TreadSnow Github2\src\TreadSnow.HttpApi.Host\TreadSnow.HttpApi.Host.csproj]
C:\Program Files\dotnet\sdk\9.0.202\Microsoft.Common.CurrentVersion.targets(5063,5): warning MSB3026: Could not copy "E:\TreadSnow\TreadSnow Github2\ABP9.1.1\modules\identity\src\Volo.Abp.Identity.Application\bin\Debug\net9.0\Volo.Abp.Identity.Application.dll" to "bin\Debug\net9.0\Volo.Abp.Identity.Application.dll". Beginning retry 7 in 1000ms. The process cannot access the file 'E:\TreadSnow\TreadSnow Github2\src\TreadSnow.HttpApi.Host\bin\Debug\net9.0\Volo.Abp.Identity.Application.dll' because it is being used by another process. The file is locked by: "TreadSnow.HttpApi.Host (46584)" [E:\TreadSnow\TreadSnow Github2\src\TreadSnow.HttpApi.Host\TreadSnow.HttpApi.Host.csproj]
C:\Program Files\dotnet\sdk\9.0.202\Microsoft.Common.CurrentVersion.targets(5063,5): warning MSB3026: Could not copy "E:\TreadSnow\TreadSnow Github2\ABP9.1.1\modules\identity\src\Volo.Abp.Identity.Domain.Shared\bin\Debug\net9.0\Volo.Abp.Identity.Domain.Shared.dll" to "bin\Debug\net9.0\Volo.Abp.Identity.Domain.Shared.dll". Beginning retry 6 in 1000ms. The process cannot access the file 'E:\TreadSnow\TreadSnow Github2\src\TreadSnow.HttpApi.Host\bin\Debug\net9.0\Volo.Abp.Identity.Domain.Shared.dll' because it is being used by another process. The file is locked by: "TreadSnow.HttpApi.Host (46584)" [E:\TreadSnow\TreadSnow Github2\src\TreadSnow.HttpApi.Host\TreadSnow.HttpApi.Host.csproj]
C:\Program Files\dotnet\sdk\9.0.202\Microsoft.Common.CurrentVersion.targets(5063,5): warning MSB3026: Could not copy "E:\TreadSnow\TreadSnow Github2\ABP9.1.1\modules\identity\src\Volo.Abp.Identity.EntityFrameworkCore\bin\Debug\net9.0\Volo.Abp.Identity.EntityFrameworkCore.dll" to "bin\Debug\net9.0\Volo.Abp.Identity.EntityFrameworkCore.dll". Beginning retry 6 in 1000ms. The process cannot access the file 'E:\TreadSnow\TreadSnow Github2\src\TreadSnow.HttpApi.Host\bin\Debug\net9.0\Volo.Abp.Identity.EntityFrameworkCore.dll' because it is being used by another process. The file is locked by: "TreadSnow.HttpApi.Host (46584)" [E:\TreadSnow\TreadSnow Github2\src\TreadSnow.HttpApi.Host\TreadSnow.HttpApi.Host.csproj]
C:\Program Files\dotnet\sdk\9.0.202\Microsoft.Common.CurrentVersion.targets(5063,5): warning MSB3026: Could not copy "E:\TreadSnow\TreadSnow Github2\ABP9.1.1\modules\identity\src\Volo.Abp.Identity.AspNetCore\bin\Debug\net9.0\Volo.Abp.Identity.AspNetCore.dll" to "bin\Debug\net9.0\Volo.Abp.Identity.AspNetCore.dll". Beginning retry 7 in 1000ms. The process cannot access the file 'E:\TreadSnow\TreadSnow Github2\src\TreadSnow.HttpApi.Host\bin\Debug\net9.0\Volo.Abp.Identity.AspNetCore.dll' because it is being used by another process. The file is locked by: "TreadSnow.HttpApi.Host (46584)" [E:\TreadSnow\TreadSnow Github2\src\TreadSnow.HttpApi.Host\TreadSnow.HttpApi.Host.csproj]
C:\Program Files\dotnet\sdk\9.0.202\Microsoft.Common.CurrentVersion.targets(5063,5): warning MSB3026: Could not copy "E:\TreadSnow\TreadSnow Github2\ABP9.1.1\modules\identity\src\Volo.Abp.Identity.HttpApi\bin\Debug\net9.0\Volo.Abp.Identity.HttpApi.dll" to "bin\Debug\net9.0\Volo.Abp.Identity.HttpApi.dll". Beginning retry 6 in 1000ms. The process cannot access the file 'E:\TreadSnow\TreadSnow Github2\src\TreadSnow.HttpApi.Host\bin\Debug\net9.0\Volo.Abp.Identity.HttpApi.dll' because it is being used by another process. The file is locked by: "TreadSnow.HttpApi.Host (46584)" [E:\TreadSnow\TreadSnow Github2\src\TreadSnow.HttpApi.Host\TreadSnow.HttpApi.Host.csproj]
C:\Program Files\dotnet\sdk\9.0.202\Microsoft.Common.CurrentVersion.targets(5063,5): warning MSB3026: Could not copy "E:\TreadSnow\TreadSnow Github2\ABP9.1.1\modules\identity\src\Volo.Abp.Identity.Domain\bin\Debug\net9.0\Volo.Abp.Identity.Domain.dll" to "bin\Debug\net9.0\Volo.Abp.Identity.Domain.dll". Beginning retry 7 in 1000ms. The process cannot access the file 'E:\TreadSnow\TreadSnow Github2\src\TreadSnow.HttpApi.Host\bin\Debug\net9.0\Volo.Abp.Identity.Domain.dll' because it is being used by another process. The file is locked by: "TreadSnow.HttpApi.Host (46584)" [E:\TreadSnow\TreadSnow Github2\src\TreadSnow.HttpApi.Host\TreadSnow.HttpApi.Host.csproj]
C:\Program Files\dotnet\sdk\9.0.202\Microsoft.Common.CurrentVersion.targets(5063,5): warning MSB3026: Could not copy "E:\TreadSnow\TreadSnow Github2\ABP9.1.1\modules\identity\src\Volo.Abp.Identity.Application\bin\Debug\net9.0\Volo.Abp.Identity.Application.dll" to "bin\Debug\net9.0\Volo.Abp.Identity.Application.dll". Beginning retry 8 in 1000ms. The process cannot access the file 'E:\TreadSnow\TreadSnow Github2\src\TreadSnow.HttpApi.Host\bin\Debug\net9.0\Volo.Abp.Identity.Application.dll' because it is being used by another process. The file is locked by: "TreadSnow.HttpApi.Host (46584)" [E:\TreadSnow\TreadSnow Github2\src\TreadSnow.HttpApi.Host\TreadSnow.HttpApi.Host.csproj]
C:\Program Files\dotnet\sdk\9.0.202\Microsoft.Common.CurrentVersion.targets(5063,5): warning MSB3026: Could not copy "E:\TreadSnow\TreadSnow Github2\ABP9.1.1\modules\identity\src\Volo.Abp.Identity.Domain.Shared\bin\Debug\net9.0\Volo.Abp.Identity.Domain.Shared.dll" to "bin\Debug\net9.0\Volo.Abp.Identity.Domain.Shared.dll". Beginning retry 7 in 1000ms. The process cannot access the file 'E:\TreadSnow\TreadSnow Github2\src\TreadSnow.HttpApi.Host\bin\Debug\net9.0\Volo.Abp.Identity.Domain.Shared.dll' because it is being used by another process. The file is locked by: "TreadSnow.HttpApi.Host (46584)" [E:\TreadSnow\TreadSnow Github2\src\TreadSnow.HttpApi.Host\TreadSnow.HttpApi.Host.csproj]
C:\Program Files\dotnet\sdk\9.0.202\Microsoft.Common.CurrentVersion.targets(5063,5): warning MSB3026: Could not copy "E:\TreadSnow\TreadSnow Github2\ABP9.1.1\modules\identity\src\Volo.Abp.Identity.EntityFrameworkCore\bin\Debug\net9.0\Volo.Abp.Identity.EntityFrameworkCore.dll" to "bin\Debug\net9.0\Volo.Abp.Identity.EntityFrameworkCore.dll". Beginning retry 7 in 1000ms. The process cannot access the file 'E:\TreadSnow\TreadSnow Github2\src\TreadSnow.HttpApi.Host\bin\Debug\net9.0\Volo.Abp.Identity.EntityFrameworkCore.dll' because it is being used by another process. The file is locked by: "TreadSnow.HttpApi.Host (46584)" [E:\TreadSnow\TreadSnow Github2\src\TreadSnow.HttpApi.Host\TreadSnow.HttpApi.Host.csproj]
C:\Program Files\dotnet\sdk\9.0.202\Microsoft.Common.CurrentVersion.targets(5063,5): warning MSB3026: Could not copy "E:\TreadSnow\TreadSnow Github2\ABP9.1.1\modules\identity\src\Volo.Abp.Identity.AspNetCore\bin\Debug\net9.0\Volo.Abp.Identity.AspNetCore.dll" to "bin\Debug\net9.0\Volo.Abp.Identity.AspNetCore.dll". Beginning retry 8 in 1000ms. The process cannot access the file 'E:\TreadSnow\TreadSnow Github2\src\TreadSnow.HttpApi.Host\bin\Debug\net9.0\Volo.Abp.Identity.AspNetCore.dll' because it is being used by another process. The file is locked by: "TreadSnow.HttpApi.Host (46584)" [E:\TreadSnow\TreadSnow Github2\src\TreadSnow.HttpApi.Host\TreadSnow.HttpApi.Host.csproj]
C:\Program Files\dotnet\sdk\9.0.202\Microsoft.Common.CurrentVersion.targets(5063,5): warning MSB3026: Could not copy "E:\TreadSnow\TreadSnow Github2\ABP9.1.1\modules\identity\src\Volo.Abp.Identity.HttpApi\bin\Debug\net9.0\Volo.Abp.Identity.HttpApi.dll" to "bin\Debug\net9.0\Volo.Abp.Identity.HttpApi.dll". Beginning retry 7 in 1000ms. The process cannot access the file 'E:\TreadSnow\TreadSnow Github2\src\TreadSnow.HttpApi.Host\bin\Debug\net9.0\Volo.Abp.Identity.HttpApi.dll' because it is being used by another process. The file is locked by: "TreadSnow.HttpApi.Host (46584)" [E:\TreadSnow\TreadSnow Github2\src\TreadSnow.HttpApi.Host\TreadSnow.HttpApi.Host.csproj]
C:\Program Files\dotnet\sdk\9.0.202\Microsoft.Common.CurrentVersion.targets(5063,5): warning MSB3026: Could not copy "E:\TreadSnow\TreadSnow Github2\ABP9.1.1\modules\identity\src\Volo.Abp.Identity.Domain\bin\Debug\net9.0\Volo.Abp.Identity.Domain.dll" to "bin\Debug\net9.0\Volo.Abp.Identity.Domain.dll". Beginning retry 8 in 1000ms. The process cannot access the file 'E:\TreadSnow\TreadSnow Github2\src\TreadSnow.HttpApi.Host\bin\Debug\net9.0\Volo.Abp.Identity.Domain.dll' because it is being used by another process. The file is locked by: "TreadSnow.HttpApi.Host (46584)" [E:\TreadSnow\TreadSnow Github2\src\TreadSnow.HttpApi.Host\TreadSnow.HttpApi.Host.csproj]
C:\Program Files\dotnet\sdk\9.0.202\Microsoft.Common.CurrentVersion.targets(5063,5): warning MSB3026: Could not copy "E:\TreadSnow\TreadSnow Github2\ABP9.1.1\modules\identity\src\Volo.Abp.Identity.Application\bin\Debug\net9.0\Volo.Abp.Identity.Application.dll" to "bin\Debug\net9.0\Volo.Abp.Identity.Application.dll". Beginning retry 9 in 1000ms. The process cannot access the file 'E:\TreadSnow\TreadSnow Github2\src\TreadSnow.HttpApi.Host\bin\Debug\net9.0\Volo.Abp.Identity.Application.dll' because it is being used by another process. The file is locked by: "TreadSnow.HttpApi.Host (46584)" [E:\TreadSnow\TreadSnow Github2\src\TreadSnow.HttpApi.Host\TreadSnow.HttpApi.Host.csproj]
C:\Program Files\dotnet\sdk\9.0.202\Microsoft.Common.CurrentVersion.targets(5063,5): warning MSB3026: Could not copy "E:\TreadSnow\TreadSnow Github2\ABP9.1.1\modules\identity\src\Volo.Abp.Identity.Domain.Shared\bin\Debug\net9.0\Volo.Abp.Identity.Domain.Shared.dll" to "bin\Debug\net9.0\Volo.Abp.Identity.Domain.Shared.dll". Beginning retry 8 in 1000ms. The process cannot access the file 'E:\TreadSnow\TreadSnow Github2\src\TreadSnow.HttpApi.Host\bin\Debug\net9.0\Volo.Abp.Identity.Domain.Shared.dll' because it is being used by another process. The file is locked by: "TreadSnow.HttpApi.Host (46584)" [E:\TreadSnow\TreadSnow Github2\src\TreadSnow.HttpApi.Host\TreadSnow.HttpApi.Host.csproj]
C:\Program Files\dotnet\sdk\9.0.202\Microsoft.Common.CurrentVersion.targets(5063,5): warning MSB3026: Could not copy "E:\TreadSnow\TreadSnow Github2\ABP9.1.1\modules\identity\src\Volo.Abp.Identity.EntityFrameworkCore\bin\Debug\net9.0\Volo.Abp.Identity.EntityFrameworkCore.dll" to "bin\Debug\net9.0\Volo.Abp.Identity.EntityFrameworkCore.dll". Beginning retry 8 in 1000ms. The process cannot access the file 'E:\TreadSnow\TreadSnow Github2\src\TreadSnow.HttpApi.Host\bin\Debug\net9.0\Volo.Abp.Identity.EntityFrameworkCore.dll' because it is being used by another process. The file is locked by: "TreadSnow.HttpApi.Host (46584)" [E:\TreadSnow\TreadSnow Github2\src\TreadSnow.HttpApi.Host\TreadSnow.HttpApi.Host.csproj]
C:\Program Files\dotnet\sdk\9.0.202\Microsoft.Common.CurrentVersion.targets(5063,5): warning MSB3026: Could not copy "E:\TreadSnow\TreadSnow Github2\ABP9.1.1\modules\identity\src\Volo.Abp.Identity.AspNetCore\bin\Debug\net9.0\Volo.Abp.Identity.AspNetCore.dll" to "bin\Debug\net9.0\Volo.Abp.Identity.AspNetCore.dll". Beginning retry 9 in 1000ms. The process cannot access the file 'E:\TreadSnow\TreadSnow Github2\src\TreadSnow.HttpApi.Host\bin\Debug\net9.0\Volo.Abp.Identity.AspNetCore.dll' because it is being used by another process. The file is locked by: "TreadSnow.HttpApi.Host (46584)" [E:\TreadSnow\TreadSnow Github2\src\TreadSnow.HttpApi.Host\TreadSnow.HttpApi.Host.csproj]
C:\Program Files\dotnet\sdk\9.0.202\Microsoft.Common.CurrentVersion.targets(5063,5): warning MSB3026: Could not copy "E:\TreadSnow\TreadSnow Github2\ABP9.1.1\modules\identity\src\Volo.Abp.Identity.HttpApi\bin\Debug\net9.0\Volo.Abp.Identity.HttpApi.dll" to "bin\Debug\net9.0\Volo.Abp.Identity.HttpApi.dll". Beginning retry 8 in 1000ms. The process cannot access the file 'E:\TreadSnow\TreadSnow Github2\src\TreadSnow.HttpApi.Host\bin\Debug\net9.0\Volo.Abp.Identity.HttpApi.dll' because it is being used by another process. The file is locked by: "TreadSnow.HttpApi.Host (46584)" [E:\TreadSnow\TreadSnow Github2\src\TreadSnow.HttpApi.Host\TreadSnow.HttpApi.Host.csproj]
C:\Program Files\dotnet\sdk\9.0.202\Microsoft.Common.CurrentVersion.targets(5063,5): warning MSB3026: Could not copy "E:\TreadSnow\TreadSnow Github2\ABP9.1.1\modules\identity\src\Volo.Abp.Identity.Domain\bin\Debug\net9.0\Volo.Abp.Identity.Domain.dll" to "bin\Debug\net9.0\Volo.Abp.Identity.Domain.dll". Beginning retry 9 in 1000ms. The process cannot access the file 'E:\TreadSnow\TreadSnow Github2\src\TreadSnow.HttpApi.Host\bin\Debug\net9.0\Volo.Abp.Identity.Domain.dll' because it is being used by another process. The file is locked by: "TreadSnow.HttpApi.Host (46584)" [E:\TreadSnow\TreadSnow Github2\src\TreadSnow.HttpApi.Host\TreadSnow.HttpApi.Host.csproj]
C:\Program Files\dotnet\sdk\9.0.202\Microsoft.Common.CurrentVersion.targets(5063,5): warning MSB3026: Could not copy "E:\TreadSnow\TreadSnow Github2\ABP9.1.1\modules\identity\src\Volo.Abp.Identity.Application\bin\Debug\net9.0\Volo.Abp.Identity.Application.dll" to "bin\Debug\net9.0\Volo.Abp.Identity.Application.dll". Beginning retry 10 in 1000ms. The process cannot access the file 'E:\TreadSnow\TreadSnow Github2\src\TreadSnow.HttpApi.Host\bin\Debug\net9.0\Volo.Abp.Identity.Application.dll' because it is being used by another process. The file is locked by: "TreadSnow.HttpApi.Host (46584)" [E:\TreadSnow\TreadSnow Github2\src\TreadSnow.HttpApi.Host\TreadSnow.HttpApi.Host.csproj]
C:\Program Files\dotnet\sdk\9.0.202\Microsoft.Common.CurrentVersion.targets(5063,5): warning MSB3026: Could not copy "E:\TreadSnow\TreadSnow Github2\ABP9.1.1\modules\identity\src\Volo.Abp.Identity.Domain.Shared\bin\Debug\net9.0\Volo.Abp.Identity.Domain.Shared.dll" to "bin\Debug\net9.0\Volo.Abp.Identity.Domain.Shared.dll". Beginning retry 9 in 1000ms. The process cannot access the file 'E:\TreadSnow\TreadSnow Github2\src\TreadSnow.HttpApi.Host\bin\Debug\net9.0\Volo.Abp.Identity.Domain.Shared.dll' because it is being used by another process. The file is locked by: "TreadSnow.HttpApi.Host (46584)" [E:\TreadSnow\TreadSnow Github2\src\TreadSnow.HttpApi.Host\TreadSnow.HttpApi.Host.csproj]
C:\Program Files\dotnet\sdk\9.0.202\Microsoft.Common.CurrentVersion.targets(5063,5): warning MSB3026: Could not copy "E:\TreadSnow\TreadSnow Github2\ABP9.1.1\modules\identity\src\Volo.Abp.Identity.EntityFrameworkCore\bin\Debug\net9.0\Volo.Abp.Identity.EntityFrameworkCore.dll" to "bin\Debug\net9.0\Volo.Abp.Identity.EntityFrameworkCore.dll". Beginning retry 9 in 1000ms. The process cannot access the file 'E:\TreadSnow\TreadSnow Github2\src\TreadSnow.HttpApi.Host\bin\Debug\net9.0\Volo.Abp.Identity.EntityFrameworkCore.dll' because it is being used by another process. The file is locked by: "TreadSnow.HttpApi.Host (46584)" [E:\TreadSnow\TreadSnow Github2\src\TreadSnow.HttpApi.Host\TreadSnow.HttpApi.Host.csproj]
C:\Program Files\dotnet\sdk\9.0.202\Microsoft.Common.CurrentVersion.targets(5063,5): warning MSB3026: Could not copy "E:\TreadSnow\TreadSnow Github2\ABP9.1.1\modules\identity\src\Volo.Abp.Identity.AspNetCore\bin\Debug\net9.0\Volo.Abp.Identity.AspNetCore.dll" to "bin\Debug\net9.0\Volo.Abp.Identity.AspNetCore.dll". Beginning retry 10 in 1000ms. The process cannot access the file 'E:\TreadSnow\TreadSnow Github2\src\TreadSnow.HttpApi.Host\bin\Debug\net9.0\Volo.Abp.Identity.AspNetCore.dll' because it is being used by another process. The file is locked by: "TreadSnow.HttpApi.Host (46584)" [E:\TreadSnow\TreadSnow Github2\src\TreadSnow.HttpApi.Host\TreadSnow.HttpApi.Host.csproj]
C:\Program Files\dotnet\sdk\9.0.202\Microsoft.Common.CurrentVersion.targets(5063,5): warning MSB3026: Could not copy "E:\TreadSnow\TreadSnow Github2\ABP9.1.1\modules\identity\src\Volo.Abp.Identity.HttpApi\bin\Debug\net9.0\Volo.Abp.Identity.HttpApi.dll" to "bin\Debug\net9.0\Volo.Abp.Identity.HttpApi.dll". Beginning retry 9 in 1000ms. The process cannot access the file 'E:\TreadSnow\TreadSnow Github2\src\TreadSnow.HttpApi.Host\bin\Debug\net9.0\Volo.Abp.Identity.HttpApi.dll' because it is being used by another process. The file is locked by: "TreadSnow.HttpApi.Host (46584)" [E:\TreadSnow\TreadSnow Github2\src\TreadSnow.HttpApi.Host\TreadSnow.HttpApi.Host.csproj]
C:\Program Files\dotnet\sdk\9.0.202\Microsoft.Common.CurrentVersion.targets(5063,5): warning MSB3026: Could not copy "E:\TreadSnow\TreadSnow Github2\ABP9.1.1\modules\identity\src\Volo.Abp.Identity.Domain\bin\Debug\net9.0\Volo.Abp.Identity.Domain.dll" to "bin\Debug\net9.0\Volo.Abp.Identity.Domain.dll". Beginning retry 10 in 1000ms. The process cannot access the file 'E:\TreadSnow\TreadSnow Github2\src\TreadSnow.HttpApi.Host\bin\Debug\net9.0\Volo.Abp.Identity.Domain.dll' because it is being used by another process. The file is locked by: "TreadSnow.HttpApi.Host (46584)" [E:\TreadSnow\TreadSnow Github2\src\TreadSnow.HttpApi.Host\TreadSnow.HttpApi.Host.csproj]
C:\Program Files\dotnet\sdk\9.0.202\Microsoft.Common.CurrentVersion.targets(5063,5): warning MSB3026: Could not copy "E:\TreadSnow\TreadSnow Github2\ABP9.1.1\framework\src\Volo.Abp.Json.Abstractions\bin\Debug\net9.0\Volo.Abp.Json.Abstractions.dll" to "bin\Debug\net9.0\Volo.Abp.Json.Abstractions.dll". Beginning retry 1 in 1000ms. The process cannot access the file 'E:\TreadSnow\TreadSnow Github2\src\TreadSnow.HttpApi.Host\bin\Debug\net9.0\Volo.Abp.Json.Abstractions.dll' because it is being used by another process. The file is locked by: "TreadSnow.HttpApi.Host (46584)" [E:\TreadSnow\TreadSnow Github2\src\TreadSnow.HttpApi.Host\TreadSnow.HttpApi.Host.csproj]
C:\Program Files\dotnet\sdk\9.0.202\Microsoft.Common.CurrentVersion.targets(5063,5): warning MSB3026: Could not copy "E:\TreadSnow\TreadSnow Github2\ABP9.1.1\modules\identity\src\Volo.Abp.Identity.Domain.Shared\bin\Debug\net9.0\Volo.Abp.Identity.Domain.Shared.dll" to "bin\Debug\net9.0\Volo.Abp.Identity.Domain.Shared.dll". Beginning retry 10 in 1000ms. The process cannot access the file 'E:\TreadSnow\TreadSnow Github2\src\TreadSnow.HttpApi.Host\bin\Debug\net9.0\Volo.Abp.Identity.Domain.Shared.dll' because it is being used by another process. The file is locked by: "TreadSnow.HttpApi.Host (46584)" [E:\TreadSnow\TreadSnow Github2\src\TreadSnow.HttpApi.Host\TreadSnow.HttpApi.Host.csproj]
C:\Program Files\dotnet\sdk\9.0.202\Microsoft.Common.CurrentVersion.targets(5063,5): warning MSB3026: Could not copy "E:\TreadSnow\TreadSnow Github2\ABP9.1.1\modules\identity\src\Volo.Abp.Identity.EntityFrameworkCore\bin\Debug\net9.0\Volo.Abp.Identity.EntityFrameworkCore.dll" to "bin\Debug\net9.0\Volo.Abp.Identity.EntityFrameworkCore.dll". Beginning retry 10 in 1000ms. The process cannot access the file 'E:\TreadSnow\TreadSnow Github2\src\TreadSnow.HttpApi.Host\bin\Debug\net9.0\Volo.Abp.Identity.EntityFrameworkCore.dll' because it is being used by another process. The file is locked by: "TreadSnow.HttpApi.Host (46584)" [E:\TreadSnow\TreadSnow Github2\src\TreadSnow.HttpApi.Host\TreadSnow.HttpApi.Host.csproj]
C:\Program Files\dotnet\sdk\9.0.202\Microsoft.Common.CurrentVersion.targets(5063,5): warning MSB3026: Could not copy "E:\TreadSnow\TreadSnow Github2\ABP9.1.1\modules\identity\src\Volo.Abp.Identity.HttpApi\bin\Debug\net9.0\Volo.Abp.Identity.HttpApi.dll" to "bin\Debug\net9.0\Volo.Abp.Identity.HttpApi.dll". Beginning retry 10 in 1000ms. The process cannot access the file 'E:\TreadSnow\TreadSnow Github2\src\TreadSnow.HttpApi.Host\bin\Debug\net9.0\Volo.Abp.Identity.HttpApi.dll' because it is being used by another process. The file is locked by: "TreadSnow.HttpApi.Host (46584)" [E:\TreadSnow\TreadSnow Github2\src\TreadSnow.HttpApi.Host\TreadSnow.HttpApi.Host.csproj]
C:\Program Files\dotnet\sdk\9.0.202\Microsoft.Common.CurrentVersion.targets(5063,5): warning MSB3026: Could not copy "E:\TreadSnow\TreadSnow Github2\ABP9.1.1\framework\src\Volo.Abp.Json\bin\Debug\net9.0\Volo.Abp.Json.dll" to "bin\Debug\net9.0\Volo.Abp.Json.dll". Beginning retry 1 in 1000ms. The process cannot access the file 'E:\TreadSnow\TreadSnow Github2\src\TreadSnow.HttpApi.Host\bin\Debug\net9.0\Volo.Abp.Json.dll' because it is being used by another process. The file is locked by: "TreadSnow.HttpApi.Host (46584)" [E:\TreadSnow\TreadSnow Github2\src\TreadSnow.HttpApi.Host\TreadSnow.HttpApi.Host.csproj]
C:\Program Files\dotnet\sdk\9.0.202\Microsoft.Common.CurrentVersion.targets(5063,5): warning MSB3026: Could not copy "E:\TreadSnow\TreadSnow Github2\ABP9.1.1\framework\src\Volo.Abp.Json.Abstractions\bin\Debug\net9.0\Volo.Abp.Json.Abstractions.dll" to "bin\Debug\net9.0\Volo.Abp.Json.Abstractions.dll". Beginning retry 2 in 1000ms. The process cannot access the file 'E:\TreadSnow\TreadSnow Github2\src\TreadSnow.HttpApi.Host\bin\Debug\net9.0\Volo.Abp.Json.Abstractions.dll' because it is being used by another process. The file is locked by: "TreadSnow.HttpApi.Host (46584)" [E:\TreadSnow\TreadSnow Github2\src\TreadSnow.HttpApi.Host\TreadSnow.HttpApi.Host.csproj]
C:\Program Files\dotnet\sdk\9.0.202\Microsoft.Common.CurrentVersion.targets(5063,5): warning MSB3026: Could not copy "E:\TreadSnow\TreadSnow Github2\ABP9.1.1\framework\src\Volo.Abp.Json.SystemTextJson\bin\Debug\net9.0\Volo.Abp.Json.SystemTextJson.dll" to "bin\Debug\net9.0\Volo.Abp.Json.SystemTextJson.dll". Beginning retry 1 in 1000ms. The process cannot access the file 'E:\TreadSnow\TreadSnow Github2\src\TreadSnow.HttpApi.Host\bin\Debug\net9.0\Volo.Abp.Json.SystemTextJson.dll' because it is being used by another process. The file is locked by: "TreadSnow.HttpApi.Host (46584)" [E:\TreadSnow\TreadSnow Github2\src\TreadSnow.HttpApi.Host\TreadSnow.HttpApi.Host.csproj]
C:\Program Files\dotnet\sdk\9.0.202\Microsoft.Common.CurrentVersion.targets(5063,5): warning MSB3026: Could not copy "E:\TreadSnow\TreadSnow Github2\ABP9.1.1\framework\src\Volo.Abp.Localization.Abstractions\bin\Debug\net9.0\Volo.Abp.Localization.Abstractions.dll" to "bin\Debug\net9.0\Volo.Abp.Localization.Abstractions.dll". Beginning retry 1 in 1000ms. The process cannot access the file 'E:\TreadSnow\TreadSnow Github2\src\TreadSnow.HttpApi.Host\bin\Debug\net9.0\Volo.Abp.Localization.Abstractions.dll' because it is being used by another process. The file is locked by: "TreadSnow.HttpApi.Host (46584)" [E:\TreadSnow\TreadSnow Github2\src\TreadSnow.HttpApi.Host\TreadSnow.HttpApi.Host.csproj]
C:\Program Files\dotnet\sdk\9.0.202\Microsoft.Common.CurrentVersion.targets(5063,5): warning MSB3026: Could not copy "E:\TreadSnow\TreadSnow Github2\ABP9.1.1\framework\src\Volo.Abp.Localization\bin\Debug\net9.0\Volo.Abp.Localization.dll" to "bin\Debug\net9.0\Volo.Abp.Localization.dll". Beginning retry 1 in 1000ms. The process cannot access the file 'E:\TreadSnow\TreadSnow Github2\src\TreadSnow.HttpApi.Host\bin\Debug\net9.0\Volo.Abp.Localization.dll' because it is being used by another process. The file is locked by: "TreadSnow.HttpApi.Host (46584)" [E:\TreadSnow\TreadSnow Github2\src\TreadSnow.HttpApi.Host\TreadSnow.HttpApi.Host.csproj]
C:\Program Files\dotnet\sdk\9.0.202\Microsoft.Common.CurrentVersion.targets(5063,5): warning MSB3026: Could not copy "E:\TreadSnow\TreadSnow Github2\ABP9.1.1\framework\src\Volo.Abp.MailKit\bin\Debug\net9.0\Volo.Abp.MailKit.dll" to "bin\Debug\net9.0\Volo.Abp.MailKit.dll". Beginning retry 1 in 1000ms. The process cannot access the file 'E:\TreadSnow\TreadSnow Github2\src\TreadSnow.HttpApi.Host\bin\Debug\net9.0\Volo.Abp.MailKit.dll' because it is being used by another process. The file is locked by: "TreadSnow.HttpApi.Host (46584)" [E:\TreadSnow\TreadSnow Github2\src\TreadSnow.HttpApi.Host\TreadSnow.HttpApi.Host.csproj]
C:\Program Files\dotnet\sdk\9.0.202\Microsoft.Common.CurrentVersion.targets(5063,5): warning MSB3026: Could not copy "E:\TreadSnow\TreadSnow Github2\ABP9.1.1\framework\src\Volo.Abp.Json\bin\Debug\net9.0\Volo.Abp.Json.dll" to "bin\Debug\net9.0\Volo.Abp.Json.dll". Beginning retry 2 in 1000ms. The process cannot access the file 'E:\TreadSnow\TreadSnow Github2\src\TreadSnow.HttpApi.Host\bin\Debug\net9.0\Volo.Abp.Json.dll' because it is being used by another process. The file is locked by: "TreadSnow.HttpApi.Host (46584)" [E:\TreadSnow\TreadSnow Github2\src\TreadSnow.HttpApi.Host\TreadSnow.HttpApi.Host.csproj]
C:\Program Files\dotnet\sdk\9.0.202\Microsoft.Common.CurrentVersion.targets(5063,5): warning MSB3026: Could not copy "E:\TreadSnow\TreadSnow Github2\ABP9.1.1\framework\src\Volo.Abp.Json.Abstractions\bin\Debug\net9.0\Volo.Abp.Json.Abstractions.dll" to "bin\Debug\net9.0\Volo.Abp.Json.Abstractions.dll". Beginning retry 3 in 1000ms. The process cannot access the file 'E:\TreadSnow\TreadSnow Github2\src\TreadSnow.HttpApi.Host\bin\Debug\net9.0\Volo.Abp.Json.Abstractions.dll' because it is being used by another process. The file is locked by: "TreadSnow.HttpApi.Host (46584)" [E:\TreadSnow\TreadSnow Github2\src\TreadSnow.HttpApi.Host\TreadSnow.HttpApi.Host.csproj]
C:\Program Files\dotnet\sdk\9.0.202\Microsoft.Common.CurrentVersion.targets(5063,5): warning MSB3026: Could not copy "E:\TreadSnow\TreadSnow Github2\ABP9.1.1\framework\src\Volo.Abp.Json.SystemTextJson\bin\Debug\net9.0\Volo.Abp.Json.SystemTextJson.dll" to "bin\Debug\net9.0\Volo.Abp.Json.SystemTextJson.dll". Beginning retry 2 in 1000ms. The process cannot access the file 'E:\TreadSnow\TreadSnow Github2\src\TreadSnow.HttpApi.Host\bin\Debug\net9.0\Volo.Abp.Json.SystemTextJson.dll' because it is being used by another process. The file is locked by: "TreadSnow.HttpApi.Host (46584)" [E:\TreadSnow\TreadSnow Github2\src\TreadSnow.HttpApi.Host\TreadSnow.HttpApi.Host.csproj]
C:\Program Files\dotnet\sdk\9.0.202\Microsoft.Common.CurrentVersion.targets(5063,5): warning MSB3026: Could not copy "E:\TreadSnow\TreadSnow Github2\ABP9.1.1\framework\src\Volo.Abp.Localization.Abstractions\bin\Debug\net9.0\Volo.Abp.Localization.Abstractions.dll" to "bin\Debug\net9.0\Volo.Abp.Localization.Abstractions.dll". Beginning retry 2 in 1000ms. The process cannot access the file 'E:\TreadSnow\TreadSnow Github2\src\TreadSnow.HttpApi.Host\bin\Debug\net9.0\Volo.Abp.Localization.Abstractions.dll' because it is being used by another process. The file is locked by: "TreadSnow.HttpApi.Host (46584)" [E:\TreadSnow\TreadSnow Github2\src\TreadSnow.HttpApi.Host\TreadSnow.HttpApi.Host.csproj]
C:\Program Files\dotnet\sdk\9.0.202\Microsoft.Common.CurrentVersion.targets(5063,5): warning MSB3026: Could not copy "E:\TreadSnow\TreadSnow Github2\ABP9.1.1\framework\src\Volo.Abp.Localization\bin\Debug\net9.0\Volo.Abp.Localization.dll" to "bin\Debug\net9.0\Volo.Abp.Localization.dll". Beginning retry 2 in 1000ms. The process cannot access the file 'E:\TreadSnow\TreadSnow Github2\src\TreadSnow.HttpApi.Host\bin\Debug\net9.0\Volo.Abp.Localization.dll' because it is being used by another process. The file is locked by: "TreadSnow.HttpApi.Host (46584)" [E:\TreadSnow\TreadSnow Github2\src\TreadSnow.HttpApi.Host\TreadSnow.HttpApi.Host.csproj]
C:\Program Files\dotnet\sdk\9.0.202\Microsoft.Common.CurrentVersion.targets(5063,5): warning MSB3026: Could not copy "E:\TreadSnow\TreadSnow Github2\ABP9.1.1\framework\src\Volo.Abp.MailKit\bin\Debug\net9.0\Volo.Abp.MailKit.dll" to "bin\Debug\net9.0\Volo.Abp.MailKit.dll". Beginning retry 2 in 1000ms. The process cannot access the file 'E:\TreadSnow\TreadSnow Github2\src\TreadSnow.HttpApi.Host\bin\Debug\net9.0\Volo.Abp.MailKit.dll' because it is being used by another process. The file is locked by: "TreadSnow.HttpApi.Host (46584)" [E:\TreadSnow\TreadSnow Github2\src\TreadSnow.HttpApi.Host\TreadSnow.HttpApi.Host.csproj]
C:\Program Files\dotnet\sdk\9.0.202\Microsoft.Common.CurrentVersion.targets(5063,5): warning MSB3026: Could not copy "E:\TreadSnow\TreadSnow Github2\ABP9.1.1\framework\src\Volo.Abp.Json\bin\Debug\net9.0\Volo.Abp.Json.dll" to "bin\Debug\net9.0\Volo.Abp.Json.dll". Beginning retry 3 in 1000ms. The process cannot access the file 'E:\TreadSnow\TreadSnow Github2\src\TreadSnow.HttpApi.Host\bin\Debug\net9.0\Volo.Abp.Json.dll' because it is being used by another process. The file is locked by: "TreadSnow.HttpApi.Host (46584)" [E:\TreadSnow\TreadSnow Github2\src\TreadSnow.HttpApi.Host\TreadSnow.HttpApi.Host.csproj]
C:\Program Files\dotnet\sdk\9.0.202\Microsoft.Common.CurrentVersion.targets(5063,5): warning MSB3026: Could not copy "E:\TreadSnow\TreadSnow Github2\ABP9.1.1\framework\src\Volo.Abp.Json.Abstractions\bin\Debug\net9.0\Volo.Abp.Json.Abstractions.dll" to "bin\Debug\net9.0\Volo.Abp.Json.Abstractions.dll". Beginning retry 4 in 1000ms. The process cannot access the file 'E:\TreadSnow\TreadSnow Github2\src\TreadSnow.HttpApi.Host\bin\Debug\net9.0\Volo.Abp.Json.Abstractions.dll' because it is being used by another process. The file is locked by: "TreadSnow.HttpApi.Host (46584)" [E:\TreadSnow\TreadSnow Github2\src\TreadSnow.HttpApi.Host\TreadSnow.HttpApi.Host.csproj]
C:\Program Files\dotnet\sdk\9.0.202\Microsoft.Common.CurrentVersion.targets(5063,5): warning MSB3026: Could not copy "E:\TreadSnow\TreadSnow Github2\ABP9.1.1\framework\src\Volo.Abp.Json.SystemTextJson\bin\Debug\net9.0\Volo.Abp.Json.SystemTextJson.dll" to "bin\Debug\net9.0\Volo.Abp.Json.SystemTextJson.dll". Beginning retry 3 in 1000ms. The process cannot access the file 'E:\TreadSnow\TreadSnow Github2\src\TreadSnow.HttpApi.Host\bin\Debug\net9.0\Volo.Abp.Json.SystemTextJson.dll' because it is being used by another process. The file is locked by: "TreadSnow.HttpApi.Host (46584)" [E:\TreadSnow\TreadSnow Github2\src\TreadSnow.HttpApi.Host\TreadSnow.HttpApi.Host.csproj]
C:\Program Files\dotnet\sdk\9.0.202\Microsoft.Common.CurrentVersion.targets(5063,5): warning MSB3026: Could not copy "E:\TreadSnow\TreadSnow Github2\ABP9.1.1\framework\src\Volo.Abp.Localization.Abstractions\bin\Debug\net9.0\Volo.Abp.Localization.Abstractions.dll" to "bin\Debug\net9.0\Volo.Abp.Localization.Abstractions.dll". Beginning retry 3 in 1000ms. The process cannot access the file 'E:\TreadSnow\TreadSnow Github2\src\TreadSnow.HttpApi.Host\bin\Debug\net9.0\Volo.Abp.Localization.Abstractions.dll' because it is being used by another process. The file is locked by: "TreadSnow.HttpApi.Host (46584)" [E:\TreadSnow\TreadSnow Github2\src\TreadSnow.HttpApi.Host\TreadSnow.HttpApi.Host.csproj]
C:\Program Files\dotnet\sdk\9.0.202\Microsoft.Common.CurrentVersion.targets(5063,5): warning MSB3026: Could not copy "E:\TreadSnow\TreadSnow Github2\ABP9.1.1\framework\src\Volo.Abp.Localization\bin\Debug\net9.0\Volo.Abp.Localization.dll" to "bin\Debug\net9.0\Volo.Abp.Localization.dll". Beginning retry 3 in 1000ms. The process cannot access the file 'E:\TreadSnow\TreadSnow Github2\src\TreadSnow.HttpApi.Host\bin\Debug\net9.0\Volo.Abp.Localization.dll' because it is being used by another process. The file is locked by: "TreadSnow.HttpApi.Host (46584)" [E:\TreadSnow\TreadSnow Github2\src\TreadSnow.HttpApi.Host\TreadSnow.HttpApi.Host.csproj]
C:\Program Files\dotnet\sdk\9.0.202\Microsoft.Common.CurrentVersion.targets(5063,5): warning MSB3026: Could not copy "E:\TreadSnow\TreadSnow Github2\ABP9.1.1\framework\src\Volo.Abp.Json\bin\Debug\net9.0\Volo.Abp.Json.dll" to "bin\Debug\net9.0\Volo.Abp.Json.dll". Beginning retry 4 in 1000ms. The process cannot access the file 'E:\TreadSnow\TreadSnow Github2\src\TreadSnow.HttpApi.Host\bin\Debug\net9.0\Volo.Abp.Json.dll' because it is being used by another process. The file is locked by: "TreadSnow.HttpApi.Host (46584)" [E:\TreadSnow\TreadSnow Github2\src\TreadSnow.HttpApi.Host\TreadSnow.HttpApi.Host.csproj]
C:\Program Files\dotnet\sdk\9.0.202\Microsoft.Common.CurrentVersion.targets(5063,5): warning MSB3026: Could not copy "E:\TreadSnow\TreadSnow Github2\ABP9.1.1\framework\src\Volo.Abp.MailKit\bin\Debug\net9.0\Volo.Abp.MailKit.dll" to "bin\Debug\net9.0\Volo.Abp.MailKit.dll". Beginning retry 3 in 1000ms. The process cannot access the file 'E:\TreadSnow\TreadSnow Github2\src\TreadSnow.HttpApi.Host\bin\Debug\net9.0\Volo.Abp.MailKit.dll' because it is being used by another process. The file is locked by: "TreadSnow.HttpApi.Host (46584)" [E:\TreadSnow\TreadSnow Github2\src\TreadSnow.HttpApi.Host\TreadSnow.HttpApi.Host.csproj]
C:\Program Files\dotnet\sdk\9.0.202\Microsoft.Common.CurrentVersion.targets(5063,5): warning MSB3026: Could not copy "E:\TreadSnow\TreadSnow Github2\ABP9.1.1\framework\src\Volo.Abp.Json.Abstractions\bin\Debug\net9.0\Volo.Abp.Json.Abstractions.dll" to "bin\Debug\net9.0\Volo.Abp.Json.Abstractions.dll". Beginning retry 5 in 1000ms. The process cannot access the file 'E:\TreadSnow\TreadSnow Github2\src\TreadSnow.HttpApi.Host\bin\Debug\net9.0\Volo.Abp.Json.Abstractions.dll' because it is being used by another process. The file is locked by: "TreadSnow.HttpApi.Host (46584)" [E:\TreadSnow\TreadSnow Github2\src\TreadSnow.HttpApi.Host\TreadSnow.HttpApi.Host.csproj]
C:\Program Files\dotnet\sdk\9.0.202\Microsoft.Common.CurrentVersion.targets(5063,5): warning MSB3026: Could not copy "E:\TreadSnow\TreadSnow Github2\ABP9.1.1\framework\src\Volo.Abp.Json.SystemTextJson\bin\Debug\net9.0\Volo.Abp.Json.SystemTextJson.dll" to "bin\Debug\net9.0\Volo.Abp.Json.SystemTextJson.dll". Beginning retry 4 in 1000ms. The process cannot access the file 'E:\TreadSnow\TreadSnow Github2\src\TreadSnow.HttpApi.Host\bin\Debug\net9.0\Volo.Abp.Json.SystemTextJson.dll' because it is being used by another process. The file is locked by: "TreadSnow.HttpApi.Host (46584)" [E:\TreadSnow\TreadSnow Github2\src\TreadSnow.HttpApi.Host\TreadSnow.HttpApi.Host.csproj]
C:\Program Files\dotnet\sdk\9.0.202\Microsoft.Common.CurrentVersion.targets(5063,5): warning MSB3026: Could not copy "E:\TreadSnow\TreadSnow Github2\ABP9.1.1\framework\src\Volo.Abp.Localization.Abstractions\bin\Debug\net9.0\Volo.Abp.Localization.Abstractions.dll" to "bin\Debug\net9.0\Volo.Abp.Localization.Abstractions.dll". Beginning retry 4 in 1000ms. The process cannot access the file 'E:\TreadSnow\TreadSnow Github2\src\TreadSnow.HttpApi.Host\bin\Debug\net9.0\Volo.Abp.Localization.Abstractions.dll' because it is being used by another process. The file is locked by: "TreadSnow.HttpApi.Host (46584)" [E:\TreadSnow\TreadSnow Github2\src\TreadSnow.HttpApi.Host\TreadSnow.HttpApi.Host.csproj]
C:\Program Files\dotnet\sdk\9.0.202\Microsoft.Common.CurrentVersion.targets(5063,5): warning MSB3026: Could not copy "E:\TreadSnow\TreadSnow Github2\ABP9.1.1\framework\src\Volo.Abp.Localization\bin\Debug\net9.0\Volo.Abp.Localization.dll" to "bin\Debug\net9.0\Volo.Abp.Localization.dll". Beginning retry 4 in 1000ms. The process cannot access the file 'E:\TreadSnow\TreadSnow Github2\src\TreadSnow.HttpApi.Host\bin\Debug\net9.0\Volo.Abp.Localization.dll' because it is being used by another process. The file is locked by: "TreadSnow.HttpApi.Host (46584)" [E:\TreadSnow\TreadSnow Github2\src\TreadSnow.HttpApi.Host\TreadSnow.HttpApi.Host.csproj]
C:\Program Files\dotnet\sdk\9.0.202\Microsoft.Common.CurrentVersion.targets(5063,5): warning MSB3026: Could not copy "E:\TreadSnow\TreadSnow Github2\ABP9.1.1\framework\src\Volo.Abp.MailKit\bin\Debug\net9.0\Volo.Abp.MailKit.dll" to "bin\Debug\net9.0\Volo.Abp.MailKit.dll". Beginning retry 4 in 1000ms. The process cannot access the file 'E:\TreadSnow\TreadSnow Github2\src\TreadSnow.HttpApi.Host\bin\Debug\net9.0\Volo.Abp.MailKit.dll' because it is being used by another process. The file is locked by: "TreadSnow.HttpApi.Host (46584)" [E:\TreadSnow\TreadSnow Github2\src\TreadSnow.HttpApi.Host\TreadSnow.HttpApi.Host.csproj]
C:\Program Files\dotnet\sdk\9.0.202\Microsoft.Common.CurrentVersion.targets(5063,5): warning MSB3026: Could not copy "E:\TreadSnow\TreadSnow Github2\ABP9.1.1\framework\src\Volo.Abp.Json\bin\Debug\net9.0\Volo.Abp.Json.dll" to "bin\Debug\net9.0\Volo.Abp.Json.dll". Beginning retry 5 in 1000ms. The process cannot access the file 'E:\TreadSnow\TreadSnow Github2\src\TreadSnow.HttpApi.Host\bin\Debug\net9.0\Volo.Abp.Json.dll' because it is being used by another process. The file is locked by: "TreadSnow.HttpApi.Host (46584)" [E:\TreadSnow\TreadSnow Github2\src\TreadSnow.HttpApi.Host\TreadSnow.HttpApi.Host.csproj]
C:\Program Files\dotnet\sdk\9.0.202\Microsoft.Common.CurrentVersion.targets(5063,5): warning MSB3026: Could not copy "E:\TreadSnow\TreadSnow Github2\ABP9.1.1\framework\src\Volo.Abp.Json.Abstractions\bin\Debug\net9.0\Volo.Abp.Json.Abstractions.dll" to "bin\Debug\net9.0\Volo.Abp.Json.Abstractions.dll". Beginning retry 6 in 1000ms. The process cannot access the file 'E:\TreadSnow\TreadSnow Github2\src\TreadSnow.HttpApi.Host\bin\Debug\net9.0\Volo.Abp.Json.Abstractions.dll' because it is being used by another process. The file is locked by: "TreadSnow.HttpApi.Host (46584)" [E:\TreadSnow\TreadSnow Github2\src\TreadSnow.HttpApi.Host\TreadSnow.HttpApi.Host.csproj]
C:\Program Files\dotnet\sdk\9.0.202\Microsoft.Common.CurrentVersion.targets(5063,5): warning MSB3026: Could not copy "E:\TreadSnow\TreadSnow Github2\ABP9.1.1\framework\src\Volo.Abp.Json.SystemTextJson\bin\Debug\net9.0\Volo.Abp.Json.SystemTextJson.dll" to "bin\Debug\net9.0\Volo.Abp.Json.SystemTextJson.dll". Beginning retry 5 in 1000ms. The process cannot access the file 'E:\TreadSnow\TreadSnow Github2\src\TreadSnow.HttpApi.Host\bin\Debug\net9.0\Volo.Abp.Json.SystemTextJson.dll' because it is being used by another process. The file is locked by: "TreadSnow.HttpApi.Host (46584)" [E:\TreadSnow\TreadSnow Github2\src\TreadSnow.HttpApi.Host\TreadSnow.HttpApi.Host.csproj]
C:\Program Files\dotnet\sdk\9.0.202\Microsoft.Common.CurrentVersion.targets(5063,5): warning MSB3026: Could not copy "E:\TreadSnow\TreadSnow Github2\ABP9.1.1\framework\src\Volo.Abp.Json.Abstractions\bin\Debug\net9.0\Volo.Abp.Json.Abstractions.dll" to "bin\Debug\net9.0\Volo.Abp.Json.Abstractions.dll". Beginning retry 7 in 1000ms. The process cannot access the file 'E:\TreadSnow\TreadSnow Github2\src\TreadSnow.HttpApi.Host\bin\Debug\net9.0\Volo.Abp.Json.Abstractions.dll' because it is being used by another process. The file is locked by: "TreadSnow.HttpApi.Host (46584)" [E:\TreadSnow\TreadSnow Github2\src\TreadSnow.HttpApi.Host\TreadSnow.HttpApi.Host.csproj]
C:\Program Files\dotnet\sdk\9.0.202\Microsoft.Common.CurrentVersion.targets(5063,5): warning MSB3026: Could not copy "E:\TreadSnow\TreadSnow Github2\ABP9.1.1\framework\src\Volo.Abp.Localization.Abstractions\bin\Debug\net9.0\Volo.Abp.Localization.Abstractions.dll" to "bin\Debug\net9.0\Volo.Abp.Localization.Abstractions.dll". Beginning retry 5 in 1000ms. The process cannot access the file 'E:\TreadSnow\TreadSnow Github2\src\TreadSnow.HttpApi.Host\bin\Debug\net9.0\Volo.Abp.Localization.Abstractions.dll' because it is being used by another process. The file is locked by: "TreadSnow.HttpApi.Host (46584)" [E:\TreadSnow\TreadSnow Github2\src\TreadSnow.HttpApi.Host\TreadSnow.HttpApi.Host.csproj]
C:\Program Files\dotnet\sdk\9.0.202\Microsoft.Common.CurrentVersion.targets(5063,5): warning MSB3026: Could not copy "E:\TreadSnow\TreadSnow Github2\ABP9.1.1\framework\src\Volo.Abp.Json\bin\Debug\net9.0\Volo.Abp.Json.dll" to "bin\Debug\net9.0\Volo.Abp.Json.dll". Beginning retry 6 in 1000ms. The process cannot access the file 'E:\TreadSnow\TreadSnow Github2\src\TreadSnow.HttpApi.Host\bin\Debug\net9.0\Volo.Abp.Json.dll' because it is being used by another process. The file is locked by: "TreadSnow.HttpApi.Host (46584)" [E:\TreadSnow\TreadSnow Github2\src\TreadSnow.HttpApi.Host\TreadSnow.HttpApi.Host.csproj]
C:\Program Files\dotnet\sdk\9.0.202\Microsoft.Common.CurrentVersion.targets(5063,5): warning MSB3026: Could not copy "E:\TreadSnow\TreadSnow Github2\ABP9.1.1\framework\src\Volo.Abp.Localization\bin\Debug\net9.0\Volo.Abp.Localization.dll" to "bin\Debug\net9.0\Volo.Abp.Localization.dll". Beginning retry 5 in 1000ms. The process cannot access the file 'E:\TreadSnow\TreadSnow Github2\src\TreadSnow.HttpApi.Host\bin\Debug\net9.0\Volo.Abp.Localization.dll' because it is being used by another process. The file is locked by: "TreadSnow.HttpApi.Host (46584)" [E:\TreadSnow\TreadSnow Github2\src\TreadSnow.HttpApi.Host\TreadSnow.HttpApi.Host.csproj]
C:\Program Files\dotnet\sdk\9.0.202\Microsoft.Common.CurrentVersion.targets(5063,5): warning MSB3026: Could not copy "E:\TreadSnow\TreadSnow Github2\ABP9.1.1\framework\src\Volo.Abp.MailKit\bin\Debug\net9.0\Volo.Abp.MailKit.dll" to "bin\Debug\net9.0\Volo.Abp.MailKit.dll". Beginning retry 5 in 1000ms. The process cannot access the file 'E:\TreadSnow\TreadSnow Github2\src\TreadSnow.HttpApi.Host\bin\Debug\net9.0\Volo.Abp.MailKit.dll' because it is being used by another process. The file is locked by: "TreadSnow.HttpApi.Host (46584)" [E:\TreadSnow\TreadSnow Github2\src\TreadSnow.HttpApi.Host\TreadSnow.HttpApi.Host.csproj]
C:\Program Files\dotnet\sdk\9.0.202\Microsoft.Common.CurrentVersion.targets(5063,5): warning MSB3026: Could not copy "E:\TreadSnow\TreadSnow Github2\ABP9.1.1\framework\src\Volo.Abp.Json.SystemTextJson\bin\Debug\net9.0\Volo.Abp.Json.SystemTextJson.dll" to "bin\Debug\net9.0\Volo.Abp.Json.SystemTextJson.dll". Beginning retry 6 in 1000ms. The process cannot access the file 'E:\TreadSnow\TreadSnow Github2\src\TreadSnow.HttpApi.Host\bin\Debug\net9.0\Volo.Abp.Json.SystemTextJson.dll' because it is being used by another process. The file is locked by: "TreadSnow.HttpApi.Host (46584)" [E:\TreadSnow\TreadSnow Github2\src\TreadSnow.HttpApi.Host\TreadSnow.HttpApi.Host.csproj]
C:\Program Files\dotnet\sdk\9.0.202\Microsoft.Common.CurrentVersion.targets(5063,5): warning MSB3026: Could not copy "E:\TreadSnow\TreadSnow Github2\ABP9.1.1\framework\src\Volo.Abp.Json.Abstractions\bin\Debug\net9.0\Volo.Abp.Json.Abstractions.dll" to "bin\Debug\net9.0\Volo.Abp.Json.Abstractions.dll". Beginning retry 8 in 1000ms. The process cannot access the file 'E:\TreadSnow\TreadSnow Github2\src\TreadSnow.HttpApi.Host\bin\Debug\net9.0\Volo.Abp.Json.Abstractions.dll' because it is being used by another process. The file is locked by: "TreadSnow.HttpApi.Host (46584)" [E:\TreadSnow\TreadSnow Github2\src\TreadSnow.HttpApi.Host\TreadSnow.HttpApi.Host.csproj]
C:\Program Files\dotnet\sdk\9.0.202\Microsoft.Common.CurrentVersion.targets(5063,5): warning MSB3026: Could not copy "E:\TreadSnow\TreadSnow Github2\ABP9.1.1\framework\src\Volo.Abp.Localization.Abstractions\bin\Debug\net9.0\Volo.Abp.Localization.Abstractions.dll" to "bin\Debug\net9.0\Volo.Abp.Localization.Abstractions.dll". Beginning retry 6 in 1000ms. The process cannot access the file 'E:\TreadSnow\TreadSnow Github2\src\TreadSnow.HttpApi.Host\bin\Debug\net9.0\Volo.Abp.Localization.Abstractions.dll' because it is being used by another process. The file is locked by: "TreadSnow.HttpApi.Host (46584)" [E:\TreadSnow\TreadSnow Github2\src\TreadSnow.HttpApi.Host\TreadSnow.HttpApi.Host.csproj]
C:\Program Files\dotnet\sdk\9.0.202\Microsoft.Common.CurrentVersion.targets(5063,5): warning MSB3026: Could not copy "E:\TreadSnow\TreadSnow Github2\ABP9.1.1\framework\src\Volo.Abp.Json\bin\Debug\net9.0\Volo.Abp.Json.dll" to "bin\Debug\net9.0\Volo.Abp.Json.dll". Beginning retry 7 in 1000ms. The process cannot access the file 'E:\TreadSnow\TreadSnow Github2\src\TreadSnow.HttpApi.Host\bin\Debug\net9.0\Volo.Abp.Json.dll' because it is being used by another process. The file is locked by: "TreadSnow.HttpApi.Host (46584)" [E:\TreadSnow\TreadSnow Github2\src\TreadSnow.HttpApi.Host\TreadSnow.HttpApi.Host.csproj]
C:\Program Files\dotnet\sdk\9.0.202\Microsoft.Common.CurrentVersion.targets(5063,5): warning MSB3026: Could not copy "E:\TreadSnow\TreadSnow Github2\ABP9.1.1\framework\src\Volo.Abp.MailKit\bin\Debug\net9.0\Volo.Abp.MailKit.dll" to "bin\Debug\net9.0\Volo.Abp.MailKit.dll". Beginning retry 6 in 1000ms. The process cannot access the file 'E:\TreadSnow\TreadSnow Github2\src\TreadSnow.HttpApi.Host\bin\Debug\net9.0\Volo.Abp.MailKit.dll' because it is being used by another process. The file is locked by: "TreadSnow.HttpApi.Host (46584)" [E:\TreadSnow\TreadSnow Github2\src\TreadSnow.HttpApi.Host\TreadSnow.HttpApi.Host.csproj]
C:\Program Files\dotnet\sdk\9.0.202\Microsoft.Common.CurrentVersion.targets(5063,5): warning MSB3026: Could not copy "E:\TreadSnow\TreadSnow Github2\ABP9.1.1\framework\src\Volo.Abp.Localization\bin\Debug\net9.0\Volo.Abp.Localization.dll" to "bin\Debug\net9.0\Volo.Abp.Localization.dll". Beginning retry 6 in 1000ms. The process cannot access the file 'E:\TreadSnow\TreadSnow Github2\src\TreadSnow.HttpApi.Host\bin\Debug\net9.0\Volo.Abp.Localization.dll' because it is being used by another process. The file is locked by: "TreadSnow.HttpApi.Host (46584)" [E:\TreadSnow\TreadSnow Github2\src\TreadSnow.HttpApi.Host\TreadSnow.HttpApi.Host.csproj]
C:\Program Files\dotnet\sdk\9.0.202\Microsoft.Common.CurrentVersion.targets(5063,5): warning MSB3026: Could not copy "E:\TreadSnow\TreadSnow Github2\ABP9.1.1\framework\src\Volo.Abp.Json.Abstractions\bin\Debug\net9.0\Volo.Abp.Json.Abstractions.dll" to "bin\Debug\net9.0\Volo.Abp.Json.Abstractions.dll". Beginning retry 9 in 1000ms. The process cannot access the file 'E:\TreadSnow\TreadSnow Github2\src\TreadSnow.HttpApi.Host\bin\Debug\net9.0\Volo.Abp.Json.Abstractions.dll' because it is being used by another process. The file is locked by: "TreadSnow.HttpApi.Host (46584)" [E:\TreadSnow\TreadSnow Github2\src\TreadSnow.HttpApi.Host\TreadSnow.HttpApi.Host.csproj]
C:\Program Files\dotnet\sdk\9.0.202\Microsoft.Common.CurrentVersion.targets(5063,5): warning MSB3026: Could not copy "E:\TreadSnow\TreadSnow Github2\ABP9.1.1\framework\src\Volo.Abp.Json.SystemTextJson\bin\Debug\net9.0\Volo.Abp.Json.SystemTextJson.dll" to "bin\Debug\net9.0\Volo.Abp.Json.SystemTextJson.dll". Beginning retry 7 in 1000ms. The process cannot access the file 'E:\TreadSnow\TreadSnow Github2\src\TreadSnow.HttpApi.Host\bin\Debug\net9.0\Volo.Abp.Json.SystemTextJson.dll' because it is being used by another process. The file is locked by: "TreadSnow.HttpApi.Host (46584)" [E:\TreadSnow\TreadSnow Github2\src\TreadSnow.HttpApi.Host\TreadSnow.HttpApi.Host.csproj]
C:\Program Files\dotnet\sdk\9.0.202\Microsoft.Common.CurrentVersion.targets(5063,5): warning MSB3026: Could not copy "E:\TreadSnow\TreadSnow Github2\ABP9.1.1\framework\src\Volo.Abp.Json\bin\Debug\net9.0\Volo.Abp.Json.dll" to "bin\Debug\net9.0\Volo.Abp.Json.dll". Beginning retry 8 in 1000ms. The process cannot access the file 'E:\TreadSnow\TreadSnow Github2\src\TreadSnow.HttpApi.Host\bin\Debug\net9.0\Volo.Abp.Json.dll' because it is being used by another process. The file is locked by: "TreadSnow.HttpApi.Host (46584)" [E:\TreadSnow\TreadSnow Github2\src\TreadSnow.HttpApi.Host\TreadSnow.HttpApi.Host.csproj]
C:\Program Files\dotnet\sdk\9.0.202\Microsoft.Common.CurrentVersion.targets(5063,5): warning MSB3026: Could not copy "E:\TreadSnow\TreadSnow Github2\ABP9.1.1\framework\src\Volo.Abp.Localization.Abstractions\bin\Debug\net9.0\Volo.Abp.Localization.Abstractions.dll" to "bin\Debug\net9.0\Volo.Abp.Localization.Abstractions.dll". Beginning retry 7 in 1000ms. The process cannot access the file 'E:\TreadSnow\TreadSnow Github2\src\TreadSnow.HttpApi.Host\bin\Debug\net9.0\Volo.Abp.Localization.Abstractions.dll' because it is being used by another process. The file is locked by: "TreadSnow.HttpApi.Host (46584)" [E:\TreadSnow\TreadSnow Github2\src\TreadSnow.HttpApi.Host\TreadSnow.HttpApi.Host.csproj]
C:\Program Files\dotnet\sdk\9.0.202\Microsoft.Common.CurrentVersion.targets(5063,5): warning MSB3026: Could not copy "E:\TreadSnow\TreadSnow Github2\ABP9.1.1\framework\src\Volo.Abp.MailKit\bin\Debug\net9.0\Volo.Abp.MailKit.dll" to "bin\Debug\net9.0\Volo.Abp.MailKit.dll". Beginning retry 7 in 1000ms. The process cannot access the file 'E:\TreadSnow\TreadSnow Github2\src\TreadSnow.HttpApi.Host\bin\Debug\net9.0\Volo.Abp.MailKit.dll' because it is being used by another process. The file is locked by: "TreadSnow.HttpApi.Host (46584)" [E:\TreadSnow\TreadSnow Github2\src\TreadSnow.HttpApi.Host\TreadSnow.HttpApi.Host.csproj]
C:\Program Files\dotnet\sdk\9.0.202\Microsoft.Common.CurrentVersion.targets(5063,5): warning MSB3026: Could not copy "E:\TreadSnow\TreadSnow Github2\ABP9.1.1\framework\src\Volo.Abp.Localization\bin\Debug\net9.0\Volo.Abp.Localization.dll" to "bin\Debug\net9.0\Volo.Abp.Localization.dll". Beginning retry 7 in 1000ms. The process cannot access the file 'E:\TreadSnow\TreadSnow Github2\src\TreadSnow.HttpApi.Host\bin\Debug\net9.0\Volo.Abp.Localization.dll' because it is being used by another process. The file is locked by: "TreadSnow.HttpApi.Host (46584)" [E:\TreadSnow\TreadSnow Github2\src\TreadSnow.HttpApi.Host\TreadSnow.HttpApi.Host.csproj]
C:\Program Files\dotnet\sdk\9.0.202\Microsoft.Common.CurrentVersion.targets(5063,5): warning MSB3026: Could not copy "E:\TreadSnow\TreadSnow Github2\ABP9.1.1\framework\src\Volo.Abp.Json.Abstractions\bin\Debug\net9.0\Volo.Abp.Json.Abstractions.dll" to "bin\Debug\net9.0\Volo.Abp.Json.Abstractions.dll". Beginning retry 10 in 1000ms. The process cannot access the file 'E:\TreadSnow\TreadSnow Github2\src\TreadSnow.HttpApi.Host\bin\Debug\net9.0\Volo.Abp.Json.Abstractions.dll' because it is being used by another process. The file is locked by: "TreadSnow.HttpApi.Host (46584)" [E:\TreadSnow\TreadSnow Github2\src\TreadSnow.HttpApi.Host\TreadSnow.HttpApi.Host.csproj]
C:\Program Files\dotnet\sdk\9.0.202\Microsoft.Common.CurrentVersion.targets(5063,5): warning MSB3026: Could not copy "E:\TreadSnow\TreadSnow Github2\ABP9.1.1\framework\src\Volo.Abp.Json.SystemTextJson\bin\Debug\net9.0\Volo.Abp.Json.SystemTextJson.dll" to "bin\Debug\net9.0\Volo.Abp.Json.SystemTextJson.dll". Beginning retry 8 in 1000ms. The process cannot access the file 'E:\TreadSnow\TreadSnow Github2\src\TreadSnow.HttpApi.Host\bin\Debug\net9.0\Volo.Abp.Json.SystemTextJson.dll' because it is being used by another process. The file is locked by: "TreadSnow.HttpApi.Host (46584)" [E:\TreadSnow\TreadSnow Github2\src\TreadSnow.HttpApi.Host\TreadSnow.HttpApi.Host.csproj]
C:\Program Files\dotnet\sdk\9.0.202\Microsoft.Common.CurrentVersion.targets(5063,5): warning MSB3026: Could not copy "E:\TreadSnow\TreadSnow Github2\ABP9.1.1\framework\src\Volo.Abp.Json\bin\Debug\net9.0\Volo.Abp.Json.dll" to "bin\Debug\net9.0\Volo.Abp.Json.dll". Beginning retry 9 in 1000ms. The process cannot access the file 'E:\TreadSnow\TreadSnow Github2\src\TreadSnow.HttpApi.Host\bin\Debug\net9.0\Volo.Abp.Json.dll' because it is being used by another process. The file is locked by: "TreadSnow.HttpApi.Host (46584)" [E:\TreadSnow\TreadSnow Github2\src\TreadSnow.HttpApi.Host\TreadSnow.HttpApi.Host.csproj]
C:\Program Files\dotnet\sdk\9.0.202\Microsoft.Common.CurrentVersion.targets(5063,5): warning MSB3026: Could not copy "E:\TreadSnow\TreadSnow Github2\ABP9.1.1\framework\src\Volo.Abp.Localization.Abstractions\bin\Debug\net9.0\Volo.Abp.Localization.Abstractions.dll" to "bin\Debug\net9.0\Volo.Abp.Localization.Abstractions.dll". Beginning retry 8 in 1000ms. The process cannot access the file 'E:\TreadSnow\TreadSnow Github2\src\TreadSnow.HttpApi.Host\bin\Debug\net9.0\Volo.Abp.Localization.Abstractions.dll' because it is being used by another process. The file is locked by: "TreadSnow.HttpApi.Host (46584)" [E:\TreadSnow\TreadSnow Github2\src\TreadSnow.HttpApi.Host\TreadSnow.HttpApi.Host.csproj]
C:\Program Files\dotnet\sdk\9.0.202\Microsoft.Common.CurrentVersion.targets(5063,5): warning MSB3026: Could not copy "E:\TreadSnow\TreadSnow Github2\ABP9.1.1\framework\src\Volo.Abp.MailKit\bin\Debug\net9.0\Volo.Abp.MailKit.dll" to "bin\Debug\net9.0\Volo.Abp.MailKit.dll". Beginning retry 8 in 1000ms. The process cannot access the file 'E:\TreadSnow\TreadSnow Github2\src\TreadSnow.HttpApi.Host\bin\Debug\net9.0\Volo.Abp.MailKit.dll' because it is being used by another process. The file is locked by: "TreadSnow.HttpApi.Host (46584)" [E:\TreadSnow\TreadSnow Github2\src\TreadSnow.HttpApi.Host\TreadSnow.HttpApi.Host.csproj]
C:\Program Files\dotnet\sdk\9.0.202\Microsoft.Common.CurrentVersion.targets(5063,5): warning MSB3026: Could not copy "E:\TreadSnow\TreadSnow Github2\ABP9.1.1\framework\src\Volo.Abp.Localization\bin\Debug\net9.0\Volo.Abp.Localization.dll" to "bin\Debug\net9.0\Volo.Abp.Localization.dll". Beginning retry 8 in 1000ms. Could not find file 'E:\TreadSnow\TreadSnow Github2\ABP9.1.1\framework\src\Volo.Abp.Localization\bin\Debug\net9.0\Volo.Abp.Localization.dll'. The file is locked by: "TreadSnow.HttpApi.Host (46584)" [E:\TreadSnow\TreadSnow Github2\src\TreadSnow.HttpApi.Host\TreadSnow.HttpApi.Host.csproj]
C:\Program Files\dotnet\sdk\9.0.202\Microsoft.Common.CurrentVersion.targets(5063,5): warning MSB3026: Could not copy "E:\TreadSnow\TreadSnow Github2\ABP9.1.1\framework\src\Volo.Abp.Minify\bin\Debug\net9.0\Volo.Abp.Minify.dll" to "bin\Debug\net9.0\Volo.Abp.Minify.dll". Beginning retry 1 in 1000ms. The process cannot access the file 'E:\TreadSnow\TreadSnow Github2\src\TreadSnow.HttpApi.Host\bin\Debug\net9.0\Volo.Abp.Minify.dll' because it is being used by another process. The file is locked by: "TreadSnow.HttpApi.Host (46584)" [E:\TreadSnow\TreadSnow Github2\src\TreadSnow.HttpApi.Host\TreadSnow.HttpApi.Host.csproj]
C:\Program Files\dotnet\sdk\9.0.202\Microsoft.Common.CurrentVersion.targets(5063,5): warning MSB3026: Could not copy "E:\TreadSnow\TreadSnow Github2\ABP9.1.1\framework\src\Volo.Abp.Json.SystemTextJson\bin\Debug\net9.0\Volo.Abp.Json.SystemTextJson.dll" to "bin\Debug\net9.0\Volo.Abp.Json.SystemTextJson.dll". Beginning retry 9 in 1000ms. The process cannot access the file 'E:\TreadSnow\TreadSnow Github2\src\TreadSnow.HttpApi.Host\bin\Debug\net9.0\Volo.Abp.Json.SystemTextJson.dll' because it is being used by another process. The file is locked by: "TreadSnow.HttpApi.Host (46584)" [E:\TreadSnow\TreadSnow Github2\src\TreadSnow.HttpApi.Host\TreadSnow.HttpApi.Host.csproj]
C:\Program Files\dotnet\sdk\9.0.202\Microsoft.Common.CurrentVersion.targets(5063,5): warning MSB3026: Could not copy "E:\TreadSnow\TreadSnow Github2\ABP9.1.1\framework\src\Volo.Abp.Localization.Abstractions\bin\Debug\net9.0\Volo.Abp.Localization.Abstractions.dll" to "bin\Debug\net9.0\Volo.Abp.Localization.Abstractions.dll". Beginning retry 9 in 1000ms. Could not find file 'E:\TreadSnow\TreadSnow Github2\ABP9.1.1\framework\src\Volo.Abp.Localization.Abstractions\bin\Debug\net9.0\Volo.Abp.Localization.Abstractions.dll'. The file is locked by: "TreadSnow.HttpApi.Host (46584)" [E:\TreadSnow\TreadSnow Github2\src\TreadSnow.HttpApi.Host\TreadSnow.HttpApi.Host.csproj]
C:\Program Files\dotnet\sdk\9.0.202\Microsoft.Common.CurrentVersion.targets(5063,5): warning MSB3026: Could not copy "E:\TreadSnow\TreadSnow Github2\ABP9.1.1\framework\src\Volo.Abp.Json\bin\Debug\net9.0\Volo.Abp.Json.dll" to "bin\Debug\net9.0\Volo.Abp.Json.dll". Beginning retry 10 in 1000ms. The process cannot access the file 'E:\TreadSnow\TreadSnow Github2\src\TreadSnow.HttpApi.Host\bin\Debug\net9.0\Volo.Abp.Json.dll' because it is being used by another process. The file is locked by: "TreadSnow.HttpApi.Host (46584)" [E:\TreadSnow\TreadSnow Github2\src\TreadSnow.HttpApi.Host\TreadSnow.HttpApi.Host.csproj]
C:\Program Files\dotnet\sdk\9.0.202\Microsoft.Common.CurrentVersion.targets(5063,5): warning MSB3026: Could not copy "E:\TreadSnow\TreadSnow Github2\ABP9.1.1\framework\src\Volo.Abp.MailKit\bin\Debug\net9.0\Volo.Abp.MailKit.dll" to "bin\Debug\net9.0\Volo.Abp.MailKit.dll". Beginning retry 9 in 1000ms. The process cannot access the file 'E:\TreadSnow\TreadSnow Github2\src\TreadSnow.HttpApi.Host\bin\Debug\net9.0\Volo.Abp.MailKit.dll' because it is being used by another process. The file is locked by: "TreadSnow.HttpApi.Host (46584)" [E:\TreadSnow\TreadSnow Github2\src\TreadSnow.HttpApi.Host\TreadSnow.HttpApi.Host.csproj]
C:\Program Files\dotnet\sdk\9.0.202\Microsoft.Common.CurrentVersion.targets(5063,5): warning MSB3026: Could not copy "E:\TreadSnow\TreadSnow Github2\ABP9.1.1\framework\src\Volo.Abp.Localization\bin\Debug\net9.0\Volo.Abp.Localization.dll" to "bin\Debug\net9.0\Volo.Abp.Localization.dll". Beginning retry 9 in 1000ms. Could not find file 'E:\TreadSnow\TreadSnow Github2\ABP9.1.1\framework\src\Volo.Abp.Localization\bin\Debug\net9.0\Volo.Abp.Localization.dll'. The file is locked by: "TreadSnow.HttpApi.Host (46584)" [E:\TreadSnow\TreadSnow Github2\src\TreadSnow.HttpApi.Host\TreadSnow.HttpApi.Host.csproj]
C:\Program Files\dotnet\sdk\9.0.202\Microsoft.Common.CurrentVersion.targets(5063,5): warning MSB3026: Could not copy "E:\TreadSnow\TreadSnow Github2\ABP9.1.1\framework\src\Volo.Abp.Minify\bin\Debug\net9.0\Volo.Abp.Minify.dll" to "bin\Debug\net9.0\Volo.Abp.Minify.dll". Beginning retry 2 in 1000ms. The process cannot access the file 'E:\TreadSnow\TreadSnow Github2\src\TreadSnow.HttpApi.Host\bin\Debug\net9.0\Volo.Abp.Minify.dll' because it is being used by another process. The file is locked by: "TreadSnow.HttpApi.Host (46584)" [E:\TreadSnow\TreadSnow Github2\src\TreadSnow.HttpApi.Host\TreadSnow.HttpApi.Host.csproj]
C:\Program Files\dotnet\sdk\9.0.202\Microsoft.Common.CurrentVersion.targets(5063,5): warning MSB3026: Could not copy "E:\TreadSnow\TreadSnow Github2\ABP9.1.1\framework\src\Volo.Abp.Json.SystemTextJson\bin\Debug\net9.0\Volo.Abp.Json.SystemTextJson.dll" to "bin\Debug\net9.0\Volo.Abp.Json.SystemTextJson.dll". Beginning retry 10 in 1000ms. Could not find file 'E:\TreadSnow\TreadSnow Github2\ABP9.1.1\framework\src\Volo.Abp.Json.SystemTextJson\bin\Debug\net9.0\Volo.Abp.Json.SystemTextJson.dll'. The file is locked by: "TreadSnow.HttpApi.Host (46584)" [E:\TreadSnow\TreadSnow Github2\src\TreadSnow.HttpApi.Host\TreadSnow.HttpApi.Host.csproj]
C:\Program Files\dotnet\sdk\9.0.202\Microsoft.Common.CurrentVersion.targets(5063,5): warning MSB3026: Could not copy "E:\TreadSnow\TreadSnow Github2\ABP9.1.1\framework\src\Volo.Abp.Localization.Abstractions\bin\Debug\net9.0\Volo.Abp.Localization.Abstractions.dll" to "bin\Debug\net9.0\Volo.Abp.Localization.Abstractions.dll". Beginning retry 10 in 1000ms. Could not find file 'E:\TreadSnow\TreadSnow Github2\ABP9.1.1\framework\src\Volo.Abp.Localization.Abstractions\bin\Debug\net9.0\Volo.Abp.Localization.Abstractions.dll'. The file is locked by: "TreadSnow.HttpApi.Host (46584)" [E:\TreadSnow\TreadSnow Github2\src\TreadSnow.HttpApi.Host\TreadSnow.HttpApi.Host.csproj]
C:\Program Files\dotnet\sdk\9.0.202\Microsoft.Common.CurrentVersion.targets(5063,5): warning MSB3026: Could not copy "E:\TreadSnow\TreadSnow Github2\ABP9.1.1\framework\src\Volo.Abp.MailKit\bin\Debug\net9.0\Volo.Abp.MailKit.dll" to "bin\Debug\net9.0\Volo.Abp.MailKit.dll". Beginning retry 10 in 1000ms. The process cannot access the file 'E:\TreadSnow\TreadSnow Github2\src\TreadSnow.HttpApi.Host\bin\Debug\net9.0\Volo.Abp.MailKit.dll' because it is being used by another process. The file is locked by: "TreadSnow.HttpApi.Host (46584)" [E:\TreadSnow\TreadSnow Github2\src\TreadSnow.HttpApi.Host\TreadSnow.HttpApi.Host.csproj]
C:\Program Files\dotnet\sdk\9.0.202\Microsoft.Common.CurrentVersion.targets(5063,5): warning MSB3026: Could not copy "E:\TreadSnow\TreadSnow Github2\ABP9.1.1\modules\openiddict\src\Volo.Abp.OpenIddict.AspNetCore\bin\Debug\net9.0\Volo.Abp.OpenIddict.AspNetCore.dll" to "bin\Debug\net9.0\Volo.Abp.OpenIddict.AspNetCore.dll". Beginning retry 1 in 1000ms. The process cannot access the file 'E:\TreadSnow\TreadSnow Github2\src\TreadSnow.HttpApi.Host\bin\Debug\net9.0\Volo.Abp.OpenIddict.AspNetCore.dll' because it is being used by another process. The file is locked by: "TreadSnow.HttpApi.Host (46584)" [E:\TreadSnow\TreadSnow Github2\src\TreadSnow.HttpApi.Host\TreadSnow.HttpApi.Host.csproj]
C:\Program Files\dotnet\sdk\9.0.202\Microsoft.Common.CurrentVersion.targets(5063,5): warning MSB3026: Could not copy "E:\TreadSnow\TreadSnow Github2\ABP9.1.1\framework\src\Volo.Abp.Localization\bin\Debug\net9.0\Volo.Abp.Localization.dll" to "bin\Debug\net9.0\Volo.Abp.Localization.dll". Beginning retry 10 in 1000ms. Could not find file 'E:\TreadSnow\TreadSnow Github2\ABP9.1.1\framework\src\Volo.Abp.Localization\bin\Debug\net9.0\Volo.Abp.Localization.dll'. The file is locked by: "TreadSnow.HttpApi.Host (46584)" [E:\TreadSnow\TreadSnow Github2\src\TreadSnow.HttpApi.Host\TreadSnow.HttpApi.Host.csproj]
C:\Program Files\dotnet\sdk\9.0.202\Microsoft.Common.CurrentVersion.targets(5063,5): warning MSB3026: Could not copy "E:\TreadSnow\TreadSnow Github2\ABP9.1.1\framework\src\Volo.Abp.Minify\bin\Debug\net9.0\Volo.Abp.Minify.dll" to "bin\Debug\net9.0\Volo.Abp.Minify.dll". Beginning retry 3 in 1000ms. The process cannot access the file 'E:\TreadSnow\TreadSnow Github2\src\TreadSnow.HttpApi.Host\bin\Debug\net9.0\Volo.Abp.Minify.dll' because it is being used by another process. The file is locked by: "TreadSnow.HttpApi.Host (46584)" [E:\TreadSnow\TreadSnow Github2\src\TreadSnow.HttpApi.Host\TreadSnow.HttpApi.Host.csproj]
C:\Program Files\dotnet\sdk\9.0.202\Microsoft.Common.CurrentVersion.targets(5063,5): warning MSB3026: Could not copy "E:\TreadSnow\TreadSnow Github2\ABP9.1.1\modules\openiddict\src\Volo.Abp.OpenIddict.AspNetCore\bin\Debug\net9.0\Volo.Abp.OpenIddict.AspNetCore.dll" to "bin\Debug\net9.0\Volo.Abp.OpenIddict.AspNetCore.dll". Beginning retry 2 in 1000ms. The process cannot access the file 'E:\TreadSnow\TreadSnow Github2\src\TreadSnow.HttpApi.Host\bin\Debug\net9.0\Volo.Abp.OpenIddict.AspNetCore.dll' because it is being used by another process. The file is locked by: "TreadSnow.HttpApi.Host (46584)" [E:\TreadSnow\TreadSnow Github2\src\TreadSnow.HttpApi.Host\TreadSnow.HttpApi.Host.csproj]
C:\Program Files\dotnet\sdk\9.0.202\Microsoft.Common.CurrentVersion.targets(5063,5): warning MSB3026: Could not copy "E:\TreadSnow\TreadSnow Github2\ABP9.1.1\modules\openiddict\src\Volo.Abp.OpenIddict.Domain.Shared\bin\Debug\net9.0\Volo.Abp.OpenIddict.Domain.Shared.dll" to "bin\Debug\net9.0\Volo.Abp.OpenIddict.Domain.Shared.dll". Beginning retry 1 in 1000ms. The process cannot access the file 'E:\TreadSnow\TreadSnow Github2\src\TreadSnow.HttpApi.Host\bin\Debug\net9.0\Volo.Abp.OpenIddict.Domain.Shared.dll' because it is being used by another process. The file is locked by: "TreadSnow.HttpApi.Host (46584)" [E:\TreadSnow\TreadSnow Github2\src\TreadSnow.HttpApi.Host\TreadSnow.HttpApi.Host.csproj]
C:\Program Files\dotnet\sdk\9.0.202\Microsoft.Common.CurrentVersion.targets(5063,5): warning MSB3026: Could not copy "E:\TreadSnow\TreadSnow Github2\ABP9.1.1\framework\src\Volo.Abp.Minify\bin\Debug\net9.0\Volo.Abp.Minify.dll" to "bin\Debug\net9.0\Volo.Abp.Minify.dll". Beginning retry 4 in 1000ms. Could not find file 'E:\TreadSnow\TreadSnow Github2\ABP9.1.1\framework\src\Volo.Abp.Minify\bin\Debug\net9.0\Volo.Abp.Minify.dll'. The file is locked by: "TreadSnow.HttpApi.Host (46584)" [E:\TreadSnow\TreadSnow Github2\src\TreadSnow.HttpApi.Host\TreadSnow.HttpApi.Host.csproj]
C:\Program Files\dotnet\sdk\9.0.202\Microsoft.Common.CurrentVersion.targets(5063,5): warning MSB3026: Could not copy "E:\TreadSnow\TreadSnow Github2\ABP9.1.1\framework\src\Volo.Abp.TextTemplating.Core\bin\Debug\net9.0\Volo.Abp.TextTemplating.Core.dll" to "bin\Debug\net9.0\Volo.Abp.TextTemplating.Core.dll". Beginning retry 1 in 1000ms. The process cannot access the file 'E:\TreadSnow\TreadSnow Github2\src\TreadSnow.HttpApi.Host\bin\Debug\net9.0\Volo.Abp.TextTemplating.Core.dll' because it is being used by another process. The file is locked by: "TreadSnow.HttpApi.Host (46584)" [E:\TreadSnow\TreadSnow Github2\src\TreadSnow.HttpApi.Host\TreadSnow.HttpApi.Host.csproj]
C:\Program Files\dotnet\sdk\9.0.202\Microsoft.Common.CurrentVersion.targets(5063,5): warning MSB3026: Could not copy "E:\TreadSnow\TreadSnow Github2\ABP9.1.1\framework\src\Volo.Abp.TextTemplating\bin\Debug\net9.0\Volo.Abp.TextTemplating.dll" to "bin\Debug\net9.0\Volo.Abp.TextTemplating.dll". Beginning retry 1 in 1000ms. The process cannot access the file 'E:\TreadSnow\TreadSnow Github2\src\TreadSnow.HttpApi.Host\bin\Debug\net9.0\Volo.Abp.TextTemplating.dll' because it is being used by another process. The file is locked by: "TreadSnow.HttpApi.Host (46584)" [E:\TreadSnow\TreadSnow Github2\src\TreadSnow.HttpApi.Host\TreadSnow.HttpApi.Host.csproj]
C:\Program Files\dotnet\sdk\9.0.202\Microsoft.Common.CurrentVersion.targets(5063,5): warning MSB3026: Could not copy "E:\TreadSnow\TreadSnow Github2\ABP9.1.1\framework\src\Volo.Abp.TextTemplating.Scriban\bin\Debug\net9.0\Volo.Abp.TextTemplating.Scriban.dll" to "bin\Debug\net9.0\Volo.Abp.TextTemplating.Scriban.dll". Beginning retry 1 in 1000ms. The process cannot access the file 'E:\TreadSnow\TreadSnow Github2\src\TreadSnow.HttpApi.Host\bin\Debug\net9.0\Volo.Abp.TextTemplating.Scriban.dll' because it is being used by another process. The file is locked by: "TreadSnow.HttpApi.Host (46584)" [E:\TreadSnow\TreadSnow Github2\src\TreadSnow.HttpApi.Host\TreadSnow.HttpApi.Host.csproj]
C:\Program Files\dotnet\sdk\9.0.202\Microsoft.Common.CurrentVersion.targets(5063,5): warning MSB3026: Could not copy "E:\TreadSnow\TreadSnow Github2\ABP9.1.1\modules\openiddict\src\Volo.Abp.OpenIddict.AspNetCore\bin\Debug\net9.0\Volo.Abp.OpenIddict.AspNetCore.dll" to "bin\Debug\net9.0\Volo.Abp.OpenIddict.AspNetCore.dll". Beginning retry 3 in 1000ms. The process cannot access the file 'E:\TreadSnow\TreadSnow Github2\src\TreadSnow.HttpApi.Host\bin\Debug\net9.0\Volo.Abp.OpenIddict.AspNetCore.dll' because it is being used by another process. The file is locked by: "TreadSnow.HttpApi.Host (46584)" [E:\TreadSnow\TreadSnow Github2\src\TreadSnow.HttpApi.Host\TreadSnow.HttpApi.Host.csproj]
C:\Program Files\dotnet\sdk\9.0.202\Microsoft.Common.CurrentVersion.targets(5063,5): warning MSB3026: Could not copy "E:\TreadSnow\TreadSnow Github2\ABP9.1.1\framework\src\Volo.Abp.Minify\bin\Debug\net9.0\Volo.Abp.Minify.dll" to "bin\Debug\net9.0\Volo.Abp.Minify.dll". Beginning retry 5 in 1000ms. Could not find file 'E:\TreadSnow\TreadSnow Github2\ABP9.1.1\framework\src\Volo.Abp.Minify\bin\Debug\net9.0\Volo.Abp.Minify.dll'. The file is locked by: "TreadSnow.HttpApi.Host (46584)" [E:\TreadSnow\TreadSnow Github2\src\TreadSnow.HttpApi.Host\TreadSnow.HttpApi.Host.csproj]
C:\Program Files\dotnet\sdk\9.0.202\Microsoft.Common.CurrentVersion.targets(5063,5): warning MSB3026: Could not copy "E:\TreadSnow\TreadSnow Github2\ABP9.1.1\modules\openiddict\src\Volo.Abp.OpenIddict.Domain.Shared\bin\Debug\net9.0\Volo.Abp.OpenIddict.Domain.Shared.dll" to "bin\Debug\net9.0\Volo.Abp.OpenIddict.Domain.Shared.dll". Beginning retry 2 in 1000ms. The process cannot access the file 'E:\TreadSnow\TreadSnow Github2\src\TreadSnow.HttpApi.Host\bin\Debug\net9.0\Volo.Abp.OpenIddict.Domain.Shared.dll' because it is being used by another process. The file is locked by: "TreadSnow.HttpApi.Host (46584)" [E:\TreadSnow\TreadSnow Github2\src\TreadSnow.HttpApi.Host\TreadSnow.HttpApi.Host.csproj]
C:\Program Files\dotnet\sdk\9.0.202\Microsoft.Common.CurrentVersion.targets(5063,5): warning MSB3026: Could not copy "E:\TreadSnow\TreadSnow Github2\ABP9.1.1\framework\src\Volo.Abp.TextTemplating.Scriban\bin\Debug\net9.0\Volo.Abp.TextTemplating.Scriban.dll" to "bin\Debug\net9.0\Volo.Abp.TextTemplating.Scriban.dll". Beginning retry 2 in 1000ms. Could not find file 'E:\TreadSnow\TreadSnow Github2\ABP9.1.1\framework\src\Volo.Abp.TextTemplating.Scriban\bin\Debug\net9.0\Volo.Abp.TextTemplating.Scriban.dll'. The file is locked by: "TreadSnow.HttpApi.Host (46584)" [E:\TreadSnow\TreadSnow Github2\src\TreadSnow.HttpApi.Host\TreadSnow.HttpApi.Host.csproj]
C:\Program Files\dotnet\sdk\9.0.202\Microsoft.Common.CurrentVersion.targets(5063,5): warning MSB3026: Could not copy "E:\TreadSnow\TreadSnow Github2\ABP9.1.1\framework\src\Volo.Abp.TextTemplating\bin\Debug\net9.0\Volo.Abp.TextTemplating.dll" to "bin\Debug\net9.0\Volo.Abp.TextTemplating.dll". Beginning retry 2 in 1000ms. The process cannot access the file 'E:\TreadSnow\TreadSnow Github2\src\TreadSnow.HttpApi.Host\bin\Debug\net9.0\Volo.Abp.TextTemplating.dll' because it is being used by another process. The file is locked by: "TreadSnow.HttpApi.Host (46584)" [E:\TreadSnow\TreadSnow Github2\src\TreadSnow.HttpApi.Host\TreadSnow.HttpApi.Host.csproj]
C:\Program Files\dotnet\sdk\9.0.202\Microsoft.Common.CurrentVersion.targets(5063,5): warning MSB3026: Could not copy "E:\TreadSnow\TreadSnow Github2\ABP9.1.1\framework\src\Volo.Abp.TextTemplating.Core\bin\Debug\net9.0\Volo.Abp.TextTemplating.Core.dll" to "bin\Debug\net9.0\Volo.Abp.TextTemplating.Core.dll". Beginning retry 2 in 1000ms. Could not find file 'E:\TreadSnow\TreadSnow Github2\ABP9.1.1\framework\src\Volo.Abp.TextTemplating.Core\bin\Debug\net9.0\Volo.Abp.TextTemplating.Core.dll'. The file is locked by: "TreadSnow.HttpApi.Host (46584)" [E:\TreadSnow\TreadSnow Github2\src\TreadSnow.HttpApi.Host\TreadSnow.HttpApi.Host.csproj]
C:\Program Files\dotnet\sdk\9.0.202\Microsoft.Common.CurrentVersion.targets(5063,5): warning MSB3026: Could not copy "E:\TreadSnow\TreadSnow Github2\ABP9.1.1\framework\src\Volo.Abp.Minify\bin\Debug\net9.0\Volo.Abp.Minify.dll" to "bin\Debug\net9.0\Volo.Abp.Minify.dll". Beginning retry 6 in 1000ms. Could not find file 'E:\TreadSnow\TreadSnow Github2\ABP9.1.1\framework\src\Volo.Abp.Minify\bin\Debug\net9.0\Volo.Abp.Minify.dll'. The file is locked by: "TreadSnow.HttpApi.Host (46584)" [E:\TreadSnow\TreadSnow Github2\src\TreadSnow.HttpApi.Host\TreadSnow.HttpApi.Host.csproj]
C:\Program Files\dotnet\sdk\9.0.202\Microsoft.Common.CurrentVersion.targets(5063,5): warning MSB3026: Could not copy "E:\TreadSnow\TreadSnow Github2\ABP9.1.1\modules\openiddict\src\Volo.Abp.OpenIddict.AspNetCore\bin\Debug\net9.0\Volo.Abp.OpenIddict.AspNetCore.dll" to "bin\Debug\net9.0\Volo.Abp.OpenIddict.AspNetCore.dll". Beginning retry 4 in 1000ms. The process cannot access the file 'E:\TreadSnow\TreadSnow Github2\src\TreadSnow.HttpApi.Host\bin\Debug\net9.0\Volo.Abp.OpenIddict.AspNetCore.dll' because it is being used by another process. The file is locked by: "TreadSnow.HttpApi.Host (46584)" [E:\TreadSnow\TreadSnow Github2\src\TreadSnow.HttpApi.Host\TreadSnow.HttpApi.Host.csproj]
C:\Program Files\dotnet\sdk\9.0.202\Microsoft.Common.CurrentVersion.targets(5063,5): warning MSB3026: Could not copy "E:\TreadSnow\TreadSnow Github2\ABP9.1.1\modules\openiddict\src\Volo.Abp.OpenIddict.Domain.Shared\bin\Debug\net9.0\Volo.Abp.OpenIddict.Domain.Shared.dll" to "bin\Debug\net9.0\Volo.Abp.OpenIddict.Domain.Shared.dll". Beginning retry 3 in 1000ms. The process cannot access the file 'E:\TreadSnow\TreadSnow Github2\src\TreadSnow.HttpApi.Host\bin\Debug\net9.0\Volo.Abp.OpenIddict.Domain.Shared.dll' because it is being used by another process. The file is locked by: "TreadSnow.HttpApi.Host (46584)" [E:\TreadSnow\TreadSnow Github2\src\TreadSnow.HttpApi.Host\TreadSnow.HttpApi.Host.csproj]
C:\Program Files\dotnet\sdk\9.0.202\Microsoft.Common.CurrentVersion.targets(5063,5): warning MSB3026: Could not copy "E:\TreadSnow\TreadSnow Github2\ABP9.1.1\framework\src\Volo.Abp.TextTemplating.Scriban\bin\Debug\net9.0\Volo.Abp.TextTemplating.Scriban.dll" to "bin\Debug\net9.0\Volo.Abp.TextTemplating.Scriban.dll". Beginning retry 3 in 1000ms. Could not find file 'E:\TreadSnow\TreadSnow Github2\ABP9.1.1\framework\src\Volo.Abp.TextTemplating.Scriban\bin\Debug\net9.0\Volo.Abp.TextTemplating.Scriban.dll'. The file is locked by: "TreadSnow.HttpApi.Host (46584)" [E:\TreadSnow\TreadSnow Github2\src\TreadSnow.HttpApi.Host\TreadSnow.HttpApi.Host.csproj]
C:\Program Files\dotnet\sdk\9.0.202\Microsoft.Common.CurrentVersion.targets(5063,5): warning MSB3026: Could not copy "E:\TreadSnow\TreadSnow Github2\ABP9.1.1\framework\src\Volo.Abp.TextTemplating\bin\Debug\net9.0\Volo.Abp.TextTemplating.dll" to "bin\Debug\net9.0\Volo.Abp.TextTemplating.dll". Beginning retry 3 in 1000ms. The process cannot access the file 'E:\TreadSnow\TreadSnow Github2\src\TreadSnow.HttpApi.Host\bin\Debug\net9.0\Volo.Abp.TextTemplating.dll' because it is being used by another process. The file is locked by: "TreadSnow.HttpApi.Host (46584)" [E:\TreadSnow\TreadSnow Github2\src\TreadSnow.HttpApi.Host\TreadSnow.HttpApi.Host.csproj]
C:\Program Files\dotnet\sdk\9.0.202\Microsoft.Common.CurrentVersion.targets(5063,5): warning MSB3026: Could not copy "E:\TreadSnow\TreadSnow Github2\ABP9.1.1\framework\src\Volo.Abp.TextTemplating.Core\bin\Debug\net9.0\Volo.Abp.TextTemplating.Core.dll" to "bin\Debug\net9.0\Volo.Abp.TextTemplating.Core.dll". Beginning retry 3 in 1000ms. Could not find file 'E:\TreadSnow\TreadSnow Github2\ABP9.1.1\framework\src\Volo.Abp.TextTemplating.Core\bin\Debug\net9.0\Volo.Abp.TextTemplating.Core.dll'. The file is locked by: "TreadSnow.HttpApi.Host (46584)" [E:\TreadSnow\TreadSnow Github2\src\TreadSnow.HttpApi.Host\TreadSnow.HttpApi.Host.csproj]
C:\Program Files\dotnet\sdk\9.0.202\Microsoft.Common.CurrentVersion.targets(5063,5): warning MSB3026: Could not copy "E:\TreadSnow\TreadSnow Github2\ABP9.1.1\framework\src\Volo.Abp.Minify\bin\Debug\net9.0\Volo.Abp.Minify.dll" to "bin\Debug\net9.0\Volo.Abp.Minify.dll". Beginning retry 7 in 1000ms. Could not find file 'E:\TreadSnow\TreadSnow Github2\ABP9.1.1\framework\src\Volo.Abp.Minify\bin\Debug\net9.0\Volo.Abp.Minify.dll'. The file is locked by: "TreadSnow.HttpApi.Host (46584)" [E:\TreadSnow\TreadSnow Github2\src\TreadSnow.HttpApi.Host\TreadSnow.HttpApi.Host.csproj]
C:\Program Files\dotnet\sdk\9.0.202\Microsoft.Common.CurrentVersion.targets(5063,5): warning MSB3026: Could not copy "E:\TreadSnow\TreadSnow Github2\ABP9.1.1\modules\openiddict\src\Volo.Abp.OpenIddict.AspNetCore\bin\Debug\net9.0\Volo.Abp.OpenIddict.AspNetCore.dll" to "bin\Debug\net9.0\Volo.Abp.OpenIddict.AspNetCore.dll". Beginning retry 5 in 1000ms. The process cannot access the file 'E:\TreadSnow\TreadSnow Github2\src\TreadSnow.HttpApi.Host\bin\Debug\net9.0\Volo.Abp.OpenIddict.AspNetCore.dll' because it is being used by another process. The file is locked by: "TreadSnow.HttpApi.Host (46584)" [E:\TreadSnow\TreadSnow Github2\src\TreadSnow.HttpApi.Host\TreadSnow.HttpApi.Host.csproj]
C:\Program Files\dotnet\sdk\9.0.202\Microsoft.Common.CurrentVersion.targets(5063,5): warning MSB3026: Could not copy "E:\TreadSnow\TreadSnow Github2\ABP9.1.1\modules\openiddict\src\Volo.Abp.OpenIddict.Domain.Shared\bin\Debug\net9.0\Volo.Abp.OpenIddict.Domain.Shared.dll" to "bin\Debug\net9.0\Volo.Abp.OpenIddict.Domain.Shared.dll". Beginning retry 4 in 1000ms. The process cannot access the file 'E:\TreadSnow\TreadSnow Github2\src\TreadSnow.HttpApi.Host\bin\Debug\net9.0\Volo.Abp.OpenIddict.Domain.Shared.dll' because it is being used by another process. The file is locked by: "TreadSnow.HttpApi.Host (46584)" [E:\TreadSnow\TreadSnow Github2\src\TreadSnow.HttpApi.Host\TreadSnow.HttpApi.Host.csproj]
C:\Program Files\dotnet\sdk\9.0.202\Microsoft.Common.CurrentVersion.targets(5063,5): warning MSB3026: Could not copy "E:\TreadSnow\TreadSnow Github2\ABP9.1.1\framework\src\Volo.Abp.TextTemplating.Scriban\bin\Debug\net9.0\Volo.Abp.TextTemplating.Scriban.dll" to "bin\Debug\net9.0\Volo.Abp.TextTemplating.Scriban.dll". Beginning retry 4 in 1000ms. Could not find file 'E:\TreadSnow\TreadSnow Github2\ABP9.1.1\framework\src\Volo.Abp.TextTemplating.Scriban\bin\Debug\net9.0\Volo.Abp.TextTemplating.Scriban.dll'. The file is locked by: "TreadSnow.HttpApi.Host (46584)" [E:\TreadSnow\TreadSnow Github2\src\TreadSnow.HttpApi.Host\TreadSnow.HttpApi.Host.csproj]
C:\Program Files\dotnet\sdk\9.0.202\Microsoft.Common.CurrentVersion.targets(5063,5): warning MSB3026: Could not copy "E:\TreadSnow\TreadSnow Github2\ABP9.1.1\framework\src\Volo.Abp.TextTemplating\bin\Debug\net9.0\Volo.Abp.TextTemplating.dll" to "bin\Debug\net9.0\Volo.Abp.TextTemplating.dll". Beginning retry 4 in 1000ms. Could not find file 'E:\TreadSnow\TreadSnow Github2\ABP9.1.1\framework\src\Volo.Abp.TextTemplating\bin\Debug\net9.0\Volo.Abp.TextTemplating.dll'. The file is locked by: "TreadSnow.HttpApi.Host (46584)" [E:\TreadSnow\TreadSnow Github2\src\TreadSnow.HttpApi.Host\TreadSnow.HttpApi.Host.csproj]
C:\Program Files\dotnet\sdk\9.0.202\Microsoft.Common.CurrentVersion.targets(5063,5): warning MSB3026: Could not copy "E:\TreadSnow\TreadSnow Github2\ABP9.1.1\framework\src\Volo.Abp.TextTemplating.Core\bin\Debug\net9.0\Volo.Abp.TextTemplating.Core.dll" to "bin\Debug\net9.0\Volo.Abp.TextTemplating.Core.dll". Beginning retry 4 in 1000ms. Could not find file 'E:\TreadSnow\TreadSnow Github2\ABP9.1.1\framework\src\Volo.Abp.TextTemplating.Core\bin\Debug\net9.0\Volo.Abp.TextTemplating.Core.dll'. The file is locked by: "TreadSnow.HttpApi.Host (46584)" [E:\TreadSnow\TreadSnow Github2\src\TreadSnow.HttpApi.Host\TreadSnow.HttpApi.Host.csproj]
C:\Program Files\dotnet\sdk\9.0.202\Microsoft.Common.CurrentVersion.targets(5063,5): warning MSB3026: Could not copy "E:\TreadSnow\TreadSnow Github2\ABP9.1.1\framework\src\Volo.Abp.Minify\bin\Debug\net9.0\Volo.Abp.Minify.dll" to "bin\Debug\net9.0\Volo.Abp.Minify.dll". Beginning retry 8 in 1000ms. Could not find file 'E:\TreadSnow\TreadSnow Github2\ABP9.1.1\framework\src\Volo.Abp.Minify\bin\Debug\net9.0\Volo.Abp.Minify.dll'. The file is locked by: "TreadSnow.HttpApi.Host (46584)" [E:\TreadSnow\TreadSnow Github2\src\TreadSnow.HttpApi.Host\TreadSnow.HttpApi.Host.csproj]
C:\Program Files\dotnet\sdk\9.0.202\Microsoft.Common.CurrentVersion.targets(5063,5): warning MSB3026: Could not copy "E:\TreadSnow\TreadSnow Github2\ABP9.1.1\modules\openiddict\src\Volo.Abp.OpenIddict.AspNetCore\bin\Debug\net9.0\Volo.Abp.OpenIddict.AspNetCore.dll" to "bin\Debug\net9.0\Volo.Abp.OpenIddict.AspNetCore.dll". Beginning retry 6 in 1000ms. The process cannot access the file 'E:\TreadSnow\TreadSnow Github2\src\TreadSnow.HttpApi.Host\bin\Debug\net9.0\Volo.Abp.OpenIddict.AspNetCore.dll' because it is being used by another process. The file is locked by: "TreadSnow.HttpApi.Host (46584)" [E:\TreadSnow\TreadSnow Github2\src\TreadSnow.HttpApi.Host\TreadSnow.HttpApi.Host.csproj]
C:\Program Files\dotnet\sdk\9.0.202\Microsoft.Common.CurrentVersion.targets(5063,5): warning MSB3026: Could not copy "E:\TreadSnow\TreadSnow Github2\ABP9.1.1\modules\openiddict\src\Volo.Abp.OpenIddict.Domain.Shared\bin\Debug\net9.0\Volo.Abp.OpenIddict.Domain.Shared.dll" to "bin\Debug\net9.0\Volo.Abp.OpenIddict.Domain.Shared.dll". Beginning retry 5 in 1000ms. The process cannot access the file 'E:\TreadSnow\TreadSnow Github2\src\TreadSnow.HttpApi.Host\bin\Debug\net9.0\Volo.Abp.OpenIddict.Domain.Shared.dll' because it is being used by another process. The file is locked by: "TreadSnow.HttpApi.Host (46584)" [E:\TreadSnow\TreadSnow Github2\src\TreadSnow.HttpApi.Host\TreadSnow.HttpApi.Host.csproj]
C:\Program Files\dotnet\sdk\9.0.202\Microsoft.Common.CurrentVersion.targets(5063,5): warning MSB3026: Could not copy "E:\TreadSnow\TreadSnow Github2\ABP9.1.1\framework\src\Volo.Abp.TextTemplating.Scriban\bin\Debug\net9.0\Volo.Abp.TextTemplating.Scriban.dll" to "bin\Debug\net9.0\Volo.Abp.TextTemplating.Scriban.dll". Beginning retry 5 in 1000ms. Could not find file 'E:\TreadSnow\TreadSnow Github2\ABP9.1.1\framework\src\Volo.Abp.TextTemplating.Scriban\bin\Debug\net9.0\Volo.Abp.TextTemplating.Scriban.dll'. The file is locked by: "TreadSnow.HttpApi.Host (46584)" [E:\TreadSnow\TreadSnow Github2\src\TreadSnow.HttpApi.Host\TreadSnow.HttpApi.Host.csproj]
C:\Program Files\dotnet\sdk\9.0.202\Microsoft.Common.CurrentVersion.targets(5063,5): warning MSB3026: Could not copy "E:\TreadSnow\TreadSnow Github2\ABP9.1.1\framework\src\Volo.Abp.TextTemplating\bin\Debug\net9.0\Volo.Abp.TextTemplating.dll" to "bin\Debug\net9.0\Volo.Abp.TextTemplating.dll". Beginning retry 5 in 1000ms. Could not find file 'E:\TreadSnow\TreadSnow Github2\ABP9.1.1\framework\src\Volo.Abp.TextTemplating\bin\Debug\net9.0\Volo.Abp.TextTemplating.dll'. The file is locked by: "TreadSnow.HttpApi.Host (46584)" [E:\TreadSnow\TreadSnow Github2\src\TreadSnow.HttpApi.Host\TreadSnow.HttpApi.Host.csproj]
C:\Program Files\dotnet\sdk\9.0.202\Microsoft.Common.CurrentVersion.targets(5063,5): warning MSB3026: Could not copy "E:\TreadSnow\TreadSnow Github2\ABP9.1.1\framework\src\Volo.Abp.TextTemplating.Core\bin\Debug\net9.0\Volo.Abp.TextTemplating.Core.dll" to "bin\Debug\net9.0\Volo.Abp.TextTemplating.Core.dll". Beginning retry 5 in 1000ms. Could not find file 'E:\TreadSnow\TreadSnow Github2\ABP9.1.1\framework\src\Volo.Abp.TextTemplating.Core\bin\Debug\net9.0\Volo.Abp.TextTemplating.Core.dll'. The file is locked by: "TreadSnow.HttpApi.Host (46584)" [E:\TreadSnow\TreadSnow Github2\src\TreadSnow.HttpApi.Host\TreadSnow.HttpApi.Host.csproj]
C:\Program Files\dotnet\sdk\9.0.202\Microsoft.Common.CurrentVersion.targets(5063,5): warning MSB3026: Could not copy "E:\TreadSnow\TreadSnow Github2\ABP9.1.1\framework\src\Volo.Abp.Minify\bin\Debug\net9.0\Volo.Abp.Minify.dll" to "bin\Debug\net9.0\Volo.Abp.Minify.dll". Beginning retry 9 in 1000ms. Could not find file 'E:\TreadSnow\TreadSnow Github2\ABP9.1.1\framework\src\Volo.Abp.Minify\bin\Debug\net9.0\Volo.Abp.Minify.dll'. The file is locked by: "TreadSnow.HttpApi.Host (46584)" [E:\TreadSnow\TreadSnow Github2\src\TreadSnow.HttpApi.Host\TreadSnow.HttpApi.Host.csproj]
C:\Program Files\dotnet\sdk\9.0.202\Microsoft.Common.CurrentVersion.targets(5063,5): warning MSB3026: Could not copy "E:\TreadSnow\TreadSnow Github2\ABP9.1.1\modules\openiddict\src\Volo.Abp.OpenIddict.AspNetCore\bin\Debug\net9.0\Volo.Abp.OpenIddict.AspNetCore.dll" to "bin\Debug\net9.0\Volo.Abp.OpenIddict.AspNetCore.dll". Beginning retry 7 in 1000ms. The process cannot access the file 'E:\TreadSnow\TreadSnow Github2\src\TreadSnow.HttpApi.Host\bin\Debug\net9.0\Volo.Abp.OpenIddict.AspNetCore.dll' because it is being used by another process. The file is locked by: "TreadSnow.HttpApi.Host (46584)" [E:\TreadSnow\TreadSnow Github2\src\TreadSnow.HttpApi.Host\TreadSnow.HttpApi.Host.csproj]
C:\Program Files\dotnet\sdk\9.0.202\Microsoft.Common.CurrentVersion.targets(5063,5): warning MSB3026: Could not copy "E:\TreadSnow\TreadSnow Github2\ABP9.1.1\modules\openiddict\src\Volo.Abp.OpenIddict.Domain.Shared\bin\Debug\net9.0\Volo.Abp.OpenIddict.Domain.Shared.dll" to "bin\Debug\net9.0\Volo.Abp.OpenIddict.Domain.Shared.dll". Beginning retry 6 in 1000ms. The process cannot access the file 'E:\TreadSnow\TreadSnow Github2\src\TreadSnow.HttpApi.Host\bin\Debug\net9.0\Volo.Abp.OpenIddict.Domain.Shared.dll' because it is being used by another process. The file is locked by: "TreadSnow.HttpApi.Host (46584)" [E:\TreadSnow\TreadSnow Github2\src\TreadSnow.HttpApi.Host\TreadSnow.HttpApi.Host.csproj]
C:\Program Files\dotnet\sdk\9.0.202\Microsoft.Common.CurrentVersion.targets(5063,5): warning MSB3026: Could not copy "E:\TreadSnow\TreadSnow Github2\ABP9.1.1\framework\src\Volo.Abp.TextTemplating.Scriban\bin\Debug\net9.0\Volo.Abp.TextTemplating.Scriban.dll" to "bin\Debug\net9.0\Volo.Abp.TextTemplating.Scriban.dll". Beginning retry 6 in 1000ms. Could not find file 'E:\TreadSnow\TreadSnow Github2\ABP9.1.1\framework\src\Volo.Abp.TextTemplating.Scriban\bin\Debug\net9.0\Volo.Abp.TextTemplating.Scriban.dll'. The file is locked by: "TreadSnow.HttpApi.Host (46584)" [E:\TreadSnow\TreadSnow Github2\src\TreadSnow.HttpApi.Host\TreadSnow.HttpApi.Host.csproj]
C:\Program Files\dotnet\sdk\9.0.202\Microsoft.Common.CurrentVersion.targets(5063,5): warning MSB3026: Could not copy "E:\TreadSnow\TreadSnow Github2\ABP9.1.1\framework\src\Volo.Abp.TextTemplating.Core\bin\Debug\net9.0\Volo.Abp.TextTemplating.Core.dll" to "bin\Debug\net9.0\Volo.Abp.TextTemplating.Core.dll". Beginning retry 6 in 1000ms. Could not find file 'E:\TreadSnow\TreadSnow Github2\ABP9.1.1\framework\src\Volo.Abp.TextTemplating.Core\bin\Debug\net9.0\Volo.Abp.TextTemplating.Core.dll'. The file is locked by: "TreadSnow.HttpApi.Host (46584)" [E:\TreadSnow\TreadSnow Github2\src\TreadSnow.HttpApi.Host\TreadSnow.HttpApi.Host.csproj]
C:\Program Files\dotnet\sdk\9.0.202\Microsoft.Common.CurrentVersion.targets(5063,5): warning MSB3026: Could not copy "E:\TreadSnow\TreadSnow Github2\ABP9.1.1\framework\src\Volo.Abp.TextTemplating\bin\Debug\net9.0\Volo.Abp.TextTemplating.dll" to "bin\Debug\net9.0\Volo.Abp.TextTemplating.dll". Beginning retry 6 in 1000ms. Could not find file 'E:\TreadSnow\TreadSnow Github2\ABP9.1.1\framework\src\Volo.Abp.TextTemplating\bin\Debug\net9.0\Volo.Abp.TextTemplating.dll'. The file is locked by: "TreadSnow.HttpApi.Host (46584)" [E:\TreadSnow\TreadSnow Github2\src\TreadSnow.HttpApi.Host\TreadSnow.HttpApi.Host.csproj]
C:\Program Files\dotnet\sdk\9.0.202\Microsoft.Common.CurrentVersion.targets(5063,5): warning MSB3026: Could not copy "E:\TreadSnow\TreadSnow Github2\ABP9.1.1\framework\src\Volo.Abp.Minify\bin\Debug\net9.0\Volo.Abp.Minify.dll" to "bin\Debug\net9.0\Volo.Abp.Minify.dll". Beginning retry 10 in 1000ms. Could not find file 'E:\TreadSnow\TreadSnow Github2\ABP9.1.1\framework\src\Volo.Abp.Minify\bin\Debug\net9.0\Volo.Abp.Minify.dll'. The file is locked by: "TreadSnow.HttpApi.Host (46584)" [E:\TreadSnow\TreadSnow Github2\src\TreadSnow.HttpApi.Host\TreadSnow.HttpApi.Host.csproj]
C:\Program Files\dotnet\sdk\9.0.202\Microsoft.Common.CurrentVersion.targets(5063,5): warning MSB3026: Could not copy "E:\TreadSnow\TreadSnow Github2\ABP9.1.1\modules\openiddict\src\Volo.Abp.OpenIddict.AspNetCore\bin\Debug\net9.0\Volo.Abp.OpenIddict.AspNetCore.dll" to "bin\Debug\net9.0\Volo.Abp.OpenIddict.AspNetCore.dll". Beginning retry 8 in 1000ms. The process cannot access the file 'E:\TreadSnow\TreadSnow Github2\src\TreadSnow.HttpApi.Host\bin\Debug\net9.0\Volo.Abp.OpenIddict.AspNetCore.dll' because it is being used by another process. The file is locked by: "TreadSnow.HttpApi.Host (46584)" [E:\TreadSnow\TreadSnow Github2\src\TreadSnow.HttpApi.Host\TreadSnow.HttpApi.Host.csproj]
C:\Program Files\dotnet\sdk\9.0.202\Microsoft.Common.CurrentVersion.targets(5063,5): warning MSB3026: Could not copy "E:\TreadSnow\TreadSnow Github2\ABP9.1.1\modules\openiddict\src\Volo.Abp.OpenIddict.Domain.Shared\bin\Debug\net9.0\Volo.Abp.OpenIddict.Domain.Shared.dll" to "bin\Debug\net9.0\Volo.Abp.OpenIddict.Domain.Shared.dll". Beginning retry 7 in 1000ms. The process cannot access the file 'E:\TreadSnow\TreadSnow Github2\src\TreadSnow.HttpApi.Host\bin\Debug\net9.0\Volo.Abp.OpenIddict.Domain.Shared.dll' because it is being used by another process. The file is locked by: "TreadSnow.HttpApi.Host (46584)" [E:\TreadSnow\TreadSnow Github2\src\TreadSnow.HttpApi.Host\TreadSnow.HttpApi.Host.csproj]
C:\Program Files\dotnet\sdk\9.0.202\Microsoft.Common.CurrentVersion.targets(5063,5): warning MSB3026: Could not copy "E:\TreadSnow\TreadSnow Github2\ABP9.1.1\framework\src\Volo.Abp.TextTemplating.Scriban\bin\Debug\net9.0\Volo.Abp.TextTemplating.Scriban.dll" to "bin\Debug\net9.0\Volo.Abp.TextTemplating.Scriban.dll". Beginning retry 7 in 1000ms. Could not find file 'E:\TreadSnow\TreadSnow Github2\ABP9.1.1\framework\src\Volo.Abp.TextTemplating.Scriban\bin\Debug\net9.0\Volo.Abp.TextTemplating.Scriban.dll'. The file is locked by: "TreadSnow.HttpApi.Host (46584)" [E:\TreadSnow\TreadSnow Github2\src\TreadSnow.HttpApi.Host\TreadSnow.HttpApi.Host.csproj]
C:\Program Files\dotnet\sdk\9.0.202\Microsoft.Common.CurrentVersion.targets(5063,5): warning MSB3026: Could not copy "E:\TreadSnow\TreadSnow Github2\ABP9.1.1\framework\src\Volo.Abp.TextTemplating\bin\Debug\net9.0\Volo.Abp.TextTemplating.dll" to "bin\Debug\net9.0\Volo.Abp.TextTemplating.dll". Beginning retry 7 in 1000ms. Could not find file 'E:\TreadSnow\TreadSnow Github2\ABP9.1.1\framework\src\Volo.Abp.TextTemplating\bin\Debug\net9.0\Volo.Abp.TextTemplating.dll'. The file is locked by: "TreadSnow.HttpApi.Host (46584)" [E:\TreadSnow\TreadSnow Github2\src\TreadSnow.HttpApi.Host\TreadSnow.HttpApi.Host.csproj]
C:\Program Files\dotnet\sdk\9.0.202\Microsoft.Common.CurrentVersion.targets(5063,5): warning MSB3026: Could not copy "E:\TreadSnow\TreadSnow Github2\ABP9.1.1\framework\src\Volo.Abp.TextTemplating.Core\bin\Debug\net9.0\Volo.Abp.TextTemplating.Core.dll" to "bin\Debug\net9.0\Volo.Abp.TextTemplating.Core.dll". Beginning retry 7 in 1000ms. Could not find file 'E:\TreadSnow\TreadSnow Github2\ABP9.1.1\framework\src\Volo.Abp.TextTemplating.Core\bin\Debug\net9.0\Volo.Abp.TextTemplating.Core.dll'. The file is locked by: "TreadSnow.HttpApi.Host (46584)" [E:\TreadSnow\TreadSnow Github2\src\TreadSnow.HttpApi.Host\TreadSnow.HttpApi.Host.csproj]
C:\Program Files\dotnet\sdk\9.0.202\Microsoft.Common.CurrentVersion.targets(5063,5): warning MSB3026: Could not copy "E:\TreadSnow\TreadSnow Github2\ABP9.1.1\framework\src\Volo.Abp.Threading\bin\Debug\net9.0\Volo.Abp.Threading.dll" to "bin\Debug\net9.0\Volo.Abp.Threading.dll". Beginning retry 1 in 1000ms. The process cannot access the file 'E:\TreadSnow\TreadSnow Github2\src\TreadSnow.HttpApi.Host\bin\Debug\net9.0\Volo.Abp.Threading.dll' because it is being used by another process. The file is locked by: "TreadSnow.HttpApi.Host (46584)" [E:\TreadSnow\TreadSnow Github2\src\TreadSnow.HttpApi.Host\TreadSnow.HttpApi.Host.csproj]
C:\Program Files\dotnet\sdk\9.0.202\Microsoft.Common.CurrentVersion.targets(5063,5): warning MSB3026: Could not copy "E:\TreadSnow\TreadSnow Github2\ABP9.1.1\modules\openiddict\src\Volo.Abp.OpenIddict.AspNetCore\bin\Debug\net9.0\Volo.Abp.OpenIddict.AspNetCore.dll" to "bin\Debug\net9.0\Volo.Abp.OpenIddict.AspNetCore.dll". Beginning retry 9 in 1000ms. The process cannot access the file 'E:\TreadSnow\TreadSnow Github2\src\TreadSnow.HttpApi.Host\bin\Debug\net9.0\Volo.Abp.OpenIddict.AspNetCore.dll' because it is being used by another process. The file is locked by: "TreadSnow.HttpApi.Host (46584)" [E:\TreadSnow\TreadSnow Github2\src\TreadSnow.HttpApi.Host\TreadSnow.HttpApi.Host.csproj]
C:\Program Files\dotnet\sdk\9.0.202\Microsoft.Common.CurrentVersion.targets(5063,5): warning MSB3026: Could not copy "E:\TreadSnow\TreadSnow Github2\ABP9.1.1\modules\openiddict\src\Volo.Abp.OpenIddict.Domain.Shared\bin\Debug\net9.0\Volo.Abp.OpenIddict.Domain.Shared.dll" to "bin\Debug\net9.0\Volo.Abp.OpenIddict.Domain.Shared.dll". Beginning retry 8 in 1000ms. The process cannot access the file 'E:\TreadSnow\TreadSnow Github2\src\TreadSnow.HttpApi.Host\bin\Debug\net9.0\Volo.Abp.OpenIddict.Domain.Shared.dll' because it is being used by another process. The file is locked by: "TreadSnow.HttpApi.Host (46584)" [E:\TreadSnow\TreadSnow Github2\src\TreadSnow.HttpApi.Host\TreadSnow.HttpApi.Host.csproj]
C:\Program Files\dotnet\sdk\9.0.202\Microsoft.Common.CurrentVersion.targets(5063,5): warning MSB3026: Could not copy "E:\TreadSnow\TreadSnow Github2\ABP9.1.1\framework\src\Volo.Abp.TextTemplating.Scriban\bin\Debug\net9.0\Volo.Abp.TextTemplating.Scriban.dll" to "bin\Debug\net9.0\Volo.Abp.TextTemplating.Scriban.dll". Beginning retry 8 in 1000ms. Could not find file 'E:\TreadSnow\TreadSnow Github2\ABP9.1.1\framework\src\Volo.Abp.TextTemplating.Scriban\bin\Debug\net9.0\Volo.Abp.TextTemplating.Scriban.dll'. The file is locked by: "TreadSnow.HttpApi.Host (46584)" [E:\TreadSnow\TreadSnow Github2\src\TreadSnow.HttpApi.Host\TreadSnow.HttpApi.Host.csproj]
C:\Program Files\dotnet\sdk\9.0.202\Microsoft.Common.CurrentVersion.targets(5063,5): warning MSB3026: Could not copy "E:\TreadSnow\TreadSnow Github2\ABP9.1.1\framework\src\Volo.Abp.TextTemplating\bin\Debug\net9.0\Volo.Abp.TextTemplating.dll" to "bin\Debug\net9.0\Volo.Abp.TextTemplating.dll". Beginning retry 8 in 1000ms. Could not find file 'E:\TreadSnow\TreadSnow Github2\ABP9.1.1\framework\src\Volo.Abp.TextTemplating\bin\Debug\net9.0\Volo.Abp.TextTemplating.dll'. The file is locked by: "TreadSnow.HttpApi.Host (46584)" [E:\TreadSnow\TreadSnow Github2\src\TreadSnow.HttpApi.Host\TreadSnow.HttpApi.Host.csproj]
C:\Program Files\dotnet\sdk\9.0.202\Microsoft.Common.CurrentVersion.targets(5063,5): warning MSB3026: Could not copy "E:\TreadSnow\TreadSnow Github2\ABP9.1.1\framework\src\Volo.Abp.TextTemplating.Core\bin\Debug\net9.0\Volo.Abp.TextTemplating.Core.dll" to "bin\Debug\net9.0\Volo.Abp.TextTemplating.Core.dll". Beginning retry 8 in 1000ms. Could not find file 'E:\TreadSnow\TreadSnow Github2\ABP9.1.1\framework\src\Volo.Abp.TextTemplating.Core\bin\Debug\net9.0\Volo.Abp.TextTemplating.Core.dll'. The file is locked by: "TreadSnow.HttpApi.Host (46584)" [E:\TreadSnow\TreadSnow Github2\src\TreadSnow.HttpApi.Host\TreadSnow.HttpApi.Host.csproj]
C:\Program Files\dotnet\sdk\9.0.202\Microsoft.Common.CurrentVersion.targets(5063,5): warning MSB3026: Could not copy "E:\TreadSnow\TreadSnow Github2\ABP9.1.1\framework\src\Volo.Abp.Threading\bin\Debug\net9.0\Volo.Abp.Threading.dll" to "bin\Debug\net9.0\Volo.Abp.Threading.dll". Beginning retry 2 in 1000ms. The process cannot access the file 'E:\TreadSnow\TreadSnow Github2\src\TreadSnow.HttpApi.Host\bin\Debug\net9.0\Volo.Abp.Threading.dll' because it is being used by another process. The file is locked by: "TreadSnow.HttpApi.Host (46584)" [E:\TreadSnow\TreadSnow Github2\src\TreadSnow.HttpApi.Host\TreadSnow.HttpApi.Host.csproj]
C:\Program Files\dotnet\sdk\9.0.202\Microsoft.Common.CurrentVersion.targets(5063,5): warning MSB3026: Could not copy "E:\TreadSnow\TreadSnow Github2\ABP9.1.1\modules\openiddict\src\Volo.Abp.OpenIddict.AspNetCore\bin\Debug\net9.0\Volo.Abp.OpenIddict.AspNetCore.dll" to "bin\Debug\net9.0\Volo.Abp.OpenIddict.AspNetCore.dll". Beginning retry 10 in 1000ms. The process cannot access the file 'E:\TreadSnow\TreadSnow Github2\src\TreadSnow.HttpApi.Host\bin\Debug\net9.0\Volo.Abp.OpenIddict.AspNetCore.dll' because it is being used by another process. The file is locked by: "TreadSnow.HttpApi.Host (46584)" [E:\TreadSnow\TreadSnow Github2\src\TreadSnow.HttpApi.Host\TreadSnow.HttpApi.Host.csproj]
C:\Program Files\dotnet\sdk\9.0.202\Microsoft.Common.CurrentVersion.targets(5063,5): warning MSB3026: Could not copy "E:\TreadSnow\TreadSnow Github2\ABP9.1.1\modules\openiddict\src\Volo.Abp.OpenIddict.Domain.Shared\bin\Debug\net9.0\Volo.Abp.OpenIddict.Domain.Shared.dll" to "bin\Debug\net9.0\Volo.Abp.OpenIddict.Domain.Shared.dll". Beginning retry 9 in 1000ms. The process cannot access the file 'E:\TreadSnow\TreadSnow Github2\src\TreadSnow.HttpApi.Host\bin\Debug\net9.0\Volo.Abp.OpenIddict.Domain.Shared.dll' because it is being used by another process. The file is locked by: "TreadSnow.HttpApi.Host (46584)" [E:\TreadSnow\TreadSnow Github2\src\TreadSnow.HttpApi.Host\TreadSnow.HttpApi.Host.csproj]
C:\Program Files\dotnet\sdk\9.0.202\Microsoft.Common.CurrentVersion.targets(5063,5): warning MSB3026: Could not copy "E:\TreadSnow\TreadSnow Github2\ABP9.1.1\framework\src\Volo.Abp.TextTemplating.Scriban\bin\Debug\net9.0\Volo.Abp.TextTemplating.Scriban.dll" to "bin\Debug\net9.0\Volo.Abp.TextTemplating.Scriban.dll". Beginning retry 9 in 1000ms. Could not find file 'E:\TreadSnow\TreadSnow Github2\ABP9.1.1\framework\src\Volo.Abp.TextTemplating.Scriban\bin\Debug\net9.0\Volo.Abp.TextTemplating.Scriban.dll'. The file is locked by: "TreadSnow.HttpApi.Host (46584)" [E:\TreadSnow\TreadSnow Github2\src\TreadSnow.HttpApi.Host\TreadSnow.HttpApi.Host.csproj]
C:\Program Files\dotnet\sdk\9.0.202\Microsoft.Common.CurrentVersion.targets(5063,5): warning MSB3026: Could not copy "E:\TreadSnow\TreadSnow Github2\ABP9.1.1\framework\src\Volo.Abp.TextTemplating.Core\bin\Debug\net9.0\Volo.Abp.TextTemplating.Core.dll" to "bin\Debug\net9.0\Volo.Abp.TextTemplating.Core.dll". Beginning retry 9 in 1000ms. Could not find file 'E:\TreadSnow\TreadSnow Github2\ABP9.1.1\framework\src\Volo.Abp.TextTemplating.Core\bin\Debug\net9.0\Volo.Abp.TextTemplating.Core.dll'. The file is locked by: "TreadSnow.HttpApi.Host (46584)" [E:\TreadSnow\TreadSnow Github2\src\TreadSnow.HttpApi.Host\TreadSnow.HttpApi.Host.csproj]
C:\Program Files\dotnet\sdk\9.0.202\Microsoft.Common.CurrentVersion.targets(5063,5): warning MSB3026: Could not copy "E:\TreadSnow\TreadSnow Github2\ABP9.1.1\framework\src\Volo.Abp.TextTemplating\bin\Debug\net9.0\Volo.Abp.TextTemplating.dll" to "bin\Debug\net9.0\Volo.Abp.TextTemplating.dll". Beginning retry 9 in 1000ms. Could not find file 'E:\TreadSnow\TreadSnow Github2\ABP9.1.1\framework\src\Volo.Abp.TextTemplating\bin\Debug\net9.0\Volo.Abp.TextTemplating.dll'. The file is locked by: "TreadSnow.HttpApi.Host (46584)" [E:\TreadSnow\TreadSnow Github2\src\TreadSnow.HttpApi.Host\TreadSnow.HttpApi.Host.csproj]
C:\Program Files\dotnet\sdk\9.0.202\Microsoft.Common.CurrentVersion.targets(5063,5): warning MSB3026: Could not copy "E:\TreadSnow\TreadSnow Github2\ABP9.1.1\framework\src\Volo.Abp.Threading\bin\Debug\net9.0\Volo.Abp.Threading.dll" to "bin\Debug\net9.0\Volo.Abp.Threading.dll". Beginning retry 3 in 1000ms. The process cannot access the file 'E:\TreadSnow\TreadSnow Github2\src\TreadSnow.HttpApi.Host\bin\Debug\net9.0\Volo.Abp.Threading.dll' because it is being used by another process. The file is locked by: "TreadSnow.HttpApi.Host (46584)" [E:\TreadSnow\TreadSnow Github2\src\TreadSnow.HttpApi.Host\TreadSnow.HttpApi.Host.csproj]
C:\Program Files\dotnet\sdk\9.0.202\Microsoft.Common.CurrentVersion.targets(5063,5): warning MSB3026: Could not copy "E:\TreadSnow\TreadSnow Github2\ABP9.1.1\modules\openiddict\src\Volo.Abp.OpenIddict.Domain.Shared\bin\Debug\net9.0\Volo.Abp.OpenIddict.Domain.Shared.dll" to "bin\Debug\net9.0\Volo.Abp.OpenIddict.Domain.Shared.dll". Beginning retry 10 in 1000ms. The process cannot access the file 'E:\TreadSnow\TreadSnow Github2\src\TreadSnow.HttpApi.Host\bin\Debug\net9.0\Volo.Abp.OpenIddict.Domain.Shared.dll' because it is being used by another process. The file is locked by: "TreadSnow.HttpApi.Host (46584)" [E:\TreadSnow\TreadSnow Github2\src\TreadSnow.HttpApi.Host\TreadSnow.HttpApi.Host.csproj]
C:\Program Files\dotnet\sdk\9.0.202\Microsoft.Common.CurrentVersion.targets(5063,5): warning MSB3026: Could not copy "E:\TreadSnow\TreadSnow Github2\ABP9.1.1\framework\src\Volo.Abp.TextTemplating.Scriban\bin\Debug\net9.0\Volo.Abp.TextTemplating.Scriban.dll" to "bin\Debug\net9.0\Volo.Abp.TextTemplating.Scriban.dll". Beginning retry 10 in 1000ms. Could not find file 'E:\TreadSnow\TreadSnow Github2\ABP9.1.1\framework\src\Volo.Abp.TextTemplating.Scriban\bin\Debug\net9.0\Volo.Abp.TextTemplating.Scriban.dll'. The file is locked by: "TreadSnow.HttpApi.Host (46584)" [E:\TreadSnow\TreadSnow Github2\src\TreadSnow.HttpApi.Host\TreadSnow.HttpApi.Host.csproj]
C:\Program Files\dotnet\sdk\9.0.202\Microsoft.Common.CurrentVersion.targets(5063,5): warning MSB3026: Could not copy "E:\TreadSnow\TreadSnow Github2\ABP9.1.1\framework\src\Volo.Abp.Uow\bin\Debug\net9.0\Volo.Abp.Uow.dll" to "bin\Debug\net9.0\Volo.Abp.Uow.dll". Beginning retry 1 in 1000ms. The process cannot access the file 'E:\TreadSnow\TreadSnow Github2\src\TreadSnow.HttpApi.Host\bin\Debug\net9.0\Volo.Abp.Uow.dll' because it is being used by another process. The file is locked by: "TreadSnow.HttpApi.Host (46584)" [E:\TreadSnow\TreadSnow Github2\src\TreadSnow.HttpApi.Host\TreadSnow.HttpApi.Host.csproj]
C:\Program Files\dotnet\sdk\9.0.202\Microsoft.Common.CurrentVersion.targets(5063,5): warning MSB3026: Could not copy "E:\TreadSnow\TreadSnow Github2\ABP9.1.1\framework\src\Volo.Abp.TextTemplating\bin\Debug\net9.0\Volo.Abp.TextTemplating.dll" to "bin\Debug\net9.0\Volo.Abp.TextTemplating.dll". Beginning retry 10 in 1000ms. Could not find file 'E:\TreadSnow\TreadSnow Github2\ABP9.1.1\framework\src\Volo.Abp.TextTemplating\bin\Debug\net9.0\Volo.Abp.TextTemplating.dll'. The file is locked by: "TreadSnow.HttpApi.Host (46584)" [E:\TreadSnow\TreadSnow Github2\src\TreadSnow.HttpApi.Host\TreadSnow.HttpApi.Host.csproj]
C:\Program Files\dotnet\sdk\9.0.202\Microsoft.Common.CurrentVersion.targets(5063,5): warning MSB3026: Could not copy "E:\TreadSnow\TreadSnow Github2\ABP9.1.1\framework\src\Volo.Abp.TextTemplating.Core\bin\Debug\net9.0\Volo.Abp.TextTemplating.Core.dll" to "bin\Debug\net9.0\Volo.Abp.TextTemplating.Core.dll". Beginning retry 10 in 1000ms. Could not find file 'E:\TreadSnow\TreadSnow Github2\ABP9.1.1\framework\src\Volo.Abp.TextTemplating.Core\bin\Debug\net9.0\Volo.Abp.TextTemplating.Core.dll'. The file is locked by: "TreadSnow.HttpApi.Host (46584)" [E:\TreadSnow\TreadSnow Github2\src\TreadSnow.HttpApi.Host\TreadSnow.HttpApi.Host.csproj]
C:\Program Files\dotnet\sdk\9.0.202\Microsoft.Common.CurrentVersion.targets(5063,5): warning MSB3026: Could not copy "E:\TreadSnow\TreadSnow Github2\ABP9.1.1\framework\src\Volo.Abp.Threading\bin\Debug\net9.0\Volo.Abp.Threading.dll" to "bin\Debug\net9.0\Volo.Abp.Threading.dll". Beginning retry 4 in 1000ms. The process cannot access the file 'E:\TreadSnow\TreadSnow Github2\src\TreadSnow.HttpApi.Host\bin\Debug\net9.0\Volo.Abp.Threading.dll' because it is being used by another process. The file is locked by: "TreadSnow.HttpApi.Host (46584)" [E:\TreadSnow\TreadSnow Github2\src\TreadSnow.HttpApi.Host\TreadSnow.HttpApi.Host.csproj]
C:\Program Files\dotnet\sdk\9.0.202\Microsoft.Common.CurrentVersion.targets(5063,5): warning MSB3026: Could not copy "E:\TreadSnow\TreadSnow Github2\ABP9.1.1\framework\src\Volo.Abp.Uow\bin\Debug\net9.0\Volo.Abp.Uow.dll" to "bin\Debug\net9.0\Volo.Abp.Uow.dll". Beginning retry 2 in 1000ms. The process cannot access the file 'E:\TreadSnow\TreadSnow Github2\src\TreadSnow.HttpApi.Host\bin\Debug\net9.0\Volo.Abp.Uow.dll' because it is being used by another process. The file is locked by: "TreadSnow.HttpApi.Host (46584)" [E:\TreadSnow\TreadSnow Github2\src\TreadSnow.HttpApi.Host\TreadSnow.HttpApi.Host.csproj]
C:\Program Files\dotnet\sdk\9.0.202\Microsoft.Common.CurrentVersion.targets(5063,5): warning MSB3026: Could not copy "E:\TreadSnow\TreadSnow Github2\ABP9.1.1\modules\users\src\Volo.Abp.Users.Domain.Shared\bin\Debug\net9.0\Volo.Abp.Users.Domain.Shared.dll" to "bin\Debug\net9.0\Volo.Abp.Users.Domain.Shared.dll". Beginning retry 1 in 1000ms. The process cannot access the file 'E:\TreadSnow\TreadSnow Github2\src\TreadSnow.HttpApi.Host\bin\Debug\net9.0\Volo.Abp.Users.Domain.Shared.dll' because it is being used by another process. The file is locked by: "TreadSnow.HttpApi.Host (46584)" [E:\TreadSnow\TreadSnow Github2\src\TreadSnow.HttpApi.Host\TreadSnow.HttpApi.Host.csproj]
C:\Program Files\dotnet\sdk\9.0.202\Microsoft.Common.CurrentVersion.targets(5063,5): warning MSB3026: Could not copy "E:\TreadSnow\TreadSnow Github2\ABP9.1.1\modules\users\src\Volo.Abp.Users.EntityFrameworkCore\bin\Debug\net9.0\Volo.Abp.Users.EntityFrameworkCore.dll" to "bin\Debug\net9.0\Volo.Abp.Users.EntityFrameworkCore.dll". Beginning retry 1 in 1000ms. The process cannot access the file 'E:\TreadSnow\TreadSnow Github2\src\TreadSnow.HttpApi.Host\bin\Debug\net9.0\Volo.Abp.Users.EntityFrameworkCore.dll' because it is being used by another process. The file is locked by: "TreadSnow.HttpApi.Host (46584)" [E:\TreadSnow\TreadSnow Github2\src\TreadSnow.HttpApi.Host\TreadSnow.HttpApi.Host.csproj]
C:\Program Files\dotnet\sdk\9.0.202\Microsoft.Common.CurrentVersion.targets(5063,5): warning MSB3026: Could not copy "E:\TreadSnow\TreadSnow Github2\ABP9.1.1\framework\src\Volo.Abp.Validation\bin\Debug\net9.0\Volo.Abp.Validation.dll" to "bin\Debug\net9.0\Volo.Abp.Validation.dll". Beginning retry 1 in 1000ms. The process cannot access the file 'E:\TreadSnow\TreadSnow Github2\src\TreadSnow.HttpApi.Host\bin\Debug\net9.0\Volo.Abp.Validation.dll' because it is being used by another process. The file is locked by: "TreadSnow.HttpApi.Host (46584)" [E:\TreadSnow\TreadSnow Github2\src\TreadSnow.HttpApi.Host\TreadSnow.HttpApi.Host.csproj]
C:\Program Files\dotnet\sdk\9.0.202\Microsoft.Common.CurrentVersion.targets(5063,5): warning MSB3026: Could not copy "E:\TreadSnow\TreadSnow Github2\ABP9.1.1\framework\src\Volo.Abp.Validation.Abstractions\bin\Debug\net9.0\Volo.Abp.Validation.Abstractions.dll" to "bin\Debug\net9.0\Volo.Abp.Validation.Abstractions.dll". Beginning retry 1 in 1000ms. The process cannot access the file 'E:\TreadSnow\TreadSnow Github2\src\TreadSnow.HttpApi.Host\bin\Debug\net9.0\Volo.Abp.Validation.Abstractions.dll' because it is being used by another process. The file is locked by: "TreadSnow.HttpApi.Host (46584)" [E:\TreadSnow\TreadSnow Github2\src\TreadSnow.HttpApi.Host\TreadSnow.HttpApi.Host.csproj]
C:\Program Files\dotnet\sdk\9.0.202\Microsoft.Common.CurrentVersion.targets(5063,5): warning MSB3026: Could not copy "E:\TreadSnow\TreadSnow Github2\ABP9.1.1\framework\src\Volo.Abp.Threading\bin\Debug\net9.0\Volo.Abp.Threading.dll" to "bin\Debug\net9.0\Volo.Abp.Threading.dll". Beginning retry 5 in 1000ms. The process cannot access the file 'E:\TreadSnow\TreadSnow Github2\src\TreadSnow.HttpApi.Host\bin\Debug\net9.0\Volo.Abp.Threading.dll' because it is being used by another process. The file is locked by: "TreadSnow.HttpApi.Host (46584)" [E:\TreadSnow\TreadSnow Github2\src\TreadSnow.HttpApi.Host\TreadSnow.HttpApi.Host.csproj]
C:\Program Files\dotnet\sdk\9.0.202\Microsoft.Common.CurrentVersion.targets(5063,5): warning MSB3026: Could not copy "E:\TreadSnow\TreadSnow Github2\ABP9.1.1\framework\src\Volo.Abp.Uow\bin\Debug\net9.0\Volo.Abp.Uow.dll" to "bin\Debug\net9.0\Volo.Abp.Uow.dll". Beginning retry 3 in 1000ms. The process cannot access the file 'E:\TreadSnow\TreadSnow Github2\src\TreadSnow.HttpApi.Host\bin\Debug\net9.0\Volo.Abp.Uow.dll' because it is being used by another process. The file is locked by: "TreadSnow.HttpApi.Host (46584)" [E:\TreadSnow\TreadSnow Github2\src\TreadSnow.HttpApi.Host\TreadSnow.HttpApi.Host.csproj]
C:\Program Files\dotnet\sdk\9.0.202\Microsoft.Common.CurrentVersion.targets(5063,5): warning MSB3026: Could not copy "E:\TreadSnow\TreadSnow Github2\ABP9.1.1\modules\users\src\Volo.Abp.Users.Domain.Shared\bin\Debug\net9.0\Volo.Abp.Users.Domain.Shared.dll" to "bin\Debug\net9.0\Volo.Abp.Users.Domain.Shared.dll". Beginning retry 2 in 1000ms. The process cannot access the file 'E:\TreadSnow\TreadSnow Github2\src\TreadSnow.HttpApi.Host\bin\Debug\net9.0\Volo.Abp.Users.Domain.Shared.dll' because it is being used by another process. The file is locked by: "TreadSnow.HttpApi.Host (46584)" [E:\TreadSnow\TreadSnow Github2\src\TreadSnow.HttpApi.Host\TreadSnow.HttpApi.Host.csproj]
C:\Program Files\dotnet\sdk\9.0.202\Microsoft.Common.CurrentVersion.targets(5063,5): warning MSB3026: Could not copy "E:\TreadSnow\TreadSnow Github2\ABP9.1.1\modules\users\src\Volo.Abp.Users.EntityFrameworkCore\bin\Debug\net9.0\Volo.Abp.Users.EntityFrameworkCore.dll" to "bin\Debug\net9.0\Volo.Abp.Users.EntityFrameworkCore.dll". Beginning retry 2 in 1000ms. The process cannot access the file 'E:\TreadSnow\TreadSnow Github2\src\TreadSnow.HttpApi.Host\bin\Debug\net9.0\Volo.Abp.Users.EntityFrameworkCore.dll' because it is being used by another process. The file is locked by: "TreadSnow.HttpApi.Host (46584)" [E:\TreadSnow\TreadSnow Github2\src\TreadSnow.HttpApi.Host\TreadSnow.HttpApi.Host.csproj]
C:\Program Files\dotnet\sdk\9.0.202\Microsoft.Common.CurrentVersion.targets(5063,5): warning MSB3026: Could not copy "E:\TreadSnow\TreadSnow Github2\ABP9.1.1\framework\src\Volo.Abp.Validation\bin\Debug\net9.0\Volo.Abp.Validation.dll" to "bin\Debug\net9.0\Volo.Abp.Validation.dll". Beginning retry 2 in 1000ms. The process cannot access the file 'E:\TreadSnow\TreadSnow Github2\src\TreadSnow.HttpApi.Host\bin\Debug\net9.0\Volo.Abp.Validation.dll' because it is being used by another process. The file is locked by: "TreadSnow.HttpApi.Host (46584)" [E:\TreadSnow\TreadSnow Github2\src\TreadSnow.HttpApi.Host\TreadSnow.HttpApi.Host.csproj]
C:\Program Files\dotnet\sdk\9.0.202\Microsoft.Common.CurrentVersion.targets(5063,5): warning MSB3026: Could not copy "E:\TreadSnow\TreadSnow Github2\ABP9.1.1\framework\src\Volo.Abp.Validation.Abstractions\bin\Debug\net9.0\Volo.Abp.Validation.Abstractions.dll" to "bin\Debug\net9.0\Volo.Abp.Validation.Abstractions.dll". Beginning retry 2 in 1000ms. The process cannot access the file 'E:\TreadSnow\TreadSnow Github2\src\TreadSnow.HttpApi.Host\bin\Debug\net9.0\Volo.Abp.Validation.Abstractions.dll' because it is being used by another process. The file is locked by: "TreadSnow.HttpApi.Host (46584)" [E:\TreadSnow\TreadSnow Github2\src\TreadSnow.HttpApi.Host\TreadSnow.HttpApi.Host.csproj]
C:\Program Files\dotnet\sdk\9.0.202\Microsoft.Common.CurrentVersion.targets(5063,5): warning MSB3026: Could not copy "E:\TreadSnow\TreadSnow Github2\ABP9.1.1\framework\src\Volo.Abp.Threading\bin\Debug\net9.0\Volo.Abp.Threading.dll" to "bin\Debug\net9.0\Volo.Abp.Threading.dll". Beginning retry 6 in 1000ms. The process cannot access the file 'E:\TreadSnow\TreadSnow Github2\src\TreadSnow.HttpApi.Host\bin\Debug\net9.0\Volo.Abp.Threading.dll' because it is being used by another process. The file is locked by: "TreadSnow.HttpApi.Host (46584)" [E:\TreadSnow\TreadSnow Github2\src\TreadSnow.HttpApi.Host\TreadSnow.HttpApi.Host.csproj]
C:\Program Files\dotnet\sdk\9.0.202\Microsoft.Common.CurrentVersion.targets(5063,5): warning MSB3026: Could not copy "E:\TreadSnow\TreadSnow Github2\ABP9.1.1\framework\src\Volo.Abp.Uow\bin\Debug\net9.0\Volo.Abp.Uow.dll" to "bin\Debug\net9.0\Volo.Abp.Uow.dll". Beginning retry 4 in 1000ms. The process cannot access the file 'E:\TreadSnow\TreadSnow Github2\src\TreadSnow.HttpApi.Host\bin\Debug\net9.0\Volo.Abp.Uow.dll' because it is being used by another process. The file is locked by: "TreadSnow.HttpApi.Host (46584)" [E:\TreadSnow\TreadSnow Github2\src\TreadSnow.HttpApi.Host\TreadSnow.HttpApi.Host.csproj]
C:\Program Files\dotnet\sdk\9.0.202\Microsoft.Common.CurrentVersion.targets(5063,5): warning MSB3026: Could not copy "E:\TreadSnow\TreadSnow Github2\ABP9.1.1\modules\users\src\Volo.Abp.Users.Domain.Shared\bin\Debug\net9.0\Volo.Abp.Users.Domain.Shared.dll" to "bin\Debug\net9.0\Volo.Abp.Users.Domain.Shared.dll". Beginning retry 3 in 1000ms. The process cannot access the file 'E:\TreadSnow\TreadSnow Github2\src\TreadSnow.HttpApi.Host\bin\Debug\net9.0\Volo.Abp.Users.Domain.Shared.dll' because it is being used by another process. The file is locked by: "TreadSnow.HttpApi.Host (46584)" [E:\TreadSnow\TreadSnow Github2\src\TreadSnow.HttpApi.Host\TreadSnow.HttpApi.Host.csproj]
C:\Program Files\dotnet\sdk\9.0.202\Microsoft.Common.CurrentVersion.targets(5063,5): warning MSB3026: Could not copy "E:\TreadSnow\TreadSnow Github2\ABP9.1.1\modules\users\src\Volo.Abp.Users.EntityFrameworkCore\bin\Debug\net9.0\Volo.Abp.Users.EntityFrameworkCore.dll" to "bin\Debug\net9.0\Volo.Abp.Users.EntityFrameworkCore.dll". Beginning retry 3 in 1000ms. The process cannot access the file 'E:\TreadSnow\TreadSnow Github2\src\TreadSnow.HttpApi.Host\bin\Debug\net9.0\Volo.Abp.Users.EntityFrameworkCore.dll' because it is being used by another process. The file is locked by: "TreadSnow.HttpApi.Host (46584)" [E:\TreadSnow\TreadSnow Github2\src\TreadSnow.HttpApi.Host\TreadSnow.HttpApi.Host.csproj]
C:\Program Files\dotnet\sdk\9.0.202\Microsoft.Common.CurrentVersion.targets(5063,5): warning MSB3026: Could not copy "E:\TreadSnow\TreadSnow Github2\ABP9.1.1\framework\src\Volo.Abp.Threading\bin\Debug\net9.0\Volo.Abp.Threading.dll" to "bin\Debug\net9.0\Volo.Abp.Threading.dll". Beginning retry 7 in 1000ms. The process cannot access the file 'E:\TreadSnow\TreadSnow Github2\src\TreadSnow.HttpApi.Host\bin\Debug\net9.0\Volo.Abp.Threading.dll' because it is being used by another process. The file is locked by: "TreadSnow.HttpApi.Host (46584)" [E:\TreadSnow\TreadSnow Github2\src\TreadSnow.HttpApi.Host\TreadSnow.HttpApi.Host.csproj]
C:\Program Files\dotnet\sdk\9.0.202\Microsoft.Common.CurrentVersion.targets(5063,5): warning MSB3026: Could not copy "E:\TreadSnow\TreadSnow Github2\ABP9.1.1\framework\src\Volo.Abp.Validation.Abstractions\bin\Debug\net9.0\Volo.Abp.Validation.Abstractions.dll" to "bin\Debug\net9.0\Volo.Abp.Validation.Abstractions.dll". Beginning retry 3 in 1000ms. The process cannot access the file 'E:\TreadSnow\TreadSnow Github2\src\TreadSnow.HttpApi.Host\bin\Debug\net9.0\Volo.Abp.Validation.Abstractions.dll' because it is being used by another process. The file is locked by: "TreadSnow.HttpApi.Host (46584)" [E:\TreadSnow\TreadSnow Github2\src\TreadSnow.HttpApi.Host\TreadSnow.HttpApi.Host.csproj]
C:\Program Files\dotnet\sdk\9.0.202\Microsoft.Common.CurrentVersion.targets(5063,5): warning MSB3026: Could not copy "E:\TreadSnow\TreadSnow Github2\ABP9.1.1\framework\src\Volo.Abp.Validation\bin\Debug\net9.0\Volo.Abp.Validation.dll" to "bin\Debug\net9.0\Volo.Abp.Validation.dll". Beginning retry 3 in 1000ms. The process cannot access the file 'E:\TreadSnow\TreadSnow Github2\src\TreadSnow.HttpApi.Host\bin\Debug\net9.0\Volo.Abp.Validation.dll' because it is being used by another process. The file is locked by: "TreadSnow.HttpApi.Host (46584)" [E:\TreadSnow\TreadSnow Github2\src\TreadSnow.HttpApi.Host\TreadSnow.HttpApi.Host.csproj]
C:\Program Files\dotnet\sdk\9.0.202\Microsoft.Common.CurrentVersion.targets(5063,5): warning MSB3026: Could not copy "E:\TreadSnow\TreadSnow Github2\ABP9.1.1\framework\src\Volo.Abp.Uow\bin\Debug\net9.0\Volo.Abp.Uow.dll" to "bin\Debug\net9.0\Volo.Abp.Uow.dll". Beginning retry 5 in 1000ms. The process cannot access the file 'E:\TreadSnow\TreadSnow Github2\src\TreadSnow.HttpApi.Host\bin\Debug\net9.0\Volo.Abp.Uow.dll' because it is being used by another process. The file is locked by: "TreadSnow.HttpApi.Host (46584)" [E:\TreadSnow\TreadSnow Github2\src\TreadSnow.HttpApi.Host\TreadSnow.HttpApi.Host.csproj]
C:\Program Files\dotnet\sdk\9.0.202\Microsoft.Common.CurrentVersion.targets(5063,5): warning MSB3026: Could not copy "E:\TreadSnow\TreadSnow Github2\ABP9.1.1\modules\users\src\Volo.Abp.Users.Domain.Shared\bin\Debug\net9.0\Volo.Abp.Users.Domain.Shared.dll" to "bin\Debug\net9.0\Volo.Abp.Users.Domain.Shared.dll". Beginning retry 4 in 1000ms. The process cannot access the file 'E:\TreadSnow\TreadSnow Github2\src\TreadSnow.HttpApi.Host\bin\Debug\net9.0\Volo.Abp.Users.Domain.Shared.dll' because it is being used by another process. The file is locked by: "TreadSnow.HttpApi.Host (46584)" [E:\TreadSnow\TreadSnow Github2\src\TreadSnow.HttpApi.Host\TreadSnow.HttpApi.Host.csproj]
C:\Program Files\dotnet\sdk\9.0.202\Microsoft.Common.CurrentVersion.targets(5063,5): warning MSB3026: Could not copy "E:\TreadSnow\TreadSnow Github2\ABP9.1.1\modules\users\src\Volo.Abp.Users.EntityFrameworkCore\bin\Debug\net9.0\Volo.Abp.Users.EntityFrameworkCore.dll" to "bin\Debug\net9.0\Volo.Abp.Users.EntityFrameworkCore.dll". Beginning retry 4 in 1000ms. The process cannot access the file 'E:\TreadSnow\TreadSnow Github2\src\TreadSnow.HttpApi.Host\bin\Debug\net9.0\Volo.Abp.Users.EntityFrameworkCore.dll' because it is being used by another process. The file is locked by: "TreadSnow.HttpApi.Host (46584)" [E:\TreadSnow\TreadSnow Github2\src\TreadSnow.HttpApi.Host\TreadSnow.HttpApi.Host.csproj]
C:\Program Files\dotnet\sdk\9.0.202\Microsoft.Common.CurrentVersion.targets(5063,5): warning MSB3026: Could not copy "E:\TreadSnow\TreadSnow Github2\ABP9.1.1\framework\src\Volo.Abp.Threading\bin\Debug\net9.0\Volo.Abp.Threading.dll" to "bin\Debug\net9.0\Volo.Abp.Threading.dll". Beginning retry 8 in 1000ms. The process cannot access the file 'E:\TreadSnow\TreadSnow Github2\src\TreadSnow.HttpApi.Host\bin\Debug\net9.0\Volo.Abp.Threading.dll' because it is being used by another process. The file is locked by: "TreadSnow.HttpApi.Host (46584)" [E:\TreadSnow\TreadSnow Github2\src\TreadSnow.HttpApi.Host\TreadSnow.HttpApi.Host.csproj]
C:\Program Files\dotnet\sdk\9.0.202\Microsoft.Common.CurrentVersion.targets(5063,5): warning MSB3026: Could not copy "E:\TreadSnow\TreadSnow Github2\ABP9.1.1\framework\src\Volo.Abp.Validation.Abstractions\bin\Debug\net9.0\Volo.Abp.Validation.Abstractions.dll" to "bin\Debug\net9.0\Volo.Abp.Validation.Abstractions.dll". Beginning retry 4 in 1000ms. The process cannot access the file 'E:\TreadSnow\TreadSnow Github2\src\TreadSnow.HttpApi.Host\bin\Debug\net9.0\Volo.Abp.Validation.Abstractions.dll' because it is being used by another process. The file is locked by: "TreadSnow.HttpApi.Host (46584)" [E:\TreadSnow\TreadSnow Github2\src\TreadSnow.HttpApi.Host\TreadSnow.HttpApi.Host.csproj]
C:\Program Files\dotnet\sdk\9.0.202\Microsoft.Common.CurrentVersion.targets(5063,5): warning MSB3026: Could not copy "E:\TreadSnow\TreadSnow Github2\ABP9.1.1\framework\src\Volo.Abp.Validation\bin\Debug\net9.0\Volo.Abp.Validation.dll" to "bin\Debug\net9.0\Volo.Abp.Validation.dll". Beginning retry 4 in 1000ms. The process cannot access the file 'E:\TreadSnow\TreadSnow Github2\src\TreadSnow.HttpApi.Host\bin\Debug\net9.0\Volo.Abp.Validation.dll' because it is being used by another process. The file is locked by: "TreadSnow.HttpApi.Host (46584)" [E:\TreadSnow\TreadSnow Github2\src\TreadSnow.HttpApi.Host\TreadSnow.HttpApi.Host.csproj]
C:\Program Files\dotnet\sdk\9.0.202\Microsoft.Common.CurrentVersion.targets(5063,5): warning MSB3026: Could not copy "E:\TreadSnow\TreadSnow Github2\ABP9.1.1\framework\src\Volo.Abp.Uow\bin\Debug\net9.0\Volo.Abp.Uow.dll" to "bin\Debug\net9.0\Volo.Abp.Uow.dll". Beginning retry 6 in 1000ms. The process cannot access the file 'E:\TreadSnow\TreadSnow Github2\src\TreadSnow.HttpApi.Host\bin\Debug\net9.0\Volo.Abp.Uow.dll' because it is being used by another process. The file is locked by: "TreadSnow.HttpApi.Host (46584)" [E:\TreadSnow\TreadSnow Github2\src\TreadSnow.HttpApi.Host\TreadSnow.HttpApi.Host.csproj]
C:\Program Files\dotnet\sdk\9.0.202\Microsoft.Common.CurrentVersion.targets(5063,5): warning MSB3026: Could not copy "E:\TreadSnow\TreadSnow Github2\ABP9.1.1\modules\users\src\Volo.Abp.Users.Domain.Shared\bin\Debug\net9.0\Volo.Abp.Users.Domain.Shared.dll" to "bin\Debug\net9.0\Volo.Abp.Users.Domain.Shared.dll". Beginning retry 5 in 1000ms. The process cannot access the file 'E:\TreadSnow\TreadSnow Github2\src\TreadSnow.HttpApi.Host\bin\Debug\net9.0\Volo.Abp.Users.Domain.Shared.dll' because it is being used by another process. The file is locked by: "TreadSnow.HttpApi.Host (46584)" [E:\TreadSnow\TreadSnow Github2\src\TreadSnow.HttpApi.Host\TreadSnow.HttpApi.Host.csproj]
C:\Program Files\dotnet\sdk\9.0.202\Microsoft.Common.CurrentVersion.targets(5063,5): warning MSB3026: Could not copy "E:\TreadSnow\TreadSnow Github2\ABP9.1.1\modules\users\src\Volo.Abp.Users.EntityFrameworkCore\bin\Debug\net9.0\Volo.Abp.Users.EntityFrameworkCore.dll" to "bin\Debug\net9.0\Volo.Abp.Users.EntityFrameworkCore.dll". Beginning retry 5 in 1000ms. The process cannot access the file 'E:\TreadSnow\TreadSnow Github2\src\TreadSnow.HttpApi.Host\bin\Debug\net9.0\Volo.Abp.Users.EntityFrameworkCore.dll' because it is being used by another process. The file is locked by: "TreadSnow.HttpApi.Host (46584)" [E:\TreadSnow\TreadSnow Github2\src\TreadSnow.HttpApi.Host\TreadSnow.HttpApi.Host.csproj]
C:\Program Files\dotnet\sdk\9.0.202\Microsoft.Common.CurrentVersion.targets(5063,5): warning MSB3026: Could not copy "E:\TreadSnow\TreadSnow Github2\ABP9.1.1\framework\src\Volo.Abp.Threading\bin\Debug\net9.0\Volo.Abp.Threading.dll" to "bin\Debug\net9.0\Volo.Abp.Threading.dll". Beginning retry 9 in 1000ms. The process cannot access the file 'E:\TreadSnow\TreadSnow Github2\src\TreadSnow.HttpApi.Host\bin\Debug\net9.0\Volo.Abp.Threading.dll' because it is being used by another process. The file is locked by: "TreadSnow.HttpApi.Host (46584)" [E:\TreadSnow\TreadSnow Github2\src\TreadSnow.HttpApi.Host\TreadSnow.HttpApi.Host.csproj]
C:\Program Files\dotnet\sdk\9.0.202\Microsoft.Common.CurrentVersion.targets(5063,5): warning MSB3026: Could not copy "E:\TreadSnow\TreadSnow Github2\ABP9.1.1\framework\src\Volo.Abp.Validation.Abstractions\bin\Debug\net9.0\Volo.Abp.Validation.Abstractions.dll" to "bin\Debug\net9.0\Volo.Abp.Validation.Abstractions.dll". Beginning retry 5 in 1000ms. The process cannot access the file 'E:\TreadSnow\TreadSnow Github2\src\TreadSnow.HttpApi.Host\bin\Debug\net9.0\Volo.Abp.Validation.Abstractions.dll' because it is being used by another process. The file is locked by: "TreadSnow.HttpApi.Host (46584)" [E:\TreadSnow\TreadSnow Github2\src\TreadSnow.HttpApi.Host\TreadSnow.HttpApi.Host.csproj]
C:\Program Files\dotnet\sdk\9.0.202\Microsoft.Common.CurrentVersion.targets(5063,5): warning MSB3026: Could not copy "E:\TreadSnow\TreadSnow Github2\ABP9.1.1\framework\src\Volo.Abp.Validation\bin\Debug\net9.0\Volo.Abp.Validation.dll" to "bin\Debug\net9.0\Volo.Abp.Validation.dll". Beginning retry 5 in 1000ms. The process cannot access the file 'E:\TreadSnow\TreadSnow Github2\src\TreadSnow.HttpApi.Host\bin\Debug\net9.0\Volo.Abp.Validation.dll' because it is being used by another process. The file is locked by: "TreadSnow.HttpApi.Host (46584)" [E:\TreadSnow\TreadSnow Github2\src\TreadSnow.HttpApi.Host\TreadSnow.HttpApi.Host.csproj]
C:\Program Files\dotnet\sdk\9.0.202\Microsoft.Common.CurrentVersion.targets(5063,5): warning MSB3026: Could not copy "E:\TreadSnow\TreadSnow Github2\ABP9.1.1\framework\src\Volo.Abp.Uow\bin\Debug\net9.0\Volo.Abp.Uow.dll" to "bin\Debug\net9.0\Volo.Abp.Uow.dll". Beginning retry 7 in 1000ms. The process cannot access the file 'E:\TreadSnow\TreadSnow Github2\src\TreadSnow.HttpApi.Host\bin\Debug\net9.0\Volo.Abp.Uow.dll' because it is being used by another process. The file is locked by: "TreadSnow.HttpApi.Host (46584)" [E:\TreadSnow\TreadSnow Github2\src\TreadSnow.HttpApi.Host\TreadSnow.HttpApi.Host.csproj]
C:\Program Files\dotnet\sdk\9.0.202\Microsoft.Common.CurrentVersion.targets(5063,5): warning MSB3026: Could not copy "E:\TreadSnow\TreadSnow Github2\ABP9.1.1\modules\users\src\Volo.Abp.Users.Domain.Shared\bin\Debug\net9.0\Volo.Abp.Users.Domain.Shared.dll" to "bin\Debug\net9.0\Volo.Abp.Users.Domain.Shared.dll". Beginning retry 6 in 1000ms. The process cannot access the file 'E:\TreadSnow\TreadSnow Github2\src\TreadSnow.HttpApi.Host\bin\Debug\net9.0\Volo.Abp.Users.Domain.Shared.dll' because it is being used by another process. The file is locked by: "TreadSnow.HttpApi.Host (46584)" [E:\TreadSnow\TreadSnow Github2\src\TreadSnow.HttpApi.Host\TreadSnow.HttpApi.Host.csproj]
C:\Program Files\dotnet\sdk\9.0.202\Microsoft.Common.CurrentVersion.targets(5063,5): warning MSB3026: Could not copy "E:\TreadSnow\TreadSnow Github2\ABP9.1.1\modules\users\src\Volo.Abp.Users.EntityFrameworkCore\bin\Debug\net9.0\Volo.Abp.Users.EntityFrameworkCore.dll" to "bin\Debug\net9.0\Volo.Abp.Users.EntityFrameworkCore.dll". Beginning retry 6 in 1000ms. The process cannot access the file 'E:\TreadSnow\TreadSnow Github2\src\TreadSnow.HttpApi.Host\bin\Debug\net9.0\Volo.Abp.Users.EntityFrameworkCore.dll' because it is being used by another process. The file is locked by: "TreadSnow.HttpApi.Host (46584)" [E:\TreadSnow\TreadSnow Github2\src\TreadSnow.HttpApi.Host\TreadSnow.HttpApi.Host.csproj]
C:\Program Files\dotnet\sdk\9.0.202\Microsoft.Common.CurrentVersion.targets(5063,5): warning MSB3026: Could not copy "E:\TreadSnow\TreadSnow Github2\ABP9.1.1\framework\src\Volo.Abp.Threading\bin\Debug\net9.0\Volo.Abp.Threading.dll" to "bin\Debug\net9.0\Volo.Abp.Threading.dll". Beginning retry 10 in 1000ms. The process cannot access the file 'E:\TreadSnow\TreadSnow Github2\src\TreadSnow.HttpApi.Host\bin\Debug\net9.0\Volo.Abp.Threading.dll' because it is being used by another process. The file is locked by: "TreadSnow.HttpApi.Host (46584)" [E:\TreadSnow\TreadSnow Github2\src\TreadSnow.HttpApi.Host\TreadSnow.HttpApi.Host.csproj]
C:\Program Files\dotnet\sdk\9.0.202\Microsoft.Common.CurrentVersion.targets(5063,5): warning MSB3026: Could not copy "E:\TreadSnow\TreadSnow Github2\ABP9.1.1\framework\src\Volo.Abp.Validation.Abstractions\bin\Debug\net9.0\Volo.Abp.Validation.Abstractions.dll" to "bin\Debug\net9.0\Volo.Abp.Validation.Abstractions.dll". Beginning retry 6 in 1000ms. The process cannot access the file 'E:\TreadSnow\TreadSnow Github2\src\TreadSnow.HttpApi.Host\bin\Debug\net9.0\Volo.Abp.Validation.Abstractions.dll' because it is being used by another process. The file is locked by: "TreadSnow.HttpApi.Host (46584)" [E:\TreadSnow\TreadSnow Github2\src\TreadSnow.HttpApi.Host\TreadSnow.HttpApi.Host.csproj]
C:\Program Files\dotnet\sdk\9.0.202\Microsoft.Common.CurrentVersion.targets(5063,5): warning MSB3026: Could not copy "E:\TreadSnow\TreadSnow Github2\ABP9.1.1\framework\src\Volo.Abp.Validation\bin\Debug\net9.0\Volo.Abp.Validation.dll" to "bin\Debug\net9.0\Volo.Abp.Validation.dll". Beginning retry 6 in 1000ms. The process cannot access the file 'E:\TreadSnow\TreadSnow Github2\src\TreadSnow.HttpApi.Host\bin\Debug\net9.0\Volo.Abp.Validation.dll' because it is being used by another process. The file is locked by: "TreadSnow.HttpApi.Host (46584)" [E:\TreadSnow\TreadSnow Github2\src\TreadSnow.HttpApi.Host\TreadSnow.HttpApi.Host.csproj]
C:\Program Files\dotnet\sdk\9.0.202\Microsoft.Common.CurrentVersion.targets(5063,5): warning MSB3026: Could not copy "E:\TreadSnow\TreadSnow Github2\ABP9.1.1\framework\src\Volo.Abp.Uow\bin\Debug\net9.0\Volo.Abp.Uow.dll" to "bin\Debug\net9.0\Volo.Abp.Uow.dll". Beginning retry 8 in 1000ms. The process cannot access the file 'E:\TreadSnow\TreadSnow Github2\src\TreadSnow.HttpApi.Host\bin\Debug\net9.0\Volo.Abp.Uow.dll' because it is being used by another process. The file is locked by: "TreadSnow.HttpApi.Host (46584)" [E:\TreadSnow\TreadSnow Github2\src\TreadSnow.HttpApi.Host\TreadSnow.HttpApi.Host.csproj]
C:\Program Files\dotnet\sdk\9.0.202\Microsoft.Common.CurrentVersion.targets(5063,5): warning MSB3026: Could not copy "E:\TreadSnow\TreadSnow Github2\ABP9.1.1\modules\users\src\Volo.Abp.Users.Domain.Shared\bin\Debug\net9.0\Volo.Abp.Users.Domain.Shared.dll" to "bin\Debug\net9.0\Volo.Abp.Users.Domain.Shared.dll". Beginning retry 7 in 1000ms. The process cannot access the file 'E:\TreadSnow\TreadSnow Github2\src\TreadSnow.HttpApi.Host\bin\Debug\net9.0\Volo.Abp.Users.Domain.Shared.dll' because it is being used by another process. The file is locked by: "TreadSnow.HttpApi.Host (46584)" [E:\TreadSnow\TreadSnow Github2\src\TreadSnow.HttpApi.Host\TreadSnow.HttpApi.Host.csproj]
C:\Program Files\dotnet\sdk\9.0.202\Microsoft.Common.CurrentVersion.targets(5063,5): warning MSB3026: Could not copy "E:\TreadSnow\TreadSnow Github2\ABP9.1.1\modules\users\src\Volo.Abp.Users.EntityFrameworkCore\bin\Debug\net9.0\Volo.Abp.Users.EntityFrameworkCore.dll" to "bin\Debug\net9.0\Volo.Abp.Users.EntityFrameworkCore.dll". Beginning retry 7 in 1000ms. The process cannot access the file 'E:\TreadSnow\TreadSnow Github2\src\TreadSnow.HttpApi.Host\bin\Debug\net9.0\Volo.Abp.Users.EntityFrameworkCore.dll' because it is being used by another process. The file is locked by: "TreadSnow.HttpApi.Host (46584)" [E:\TreadSnow\TreadSnow Github2\src\TreadSnow.HttpApi.Host\TreadSnow.HttpApi.Host.csproj]
C:\Program Files\dotnet\sdk\9.0.202\Microsoft.Common.CurrentVersion.targets(5063,5): warning MSB3026: Could not copy "E:\TreadSnow\TreadSnow Github2\ABP9.1.1\framework\src\Volo.Abp.Validation\bin\Debug\net9.0\Volo.Abp.Validation.dll" to "bin\Debug\net9.0\Volo.Abp.Validation.dll". Beginning retry 7 in 1000ms. The process cannot access the file 'E:\TreadSnow\TreadSnow Github2\src\TreadSnow.HttpApi.Host\bin\Debug\net9.0\Volo.Abp.Validation.dll' because it is being used by another process. The file is locked by: "TreadSnow.HttpApi.Host (46584)" [E:\TreadSnow\TreadSnow Github2\src\TreadSnow.HttpApi.Host\TreadSnow.HttpApi.Host.csproj]
C:\Program Files\dotnet\sdk\9.0.202\Microsoft.Common.CurrentVersion.targets(5063,5): warning MSB3026: Could not copy "E:\TreadSnow\TreadSnow Github2\ABP9.1.1\framework\src\Volo.Abp.Validation.Abstractions\bin\Debug\net9.0\Volo.Abp.Validation.Abstractions.dll" to "bin\Debug\net9.0\Volo.Abp.Validation.Abstractions.dll". Beginning retry 7 in 1000ms. The process cannot access the file 'E:\TreadSnow\TreadSnow Github2\src\TreadSnow.HttpApi.Host\bin\Debug\net9.0\Volo.Abp.Validation.Abstractions.dll' because it is being used by another process. The file is locked by: "TreadSnow.HttpApi.Host (46584)" [E:\TreadSnow\TreadSnow Github2\src\TreadSnow.HttpApi.Host\TreadSnow.HttpApi.Host.csproj]
C:\Program Files\dotnet\sdk\9.0.202\Microsoft.Common.CurrentVersion.targets(5063,5): warning MSB3026: Could not copy "E:\TreadSnow\TreadSnow Github2\ABP9.1.1\framework\src\Volo.Abp.VirtualFileSystem\bin\Debug\net9.0\Volo.Abp.VirtualFileSystem.dll" to "bin\Debug\net9.0\Volo.Abp.VirtualFileSystem.dll". Beginning retry 1 in 1000ms. The process cannot access the file 'E:\TreadSnow\TreadSnow Github2\src\TreadSnow.HttpApi.Host\bin\Debug\net9.0\Volo.Abp.VirtualFileSystem.dll' because it is being used by another process. The file is locked by: "TreadSnow.HttpApi.Host (46584)" [E:\TreadSnow\TreadSnow Github2\src\TreadSnow.HttpApi.Host\TreadSnow.HttpApi.Host.csproj]
C:\Program Files\dotnet\sdk\9.0.202\Microsoft.Common.CurrentVersion.targets(5063,5): warning MSB3026: Could not copy "E:\TreadSnow\TreadSnow Github2\ABP9.1.1\modules\users\src\Volo.Abp.Users.Domain.Shared\bin\Debug\net9.0\Volo.Abp.Users.Domain.Shared.dll" to "bin\Debug\net9.0\Volo.Abp.Users.Domain.Shared.dll". Beginning retry 8 in 1000ms. The process cannot access the file 'E:\TreadSnow\TreadSnow Github2\src\TreadSnow.HttpApi.Host\bin\Debug\net9.0\Volo.Abp.Users.Domain.Shared.dll' because it is being used by another process. The file is locked by: "TreadSnow.HttpApi.Host (46584)" [E:\TreadSnow\TreadSnow Github2\src\TreadSnow.HttpApi.Host\TreadSnow.HttpApi.Host.csproj]
C:\Program Files\dotnet\sdk\9.0.202\Microsoft.Common.CurrentVersion.targets(5063,5): warning MSB3026: Could not copy "E:\TreadSnow\TreadSnow Github2\ABP9.1.1\framework\src\Volo.Abp.Uow\bin\Debug\net9.0\Volo.Abp.Uow.dll" to "bin\Debug\net9.0\Volo.Abp.Uow.dll". Beginning retry 9 in 1000ms. The process cannot access the file 'E:\TreadSnow\TreadSnow Github2\src\TreadSnow.HttpApi.Host\bin\Debug\net9.0\Volo.Abp.Uow.dll' because it is being used by another process. The file is locked by: "TreadSnow.HttpApi.Host (46584)" [E:\TreadSnow\TreadSnow Github2\src\TreadSnow.HttpApi.Host\TreadSnow.HttpApi.Host.csproj]
C:\Program Files\dotnet\sdk\9.0.202\Microsoft.Common.CurrentVersion.targets(5063,5): warning MSB3026: Could not copy "E:\TreadSnow\TreadSnow Github2\ABP9.1.1\modules\users\src\Volo.Abp.Users.EntityFrameworkCore\bin\Debug\net9.0\Volo.Abp.Users.EntityFrameworkCore.dll" to "bin\Debug\net9.0\Volo.Abp.Users.EntityFrameworkCore.dll". Beginning retry 8 in 1000ms. The process cannot access the file 'E:\TreadSnow\TreadSnow Github2\src\TreadSnow.HttpApi.Host\bin\Debug\net9.0\Volo.Abp.Users.EntityFrameworkCore.dll' because it is being used by another process. The file is locked by: "TreadSnow.HttpApi.Host (46584)" [E:\TreadSnow\TreadSnow Github2\src\TreadSnow.HttpApi.Host\TreadSnow.HttpApi.Host.csproj]
C:\Program Files\dotnet\sdk\9.0.202\Microsoft.Common.CurrentVersion.targets(5063,5): warning MSB3026: Could not copy "E:\TreadSnow\TreadSnow Github2\ABP9.1.1\framework\src\Volo.Abp.VirtualFileSystem\bin\Debug\net9.0\Volo.Abp.VirtualFileSystem.dll" to "bin\Debug\net9.0\Volo.Abp.VirtualFileSystem.dll". Beginning retry 2 in 1000ms. The process cannot access the file 'E:\TreadSnow\TreadSnow Github2\src\TreadSnow.HttpApi.Host\bin\Debug\net9.0\Volo.Abp.VirtualFileSystem.dll' because it is being used by another process. The file is locked by: "TreadSnow.HttpApi.Host (46584)" [E:\TreadSnow\TreadSnow Github2\src\TreadSnow.HttpApi.Host\TreadSnow.HttpApi.Host.csproj]
C:\Program Files\dotnet\sdk\9.0.202\Microsoft.Common.CurrentVersion.targets(5063,5): warning MSB3026: Could not copy "E:\TreadSnow\TreadSnow Github2\ABP9.1.1\framework\src\Volo.Abp.Validation.Abstractions\bin\Debug\net9.0\Volo.Abp.Validation.Abstractions.dll" to "bin\Debug\net9.0\Volo.Abp.Validation.Abstractions.dll". Beginning retry 8 in 1000ms. The process cannot access the file 'E:\TreadSnow\TreadSnow Github2\src\TreadSnow.HttpApi.Host\bin\Debug\net9.0\Volo.Abp.Validation.Abstractions.dll' because it is being used by another process. The file is locked by: "TreadSnow.HttpApi.Host (46584)" [E:\TreadSnow\TreadSnow Github2\src\TreadSnow.HttpApi.Host\TreadSnow.HttpApi.Host.csproj]
C:\Program Files\dotnet\sdk\9.0.202\Microsoft.Common.CurrentVersion.targets(5063,5): warning MSB3026: Could not copy "E:\TreadSnow\TreadSnow Github2\ABP9.1.1\framework\src\Volo.Abp.Validation\bin\Debug\net9.0\Volo.Abp.Validation.dll" to "bin\Debug\net9.0\Volo.Abp.Validation.dll". Beginning retry 8 in 1000ms. The process cannot access the file 'E:\TreadSnow\TreadSnow Github2\src\TreadSnow.HttpApi.Host\bin\Debug\net9.0\Volo.Abp.Validation.dll' because it is being used by another process. The file is locked by: "TreadSnow.HttpApi.Host (46584)" [E:\TreadSnow\TreadSnow Github2\src\TreadSnow.HttpApi.Host\TreadSnow.HttpApi.Host.csproj]
C:\Program Files\dotnet\sdk\9.0.202\Microsoft.Common.CurrentVersion.targets(5063,5): warning MSB3026: Could not copy "E:\TreadSnow\TreadSnow Github2\ABP9.1.1\modules\users\src\Volo.Abp.Users.Domain.Shared\bin\Debug\net9.0\Volo.Abp.Users.Domain.Shared.dll" to "bin\Debug\net9.0\Volo.Abp.Users.Domain.Shared.dll". Beginning retry 9 in 1000ms. The process cannot access the file 'E:\TreadSnow\TreadSnow Github2\src\TreadSnow.HttpApi.Host\bin\Debug\net9.0\Volo.Abp.Users.Domain.Shared.dll' because it is being used by another process. The file is locked by: "TreadSnow.HttpApi.Host (46584)" [E:\TreadSnow\TreadSnow Github2\src\TreadSnow.HttpApi.Host\TreadSnow.HttpApi.Host.csproj]
C:\Program Files\dotnet\sdk\9.0.202\Microsoft.Common.CurrentVersion.targets(5063,5): warning MSB3026: Could not copy "E:\TreadSnow\TreadSnow Github2\ABP9.1.1\framework\src\Volo.Abp.Uow\bin\Debug\net9.0\Volo.Abp.Uow.dll" to "bin\Debug\net9.0\Volo.Abp.Uow.dll". Beginning retry 10 in 1000ms. The process cannot access the file 'E:\TreadSnow\TreadSnow Github2\src\TreadSnow.HttpApi.Host\bin\Debug\net9.0\Volo.Abp.Uow.dll' because it is being used by another process. The file is locked by: "TreadSnow.HttpApi.Host (46584)" [E:\TreadSnow\TreadSnow Github2\src\TreadSnow.HttpApi.Host\TreadSnow.HttpApi.Host.csproj]
C:\Program Files\dotnet\sdk\9.0.202\Microsoft.Common.CurrentVersion.targets(5063,5): warning MSB3026: Could not copy "E:\TreadSnow\TreadSnow Github2\ABP9.1.1\modules\users\src\Volo.Abp.Users.EntityFrameworkCore\bin\Debug\net9.0\Volo.Abp.Users.EntityFrameworkCore.dll" to "bin\Debug\net9.0\Volo.Abp.Users.EntityFrameworkCore.dll". Beginning retry 9 in 1000ms. The process cannot access the file 'E:\TreadSnow\TreadSnow Github2\src\TreadSnow.HttpApi.Host\bin\Debug\net9.0\Volo.Abp.Users.EntityFrameworkCore.dll' because it is being used by another process. The file is locked by: "TreadSnow.HttpApi.Host (46584)" [E:\TreadSnow\TreadSnow Github2\src\TreadSnow.HttpApi.Host\TreadSnow.HttpApi.Host.csproj]
C:\Program Files\dotnet\sdk\9.0.202\Microsoft.Common.CurrentVersion.targets(5063,5): warning MSB3026: Could not copy "E:\TreadSnow\TreadSnow Github2\ABP9.1.1\framework\src\Volo.Abp.VirtualFileSystem\bin\Debug\net9.0\Volo.Abp.VirtualFileSystem.dll" to "bin\Debug\net9.0\Volo.Abp.VirtualFileSystem.dll". Beginning retry 3 in 1000ms. The process cannot access the file 'E:\TreadSnow\TreadSnow Github2\src\TreadSnow.HttpApi.Host\bin\Debug\net9.0\Volo.Abp.VirtualFileSystem.dll' because it is being used by another process. The file is locked by: "TreadSnow.HttpApi.Host (46584)" [E:\TreadSnow\TreadSnow Github2\src\TreadSnow.HttpApi.Host\TreadSnow.HttpApi.Host.csproj]
C:\Program Files\dotnet\sdk\9.0.202\Microsoft.Common.CurrentVersion.targets(5063,5): warning MSB3026: Could not copy "E:\TreadSnow\TreadSnow Github2\ABP9.1.1\framework\src\Volo.Abp.Validation.Abstractions\bin\Debug\net9.0\Volo.Abp.Validation.Abstractions.dll" to "bin\Debug\net9.0\Volo.Abp.Validation.Abstractions.dll". Beginning retry 9 in 1000ms. The process cannot access the file 'E:\TreadSnow\TreadSnow Github2\src\TreadSnow.HttpApi.Host\bin\Debug\net9.0\Volo.Abp.Validation.Abstractions.dll' because it is being used by another process. The file is locked by: "TreadSnow.HttpApi.Host (46584)" [E:\TreadSnow\TreadSnow Github2\src\TreadSnow.HttpApi.Host\TreadSnow.HttpApi.Host.csproj]
C:\Program Files\dotnet\sdk\9.0.202\Microsoft.Common.CurrentVersion.targets(5063,5): warning MSB3026: Could not copy "E:\TreadSnow\TreadSnow Github2\ABP9.1.1\framework\src\Volo.Abp.Validation\bin\Debug\net9.0\Volo.Abp.Validation.dll" to "bin\Debug\net9.0\Volo.Abp.Validation.dll". Beginning retry 9 in 1000ms. The process cannot access the file 'E:\TreadSnow\TreadSnow Github2\src\TreadSnow.HttpApi.Host\bin\Debug\net9.0\Volo.Abp.Validation.dll' because it is being used by another process. The file is locked by: "TreadSnow.HttpApi.Host (46584)" [E:\TreadSnow\TreadSnow Github2\src\TreadSnow.HttpApi.Host\TreadSnow.HttpApi.Host.csproj]
C:\Program Files\dotnet\sdk\9.0.202\Microsoft.Common.CurrentVersion.targets(5063,5): warning MSB3026: Could not copy "E:\TreadSnow\TreadSnow Github2\ABP9.1.1\modules\users\src\Volo.Abp.Users.Domain.Shared\bin\Debug\net9.0\Volo.Abp.Users.Domain.Shared.dll" to "bin\Debug\net9.0\Volo.Abp.Users.Domain.Shared.dll". Beginning retry 10 in 1000ms. The process cannot access the file 'E:\TreadSnow\TreadSnow Github2\src\TreadSnow.HttpApi.Host\bin\Debug\net9.0\Volo.Abp.Users.Domain.Shared.dll' because it is being used by another process. The file is locked by: "TreadSnow.HttpApi.Host (46584)" [E:\TreadSnow\TreadSnow Github2\src\TreadSnow.HttpApi.Host\TreadSnow.HttpApi.Host.csproj]
C:\Program Files\dotnet\sdk\9.0.202\Microsoft.Common.CurrentVersion.targets(5063,5): warning MSB3026: Could not copy "E:\TreadSnow\TreadSnow Github2\ABP9.1.1\modules\users\src\Volo.Abp.Users.EntityFrameworkCore\bin\Debug\net9.0\Volo.Abp.Users.EntityFrameworkCore.dll" to "bin\Debug\net9.0\Volo.Abp.Users.EntityFrameworkCore.dll". Beginning retry 10 in 1000ms. Could not find file 'E:\TreadSnow\TreadSnow Github2\ABP9.1.1\modules\users\src\Volo.Abp.Users.EntityFrameworkCore\bin\Debug\net9.0\Volo.Abp.Users.EntityFrameworkCore.dll'. The file is locked by: "TreadSnow.HttpApi.Host (46584)" [E:\TreadSnow\TreadSnow Github2\src\TreadSnow.HttpApi.Host\TreadSnow.HttpApi.Host.csproj]
C:\Program Files\dotnet\sdk\9.0.202\Microsoft.Common.CurrentVersion.targets(5063,5): warning MSB3026: Could not copy "E:\TreadSnow\TreadSnow Github2\ABP9.1.1\framework\src\Volo.Abp.VirtualFileSystem\bin\Debug\net9.0\Volo.Abp.VirtualFileSystem.dll" to "bin\Debug\net9.0\Volo.Abp.VirtualFileSystem.dll". Beginning retry 4 in 1000ms. The process cannot access the file 'E:\TreadSnow\TreadSnow Github2\src\TreadSnow.HttpApi.Host\bin\Debug\net9.0\Volo.Abp.VirtualFileSystem.dll' because it is being used by another process. The file is locked by: "TreadSnow.HttpApi.Host (46584)" [E:\TreadSnow\TreadSnow Github2\src\TreadSnow.HttpApi.Host\TreadSnow.HttpApi.Host.csproj]
C:\Program Files\dotnet\sdk\9.0.202\Microsoft.Common.CurrentVersion.targets(5063,5): warning MSB3026: Could not copy "E:\TreadSnow\TreadSnow Github2\ABP9.1.1\framework\src\Volo.Abp.Validation\bin\Debug\net9.0\Volo.Abp.Validation.dll" to "bin\Debug\net9.0\Volo.Abp.Validation.dll". Beginning retry 10 in 1000ms. The process cannot access the file 'E:\TreadSnow\TreadSnow Github2\src\TreadSnow.HttpApi.Host\bin\Debug\net9.0\Volo.Abp.Validation.dll' because it is being used by another process. The file is locked by: "TreadSnow.HttpApi.Host (46584)" [E:\TreadSnow\TreadSnow Github2\src\TreadSnow.HttpApi.Host\TreadSnow.HttpApi.Host.csproj]
C:\Program Files\dotnet\sdk\9.0.202\Microsoft.Common.CurrentVersion.targets(5063,5): warning MSB3026: Could not copy "E:\TreadSnow\TreadSnow Github2\ABP9.1.1\framework\src\Volo.Abp.Validation.Abstractions\bin\Debug\net9.0\Volo.Abp.Validation.Abstractions.dll" to "bin\Debug\net9.0\Volo.Abp.Validation.Abstractions.dll". Beginning retry 10 in 1000ms. The process cannot access the file 'E:\TreadSnow\TreadSnow Github2\src\TreadSnow.HttpApi.Host\bin\Debug\net9.0\Volo.Abp.Validation.Abstractions.dll' because it is being used by another process. The file is locked by: "TreadSnow.HttpApi.Host (46584)" [E:\TreadSnow\TreadSnow Github2\src\TreadSnow.HttpApi.Host\TreadSnow.HttpApi.Host.csproj]
C:\Program Files\dotnet\sdk\9.0.202\Microsoft.Common.CurrentVersion.targets(5063,5): warning MSB3026: Could not copy "E:\TreadSnow\TreadSnow Github2\ABP9.1.1\framework\src\Volo.Abp.VirtualFileSystem\bin\Debug\net9.0\Volo.Abp.VirtualFileSystem.dll" to "bin\Debug\net9.0\Volo.Abp.VirtualFileSystem.dll". Beginning retry 5 in 1000ms. The process cannot access the file 'E:\TreadSnow\TreadSnow Github2\src\TreadSnow.HttpApi.Host\bin\Debug\net9.0\Volo.Abp.VirtualFileSystem.dll' because it is being used by another process. The file is locked by: "TreadSnow.HttpApi.Host (46584)" [E:\TreadSnow\TreadSnow Github2\src\TreadSnow.HttpApi.Host\TreadSnow.HttpApi.Host.csproj]
C:\Program Files\dotnet\sdk\9.0.202\Microsoft.Common.CurrentVersion.targets(5063,5): warning MSB3026: Could not copy "E:\TreadSnow\TreadSnow Github2\ABP9.1.1\framework\src\Volo.Abp.VirtualFileSystem\bin\Debug\net9.0\Volo.Abp.VirtualFileSystem.dll" to "bin\Debug\net9.0\Volo.Abp.VirtualFileSystem.dll". Beginning retry 6 in 1000ms. The process cannot access the file 'E:\TreadSnow\TreadSnow Github2\src\TreadSnow.HttpApi.Host\bin\Debug\net9.0\Volo.Abp.VirtualFileSystem.dll' because it is being used by another process. The file is locked by: "TreadSnow.HttpApi.Host (46584)" [E:\TreadSnow\TreadSnow Github2\src\TreadSnow.HttpApi.Host\TreadSnow.HttpApi.Host.csproj]
C:\Program Files\dotnet\sdk\9.0.202\Microsoft.Common.CurrentVersion.targets(5063,5): warning MSB3026: Could not copy "E:\TreadSnow\TreadSnow Github2\ABP9.1.1\framework\src\Volo.Abp.VirtualFileSystem\bin\Debug\net9.0\Volo.Abp.VirtualFileSystem.dll" to "bin\Debug\net9.0\Volo.Abp.VirtualFileSystem.dll". Beginning retry 7 in 1000ms. The process cannot access the file 'E:\TreadSnow\TreadSnow Github2\src\TreadSnow.HttpApi.Host\bin\Debug\net9.0\Volo.Abp.VirtualFileSystem.dll' because it is being used by another process. The file is locked by: "TreadSnow.HttpApi.Host (46584)" [E:\TreadSnow\TreadSnow Github2\src\TreadSnow.HttpApi.Host\TreadSnow.HttpApi.Host.csproj]
C:\Program Files\dotnet\sdk\9.0.202\Microsoft.Common.CurrentVersion.targets(5063,5): warning MSB3026: Could not copy "E:\TreadSnow\TreadSnow Github2\ABP9.1.1\framework\src\Volo.Abp.VirtualFileSystem\bin\Debug\net9.0\Volo.Abp.VirtualFileSystem.dll" to "bin\Debug\net9.0\Volo.Abp.VirtualFileSystem.dll". Beginning retry 8 in 1000ms. The process cannot access the file 'E:\TreadSnow\TreadSnow Github2\src\TreadSnow.HttpApi.Host\bin\Debug\net9.0\Volo.Abp.VirtualFileSystem.dll' because it is being used by another process. The file is locked by: "TreadSnow.HttpApi.Host (46584)" [E:\TreadSnow\TreadSnow Github2\src\TreadSnow.HttpApi.Host\TreadSnow.HttpApi.Host.csproj]
C:\Program Files\dotnet\sdk\9.0.202\Microsoft.Common.CurrentVersion.targets(5063,5): warning MSB3026: Could not copy "E:\TreadSnow\TreadSnow Github2\ABP9.1.1\framework\src\Volo.Abp.VirtualFileSystem\bin\Debug\net9.0\Volo.Abp.VirtualFileSystem.dll" to "bin\Debug\net9.0\Volo.Abp.VirtualFileSystem.dll". Beginning retry 9 in 1000ms. The process cannot access the file 'E:\TreadSnow\TreadSnow Github2\src\TreadSnow.HttpApi.Host\bin\Debug\net9.0\Volo.Abp.VirtualFileSystem.dll' because it is being used by another process. The file is locked by: "TreadSnow.HttpApi.Host (46584)" [E:\TreadSnow\TreadSnow Github2\src\TreadSnow.HttpApi.Host\TreadSnow.HttpApi.Host.csproj]
C:\Program Files\dotnet\sdk\9.0.202\Microsoft.Common.CurrentVersion.targets(5063,5): warning MSB3026: Could not copy "E:\TreadSnow\TreadSnow Github2\ABP9.1.1\framework\src\Volo.Abp.VirtualFileSystem\bin\Debug\net9.0\Volo.Abp.VirtualFileSystem.dll" to "bin\Debug\net9.0\Volo.Abp.VirtualFileSystem.dll". Beginning retry 10 in 1000ms. The process cannot access the file 'E:\TreadSnow\TreadSnow Github2\src\TreadSnow.HttpApi.Host\bin\Debug\net9.0\Volo.Abp.VirtualFileSystem.dll' because it is being used by another process. The file is locked by: "TreadSnow.HttpApi.Host (46584)" [E:\TreadSnow\TreadSnow Github2\src\TreadSnow.HttpApi.Host\TreadSnow.HttpApi.Host.csproj]
C:\Program Files\dotnet\sdk\9.0.202\Microsoft.Common.CurrentVersion.targets(5063,5): error MSB3027: Could not copy "E:\TreadSnow\TreadSnow Github2\src\TreadSnow.EntityFrameworkCore\bin\Debug\net9.0\TreadSnow.EntityFrameworkCore.dll" to "bin\Debug\net9.0\TreadSnow.EntityFrameworkCore.dll". Exceeded retry count of 10. Failed. The file is locked by: "TreadSnow.HttpApi.Host (46584)" [E:\TreadSnow\TreadSnow Github2\src\TreadSnow.HttpApi.Host\TreadSnow.HttpApi.Host.csproj]
C:\Program Files\dotnet\sdk\9.0.202\Microsoft.Common.CurrentVersion.targets(5063,5): error MSB3021: Unable to copy file "E:\TreadSnow\TreadSnow Github2\src\TreadSnow.EntityFrameworkCore\bin\Debug\net9.0\TreadSnow.EntityFrameworkCore.dll" to "bin\Debug\net9.0\TreadSnow.EntityFrameworkCore.dll". The process cannot access the file 'E:\TreadSnow\TreadSnow Github2\src\TreadSnow.HttpApi.Host\bin\Debug\net9.0\TreadSnow.EntityFrameworkCore.dll' because it is being used by another process. [E:\TreadSnow\TreadSnow Github2\src\TreadSnow.HttpApi.Host\TreadSnow.HttpApi.Host.csproj]
C:\Program Files\dotnet\sdk\9.0.202\Microsoft.Common.CurrentVersion.targets(5063,5): error MSB3027: Could not copy "E:\TreadSnow\TreadSnow Github2\src\TreadSnow.Domain.Shared\bin\Debug\net9.0\TreadSnow.Domain.Shared.dll" to "bin\Debug\net9.0\TreadSnow.Domain.Shared.dll". Exceeded retry count of 10. Failed. The file is locked by: "TreadSnow.HttpApi.Host (46584)" [E:\TreadSnow\TreadSnow Github2\src\TreadSnow.HttpApi.Host\TreadSnow.HttpApi.Host.csproj]
C:\Program Files\dotnet\sdk\9.0.202\Microsoft.Common.CurrentVersion.targets(5063,5): error MSB3021: Unable to copy file "E:\TreadSnow\TreadSnow Github2\src\TreadSnow.Domain.Shared\bin\Debug\net9.0\TreadSnow.Domain.Shared.dll" to "bin\Debug\net9.0\TreadSnow.Domain.Shared.dll". The process cannot access the file 'E:\TreadSnow\TreadSnow Github2\src\TreadSnow.HttpApi.Host\bin\Debug\net9.0\TreadSnow.Domain.Shared.dll' because it is being used by another process. [E:\TreadSnow\TreadSnow Github2\src\TreadSnow.HttpApi.Host\TreadSnow.HttpApi.Host.csproj]
C:\Program Files\dotnet\sdk\9.0.202\Microsoft.Common.CurrentVersion.targets(5063,5): error MSB3027: Could not copy "E:\TreadSnow\TreadSnow Github2\src\TreadSnow.Application.Contracts\bin\Debug\net9.0\TreadSnow.Application.Contracts.dll" to "bin\Debug\net9.0\TreadSnow.Application.Contracts.dll". Exceeded retry count of 10. Failed. The file is locked by: "TreadSnow.HttpApi.Host (46584)" [E:\TreadSnow\TreadSnow Github2\src\TreadSnow.HttpApi.Host\TreadSnow.HttpApi.Host.csproj]
C:\Program Files\dotnet\sdk\9.0.202\Microsoft.Common.CurrentVersion.targets(5063,5): error MSB3021: Unable to copy file "E:\TreadSnow\TreadSnow Github2\src\TreadSnow.Application.Contracts\bin\Debug\net9.0\TreadSnow.Application.Contracts.dll" to "bin\Debug\net9.0\TreadSnow.Application.Contracts.dll". The process cannot access the file 'E:\TreadSnow\TreadSnow Github2\src\TreadSnow.HttpApi.Host\bin\Debug\net9.0\TreadSnow.Application.Contracts.dll' because it is being used by another process. [E:\TreadSnow\TreadSnow Github2\src\TreadSnow.HttpApi.Host\TreadSnow.HttpApi.Host.csproj]
C:\Program Files\dotnet\sdk\9.0.202\Microsoft.Common.CurrentVersion.targets(5063,5): error MSB3027: Could not copy "E:\TreadSnow\TreadSnow Github2\src\TreadSnow.Domain\bin\Debug\net9.0\TreadSnow.Domain.dll" to "bin\Debug\net9.0\TreadSnow.Domain.dll". Exceeded retry count of 10. Failed. The file is locked by: "TreadSnow.HttpApi.Host (46584)" [E:\TreadSnow\TreadSnow Github2\src\TreadSnow.HttpApi.Host\TreadSnow.HttpApi.Host.csproj]
C:\Program Files\dotnet\sdk\9.0.202\Microsoft.Common.CurrentVersion.targets(5063,5): error MSB3021: Unable to copy file "E:\TreadSnow\TreadSnow Github2\src\TreadSnow.Domain\bin\Debug\net9.0\TreadSnow.Domain.dll" to "bin\Debug\net9.0\TreadSnow.Domain.dll". The process cannot access the file 'E:\TreadSnow\TreadSnow Github2\src\TreadSnow.HttpApi.Host\bin\Debug\net9.0\TreadSnow.Domain.dll' because it is being used by another process. [E:\TreadSnow\TreadSnow Github2\src\TreadSnow.HttpApi.Host\TreadSnow.HttpApi.Host.csproj]
C:\Program Files\dotnet\sdk\9.0.202\Microsoft.Common.CurrentVersion.targets(5063,5): error MSB3027: Could not copy "E:\TreadSnow\TreadSnow Github2\src\TreadSnow.HttpApi\bin\Debug\net9.0\TreadSnow.HttpApi.dll" to "bin\Debug\net9.0\TreadSnow.HttpApi.dll". Exceeded retry count of 10. Failed. The file is locked by: "TreadSnow.HttpApi.Host (46584)" [E:\TreadSnow\TreadSnow Github2\src\TreadSnow.HttpApi.Host\TreadSnow.HttpApi.Host.csproj]
C:\Program Files\dotnet\sdk\9.0.202\Microsoft.Common.CurrentVersion.targets(5063,5): error MSB3021: Unable to copy file "E:\TreadSnow\TreadSnow Github2\src\TreadSnow.HttpApi\bin\Debug\net9.0\TreadSnow.HttpApi.dll" to "bin\Debug\net9.0\TreadSnow.HttpApi.dll". The process cannot access the file 'E:\TreadSnow\TreadSnow Github2\src\TreadSnow.HttpApi.Host\bin\Debug\net9.0\TreadSnow.HttpApi.dll' because it is being used by another process. [E:\TreadSnow\TreadSnow Github2\src\TreadSnow.HttpApi.Host\TreadSnow.HttpApi.Host.csproj]
C:\Program Files\dotnet\sdk\9.0.202\Microsoft.Common.CurrentVersion.targets(5063,5): error MSB3027: Could not copy "E:\TreadSnow\TreadSnow Github2\src\TreadSnow.Application\bin\Debug\net9.0\TreadSnow.Application.dll" to "bin\Debug\net9.0\TreadSnow.Application.dll". Exceeded retry count of 10. Failed. The file is locked by: "TreadSnow.HttpApi.Host (46584)" [E:\TreadSnow\TreadSnow Github2\src\TreadSnow.HttpApi.Host\TreadSnow.HttpApi.Host.csproj]
C:\Program Files\dotnet\sdk\9.0.202\Microsoft.Common.CurrentVersion.targets(5063,5): error MSB3021: Unable to copy file "E:\TreadSnow\TreadSnow Github2\src\TreadSnow.Application\bin\Debug\net9.0\TreadSnow.Application.dll" to "bin\Debug\net9.0\TreadSnow.Application.dll". The process cannot access the file 'E:\TreadSnow\TreadSnow Github2\src\TreadSnow.HttpApi.Host\bin\Debug\net9.0\TreadSnow.Application.dll' because it is being used by another process. [E:\TreadSnow\TreadSnow Github2\src\TreadSnow.HttpApi.Host\TreadSnow.HttpApi.Host.csproj]
C:\Program Files\dotnet\sdk\9.0.202\Microsoft.Common.CurrentVersion.targets(5063,5): error MSB3027: Could not copy "E:\TreadSnow\TreadSnow Github2\ABP9.1.1\modules\account\src\Volo.Abp.Account.Application.Contracts\bin\Debug\net9.0\Volo.Abp.Account.Application.Contracts.dll" to "bin\Debug\net9.0\Volo.Abp.Account.Application.Contracts.dll". Exceeded retry count of 10. Failed. The file is locked by: "TreadSnow.HttpApi.Host (46584)" [E:\TreadSnow\TreadSnow Github2\src\TreadSnow.HttpApi.Host\TreadSnow.HttpApi.Host.csproj]
C:\Program Files\dotnet\sdk\9.0.202\Microsoft.Common.CurrentVersion.targets(5063,5): error MSB3021: Unable to copy file "E:\TreadSnow\TreadSnow Github2\ABP9.1.1\modules\account\src\Volo.Abp.Account.Application.Contracts\bin\Debug\net9.0\Volo.Abp.Account.Application.Contracts.dll" to "bin\Debug\net9.0\Volo.Abp.Account.Application.Contracts.dll". The process cannot access the file 'E:\TreadSnow\TreadSnow Github2\src\TreadSnow.HttpApi.Host\bin\Debug\net9.0\Volo.Abp.Account.Application.Contracts.dll' because it is being used by another process. [E:\TreadSnow\TreadSnow Github2\src\TreadSnow.HttpApi.Host\TreadSnow.HttpApi.Host.csproj]
C:\Program Files\dotnet\sdk\9.0.202\Microsoft.Common.CurrentVersion.targets(5063,5): error MSB3027: Could not copy "E:\TreadSnow\TreadSnow Github2\ABP9.1.1\modules\account\src\Volo.Abp.Account.Web\bin\Debug\net9.0\Volo.Abp.Account.Web.dll" to "bin\Debug\net9.0\Volo.Abp.Account.Web.dll". Exceeded retry count of 10. Failed. The file is locked by: "TreadSnow.HttpApi.Host (46584)" [E:\TreadSnow\TreadSnow Github2\src\TreadSnow.HttpApi.Host\TreadSnow.HttpApi.Host.csproj]
C:\Program Files\dotnet\sdk\9.0.202\Microsoft.Common.CurrentVersion.targets(5063,5): error MSB3021: Unable to copy file "E:\TreadSnow\TreadSnow Github2\ABP9.1.1\modules\account\src\Volo.Abp.Account.Web\bin\Debug\net9.0\Volo.Abp.Account.Web.dll" to "bin\Debug\net9.0\Volo.Abp.Account.Web.dll". The process cannot access the file 'E:\TreadSnow\TreadSnow Github2\src\TreadSnow.HttpApi.Host\bin\Debug\net9.0\Volo.Abp.Account.Web.dll' because it is being used by another process. [E:\TreadSnow\TreadSnow Github2\src\TreadSnow.HttpApi.Host\TreadSnow.HttpApi.Host.csproj]
C:\Program Files\dotnet\sdk\9.0.202\Microsoft.Common.CurrentVersion.targets(5063,5): error MSB3027: Could not copy "E:\TreadSnow\TreadSnow Github2\ABP9.1.1\modules\account\src\Volo.Abp.Account.HttpApi\bin\Debug\net9.0\Volo.Abp.Account.HttpApi.dll" to "bin\Debug\net9.0\Volo.Abp.Account.HttpApi.dll". Exceeded retry count of 10. Failed. The file is locked by: "TreadSnow.HttpApi.Host (46584)" [E:\TreadSnow\TreadSnow Github2\src\TreadSnow.HttpApi.Host\TreadSnow.HttpApi.Host.csproj]
C:\Program Files\dotnet\sdk\9.0.202\Microsoft.Common.CurrentVersion.targets(5063,5): error MSB3021: Unable to copy file "E:\TreadSnow\TreadSnow Github2\ABP9.1.1\modules\account\src\Volo.Abp.Account.HttpApi\bin\Debug\net9.0\Volo.Abp.Account.HttpApi.dll" to "bin\Debug\net9.0\Volo.Abp.Account.HttpApi.dll". The process cannot access the file 'E:\TreadSnow\TreadSnow Github2\src\TreadSnow.HttpApi.Host\bin\Debug\net9.0\Volo.Abp.Account.HttpApi.dll' because it is being used by another process. [E:\TreadSnow\TreadSnow Github2\src\TreadSnow.HttpApi.Host\TreadSnow.HttpApi.Host.csproj]
C:\Program Files\dotnet\sdk\9.0.202\Microsoft.Common.CurrentVersion.targets(5063,5): error MSB3027: Could not copy "E:\TreadSnow\TreadSnow Github2\ABP9.1.1\modules\account\src\Volo.Abp.Account.Application\bin\Debug\net9.0\Volo.Abp.Account.Application.dll" to "bin\Debug\net9.0\Volo.Abp.Account.Application.dll". Exceeded retry count of 10. Failed. The file is locked by: "TreadSnow.HttpApi.Host (46584)" [E:\TreadSnow\TreadSnow Github2\src\TreadSnow.HttpApi.Host\TreadSnow.HttpApi.Host.csproj]
C:\Program Files\dotnet\sdk\9.0.202\Microsoft.Common.CurrentVersion.targets(5063,5): error MSB3021: Unable to copy file "E:\TreadSnow\TreadSnow Github2\ABP9.1.1\modules\account\src\Volo.Abp.Account.Application\bin\Debug\net9.0\Volo.Abp.Account.Application.dll" to "bin\Debug\net9.0\Volo.Abp.Account.Application.dll". The process cannot access the file 'E:\TreadSnow\TreadSnow Github2\src\TreadSnow.HttpApi.Host\bin\Debug\net9.0\Volo.Abp.Account.Application.dll' because it is being used by another process. [E:\TreadSnow\TreadSnow Github2\src\TreadSnow.HttpApi.Host\TreadSnow.HttpApi.Host.csproj]
C:\Program Files\dotnet\sdk\9.0.202\Microsoft.Common.CurrentVersion.targets(5063,5): error MSB3027: Could not copy "E:\TreadSnow\TreadSnow Github2\ABP9.1.1\modules\account\src\Volo.Abp.Account.Web.OpenIddict\bin\Debug\net9.0\Volo.Abp.Account.Web.OpenIddict.dll" to "bin\Debug\net9.0\Volo.Abp.Account.Web.OpenIddict.dll". Exceeded retry count of 10. Failed. The file is locked by: "TreadSnow.HttpApi.Host (46584)" [E:\TreadSnow\TreadSnow Github2\src\TreadSnow.HttpApi.Host\TreadSnow.HttpApi.Host.csproj]
C:\Program Files\dotnet\sdk\9.0.202\Microsoft.Common.CurrentVersion.targets(5063,5): error MSB3021: Unable to copy file "E:\TreadSnow\TreadSnow Github2\ABP9.1.1\modules\account\src\Volo.Abp.Account.Web.OpenIddict\bin\Debug\net9.0\Volo.Abp.Account.Web.OpenIddict.dll" to "bin\Debug\net9.0\Volo.Abp.Account.Web.OpenIddict.dll". The process cannot access the file 'E:\TreadSnow\TreadSnow Github2\src\TreadSnow.HttpApi.Host\bin\Debug\net9.0\Volo.Abp.Account.Web.OpenIddict.dll' because it is being used by another process. [E:\TreadSnow\TreadSnow Github2\src\TreadSnow.HttpApi.Host\TreadSnow.HttpApi.Host.csproj]
C:\Program Files\dotnet\sdk\9.0.202\Microsoft.Common.CurrentVersion.targets(5063,5): error MSB3027: Could not copy "E:\TreadSnow\TreadSnow Github2\ABP9.1.1\framework\src\Volo.Abp.ApiVersioning.Abstractions\bin\Debug\net9.0\Volo.Abp.ApiVersioning.Abstractions.dll" to "bin\Debug\net9.0\Volo.Abp.ApiVersioning.Abstractions.dll". Exceeded retry count of 10. Failed. The file is locked by: "TreadSnow.HttpApi.Host (46584)" [E:\TreadSnow\TreadSnow Github2\src\TreadSnow.HttpApi.Host\TreadSnow.HttpApi.Host.csproj]
C:\Program Files\dotnet\sdk\9.0.202\Microsoft.Common.CurrentVersion.targets(5063,5): error MSB3021: Unable to copy file "E:\TreadSnow\TreadSnow Github2\ABP9.1.1\framework\src\Volo.Abp.ApiVersioning.Abstractions\bin\Debug\net9.0\Volo.Abp.ApiVersioning.Abstractions.dll" to "bin\Debug\net9.0\Volo.Abp.ApiVersioning.Abstractions.dll". The process cannot access the file 'E:\TreadSnow\TreadSnow Github2\src\TreadSnow.HttpApi.Host\bin\Debug\net9.0\Volo.Abp.ApiVersioning.Abstractions.dll' because it is being used by another process. [E:\TreadSnow\TreadSnow Github2\src\TreadSnow.HttpApi.Host\TreadSnow.HttpApi.Host.csproj]
C:\Program Files\dotnet\sdk\9.0.202\Microsoft.Common.CurrentVersion.targets(5063,5): error MSB3027: Could not copy "E:\TreadSnow\TreadSnow Github2\ABP9.1.1\framework\src\Volo.Abp.AspNetCore.Abstractions\bin\Debug\net9.0\Volo.Abp.AspNetCore.Abstractions.dll" to "bin\Debug\net9.0\Volo.Abp.AspNetCore.Abstractions.dll". Exceeded retry count of 10. Failed. The file is locked by: "TreadSnow.HttpApi.Host (46584)" [E:\TreadSnow\TreadSnow Github2\src\TreadSnow.HttpApi.Host\TreadSnow.HttpApi.Host.csproj]
C:\Program Files\dotnet\sdk\9.0.202\Microsoft.Common.CurrentVersion.targets(5063,5): error MSB3021: Unable to copy file "E:\TreadSnow\TreadSnow Github2\ABP9.1.1\framework\src\Volo.Abp.AspNetCore.Abstractions\bin\Debug\net9.0\Volo.Abp.AspNetCore.Abstractions.dll" to "bin\Debug\net9.0\Volo.Abp.AspNetCore.Abstractions.dll". The process cannot access the file 'E:\TreadSnow\TreadSnow Github2\src\TreadSnow.HttpApi.Host\bin\Debug\net9.0\Volo.Abp.AspNetCore.Abstractions.dll' because it is being used by another process. [E:\TreadSnow\TreadSnow Github2\src\TreadSnow.HttpApi.Host\TreadSnow.HttpApi.Host.csproj]
C:\Program Files\dotnet\sdk\9.0.202\Microsoft.Common.CurrentVersion.targets(5063,5): error MSB3027: Could not copy "E:\TreadSnow\TreadSnow Github2\ABP9.1.1\framework\src\Volo.Abp.AspNetCore.Bundling\bin\Debug\net9.0\Volo.Abp.AspNetCore.Bundling.dll" to "bin\Debug\net9.0\Volo.Abp.AspNetCore.Bundling.dll". Exceeded retry count of 10. Failed. The file is locked by: "TreadSnow.HttpApi.Host (46584)" [E:\TreadSnow\TreadSnow Github2\src\TreadSnow.HttpApi.Host\TreadSnow.HttpApi.Host.csproj]
C:\Program Files\dotnet\sdk\9.0.202\Microsoft.Common.CurrentVersion.targets(5063,5): error MSB3021: Unable to copy file "E:\TreadSnow\TreadSnow Github2\ABP9.1.1\framework\src\Volo.Abp.AspNetCore.Bundling\bin\Debug\net9.0\Volo.Abp.AspNetCore.Bundling.dll" to "bin\Debug\net9.0\Volo.Abp.AspNetCore.Bundling.dll". The process cannot access the file 'E:\TreadSnow\TreadSnow Github2\src\TreadSnow.HttpApi.Host\bin\Debug\net9.0\Volo.Abp.AspNetCore.Bundling.dll' because it is being used by another process. [E:\TreadSnow\TreadSnow Github2\src\TreadSnow.HttpApi.Host\TreadSnow.HttpApi.Host.csproj]
C:\Program Files\dotnet\sdk\9.0.202\Microsoft.Common.CurrentVersion.targets(5063,5): error MSB3027: Could not copy "E:\TreadSnow\TreadSnow Github2\ABP9.1.1\framework\src\Volo.Abp.AspNetCore\bin\Debug\net9.0\Volo.Abp.AspNetCore.dll" to "bin\Debug\net9.0\Volo.Abp.AspNetCore.dll". Exceeded retry count of 10. Failed. The file is locked by: "TreadSnow.HttpApi.Host (46584)" [E:\TreadSnow\TreadSnow Github2\src\TreadSnow.HttpApi.Host\TreadSnow.HttpApi.Host.csproj]
C:\Program Files\dotnet\sdk\9.0.202\Microsoft.Common.CurrentVersion.targets(5063,5): error MSB3021: Unable to copy file "E:\TreadSnow\TreadSnow Github2\ABP9.1.1\framework\src\Volo.Abp.AspNetCore\bin\Debug\net9.0\Volo.Abp.AspNetCore.dll" to "bin\Debug\net9.0\Volo.Abp.AspNetCore.dll". The process cannot access the file 'E:\TreadSnow\TreadSnow Github2\src\TreadSnow.HttpApi.Host\bin\Debug\net9.0\Volo.Abp.AspNetCore.dll' because it is being used by another process. [E:\TreadSnow\TreadSnow Github2\src\TreadSnow.HttpApi.Host\TreadSnow.HttpApi.Host.csproj]
C:\Program Files\dotnet\sdk\9.0.202\Microsoft.Common.CurrentVersion.targets(5063,5): error MSB3027: Could not copy "E:\TreadSnow\TreadSnow Github2\ABP9.1.1\framework\src\Volo.Abp.AspNetCore.Mvc.Contracts\bin\Debug\net9.0\Volo.Abp.AspNetCore.Mvc.Contracts.dll" to "bin\Debug\net9.0\Volo.Abp.AspNetCore.Mvc.Contracts.dll". Exceeded retry count of 10. Failed. The file is locked by: "TreadSnow.HttpApi.Host (46584)" [E:\TreadSnow\TreadSnow Github2\src\TreadSnow.HttpApi.Host\TreadSnow.HttpApi.Host.csproj]
C:\Program Files\dotnet\sdk\9.0.202\Microsoft.Common.CurrentVersion.targets(5063,5): error MSB3021: Unable to copy file "E:\TreadSnow\TreadSnow Github2\ABP9.1.1\framework\src\Volo.Abp.AspNetCore.Mvc.Contracts\bin\Debug\net9.0\Volo.Abp.AspNetCore.Mvc.Contracts.dll" to "bin\Debug\net9.0\Volo.Abp.AspNetCore.Mvc.Contracts.dll". The process cannot access the file 'E:\TreadSnow\TreadSnow Github2\src\TreadSnow.HttpApi.Host\bin\Debug\net9.0\Volo.Abp.AspNetCore.Mvc.Contracts.dll' because it is being used by another process. [E:\TreadSnow\TreadSnow Github2\src\TreadSnow.HttpApi.Host\TreadSnow.HttpApi.Host.csproj]
C:\Program Files\dotnet\sdk\9.0.202\Microsoft.Common.CurrentVersion.targets(5063,5): error MSB3027: Could not copy "E:\TreadSnow\TreadSnow Github2\ABP9.1.1\framework\src\Volo.Abp.AspNetCore.Mvc\bin\Debug\net9.0\Volo.Abp.AspNetCore.Mvc.dll" to "bin\Debug\net9.0\Volo.Abp.AspNetCore.Mvc.dll". Exceeded retry count of 10. Failed. The file is locked by: "TreadSnow.HttpApi.Host (46584)" [E:\TreadSnow\TreadSnow Github2\src\TreadSnow.HttpApi.Host\TreadSnow.HttpApi.Host.csproj]
C:\Program Files\dotnet\sdk\9.0.202\Microsoft.Common.CurrentVersion.targets(5063,5): error MSB3021: Unable to copy file "E:\TreadSnow\TreadSnow Github2\ABP9.1.1\framework\src\Volo.Abp.AspNetCore.Mvc\bin\Debug\net9.0\Volo.Abp.AspNetCore.Mvc.dll" to "bin\Debug\net9.0\Volo.Abp.AspNetCore.Mvc.dll". The process cannot access the file 'E:\TreadSnow\TreadSnow Github2\src\TreadSnow.HttpApi.Host\bin\Debug\net9.0\Volo.Abp.AspNetCore.Mvc.dll' because it is being used by another process. [E:\TreadSnow\TreadSnow Github2\src\TreadSnow.HttpApi.Host\TreadSnow.HttpApi.Host.csproj]
C:\Program Files\dotnet\sdk\9.0.202\Microsoft.Common.CurrentVersion.targets(5063,5): error MSB3027: Could not copy "E:\TreadSnow\TreadSnow Github2\ABP9.1.1\framework\src\Volo.Abp.AspNetCore.Mvc.UI.Bootstrap\bin\Debug\net9.0\Volo.Abp.AspNetCore.Mvc.UI.Bootstrap.dll" to "bin\Debug\net9.0\Volo.Abp.AspNetCore.Mvc.UI.Bootstrap.dll". Exceeded retry count of 10. Failed. The file is locked by: "TreadSnow.HttpApi.Host (46584)" [E:\TreadSnow\TreadSnow Github2\src\TreadSnow.HttpApi.Host\TreadSnow.HttpApi.Host.csproj]
C:\Program Files\dotnet\sdk\9.0.202\Microsoft.Common.CurrentVersion.targets(5063,5): error MSB3021: Unable to copy file "E:\TreadSnow\TreadSnow Github2\ABP9.1.1\framework\src\Volo.Abp.AspNetCore.Mvc.UI.Bootstrap\bin\Debug\net9.0\Volo.Abp.AspNetCore.Mvc.UI.Bootstrap.dll" to "bin\Debug\net9.0\Volo.Abp.AspNetCore.Mvc.UI.Bootstrap.dll". The process cannot access the file 'E:\TreadSnow\TreadSnow Github2\src\TreadSnow.HttpApi.Host\bin\Debug\net9.0\Volo.Abp.AspNetCore.Mvc.UI.Bootstrap.dll' because it is being used by another process. [E:\TreadSnow\TreadSnow Github2\src\TreadSnow.HttpApi.Host\TreadSnow.HttpApi.Host.csproj]
C:\Program Files\dotnet\sdk\9.0.202\Microsoft.Common.CurrentVersion.targets(5063,5): error MSB3027: Could not copy "E:\TreadSnow\TreadSnow Github2\ABP9.1.1\framework\src\Volo.Abp.AspNetCore.Mvc.UI.Bundling.Abstractions\bin\Debug\net9.0\Volo.Abp.AspNetCore.Mvc.UI.Bundling.Abstractions.dll" to "bin\Debug\net9.0\Volo.Abp.AspNetCore.Mvc.UI.Bundling.Abstractions.dll". Exceeded retry count of 10. Failed. The file is locked by: "TreadSnow.HttpApi.Host (46584)" [E:\TreadSnow\TreadSnow Github2\src\TreadSnow.HttpApi.Host\TreadSnow.HttpApi.Host.csproj]
C:\Program Files\dotnet\sdk\9.0.202\Microsoft.Common.CurrentVersion.targets(5063,5): error MSB3021: Unable to copy file "E:\TreadSnow\TreadSnow Github2\ABP9.1.1\framework\src\Volo.Abp.AspNetCore.Mvc.UI.Bundling.Abstractions\bin\Debug\net9.0\Volo.Abp.AspNetCore.Mvc.UI.Bundling.Abstractions.dll" to "bin\Debug\net9.0\Volo.Abp.AspNetCore.Mvc.UI.Bundling.Abstractions.dll". The process cannot access the file 'E:\TreadSnow\TreadSnow Github2\src\TreadSnow.HttpApi.Host\bin\Debug\net9.0\Volo.Abp.AspNetCore.Mvc.UI.Bundling.Abstractions.dll' because it is being used by another process. [E:\TreadSnow\TreadSnow Github2\src\TreadSnow.HttpApi.Host\TreadSnow.HttpApi.Host.csproj]
C:\Program Files\dotnet\sdk\9.0.202\Microsoft.Common.CurrentVersion.targets(5063,5): error MSB3027: Could not copy "E:\TreadSnow\TreadSnow Github2\ABP9.1.1\framework\src\Volo.Abp.AspNetCore.Mvc.UI.Bundling\bin\Debug\net9.0\Volo.Abp.AspNetCore.Mvc.UI.Bundling.dll" to "bin\Debug\net9.0\Volo.Abp.AspNetCore.Mvc.UI.Bundling.dll". Exceeded retry count of 10. Failed. The file is locked by: "TreadSnow.HttpApi.Host (46584)" [E:\TreadSnow\TreadSnow Github2\src\TreadSnow.HttpApi.Host\TreadSnow.HttpApi.Host.csproj]
C:\Program Files\dotnet\sdk\9.0.202\Microsoft.Common.CurrentVersion.targets(5063,5): error MSB3021: Unable to copy file "E:\TreadSnow\TreadSnow Github2\ABP9.1.1\framework\src\Volo.Abp.AspNetCore.Mvc.UI.Bundling\bin\Debug\net9.0\Volo.Abp.AspNetCore.Mvc.UI.Bundling.dll" to "bin\Debug\net9.0\Volo.Abp.AspNetCore.Mvc.UI.Bundling.dll". The process cannot access the file 'E:\TreadSnow\TreadSnow Github2\src\TreadSnow.HttpApi.Host\bin\Debug\net9.0\Volo.Abp.AspNetCore.Mvc.UI.Bundling.dll' because it is being used by another process. [E:\TreadSnow\TreadSnow Github2\src\TreadSnow.HttpApi.Host\TreadSnow.HttpApi.Host.csproj]
C:\Program Files\dotnet\sdk\9.0.202\Microsoft.Common.CurrentVersion.targets(5063,5): error MSB3027: Could not copy "E:\TreadSnow\TreadSnow Github2\ABP9.1.1\framework\src\Volo.Abp.AspNetCore.Mvc.UI\bin\Debug\net9.0\Volo.Abp.AspNetCore.Mvc.UI.dll" to "bin\Debug\net9.0\Volo.Abp.AspNetCore.Mvc.UI.dll". Exceeded retry count of 10. Failed. The file is locked by: "TreadSnow.HttpApi.Host (46584)" [E:\TreadSnow\TreadSnow Github2\src\TreadSnow.HttpApi.Host\TreadSnow.HttpApi.Host.csproj]
C:\Program Files\dotnet\sdk\9.0.202\Microsoft.Common.CurrentVersion.targets(5063,5): error MSB3021: Unable to copy file "E:\TreadSnow\TreadSnow Github2\ABP9.1.1\framework\src\Volo.Abp.AspNetCore.Mvc.UI\bin\Debug\net9.0\Volo.Abp.AspNetCore.Mvc.UI.dll" to "bin\Debug\net9.0\Volo.Abp.AspNetCore.Mvc.UI.dll". The process cannot access the file 'E:\TreadSnow\TreadSnow Github2\src\TreadSnow.HttpApi.Host\bin\Debug\net9.0\Volo.Abp.AspNetCore.Mvc.UI.dll' because it is being used by another process. [E:\TreadSnow\TreadSnow Github2\src\TreadSnow.HttpApi.Host\TreadSnow.HttpApi.Host.csproj]
C:\Program Files\dotnet\sdk\9.0.202\Microsoft.Common.CurrentVersion.targets(5063,5): error MSB3027: Could not copy "E:\TreadSnow\TreadSnow Github2\ABP9.1.1\framework\src\Volo.Abp.AspNetCore.Mvc.UI.Packages\bin\Debug\net9.0\Volo.Abp.AspNetCore.Mvc.UI.Packages.dll" to "bin\Debug\net9.0\Volo.Abp.AspNetCore.Mvc.UI.Packages.dll". Exceeded retry count of 10. Failed. The file is locked by: "TreadSnow.HttpApi.Host (46584)" [E:\TreadSnow\TreadSnow Github2\src\TreadSnow.HttpApi.Host\TreadSnow.HttpApi.Host.csproj]
C:\Program Files\dotnet\sdk\9.0.202\Microsoft.Common.CurrentVersion.targets(5063,5): error MSB3021: Unable to copy file "E:\TreadSnow\TreadSnow Github2\ABP9.1.1\framework\src\Volo.Abp.AspNetCore.Mvc.UI.Packages\bin\Debug\net9.0\Volo.Abp.AspNetCore.Mvc.UI.Packages.dll" to "bin\Debug\net9.0\Volo.Abp.AspNetCore.Mvc.UI.Packages.dll". The process cannot access the file 'E:\TreadSnow\TreadSnow Github2\src\TreadSnow.HttpApi.Host\bin\Debug\net9.0\Volo.Abp.AspNetCore.Mvc.UI.Packages.dll' because it is being used by another process. [E:\TreadSnow\TreadSnow Github2\src\TreadSnow.HttpApi.Host\TreadSnow.HttpApi.Host.csproj]
C:\Program Files\dotnet\sdk\9.0.202\Microsoft.Common.CurrentVersion.targets(5063,5): error MSB3027: Could not copy "E:\TreadSnow\TreadSnow Github2\ABP9.1.1\framework\src\Volo.Abp.AspNetCore.Mvc.UI.Theme.Shared\bin\Debug\net9.0\Volo.Abp.AspNetCore.Mvc.UI.Theme.Shared.dll" to "bin\Debug\net9.0\Volo.Abp.AspNetCore.Mvc.UI.Theme.Shared.dll". Exceeded retry count of 10. Failed. The file is locked by: "TreadSnow.HttpApi.Host (46584)" [E:\TreadSnow\TreadSnow Github2\src\TreadSnow.HttpApi.Host\TreadSnow.HttpApi.Host.csproj]
C:\Program Files\dotnet\sdk\9.0.202\Microsoft.Common.CurrentVersion.targets(5063,5): error MSB3021: Unable to copy file "E:\TreadSnow\TreadSnow Github2\ABP9.1.1\framework\src\Volo.Abp.AspNetCore.Mvc.UI.Theme.Shared\bin\Debug\net9.0\Volo.Abp.AspNetCore.Mvc.UI.Theme.Shared.dll" to "bin\Debug\net9.0\Volo.Abp.AspNetCore.Mvc.UI.Theme.Shared.dll". The process cannot access the file 'E:\TreadSnow\TreadSnow Github2\src\TreadSnow.HttpApi.Host\bin\Debug\net9.0\Volo.Abp.AspNetCore.Mvc.UI.Theme.Shared.dll' because it is being used by another process. [E:\TreadSnow\TreadSnow Github2\src\TreadSnow.HttpApi.Host\TreadSnow.HttpApi.Host.csproj]
C:\Program Files\dotnet\sdk\9.0.202\Microsoft.Common.CurrentVersion.targets(5063,5): error MSB3027: Could not copy "E:\TreadSnow\TreadSnow Github2\ABP9.1.1\framework\src\Volo.Abp.AspNetCore.Mvc.UI.Widgets\bin\Debug\net9.0\Volo.Abp.AspNetCore.Mvc.UI.Widgets.dll" to "bin\Debug\net9.0\Volo.Abp.AspNetCore.Mvc.UI.Widgets.dll". Exceeded retry count of 10. Failed. The file is locked by: "TreadSnow.HttpApi.Host (46584)" [E:\TreadSnow\TreadSnow Github2\src\TreadSnow.HttpApi.Host\TreadSnow.HttpApi.Host.csproj]
C:\Program Files\dotnet\sdk\9.0.202\Microsoft.Common.CurrentVersion.targets(5063,5): error MSB3021: Unable to copy file "E:\TreadSnow\TreadSnow Github2\ABP9.1.1\framework\src\Volo.Abp.AspNetCore.Mvc.UI.Widgets\bin\Debug\net9.0\Volo.Abp.AspNetCore.Mvc.UI.Widgets.dll" to "bin\Debug\net9.0\Volo.Abp.AspNetCore.Mvc.UI.Widgets.dll". The process cannot access the file 'E:\TreadSnow\TreadSnow Github2\src\TreadSnow.HttpApi.Host\bin\Debug\net9.0\Volo.Abp.AspNetCore.Mvc.UI.Widgets.dll' because it is being used by another process. [E:\TreadSnow\TreadSnow Github2\src\TreadSnow.HttpApi.Host\TreadSnow.HttpApi.Host.csproj]
C:\Program Files\dotnet\sdk\9.0.202\Microsoft.Common.CurrentVersion.targets(5063,5): error MSB3027: Could not copy "E:\TreadSnow\TreadSnow Github2\ABP9.1.1\framework\src\Volo.Abp.Auditing.Contracts\bin\Debug\net9.0\Volo.Abp.Auditing.Contracts.dll" to "bin\Debug\net9.0\Volo.Abp.Auditing.Contracts.dll". Exceeded retry count of 10. Failed. The file is locked by: "TreadSnow.HttpApi.Host (46584)" [E:\TreadSnow\TreadSnow Github2\src\TreadSnow.HttpApi.Host\TreadSnow.HttpApi.Host.csproj]
C:\Program Files\dotnet\sdk\9.0.202\Microsoft.Common.CurrentVersion.targets(5063,5): error MSB3021: Unable to copy file "E:\TreadSnow\TreadSnow Github2\ABP9.1.1\framework\src\Volo.Abp.Auditing.Contracts\bin\Debug\net9.0\Volo.Abp.Auditing.Contracts.dll" to "bin\Debug\net9.0\Volo.Abp.Auditing.Contracts.dll". The process cannot access the file 'E:\TreadSnow\TreadSnow Github2\src\TreadSnow.HttpApi.Host\bin\Debug\net9.0\Volo.Abp.Auditing.Contracts.dll' because it is being used by another process. [E:\TreadSnow\TreadSnow Github2\src\TreadSnow.HttpApi.Host\TreadSnow.HttpApi.Host.csproj]
C:\Program Files\dotnet\sdk\9.0.202\Microsoft.Common.CurrentVersion.targets(5063,5): error MSB3027: Could not copy "E:\TreadSnow\TreadSnow Github2\ABP9.1.1\framework\src\Volo.Abp.Auditing\bin\Debug\net9.0\Volo.Abp.Auditing.dll" to "bin\Debug\net9.0\Volo.Abp.Auditing.dll". Exceeded retry count of 10. Failed. The file is locked by: "TreadSnow.HttpApi.Host (46584)" [E:\TreadSnow\TreadSnow Github2\src\TreadSnow.HttpApi.Host\TreadSnow.HttpApi.Host.csproj]
C:\Program Files\dotnet\sdk\9.0.202\Microsoft.Common.CurrentVersion.targets(5063,5): error MSB3021: Unable to copy file "E:\TreadSnow\TreadSnow Github2\ABP9.1.1\framework\src\Volo.Abp.Auditing\bin\Debug\net9.0\Volo.Abp.Auditing.dll" to "bin\Debug\net9.0\Volo.Abp.Auditing.dll". The process cannot access the file 'E:\TreadSnow\TreadSnow Github2\src\TreadSnow.HttpApi.Host\bin\Debug\net9.0\Volo.Abp.Auditing.dll' because it is being used by another process. [E:\TreadSnow\TreadSnow Github2\src\TreadSnow.HttpApi.Host\TreadSnow.HttpApi.Host.csproj]
C:\Program Files\dotnet\sdk\9.0.202\Microsoft.Common.CurrentVersion.targets(5063,5): error MSB3027: Could not copy "E:\TreadSnow\TreadSnow Github2\ABP9.1.1\framework\src\Volo.Abp.Authorization.Abstractions\bin\Debug\net9.0\Volo.Abp.Authorization.Abstractions.dll" to "bin\Debug\net9.0\Volo.Abp.Authorization.Abstractions.dll". Exceeded retry count of 10. Failed. The file is locked by: "TreadSnow.HttpApi.Host (46584)" [E:\TreadSnow\TreadSnow Github2\src\TreadSnow.HttpApi.Host\TreadSnow.HttpApi.Host.csproj]
C:\Program Files\dotnet\sdk\9.0.202\Microsoft.Common.CurrentVersion.targets(5063,5): error MSB3021: Unable to copy file "E:\TreadSnow\TreadSnow Github2\ABP9.1.1\framework\src\Volo.Abp.Authorization.Abstractions\bin\Debug\net9.0\Volo.Abp.Authorization.Abstractions.dll" to "bin\Debug\net9.0\Volo.Abp.Authorization.Abstractions.dll". The process cannot access the file 'E:\TreadSnow\TreadSnow Github2\src\TreadSnow.HttpApi.Host\bin\Debug\net9.0\Volo.Abp.Authorization.Abstractions.dll' because it is being used by another process. [E:\TreadSnow\TreadSnow Github2\src\TreadSnow.HttpApi.Host\TreadSnow.HttpApi.Host.csproj]
C:\Program Files\dotnet\sdk\9.0.202\Microsoft.Common.CurrentVersion.targets(5063,5): error MSB3027: Could not copy "E:\TreadSnow\TreadSnow Github2\ABP9.1.1\framework\src\Volo.Abp.Authorization\bin\Debug\net9.0\Volo.Abp.Authorization.dll" to "bin\Debug\net9.0\Volo.Abp.Authorization.dll". Exceeded retry count of 10. Failed. The file is locked by: "TreadSnow.HttpApi.Host (46584)" [E:\TreadSnow\TreadSnow Github2\src\TreadSnow.HttpApi.Host\TreadSnow.HttpApi.Host.csproj]
C:\Program Files\dotnet\sdk\9.0.202\Microsoft.Common.CurrentVersion.targets(5063,5): error MSB3021: Unable to copy file "E:\TreadSnow\TreadSnow Github2\ABP9.1.1\framework\src\Volo.Abp.Authorization\bin\Debug\net9.0\Volo.Abp.Authorization.dll" to "bin\Debug\net9.0\Volo.Abp.Authorization.dll". The process cannot access the file 'E:\TreadSnow\TreadSnow Github2\src\TreadSnow.HttpApi.Host\bin\Debug\net9.0\Volo.Abp.Authorization.dll' because it is being used by another process. [E:\TreadSnow\TreadSnow Github2\src\TreadSnow.HttpApi.Host\TreadSnow.HttpApi.Host.csproj]
C:\Program Files\dotnet\sdk\9.0.202\Microsoft.Common.CurrentVersion.targets(5063,5): error MSB3027: Could not copy "E:\TreadSnow\TreadSnow Github2\ABP9.1.1\framework\src\Volo.Abp.AutoMapper\bin\Debug\net9.0\Volo.Abp.AutoMapper.dll" to "bin\Debug\net9.0\Volo.Abp.AutoMapper.dll". Exceeded retry count of 10. Failed. The file is locked by: "TreadSnow.HttpApi.Host (46584)" [E:\TreadSnow\TreadSnow Github2\src\TreadSnow.HttpApi.Host\TreadSnow.HttpApi.Host.csproj]
C:\Program Files\dotnet\sdk\9.0.202\Microsoft.Common.CurrentVersion.targets(5063,5): error MSB3021: Unable to copy file "E:\TreadSnow\TreadSnow Github2\ABP9.1.1\framework\src\Volo.Abp.AutoMapper\bin\Debug\net9.0\Volo.Abp.AutoMapper.dll" to "bin\Debug\net9.0\Volo.Abp.AutoMapper.dll". The process cannot access the file 'E:\TreadSnow\TreadSnow Github2\src\TreadSnow.HttpApi.Host\bin\Debug\net9.0\Volo.Abp.AutoMapper.dll' because it is being used by another process. [E:\TreadSnow\TreadSnow Github2\src\TreadSnow.HttpApi.Host\TreadSnow.HttpApi.Host.csproj]
C:\Program Files\dotnet\sdk\9.0.202\Microsoft.Common.CurrentVersion.targets(5063,5): error MSB3027: Could not copy "E:\TreadSnow\TreadSnow Github2\ABP9.1.1\framework\src\Volo.Abp.BackgroundJobs.Abstractions\bin\Debug\net9.0\Volo.Abp.BackgroundJobs.Abstractions.dll" to "bin\Debug\net9.0\Volo.Abp.BackgroundJobs.Abstractions.dll". Exceeded retry count of 10. Failed. The file is locked by: "TreadSnow.HttpApi.Host (46584)" [E:\TreadSnow\TreadSnow Github2\src\TreadSnow.HttpApi.Host\TreadSnow.HttpApi.Host.csproj]
C:\Program Files\dotnet\sdk\9.0.202\Microsoft.Common.CurrentVersion.targets(5063,5): error MSB3021: Unable to copy file "E:\TreadSnow\TreadSnow Github2\ABP9.1.1\framework\src\Volo.Abp.BackgroundJobs.Abstractions\bin\Debug\net9.0\Volo.Abp.BackgroundJobs.Abstractions.dll" to "bin\Debug\net9.0\Volo.Abp.BackgroundJobs.Abstractions.dll". The process cannot access the file 'E:\TreadSnow\TreadSnow Github2\src\TreadSnow.HttpApi.Host\bin\Debug\net9.0\Volo.Abp.BackgroundJobs.Abstractions.dll' because it is being used by another process. [E:\TreadSnow\TreadSnow Github2\src\TreadSnow.HttpApi.Host\TreadSnow.HttpApi.Host.csproj]
C:\Program Files\dotnet\sdk\9.0.202\Microsoft.Common.CurrentVersion.targets(5063,5): error MSB3027: Could not copy "E:\TreadSnow\TreadSnow Github2\ABP9.1.1\framework\src\Volo.Abp.BackgroundWorkers\bin\Debug\net9.0\Volo.Abp.BackgroundWorkers.dll" to "bin\Debug\net9.0\Volo.Abp.BackgroundWorkers.dll". Exceeded retry count of 10. Failed. The file is locked by: "TreadSnow.HttpApi.Host (46584)" [E:\TreadSnow\TreadSnow Github2\src\TreadSnow.HttpApi.Host\TreadSnow.HttpApi.Host.csproj]
C:\Program Files\dotnet\sdk\9.0.202\Microsoft.Common.CurrentVersion.targets(5063,5): error MSB3021: Unable to copy file "E:\TreadSnow\TreadSnow Github2\ABP9.1.1\framework\src\Volo.Abp.BackgroundWorkers\bin\Debug\net9.0\Volo.Abp.BackgroundWorkers.dll" to "bin\Debug\net9.0\Volo.Abp.BackgroundWorkers.dll". The process cannot access the file 'E:\TreadSnow\TreadSnow Github2\src\TreadSnow.HttpApi.Host\bin\Debug\net9.0\Volo.Abp.BackgroundWorkers.dll' because it is being used by another process. [E:\TreadSnow\TreadSnow Github2\src\TreadSnow.HttpApi.Host\TreadSnow.HttpApi.Host.csproj]
C:\Program Files\dotnet\sdk\9.0.202\Microsoft.Common.CurrentVersion.targets(5063,5): error MSB3027: Could not copy "E:\TreadSnow\TreadSnow Github2\ABP9.1.1\framework\src\Volo.Abp.Data\bin\Debug\net9.0\Volo.Abp.Data.dll" to "bin\Debug\net9.0\Volo.Abp.Data.dll". Exceeded retry count of 10. Failed. The file is locked by: "TreadSnow.HttpApi.Host (46584)" [E:\TreadSnow\TreadSnow Github2\src\TreadSnow.HttpApi.Host\TreadSnow.HttpApi.Host.csproj]
C:\Program Files\dotnet\sdk\9.0.202\Microsoft.Common.CurrentVersion.targets(5063,5): error MSB3021: Unable to copy file "E:\TreadSnow\TreadSnow Github2\ABP9.1.1\framework\src\Volo.Abp.Data\bin\Debug\net9.0\Volo.Abp.Data.dll" to "bin\Debug\net9.0\Volo.Abp.Data.dll". The process cannot access the file 'E:\TreadSnow\TreadSnow Github2\src\TreadSnow.HttpApi.Host\bin\Debug\net9.0\Volo.Abp.Data.dll' because it is being used by another process. [E:\TreadSnow\TreadSnow Github2\src\TreadSnow.HttpApi.Host\TreadSnow.HttpApi.Host.csproj]
C:\Program Files\dotnet\sdk\9.0.202\Microsoft.Common.CurrentVersion.targets(5063,5): error MSB3027: Could not copy "E:\TreadSnow\TreadSnow Github2\ABP9.1.1\framework\src\Volo.Abp.Ddd.Application.Contracts\bin\Debug\net9.0\Volo.Abp.Ddd.Application.Contracts.dll" to "bin\Debug\net9.0\Volo.Abp.Ddd.Application.Contracts.dll". Exceeded retry count of 10. Failed. The file is locked by: "TreadSnow.HttpApi.Host (46584)" [E:\TreadSnow\TreadSnow Github2\src\TreadSnow.HttpApi.Host\TreadSnow.HttpApi.Host.csproj]
C:\Program Files\dotnet\sdk\9.0.202\Microsoft.Common.CurrentVersion.targets(5063,5): error MSB3021: Unable to copy file "E:\TreadSnow\TreadSnow Github2\ABP9.1.1\framework\src\Volo.Abp.Ddd.Application.Contracts\bin\Debug\net9.0\Volo.Abp.Ddd.Application.Contracts.dll" to "bin\Debug\net9.0\Volo.Abp.Ddd.Application.Contracts.dll". The process cannot access the file 'E:\TreadSnow\TreadSnow Github2\src\TreadSnow.HttpApi.Host\bin\Debug\net9.0\Volo.Abp.Ddd.Application.Contracts.dll' because it is being used by another process. [E:\TreadSnow\TreadSnow Github2\src\TreadSnow.HttpApi.Host\TreadSnow.HttpApi.Host.csproj]
C:\Program Files\dotnet\sdk\9.0.202\Microsoft.Common.CurrentVersion.targets(5063,5): error MSB3027: Could not copy "E:\TreadSnow\TreadSnow Github2\ABP9.1.1\framework\src\Volo.Abp.Core\bin\Debug\net9.0\Volo.Abp.Core.dll" to "bin\Debug\net9.0\Volo.Abp.Core.dll". Exceeded retry count of 10. Failed. The file is locked by: "TreadSnow.HttpApi.Host (46584)" [E:\TreadSnow\TreadSnow Github2\src\TreadSnow.HttpApi.Host\TreadSnow.HttpApi.Host.csproj]
C:\Program Files\dotnet\sdk\9.0.202\Microsoft.Common.CurrentVersion.targets(5063,5): error MSB3021: Unable to copy file "E:\TreadSnow\TreadSnow Github2\ABP9.1.1\framework\src\Volo.Abp.Core\bin\Debug\net9.0\Volo.Abp.Core.dll" to "bin\Debug\net9.0\Volo.Abp.Core.dll". The process cannot access the file 'E:\TreadSnow\TreadSnow Github2\src\TreadSnow.HttpApi.Host\bin\Debug\net9.0\Volo.Abp.Core.dll' because it is being used by another process. [E:\TreadSnow\TreadSnow Github2\src\TreadSnow.HttpApi.Host\TreadSnow.HttpApi.Host.csproj]
C:\Program Files\dotnet\sdk\9.0.202\Microsoft.Common.CurrentVersion.targets(5063,5): error MSB3027: Could not copy "E:\TreadSnow\TreadSnow Github2\ABP9.1.1\framework\src\Volo.Abp.Ddd.Application\bin\Debug\net9.0\Volo.Abp.Ddd.Application.dll" to "bin\Debug\net9.0\Volo.Abp.Ddd.Application.dll". Exceeded retry count of 10. Failed. The file is locked by: "TreadSnow.HttpApi.Host (46584)" [E:\TreadSnow\TreadSnow Github2\src\TreadSnow.HttpApi.Host\TreadSnow.HttpApi.Host.csproj]
C:\Program Files\dotnet\sdk\9.0.202\Microsoft.Common.CurrentVersion.targets(5063,5): error MSB3021: Unable to copy file "E:\TreadSnow\TreadSnow Github2\ABP9.1.1\framework\src\Volo.Abp.Ddd.Application\bin\Debug\net9.0\Volo.Abp.Ddd.Application.dll" to "bin\Debug\net9.0\Volo.Abp.Ddd.Application.dll". The process cannot access the file 'E:\TreadSnow\TreadSnow Github2\src\TreadSnow.HttpApi.Host\bin\Debug\net9.0\Volo.Abp.Ddd.Application.dll' because it is being used by another process. [E:\TreadSnow\TreadSnow Github2\src\TreadSnow.HttpApi.Host\TreadSnow.HttpApi.Host.csproj]
C:\Program Files\dotnet\sdk\9.0.202\Microsoft.Common.CurrentVersion.targets(5063,5): error MSB3027: Could not copy "E:\TreadSnow\TreadSnow Github2\ABP9.1.1\framework\src\Volo.Abp.Ddd.Domain\bin\Debug\net9.0\Volo.Abp.Ddd.Domain.dll" to "bin\Debug\net9.0\Volo.Abp.Ddd.Domain.dll". Exceeded retry count of 10. Failed. The file is locked by: "TreadSnow.HttpApi.Host (46584)" [E:\TreadSnow\TreadSnow Github2\src\TreadSnow.HttpApi.Host\TreadSnow.HttpApi.Host.csproj]
C:\Program Files\dotnet\sdk\9.0.202\Microsoft.Common.CurrentVersion.targets(5063,5): error MSB3021: Unable to copy file "E:\TreadSnow\TreadSnow Github2\ABP9.1.1\framework\src\Volo.Abp.Ddd.Domain\bin\Debug\net9.0\Volo.Abp.Ddd.Domain.dll" to "bin\Debug\net9.0\Volo.Abp.Ddd.Domain.dll". The process cannot access the file 'E:\TreadSnow\TreadSnow Github2\src\TreadSnow.HttpApi.Host\bin\Debug\net9.0\Volo.Abp.Ddd.Domain.dll' because it is being used by another process. [E:\TreadSnow\TreadSnow Github2\src\TreadSnow.HttpApi.Host\TreadSnow.HttpApi.Host.csproj]
C:\Program Files\dotnet\sdk\9.0.202\Microsoft.Common.CurrentVersion.targets(5063,5): error MSB3027: Could not copy "E:\TreadSnow\TreadSnow Github2\ABP9.1.1\framework\src\Volo.Abp.Ddd.Domain.Shared\bin\Debug\net9.0\Volo.Abp.Ddd.Domain.Shared.dll" to "bin\Debug\net9.0\Volo.Abp.Ddd.Domain.Shared.dll". Exceeded retry count of 10. Failed. The file is locked by: "TreadSnow.HttpApi.Host (46584)" [E:\TreadSnow\TreadSnow Github2\src\TreadSnow.HttpApi.Host\TreadSnow.HttpApi.Host.csproj]
C:\Program Files\dotnet\sdk\9.0.202\Microsoft.Common.CurrentVersion.targets(5063,5): error MSB3021: Unable to copy file "E:\TreadSnow\TreadSnow Github2\ABP9.1.1\framework\src\Volo.Abp.Ddd.Domain.Shared\bin\Debug\net9.0\Volo.Abp.Ddd.Domain.Shared.dll" to "bin\Debug\net9.0\Volo.Abp.Ddd.Domain.Shared.dll". The process cannot access the file 'E:\TreadSnow\TreadSnow Github2\src\TreadSnow.HttpApi.Host\bin\Debug\net9.0\Volo.Abp.Ddd.Domain.Shared.dll' because it is being used by another process. [E:\TreadSnow\TreadSnow Github2\src\TreadSnow.HttpApi.Host\TreadSnow.HttpApi.Host.csproj]
C:\Program Files\dotnet\sdk\9.0.202\Microsoft.Common.CurrentVersion.targets(5063,5): error MSB3027: Could not copy "E:\TreadSnow\TreadSnow Github2\ABP9.1.1\framework\src\Volo.Abp.DistributedLocking.Abstractions\bin\Debug\net9.0\Volo.Abp.DistributedLocking.Abstractions.dll" to "bin\Debug\net9.0\Volo.Abp.DistributedLocking.Abstractions.dll". Exceeded retry count of 10. Failed. The file is locked by: "TreadSnow.HttpApi.Host (46584)" [E:\TreadSnow\TreadSnow Github2\src\TreadSnow.HttpApi.Host\TreadSnow.HttpApi.Host.csproj]
C:\Program Files\dotnet\sdk\9.0.202\Microsoft.Common.CurrentVersion.targets(5063,5): error MSB3021: Unable to copy file "E:\TreadSnow\TreadSnow Github2\ABP9.1.1\framework\src\Volo.Abp.DistributedLocking.Abstractions\bin\Debug\net9.0\Volo.Abp.DistributedLocking.Abstractions.dll" to "bin\Debug\net9.0\Volo.Abp.DistributedLocking.Abstractions.dll". The process cannot access the file 'E:\TreadSnow\TreadSnow Github2\src\TreadSnow.HttpApi.Host\bin\Debug\net9.0\Volo.Abp.DistributedLocking.Abstractions.dll' because it is being used by another process. [E:\TreadSnow\TreadSnow Github2\src\TreadSnow.HttpApi.Host\TreadSnow.HttpApi.Host.csproj]
C:\Program Files\dotnet\sdk\9.0.202\Microsoft.Common.CurrentVersion.targets(5063,5): error MSB3027: Could not copy "E:\TreadSnow\TreadSnow Github2\ABP9.1.1\framework\src\Volo.Abp.EntityFrameworkCore\bin\Debug\net9.0\Volo.Abp.EntityFrameworkCore.dll" to "bin\Debug\net9.0\Volo.Abp.EntityFrameworkCore.dll". Exceeded retry count of 10. Failed. The file is locked by: "TreadSnow.HttpApi.Host (46584)" [E:\TreadSnow\TreadSnow Github2\src\TreadSnow.HttpApi.Host\TreadSnow.HttpApi.Host.csproj]
C:\Program Files\dotnet\sdk\9.0.202\Microsoft.Common.CurrentVersion.targets(5063,5): error MSB3021: Unable to copy file "E:\TreadSnow\TreadSnow Github2\ABP9.1.1\framework\src\Volo.Abp.EntityFrameworkCore\bin\Debug\net9.0\Volo.Abp.EntityFrameworkCore.dll" to "bin\Debug\net9.0\Volo.Abp.EntityFrameworkCore.dll". The process cannot access the file 'E:\TreadSnow\TreadSnow Github2\src\TreadSnow.HttpApi.Host\bin\Debug\net9.0\Volo.Abp.EntityFrameworkCore.dll' because it is being used by another process. [E:\TreadSnow\TreadSnow Github2\src\TreadSnow.HttpApi.Host\TreadSnow.HttpApi.Host.csproj]
C:\Program Files\dotnet\sdk\9.0.202\Microsoft.Common.CurrentVersion.targets(5063,5): error MSB3027: Could not copy "E:\TreadSnow\TreadSnow Github2\ABP9.1.1\framework\src\Volo.Abp.Emailing\bin\Debug\net9.0\Volo.Abp.Emailing.dll" to "bin\Debug\net9.0\Volo.Abp.Emailing.dll". Exceeded retry count of 10. Failed. The file is locked by: "TreadSnow.HttpApi.Host (46584)" [E:\TreadSnow\TreadSnow Github2\src\TreadSnow.HttpApi.Host\TreadSnow.HttpApi.Host.csproj]
C:\Program Files\dotnet\sdk\9.0.202\Microsoft.Common.CurrentVersion.targets(5063,5): error MSB3021: Unable to copy file "E:\TreadSnow\TreadSnow Github2\ABP9.1.1\framework\src\Volo.Abp.Emailing\bin\Debug\net9.0\Volo.Abp.Emailing.dll" to "bin\Debug\net9.0\Volo.Abp.Emailing.dll". The process cannot access the file 'E:\TreadSnow\TreadSnow Github2\src\TreadSnow.HttpApi.Host\bin\Debug\net9.0\Volo.Abp.Emailing.dll' because it is being used by another process. [E:\TreadSnow\TreadSnow Github2\src\TreadSnow.HttpApi.Host\TreadSnow.HttpApi.Host.csproj]
C:\Program Files\dotnet\sdk\9.0.202\Microsoft.Common.CurrentVersion.targets(5063,5): error MSB3027: Could not copy "E:\TreadSnow\TreadSnow Github2\ABP9.1.1\framework\src\Volo.Abp.EventBus.Abstractions\bin\Debug\net9.0\Volo.Abp.EventBus.Abstractions.dll" to "bin\Debug\net9.0\Volo.Abp.EventBus.Abstractions.dll". Exceeded retry count of 10. Failed. The file is locked by: "TreadSnow.HttpApi.Host (46584)" [E:\TreadSnow\TreadSnow Github2\src\TreadSnow.HttpApi.Host\TreadSnow.HttpApi.Host.csproj]
C:\Program Files\dotnet\sdk\9.0.202\Microsoft.Common.CurrentVersion.targets(5063,5): error MSB3021: Unable to copy file "E:\TreadSnow\TreadSnow Github2\ABP9.1.1\framework\src\Volo.Abp.EventBus.Abstractions\bin\Debug\net9.0\Volo.Abp.EventBus.Abstractions.dll" to "bin\Debug\net9.0\Volo.Abp.EventBus.Abstractions.dll". The process cannot access the file 'E:\TreadSnow\TreadSnow Github2\src\TreadSnow.HttpApi.Host\bin\Debug\net9.0\Volo.Abp.EventBus.Abstractions.dll' because it is being used by another process. [E:\TreadSnow\TreadSnow Github2\src\TreadSnow.HttpApi.Host\TreadSnow.HttpApi.Host.csproj]
C:\Program Files\dotnet\sdk\9.0.202\Microsoft.Common.CurrentVersion.targets(5063,5): error MSB3027: Could not copy "E:\TreadSnow\TreadSnow Github2\ABP9.1.1\framework\src\Volo.Abp.EventBus\bin\Debug\net9.0\Volo.Abp.EventBus.dll" to "bin\Debug\net9.0\Volo.Abp.EventBus.dll". Exceeded retry count of 10. Failed. The file is locked by: "TreadSnow.HttpApi.Host (46584)" [E:\TreadSnow\TreadSnow Github2\src\TreadSnow.HttpApi.Host\TreadSnow.HttpApi.Host.csproj]
C:\Program Files\dotnet\sdk\9.0.202\Microsoft.Common.CurrentVersion.targets(5063,5): error MSB3021: Unable to copy file "E:\TreadSnow\TreadSnow Github2\ABP9.1.1\framework\src\Volo.Abp.EventBus\bin\Debug\net9.0\Volo.Abp.EventBus.dll" to "bin\Debug\net9.0\Volo.Abp.EventBus.dll". The process cannot access the file 'E:\TreadSnow\TreadSnow Github2\src\TreadSnow.HttpApi.Host\bin\Debug\net9.0\Volo.Abp.EventBus.dll' because it is being used by another process. [E:\TreadSnow\TreadSnow Github2\src\TreadSnow.HttpApi.Host\TreadSnow.HttpApi.Host.csproj]
C:\Program Files\dotnet\sdk\9.0.202\Microsoft.Common.CurrentVersion.targets(5063,5): error MSB3027: Could not copy "E:\TreadSnow\TreadSnow Github2\ABP9.1.1\framework\src\Volo.Abp.ExceptionHandling\bin\Debug\net9.0\Volo.Abp.ExceptionHandling.dll" to "bin\Debug\net9.0\Volo.Abp.ExceptionHandling.dll". Exceeded retry count of 10. Failed. The file is locked by: "TreadSnow.HttpApi.Host (46584)" [E:\TreadSnow\TreadSnow Github2\src\TreadSnow.HttpApi.Host\TreadSnow.HttpApi.Host.csproj]
C:\Program Files\dotnet\sdk\9.0.202\Microsoft.Common.CurrentVersion.targets(5063,5): error MSB3021: Unable to copy file "E:\TreadSnow\TreadSnow Github2\ABP9.1.1\framework\src\Volo.Abp.ExceptionHandling\bin\Debug\net9.0\Volo.Abp.ExceptionHandling.dll" to "bin\Debug\net9.0\Volo.Abp.ExceptionHandling.dll". The process cannot access the file 'E:\TreadSnow\TreadSnow Github2\src\TreadSnow.HttpApi.Host\bin\Debug\net9.0\Volo.Abp.ExceptionHandling.dll' because it is being used by another process. [E:\TreadSnow\TreadSnow Github2\src\TreadSnow.HttpApi.Host\TreadSnow.HttpApi.Host.csproj]
C:\Program Files\dotnet\sdk\9.0.202\Microsoft.Common.CurrentVersion.targets(5063,5): error MSB3027: Could not copy "E:\TreadSnow\TreadSnow Github2\ABP9.1.1\framework\src\Volo.Abp.Features\bin\Debug\net9.0\Volo.Abp.Features.dll" to "bin\Debug\net9.0\Volo.Abp.Features.dll". Exceeded retry count of 10. Failed. The file is locked by: "TreadSnow.HttpApi.Host (46584)" [E:\TreadSnow\TreadSnow Github2\src\TreadSnow.HttpApi.Host\TreadSnow.HttpApi.Host.csproj]
C:\Program Files\dotnet\sdk\9.0.202\Microsoft.Common.CurrentVersion.targets(5063,5): error MSB3021: Unable to copy file "E:\TreadSnow\TreadSnow Github2\ABP9.1.1\framework\src\Volo.Abp.Features\bin\Debug\net9.0\Volo.Abp.Features.dll" to "bin\Debug\net9.0\Volo.Abp.Features.dll". The process cannot access the file 'E:\TreadSnow\TreadSnow Github2\src\TreadSnow.HttpApi.Host\bin\Debug\net9.0\Volo.Abp.Features.dll' because it is being used by another process. [E:\TreadSnow\TreadSnow Github2\src\TreadSnow.HttpApi.Host\TreadSnow.HttpApi.Host.csproj]
C:\Program Files\dotnet\sdk\9.0.202\Microsoft.Common.CurrentVersion.targets(5063,5): error MSB3027: Could not copy "E:\TreadSnow\TreadSnow Github2\ABP9.1.1\framework\src\Volo.Abp.Guids\bin\Debug\net9.0\Volo.Abp.Guids.dll" to "bin\Debug\net9.0\Volo.Abp.Guids.dll". Exceeded retry count of 10. Failed. The file is locked by: "TreadSnow.HttpApi.Host (46584)" [E:\TreadSnow\TreadSnow Github2\src\TreadSnow.HttpApi.Host\TreadSnow.HttpApi.Host.csproj]
C:\Program Files\dotnet\sdk\9.0.202\Microsoft.Common.CurrentVersion.targets(5063,5): error MSB3021: Unable to copy file "E:\TreadSnow\TreadSnow Github2\ABP9.1.1\framework\src\Volo.Abp.Guids\bin\Debug\net9.0\Volo.Abp.Guids.dll" to "bin\Debug\net9.0\Volo.Abp.Guids.dll". The process cannot access the file 'E:\TreadSnow\TreadSnow Github2\src\TreadSnow.HttpApi.Host\bin\Debug\net9.0\Volo.Abp.Guids.dll' because it is being used by another process. [E:\TreadSnow\TreadSnow Github2\src\TreadSnow.HttpApi.Host\TreadSnow.HttpApi.Host.csproj]
C:\Program Files\dotnet\sdk\9.0.202\Microsoft.Common.CurrentVersion.targets(5063,5): error MSB3027: Could not copy "E:\TreadSnow\TreadSnow Github2\ABP9.1.1\framework\src\Volo.Abp.Http.Abstractions\bin\Debug\net9.0\Volo.Abp.Http.Abstractions.dll" to "bin\Debug\net9.0\Volo.Abp.Http.Abstractions.dll". Exceeded retry count of 10. Failed. The file is locked by: "TreadSnow.HttpApi.Host (46584)" [E:\TreadSnow\TreadSnow Github2\src\TreadSnow.HttpApi.Host\TreadSnow.HttpApi.Host.csproj]
C:\Program Files\dotnet\sdk\9.0.202\Microsoft.Common.CurrentVersion.targets(5063,5): error MSB3021: Unable to copy file "E:\TreadSnow\TreadSnow Github2\ABP9.1.1\framework\src\Volo.Abp.Http.Abstractions\bin\Debug\net9.0\Volo.Abp.Http.Abstractions.dll" to "bin\Debug\net9.0\Volo.Abp.Http.Abstractions.dll". The process cannot access the file 'E:\TreadSnow\TreadSnow Github2\src\TreadSnow.HttpApi.Host\bin\Debug\net9.0\Volo.Abp.Http.Abstractions.dll' because it is being used by another process. [E:\TreadSnow\TreadSnow Github2\src\TreadSnow.HttpApi.Host\TreadSnow.HttpApi.Host.csproj]
C:\Program Files\dotnet\sdk\9.0.202\Microsoft.Common.CurrentVersion.targets(5063,5): error MSB3027: Could not copy "E:\TreadSnow\TreadSnow Github2\ABP9.1.1\framework\src\Volo.Abp.Http\bin\Debug\net9.0\Volo.Abp.Http.dll" to "bin\Debug\net9.0\Volo.Abp.Http.dll". Exceeded retry count of 10. Failed. The file is locked by: "TreadSnow.HttpApi.Host (46584)" [E:\TreadSnow\TreadSnow Github2\src\TreadSnow.HttpApi.Host\TreadSnow.HttpApi.Host.csproj]
C:\Program Files\dotnet\sdk\9.0.202\Microsoft.Common.CurrentVersion.targets(5063,5): error MSB3021: Unable to copy file "E:\TreadSnow\TreadSnow Github2\ABP9.1.1\framework\src\Volo.Abp.Http\bin\Debug\net9.0\Volo.Abp.Http.dll" to "bin\Debug\net9.0\Volo.Abp.Http.dll". The process cannot access the file 'E:\TreadSnow\TreadSnow Github2\src\TreadSnow.HttpApi.Host\bin\Debug\net9.0\Volo.Abp.Http.dll' because it is being used by another process. [E:\TreadSnow\TreadSnow Github2\src\TreadSnow.HttpApi.Host\TreadSnow.HttpApi.Host.csproj]
C:\Program Files\dotnet\sdk\9.0.202\Microsoft.Common.CurrentVersion.targets(5063,5): error MSB3027: Could not copy "E:\TreadSnow\TreadSnow Github2\ABP9.1.1\modules\identity\src\Volo.Abp.Identity.Application.Contracts\bin\Debug\net9.0\Volo.Abp.Identity.Application.Contracts.dll" to "bin\Debug\net9.0\Volo.Abp.Identity.Application.Contracts.dll". Exceeded retry count of 10. Failed. The file is locked by: "TreadSnow.HttpApi.Host (46584)" [E:\TreadSnow\TreadSnow Github2\src\TreadSnow.HttpApi.Host\TreadSnow.HttpApi.Host.csproj]
C:\Program Files\dotnet\sdk\9.0.202\Microsoft.Common.CurrentVersion.targets(5063,5): error MSB3021: Unable to copy file "E:\TreadSnow\TreadSnow Github2\ABP9.1.1\modules\identity\src\Volo.Abp.Identity.Application.Contracts\bin\Debug\net9.0\Volo.Abp.Identity.Application.Contracts.dll" to "bin\Debug\net9.0\Volo.Abp.Identity.Application.Contracts.dll". The process cannot access the file 'E:\TreadSnow\TreadSnow Github2\src\TreadSnow.HttpApi.Host\bin\Debug\net9.0\Volo.Abp.Identity.Application.Contracts.dll' because it is being used by another process. [E:\TreadSnow\TreadSnow Github2\src\TreadSnow.HttpApi.Host\TreadSnow.HttpApi.Host.csproj]
C:\Program Files\dotnet\sdk\9.0.202\Microsoft.Common.CurrentVersion.targets(5063,5): error MSB3027: Could not copy "E:\TreadSnow\TreadSnow Github2\ABP9.1.1\modules\identity\src\Volo.Abp.Identity.Application\bin\Debug\net9.0\Volo.Abp.Identity.Application.dll" to "bin\Debug\net9.0\Volo.Abp.Identity.Application.dll". Exceeded retry count of 10. Failed. The file is locked by: "TreadSnow.HttpApi.Host (46584)" [E:\TreadSnow\TreadSnow Github2\src\TreadSnow.HttpApi.Host\TreadSnow.HttpApi.Host.csproj]
C:\Program Files\dotnet\sdk\9.0.202\Microsoft.Common.CurrentVersion.targets(5063,5): error MSB3021: Unable to copy file "E:\TreadSnow\TreadSnow Github2\ABP9.1.1\modules\identity\src\Volo.Abp.Identity.Application\bin\Debug\net9.0\Volo.Abp.Identity.Application.dll" to "bin\Debug\net9.0\Volo.Abp.Identity.Application.dll". The process cannot access the file 'E:\TreadSnow\TreadSnow Github2\src\TreadSnow.HttpApi.Host\bin\Debug\net9.0\Volo.Abp.Identity.Application.dll' because it is being used by another process. [E:\TreadSnow\TreadSnow Github2\src\TreadSnow.HttpApi.Host\TreadSnow.HttpApi.Host.csproj]
C:\Program Files\dotnet\sdk\9.0.202\Microsoft.Common.CurrentVersion.targets(5063,5): error MSB3027: Could not copy "E:\TreadSnow\TreadSnow Github2\ABP9.1.1\modules\identity\src\Volo.Abp.Identity.AspNetCore\bin\Debug\net9.0\Volo.Abp.Identity.AspNetCore.dll" to "bin\Debug\net9.0\Volo.Abp.Identity.AspNetCore.dll". Exceeded retry count of 10. Failed. The file is locked by: "TreadSnow.HttpApi.Host (46584)" [E:\TreadSnow\TreadSnow Github2\src\TreadSnow.HttpApi.Host\TreadSnow.HttpApi.Host.csproj]
C:\Program Files\dotnet\sdk\9.0.202\Microsoft.Common.CurrentVersion.targets(5063,5): error MSB3021: Unable to copy file "E:\TreadSnow\TreadSnow Github2\ABP9.1.1\modules\identity\src\Volo.Abp.Identity.AspNetCore\bin\Debug\net9.0\Volo.Abp.Identity.AspNetCore.dll" to "bin\Debug\net9.0\Volo.Abp.Identity.AspNetCore.dll". The process cannot access the file 'E:\TreadSnow\TreadSnow Github2\src\TreadSnow.HttpApi.Host\bin\Debug\net9.0\Volo.Abp.Identity.AspNetCore.dll' because it is being used by another process. [E:\TreadSnow\TreadSnow Github2\src\TreadSnow.HttpApi.Host\TreadSnow.HttpApi.Host.csproj]
C:\Program Files\dotnet\sdk\9.0.202\Microsoft.Common.CurrentVersion.targets(5063,5): error MSB3027: Could not copy "E:\TreadSnow\TreadSnow Github2\ABP9.1.1\modules\identity\src\Volo.Abp.Identity.Domain\bin\Debug\net9.0\Volo.Abp.Identity.Domain.dll" to "bin\Debug\net9.0\Volo.Abp.Identity.Domain.dll". Exceeded retry count of 10. Failed. The file is locked by: "TreadSnow.HttpApi.Host (46584)" [E:\TreadSnow\TreadSnow Github2\src\TreadSnow.HttpApi.Host\TreadSnow.HttpApi.Host.csproj]
C:\Program Files\dotnet\sdk\9.0.202\Microsoft.Common.CurrentVersion.targets(5063,5): error MSB3021: Unable to copy file "E:\TreadSnow\TreadSnow Github2\ABP9.1.1\modules\identity\src\Volo.Abp.Identity.Domain\bin\Debug\net9.0\Volo.Abp.Identity.Domain.dll" to "bin\Debug\net9.0\Volo.Abp.Identity.Domain.dll". The process cannot access the file 'E:\TreadSnow\TreadSnow Github2\src\TreadSnow.HttpApi.Host\bin\Debug\net9.0\Volo.Abp.Identity.Domain.dll' because it is being used by another process. [E:\TreadSnow\TreadSnow Github2\src\TreadSnow.HttpApi.Host\TreadSnow.HttpApi.Host.csproj]
C:\Program Files\dotnet\sdk\9.0.202\Microsoft.Common.CurrentVersion.targets(5063,5): error MSB3027: Could not copy "E:\TreadSnow\TreadSnow Github2\ABP9.1.1\modules\identity\src\Volo.Abp.Identity.Domain.Shared\bin\Debug\net9.0\Volo.Abp.Identity.Domain.Shared.dll" to "bin\Debug\net9.0\Volo.Abp.Identity.Domain.Shared.dll". Exceeded retry count of 10. Failed. The file is locked by: "TreadSnow.HttpApi.Host (46584)" [E:\TreadSnow\TreadSnow Github2\src\TreadSnow.HttpApi.Host\TreadSnow.HttpApi.Host.csproj]
C:\Program Files\dotnet\sdk\9.0.202\Microsoft.Common.CurrentVersion.targets(5063,5): error MSB3021: Unable to copy file "E:\TreadSnow\TreadSnow Github2\ABP9.1.1\modules\identity\src\Volo.Abp.Identity.Domain.Shared\bin\Debug\net9.0\Volo.Abp.Identity.Domain.Shared.dll" to "bin\Debug\net9.0\Volo.Abp.Identity.Domain.Shared.dll". The process cannot access the file 'E:\TreadSnow\TreadSnow Github2\src\TreadSnow.HttpApi.Host\bin\Debug\net9.0\Volo.Abp.Identity.Domain.Shared.dll' because it is being used by another process. [E:\TreadSnow\TreadSnow Github2\src\TreadSnow.HttpApi.Host\TreadSnow.HttpApi.Host.csproj]
C:\Program Files\dotnet\sdk\9.0.202\Microsoft.Common.CurrentVersion.targets(5063,5): error MSB3027: Could not copy "E:\TreadSnow\TreadSnow Github2\ABP9.1.1\modules\identity\src\Volo.Abp.Identity.EntityFrameworkCore\bin\Debug\net9.0\Volo.Abp.Identity.EntityFrameworkCore.dll" to "bin\Debug\net9.0\Volo.Abp.Identity.EntityFrameworkCore.dll". Exceeded retry count of 10. Failed. The file is locked by: "TreadSnow.HttpApi.Host (46584)" [E:\TreadSnow\TreadSnow Github2\src\TreadSnow.HttpApi.Host\TreadSnow.HttpApi.Host.csproj]
C:\Program Files\dotnet\sdk\9.0.202\Microsoft.Common.CurrentVersion.targets(5063,5): error MSB3021: Unable to copy file "E:\TreadSnow\TreadSnow Github2\ABP9.1.1\modules\identity\src\Volo.Abp.Identity.EntityFrameworkCore\bin\Debug\net9.0\Volo.Abp.Identity.EntityFrameworkCore.dll" to "bin\Debug\net9.0\Volo.Abp.Identity.EntityFrameworkCore.dll". The process cannot access the file 'E:\TreadSnow\TreadSnow Github2\src\TreadSnow.HttpApi.Host\bin\Debug\net9.0\Volo.Abp.Identity.EntityFrameworkCore.dll' because it is being used by another process. [E:\TreadSnow\TreadSnow Github2\src\TreadSnow.HttpApi.Host\TreadSnow.HttpApi.Host.csproj]
C:\Program Files\dotnet\sdk\9.0.202\Microsoft.Common.CurrentVersion.targets(5063,5): error MSB3027: Could not copy "E:\TreadSnow\TreadSnow Github2\ABP9.1.1\modules\identity\src\Volo.Abp.Identity.HttpApi\bin\Debug\net9.0\Volo.Abp.Identity.HttpApi.dll" to "bin\Debug\net9.0\Volo.Abp.Identity.HttpApi.dll". Exceeded retry count of 10. Failed. The file is locked by: "TreadSnow.HttpApi.Host (46584)" [E:\TreadSnow\TreadSnow Github2\src\TreadSnow.HttpApi.Host\TreadSnow.HttpApi.Host.csproj]
C:\Program Files\dotnet\sdk\9.0.202\Microsoft.Common.CurrentVersion.targets(5063,5): error MSB3021: Unable to copy file "E:\TreadSnow\TreadSnow Github2\ABP9.1.1\modules\identity\src\Volo.Abp.Identity.HttpApi\bin\Debug\net9.0\Volo.Abp.Identity.HttpApi.dll" to "bin\Debug\net9.0\Volo.Abp.Identity.HttpApi.dll". The process cannot access the file 'E:\TreadSnow\TreadSnow Github2\src\TreadSnow.HttpApi.Host\bin\Debug\net9.0\Volo.Abp.Identity.HttpApi.dll' because it is being used by another process. [E:\TreadSnow\TreadSnow Github2\src\TreadSnow.HttpApi.Host\TreadSnow.HttpApi.Host.csproj]
C:\Program Files\dotnet\sdk\9.0.202\Microsoft.Common.CurrentVersion.targets(5063,5): error MSB3027: Could not copy "E:\TreadSnow\TreadSnow Github2\ABP9.1.1\framework\src\Volo.Abp.Json.Abstractions\bin\Debug\net9.0\Volo.Abp.Json.Abstractions.dll" to "bin\Debug\net9.0\Volo.Abp.Json.Abstractions.dll". Exceeded retry count of 10. Failed. The file is locked by: "TreadSnow.HttpApi.Host (46584)" [E:\TreadSnow\TreadSnow Github2\src\TreadSnow.HttpApi.Host\TreadSnow.HttpApi.Host.csproj]
C:\Program Files\dotnet\sdk\9.0.202\Microsoft.Common.CurrentVersion.targets(5063,5): error MSB3021: Unable to copy file "E:\TreadSnow\TreadSnow Github2\ABP9.1.1\framework\src\Volo.Abp.Json.Abstractions\bin\Debug\net9.0\Volo.Abp.Json.Abstractions.dll" to "bin\Debug\net9.0\Volo.Abp.Json.Abstractions.dll". The process cannot access the file 'E:\TreadSnow\TreadSnow Github2\src\TreadSnow.HttpApi.Host\bin\Debug\net9.0\Volo.Abp.Json.Abstractions.dll' because it is being used by another process. [E:\TreadSnow\TreadSnow Github2\src\TreadSnow.HttpApi.Host\TreadSnow.HttpApi.Host.csproj]
C:\Program Files\dotnet\sdk\9.0.202\Microsoft.Common.CurrentVersion.targets(5063,5): error MSB3027: Could not copy "E:\TreadSnow\TreadSnow Github2\ABP9.1.1\framework\src\Volo.Abp.Json\bin\Debug\net9.0\Volo.Abp.Json.dll" to "bin\Debug\net9.0\Volo.Abp.Json.dll". Exceeded retry count of 10. Failed. The file is locked by: "TreadSnow.HttpApi.Host (46584)" [E:\TreadSnow\TreadSnow Github2\src\TreadSnow.HttpApi.Host\TreadSnow.HttpApi.Host.csproj]
C:\Program Files\dotnet\sdk\9.0.202\Microsoft.Common.CurrentVersion.targets(5063,5): error MSB3021: Unable to copy file "E:\TreadSnow\TreadSnow Github2\ABP9.1.1\framework\src\Volo.Abp.Json\bin\Debug\net9.0\Volo.Abp.Json.dll" to "bin\Debug\net9.0\Volo.Abp.Json.dll". Could not find file 'E:\TreadSnow\TreadSnow Github2\ABP9.1.1\framework\src\Volo.Abp.Json\bin\Debug\net9.0\Volo.Abp.Json.dll'. [E:\TreadSnow\TreadSnow Github2\src\TreadSnow.HttpApi.Host\TreadSnow.HttpApi.Host.csproj]
C:\Program Files\dotnet\sdk\9.0.202\Microsoft.Common.CurrentVersion.targets(5063,5): error MSB3030: Could not copy the file "E:\TreadSnow\TreadSnow Github2\ABP9.1.1\framework\src\Volo.Abp.MultiTenancy.Abstractions\bin\Debug\net9.0\Volo.Abp.MultiTenancy.Abstractions.dll" because it was not found. [E:\TreadSnow\TreadSnow Github2\src\TreadSnow.HttpApi.Host\TreadSnow.HttpApi.Host.csproj]
C:\Program Files\dotnet\sdk\9.0.202\Microsoft.Common.CurrentVersion.targets(5063,5): error MSB3030: Could not copy the file "E:\TreadSnow\TreadSnow Github2\ABP9.1.1\framework\src\Volo.Abp.MultiTenancy\bin\Debug\net9.0\Volo.Abp.MultiTenancy.dll" because it was not found. [E:\TreadSnow\TreadSnow Github2\src\TreadSnow.HttpApi.Host\TreadSnow.HttpApi.Host.csproj]
C:\Program Files\dotnet\sdk\9.0.202\Microsoft.Common.CurrentVersion.targets(5063,5): error MSB3030: Could not copy the file "E:\TreadSnow\TreadSnow Github2\ABP9.1.1\framework\src\Volo.Abp.ObjectExtending\bin\Debug\net9.0\Volo.Abp.ObjectExtending.dll" because it was not found. [E:\TreadSnow\TreadSnow Github2\src\TreadSnow.HttpApi.Host\TreadSnow.HttpApi.Host.csproj]
C:\Program Files\dotnet\sdk\9.0.202\Microsoft.Common.CurrentVersion.targets(5063,5): error MSB3030: Could not copy the file "E:\TreadSnow\TreadSnow Github2\ABP9.1.1\framework\src\Volo.Abp.ObjectMapping\bin\Debug\net9.0\Volo.Abp.ObjectMapping.dll" because it was not found. [E:\TreadSnow\TreadSnow Github2\src\TreadSnow.HttpApi.Host\TreadSnow.HttpApi.Host.csproj]
C:\Program Files\dotnet\sdk\9.0.202\Microsoft.Common.CurrentVersion.targets(5063,5): error MSB3027: Could not copy "E:\TreadSnow\TreadSnow Github2\ABP9.1.1\framework\src\Volo.Abp.Json.SystemTextJson\bin\Debug\net9.0\Volo.Abp.Json.SystemTextJson.dll" to "bin\Debug\net9.0\Volo.Abp.Json.SystemTextJson.dll". Exceeded retry count of 10. Failed. The file is locked by: "TreadSnow.HttpApi.Host (46584)" [E:\TreadSnow\TreadSnow Github2\src\TreadSnow.HttpApi.Host\TreadSnow.HttpApi.Host.csproj]
C:\Program Files\dotnet\sdk\9.0.202\Microsoft.Common.CurrentVersion.targets(5063,5): error MSB3021: Unable to copy file "E:\TreadSnow\TreadSnow Github2\ABP9.1.1\framework\src\Volo.Abp.Json.SystemTextJson\bin\Debug\net9.0\Volo.Abp.Json.SystemTextJson.dll" to "bin\Debug\net9.0\Volo.Abp.Json.SystemTextJson.dll". Could not find file 'E:\TreadSnow\TreadSnow Github2\ABP9.1.1\framework\src\Volo.Abp.Json.SystemTextJson\bin\Debug\net9.0\Volo.Abp.Json.SystemTextJson.dll'. [E:\TreadSnow\TreadSnow Github2\src\TreadSnow.HttpApi.Host\TreadSnow.HttpApi.Host.csproj]
C:\Program Files\dotnet\sdk\9.0.202\Microsoft.Common.CurrentVersion.targets(5063,5): error MSB3027: Could not copy "E:\TreadSnow\TreadSnow Github2\ABP9.1.1\framework\src\Volo.Abp.Localization.Abstractions\bin\Debug\net9.0\Volo.Abp.Localization.Abstractions.dll" to "bin\Debug\net9.0\Volo.Abp.Localization.Abstractions.dll". Exceeded retry count of 10. Failed. The file is locked by: "TreadSnow.HttpApi.Host (46584)" [E:\TreadSnow\TreadSnow Github2\src\TreadSnow.HttpApi.Host\TreadSnow.HttpApi.Host.csproj]
C:\Program Files\dotnet\sdk\9.0.202\Microsoft.Common.CurrentVersion.targets(5063,5): error MSB3021: Unable to copy file "E:\TreadSnow\TreadSnow Github2\ABP9.1.1\framework\src\Volo.Abp.Localization.Abstractions\bin\Debug\net9.0\Volo.Abp.Localization.Abstractions.dll" to "bin\Debug\net9.0\Volo.Abp.Localization.Abstractions.dll". Could not find file 'E:\TreadSnow\TreadSnow Github2\ABP9.1.1\framework\src\Volo.Abp.Localization.Abstractions\bin\Debug\net9.0\Volo.Abp.Localization.Abstractions.dll'. [E:\TreadSnow\TreadSnow Github2\src\TreadSnow.HttpApi.Host\TreadSnow.HttpApi.Host.csproj]
C:\Program Files\dotnet\sdk\9.0.202\Microsoft.Common.CurrentVersion.targets(5063,5): error MSB3030: Could not copy the file "E:\TreadSnow\TreadSnow Github2\ABP9.1.1\modules\permission-management\src\Volo.Abp.PermissionManagement.Domain\bin\Debug\net9.0\Volo.Abp.PermissionManagement.Domain.dll" because it was not found. [E:\TreadSnow\TreadSnow Github2\src\TreadSnow.HttpApi.Host\TreadSnow.HttpApi.Host.csproj]
C:\Program Files\dotnet\sdk\9.0.202\Microsoft.Common.CurrentVersion.targets(5063,5): error MSB3030: Could not copy the file "E:\TreadSnow\TreadSnow Github2\ABP9.1.1\framework\src\Volo.Abp.Security\bin\Debug\net9.0\Volo.Abp.Security.dll" because it was not found. [E:\TreadSnow\TreadSnow Github2\src\TreadSnow.HttpApi.Host\TreadSnow.HttpApi.Host.csproj]
C:\Program Files\dotnet\sdk\9.0.202\Microsoft.Common.CurrentVersion.targets(5063,5): error MSB3030: Could not copy the file "E:\TreadSnow\TreadSnow Github2\ABP9.1.1\framework\src\Volo.Abp.Serialization\bin\Debug\net9.0\Volo.Abp.Serialization.dll" because it was not found. [E:\TreadSnow\TreadSnow Github2\src\TreadSnow.HttpApi.Host\TreadSnow.HttpApi.Host.csproj]
C:\Program Files\dotnet\sdk\9.0.202\Microsoft.Common.CurrentVersion.targets(5063,5): error MSB3030: Could not copy the file "E:\TreadSnow\TreadSnow Github2\ABP9.1.1\framework\src\Volo.Abp.Settings\bin\Debug\net9.0\Volo.Abp.Settings.dll" because it was not found. [E:\TreadSnow\TreadSnow Github2\src\TreadSnow.HttpApi.Host\TreadSnow.HttpApi.Host.csproj]
C:\Program Files\dotnet\sdk\9.0.202\Microsoft.Common.CurrentVersion.targets(5063,5): error MSB3030: Could not copy the file "E:\TreadSnow\TreadSnow Github2\ABP9.1.1\framework\src\Volo.Abp.Specifications\bin\Debug\net9.0\Volo.Abp.Specifications.dll" because it was not found. [E:\TreadSnow\TreadSnow Github2\src\TreadSnow.HttpApi.Host\TreadSnow.HttpApi.Host.csproj]
C:\Program Files\dotnet\sdk\9.0.202\Microsoft.Common.CurrentVersion.targets(5063,5): error MSB3027: Could not copy "E:\TreadSnow\TreadSnow Github2\ABP9.1.1\framework\src\Volo.Abp.MailKit\bin\Debug\net9.0\Volo.Abp.MailKit.dll" to "bin\Debug\net9.0\Volo.Abp.MailKit.dll". Exceeded retry count of 10. Failed. The file is locked by: "TreadSnow.HttpApi.Host (46584)" [E:\TreadSnow\TreadSnow Github2\src\TreadSnow.HttpApi.Host\TreadSnow.HttpApi.Host.csproj]
C:\Program Files\dotnet\sdk\9.0.202\Microsoft.Common.CurrentVersion.targets(5063,5): error MSB3021: Unable to copy file "E:\TreadSnow\TreadSnow Github2\ABP9.1.1\framework\src\Volo.Abp.MailKit\bin\Debug\net9.0\Volo.Abp.MailKit.dll" to "bin\Debug\net9.0\Volo.Abp.MailKit.dll". The process cannot access the file 'E:\TreadSnow\TreadSnow Github2\src\TreadSnow.HttpApi.Host\bin\Debug\net9.0\Volo.Abp.MailKit.dll' because it is being used by another process. [E:\TreadSnow\TreadSnow Github2\src\TreadSnow.HttpApi.Host\TreadSnow.HttpApi.Host.csproj]
C:\Program Files\dotnet\sdk\9.0.202\Microsoft.Common.CurrentVersion.targets(5063,5): error MSB3027: Could not copy "E:\TreadSnow\TreadSnow Github2\ABP9.1.1\framework\src\Volo.Abp.Localization\bin\Debug\net9.0\Volo.Abp.Localization.dll" to "bin\Debug\net9.0\Volo.Abp.Localization.dll". Exceeded retry count of 10. Failed. The file is locked by: "TreadSnow.HttpApi.Host (46584)" [E:\TreadSnow\TreadSnow Github2\src\TreadSnow.HttpApi.Host\TreadSnow.HttpApi.Host.csproj]
C:\Program Files\dotnet\sdk\9.0.202\Microsoft.Common.CurrentVersion.targets(5063,5): error MSB3021: Unable to copy file "E:\TreadSnow\TreadSnow Github2\ABP9.1.1\framework\src\Volo.Abp.Localization\bin\Debug\net9.0\Volo.Abp.Localization.dll" to "bin\Debug\net9.0\Volo.Abp.Localization.dll". Could not find file 'E:\TreadSnow\TreadSnow Github2\ABP9.1.1\framework\src\Volo.Abp.Localization\bin\Debug\net9.0\Volo.Abp.Localization.dll'. [E:\TreadSnow\TreadSnow Github2\src\TreadSnow.HttpApi.Host\TreadSnow.HttpApi.Host.csproj]
C:\Program Files\dotnet\sdk\9.0.202\Microsoft.Common.CurrentVersion.targets(5063,5): error MSB3027: Could not copy "E:\TreadSnow\TreadSnow Github2\ABP9.1.1\framework\src\Volo.Abp.Minify\bin\Debug\net9.0\Volo.Abp.Minify.dll" to "bin\Debug\net9.0\Volo.Abp.Minify.dll". Exceeded retry count of 10. Failed. The file is locked by: "TreadSnow.HttpApi.Host (46584)" [E:\TreadSnow\TreadSnow Github2\src\TreadSnow.HttpApi.Host\TreadSnow.HttpApi.Host.csproj]
C:\Program Files\dotnet\sdk\9.0.202\Microsoft.Common.CurrentVersion.targets(5063,5): error MSB3021: Unable to copy file "E:\TreadSnow\TreadSnow Github2\ABP9.1.1\framework\src\Volo.Abp.Minify\bin\Debug\net9.0\Volo.Abp.Minify.dll" to "bin\Debug\net9.0\Volo.Abp.Minify.dll". Could not find file 'E:\TreadSnow\TreadSnow Github2\ABP9.1.1\framework\src\Volo.Abp.Minify\bin\Debug\net9.0\Volo.Abp.Minify.dll'. [E:\TreadSnow\TreadSnow Github2\src\TreadSnow.HttpApi.Host\TreadSnow.HttpApi.Host.csproj]
C:\Program Files\dotnet\sdk\9.0.202\Microsoft.Common.CurrentVersion.targets(5063,5): error MSB3027: Could not copy "E:\TreadSnow\TreadSnow Github2\ABP9.1.1\modules\openiddict\src\Volo.Abp.OpenIddict.AspNetCore\bin\Debug\net9.0\Volo.Abp.OpenIddict.AspNetCore.dll" to "bin\Debug\net9.0\Volo.Abp.OpenIddict.AspNetCore.dll". Exceeded retry count of 10. Failed. The file is locked by: "TreadSnow.HttpApi.Host (46584)" [E:\TreadSnow\TreadSnow Github2\src\TreadSnow.HttpApi.Host\TreadSnow.HttpApi.Host.csproj]
C:\Program Files\dotnet\sdk\9.0.202\Microsoft.Common.CurrentVersion.targets(5063,5): error MSB3021: Unable to copy file "E:\TreadSnow\TreadSnow Github2\ABP9.1.1\modules\openiddict\src\Volo.Abp.OpenIddict.AspNetCore\bin\Debug\net9.0\Volo.Abp.OpenIddict.AspNetCore.dll" to "bin\Debug\net9.0\Volo.Abp.OpenIddict.AspNetCore.dll". The process cannot access the file 'E:\TreadSnow\TreadSnow Github2\src\TreadSnow.HttpApi.Host\bin\Debug\net9.0\Volo.Abp.OpenIddict.AspNetCore.dll' because it is being used by another process. [E:\TreadSnow\TreadSnow Github2\src\TreadSnow.HttpApi.Host\TreadSnow.HttpApi.Host.csproj]
C:\Program Files\dotnet\sdk\9.0.202\Microsoft.Common.CurrentVersion.targets(5063,5): error MSB3030: Could not copy the file "E:\TreadSnow\TreadSnow Github2\ABP9.1.1\framework\src\Volo.Abp.Timing\bin\Debug\net9.0\Volo.Abp.Timing.dll" because it was not found. [E:\TreadSnow\TreadSnow Github2\src\TreadSnow.HttpApi.Host\TreadSnow.HttpApi.Host.csproj]
C:\Program Files\dotnet\sdk\9.0.202\Microsoft.Common.CurrentVersion.targets(5063,5): error MSB3030: Could not copy the file "E:\TreadSnow\TreadSnow Github2\ABP9.1.1\framework\src\Volo.Abp.UI\bin\Debug\net9.0\Volo.Abp.UI.dll" because it was not found. [E:\TreadSnow\TreadSnow Github2\src\TreadSnow.HttpApi.Host\TreadSnow.HttpApi.Host.csproj]
C:\Program Files\dotnet\sdk\9.0.202\Microsoft.Common.CurrentVersion.targets(5063,5): error MSB3030: Could not copy the file "E:\TreadSnow\TreadSnow Github2\ABP9.1.1\framework\src\Volo.Abp.UI.Navigation\bin\Debug\net9.0\Volo.Abp.UI.Navigation.dll" because it was not found. [E:\TreadSnow\TreadSnow Github2\src\TreadSnow.HttpApi.Host\TreadSnow.HttpApi.Host.csproj]
C:\Program Files\dotnet\sdk\9.0.202\Microsoft.Common.CurrentVersion.targets(5063,5): error MSB3027: Could not copy "E:\TreadSnow\TreadSnow Github2\ABP9.1.1\modules\openiddict\src\Volo.Abp.OpenIddict.Domain.Shared\bin\Debug\net9.0\Volo.Abp.OpenIddict.Domain.Shared.dll" to "bin\Debug\net9.0\Volo.Abp.OpenIddict.Domain.Shared.dll". Exceeded retry count of 10. Failed. The file is locked by: "TreadSnow.HttpApi.Host (46584)" [E:\TreadSnow\TreadSnow Github2\src\TreadSnow.HttpApi.Host\TreadSnow.HttpApi.Host.csproj]
C:\Program Files\dotnet\sdk\9.0.202\Microsoft.Common.CurrentVersion.targets(5063,5): error MSB3021: Unable to copy file "E:\TreadSnow\TreadSnow Github2\ABP9.1.1\modules\openiddict\src\Volo.Abp.OpenIddict.Domain.Shared\bin\Debug\net9.0\Volo.Abp.OpenIddict.Domain.Shared.dll" to "bin\Debug\net9.0\Volo.Abp.OpenIddict.Domain.Shared.dll". The process cannot access the file 'E:\TreadSnow\TreadSnow Github2\src\TreadSnow.HttpApi.Host\bin\Debug\net9.0\Volo.Abp.OpenIddict.Domain.Shared.dll' because it is being used by another process. [E:\TreadSnow\TreadSnow Github2\src\TreadSnow.HttpApi.Host\TreadSnow.HttpApi.Host.csproj]
C:\Program Files\dotnet\sdk\9.0.202\Microsoft.Common.CurrentVersion.targets(5063,5): error MSB3030: Could not copy the file "E:\TreadSnow\TreadSnow Github2\ABP9.1.1\modules\users\src\Volo.Abp.Users.Abstractions\bin\Debug\net9.0\Volo.Abp.Users.Abstractions.dll" because it was not found. [E:\TreadSnow\TreadSnow Github2\src\TreadSnow.HttpApi.Host\TreadSnow.HttpApi.Host.csproj]
C:\Program Files\dotnet\sdk\9.0.202\Microsoft.Common.CurrentVersion.targets(5063,5): error MSB3030: Could not copy the file "E:\TreadSnow\TreadSnow Github2\ABP9.1.1\modules\users\src\Volo.Abp.Users.Domain\bin\Debug\net9.0\Volo.Abp.Users.Domain.dll" because it was not found. [E:\TreadSnow\TreadSnow Github2\src\TreadSnow.HttpApi.Host\TreadSnow.HttpApi.Host.csproj]
C:\Program Files\dotnet\sdk\9.0.202\Microsoft.Common.CurrentVersion.targets(5063,5): error MSB3027: Could not copy "E:\TreadSnow\TreadSnow Github2\ABP9.1.1\framework\src\Volo.Abp.TextTemplating.Scriban\bin\Debug\net9.0\Volo.Abp.TextTemplating.Scriban.dll" to "bin\Debug\net9.0\Volo.Abp.TextTemplating.Scriban.dll". Exceeded retry count of 10. Failed. The file is locked by: "TreadSnow.HttpApi.Host (46584)" [E:\TreadSnow\TreadSnow Github2\src\TreadSnow.HttpApi.Host\TreadSnow.HttpApi.Host.csproj]
C:\Program Files\dotnet\sdk\9.0.202\Microsoft.Common.CurrentVersion.targets(5063,5): error MSB3021: Unable to copy file "E:\TreadSnow\TreadSnow Github2\ABP9.1.1\framework\src\Volo.Abp.TextTemplating.Scriban\bin\Debug\net9.0\Volo.Abp.TextTemplating.Scriban.dll" to "bin\Debug\net9.0\Volo.Abp.TextTemplating.Scriban.dll". Could not find file 'E:\TreadSnow\TreadSnow Github2\ABP9.1.1\framework\src\Volo.Abp.TextTemplating.Scriban\bin\Debug\net9.0\Volo.Abp.TextTemplating.Scriban.dll'. [E:\TreadSnow\TreadSnow Github2\src\TreadSnow.HttpApi.Host\TreadSnow.HttpApi.Host.csproj]
C:\Program Files\dotnet\sdk\9.0.202\Microsoft.Common.CurrentVersion.targets(5063,5): error MSB3027: Could not copy "E:\TreadSnow\TreadSnow Github2\ABP9.1.1\framework\src\Volo.Abp.TextTemplating.Core\bin\Debug\net9.0\Volo.Abp.TextTemplating.Core.dll" to "bin\Debug\net9.0\Volo.Abp.TextTemplating.Core.dll". Exceeded retry count of 10. Failed. The file is locked by: "TreadSnow.HttpApi.Host (46584)" [E:\TreadSnow\TreadSnow Github2\src\TreadSnow.HttpApi.Host\TreadSnow.HttpApi.Host.csproj]
C:\Program Files\dotnet\sdk\9.0.202\Microsoft.Common.CurrentVersion.targets(5063,5): error MSB3021: Unable to copy file "E:\TreadSnow\TreadSnow Github2\ABP9.1.1\framework\src\Volo.Abp.TextTemplating.Core\bin\Debug\net9.0\Volo.Abp.TextTemplating.Core.dll" to "bin\Debug\net9.0\Volo.Abp.TextTemplating.Core.dll". Could not find file 'E:\TreadSnow\TreadSnow Github2\ABP9.1.1\framework\src\Volo.Abp.TextTemplating.Core\bin\Debug\net9.0\Volo.Abp.TextTemplating.Core.dll'. [E:\TreadSnow\TreadSnow Github2\src\TreadSnow.HttpApi.Host\TreadSnow.HttpApi.Host.csproj]
C:\Program Files\dotnet\sdk\9.0.202\Microsoft.Common.CurrentVersion.targets(5063,5): error MSB3027: Could not copy "E:\TreadSnow\TreadSnow Github2\ABP9.1.1\framework\src\Volo.Abp.TextTemplating\bin\Debug\net9.0\Volo.Abp.TextTemplating.dll" to "bin\Debug\net9.0\Volo.Abp.TextTemplating.dll". Exceeded retry count of 10. Failed. The file is locked by: "TreadSnow.HttpApi.Host (46584)" [E:\TreadSnow\TreadSnow Github2\src\TreadSnow.HttpApi.Host\TreadSnow.HttpApi.Host.csproj]
C:\Program Files\dotnet\sdk\9.0.202\Microsoft.Common.CurrentVersion.targets(5063,5): error MSB3021: Unable to copy file "E:\TreadSnow\TreadSnow Github2\ABP9.1.1\framework\src\Volo.Abp.TextTemplating\bin\Debug\net9.0\Volo.Abp.TextTemplating.dll" to "bin\Debug\net9.0\Volo.Abp.TextTemplating.dll". Could not find file 'E:\TreadSnow\TreadSnow Github2\ABP9.1.1\framework\src\Volo.Abp.TextTemplating\bin\Debug\net9.0\Volo.Abp.TextTemplating.dll'. [E:\TreadSnow\TreadSnow Github2\src\TreadSnow.HttpApi.Host\TreadSnow.HttpApi.Host.csproj]
C:\Program Files\dotnet\sdk\9.0.202\Microsoft.Common.CurrentVersion.targets(5063,5): error MSB3027: Could not copy "E:\TreadSnow\TreadSnow Github2\ABP9.1.1\framework\src\Volo.Abp.Threading\bin\Debug\net9.0\Volo.Abp.Threading.dll" to "bin\Debug\net9.0\Volo.Abp.Threading.dll". Exceeded retry count of 10. Failed. The file is locked by: "TreadSnow.HttpApi.Host (46584)" [E:\TreadSnow\TreadSnow Github2\src\TreadSnow.HttpApi.Host\TreadSnow.HttpApi.Host.csproj]
C:\Program Files\dotnet\sdk\9.0.202\Microsoft.Common.CurrentVersion.targets(5063,5): error MSB3021: Unable to copy file "E:\TreadSnow\TreadSnow Github2\ABP9.1.1\framework\src\Volo.Abp.Threading\bin\Debug\net9.0\Volo.Abp.Threading.dll" to "bin\Debug\net9.0\Volo.Abp.Threading.dll". The process cannot access the file 'E:\TreadSnow\TreadSnow Github2\src\TreadSnow.HttpApi.Host\bin\Debug\net9.0\Volo.Abp.Threading.dll' because it is being used by another process. [E:\TreadSnow\TreadSnow Github2\src\TreadSnow.HttpApi.Host\TreadSnow.HttpApi.Host.csproj]
C:\Program Files\dotnet\sdk\9.0.202\Microsoft.Common.CurrentVersion.targets(5063,5): error MSB3027: Could not copy "E:\TreadSnow\TreadSnow Github2\ABP9.1.1\framework\src\Volo.Abp.Uow\bin\Debug\net9.0\Volo.Abp.Uow.dll" to "bin\Debug\net9.0\Volo.Abp.Uow.dll". Exceeded retry count of 10. Failed. The file is locked by: "TreadSnow.HttpApi.Host (46584)" [E:\TreadSnow\TreadSnow Github2\src\TreadSnow.HttpApi.Host\TreadSnow.HttpApi.Host.csproj]
C:\Program Files\dotnet\sdk\9.0.202\Microsoft.Common.CurrentVersion.targets(5063,5): error MSB3021: Unable to copy file "E:\TreadSnow\TreadSnow Github2\ABP9.1.1\framework\src\Volo.Abp.Uow\bin\Debug\net9.0\Volo.Abp.Uow.dll" to "bin\Debug\net9.0\Volo.Abp.Uow.dll". The process cannot access the file 'E:\TreadSnow\TreadSnow Github2\src\TreadSnow.HttpApi.Host\bin\Debug\net9.0\Volo.Abp.Uow.dll' because it is being used by another process. [E:\TreadSnow\TreadSnow Github2\src\TreadSnow.HttpApi.Host\TreadSnow.HttpApi.Host.csproj]
C:\Program Files\dotnet\sdk\9.0.202\Microsoft.Common.CurrentVersion.targets(5063,5): error MSB3030: Could not copy the file "E:\TreadSnow\TreadSnow Github2\ABP9.1.1\modules\account\src\Volo.Abp.Account.Web.OpenIddict\bin\Debug\net9.0\Volo.Abp.Account.Web.OpenIddict.pdb" because it was not found. [E:\TreadSnow\TreadSnow Github2\src\TreadSnow.HttpApi.Host\TreadSnow.HttpApi.Host.csproj]
C:\Program Files\dotnet\sdk\9.0.202\Microsoft.Common.CurrentVersion.targets(5063,5): error MSB3030: Could not copy the file "E:\TreadSnow\TreadSnow Github2\ABP9.1.1\modules\account\src\Volo.Abp.Account.Web.OpenIddict\bin\Debug\net9.0\Volo.Abp.Account.Web.OpenIddict.xml" because it was not found. [E:\TreadSnow\TreadSnow Github2\src\TreadSnow.HttpApi.Host\TreadSnow.HttpApi.Host.csproj]
C:\Program Files\dotnet\sdk\9.0.202\Microsoft.Common.CurrentVersion.targets(5063,5): error MSB3030: Could not copy the file "E:\TreadSnow\TreadSnow Github2\src\TreadSnow.Application\bin\Debug\net9.0\TreadSnow.Application.pdb" because it was not found. [E:\TreadSnow\TreadSnow Github2\src\TreadSnow.HttpApi.Host\TreadSnow.HttpApi.Host.csproj]
C:\Program Files\dotnet\sdk\9.0.202\Microsoft.Common.CurrentVersion.targets(5063,5): error MSB3030: Could not copy the file "E:\TreadSnow\TreadSnow Github2\src\TreadSnow.HttpApi\bin\Debug\net9.0\TreadSnow.HttpApi.pdb" because it was not found. [E:\TreadSnow\TreadSnow Github2\src\TreadSnow.HttpApi.Host\TreadSnow.HttpApi.Host.csproj]
C:\Program Files\dotnet\sdk\9.0.202\Microsoft.Common.CurrentVersion.targets(5063,5): error MSB3030: Could not copy the file "E:\TreadSnow\TreadSnow Github2\src\TreadSnow.EntityFrameworkCore\bin\Debug\net9.0\TreadSnow.EntityFrameworkCore.pdb" because it was not found. [E:\TreadSnow\TreadSnow Github2\src\TreadSnow.HttpApi.Host\TreadSnow.HttpApi.Host.csproj]
C:\Program Files\dotnet\sdk\9.0.202\Microsoft.Common.CurrentVersion.targets(5063,5): error MSB3030: Could not copy the file "E:\TreadSnow\TreadSnow Github2\src\TreadSnow.Domain\bin\Debug\net9.0\TreadSnow.Domain.pdb" because it was not found. [E:\TreadSnow\TreadSnow Github2\src\TreadSnow.HttpApi.Host\TreadSnow.HttpApi.Host.csproj]
C:\Program Files\dotnet\sdk\9.0.202\Microsoft.Common.CurrentVersion.targets(5063,5): error MSB3030: Could not copy the file "E:\TreadSnow\TreadSnow Github2\ABP9.1.1\modules\account\src\Volo.Abp.Account.Application\bin\Debug\net9.0\Volo.Abp.Account.Application.pdb" because it was not found. [E:\TreadSnow\TreadSnow Github2\src\TreadSnow.HttpApi.Host\TreadSnow.HttpApi.Host.csproj]
C:\Program Files\dotnet\sdk\9.0.202\Microsoft.Common.CurrentVersion.targets(5063,5): error MSB3030: Could not copy the file "E:\TreadSnow\TreadSnow Github2\ABP9.1.1\modules\account\src\Volo.Abp.Account.Application\bin\Debug\net9.0\Volo.Abp.Account.Application.xml" because it was not found. [E:\TreadSnow\TreadSnow Github2\src\TreadSnow.HttpApi.Host\TreadSnow.HttpApi.Host.csproj]
C:\Program Files\dotnet\sdk\9.0.202\Microsoft.Common.CurrentVersion.targets(5063,5): error MSB3030: Could not copy the file "E:\TreadSnow\TreadSnow Github2\ABP9.1.1\modules\account\src\Volo.Abp.Account.HttpApi\bin\Debug\net9.0\Volo.Abp.Account.HttpApi.pdb" because it was not found. [E:\TreadSnow\TreadSnow Github2\src\TreadSnow.HttpApi.Host\TreadSnow.HttpApi.Host.csproj]
C:\Program Files\dotnet\sdk\9.0.202\Microsoft.Common.CurrentVersion.targets(5063,5): error MSB3030: Could not copy the file "E:\TreadSnow\TreadSnow Github2\ABP9.1.1\modules\account\src\Volo.Abp.Account.HttpApi\bin\Debug\net9.0\Volo.Abp.Account.HttpApi.xml" because it was not found. [E:\TreadSnow\TreadSnow Github2\src\TreadSnow.HttpApi.Host\TreadSnow.HttpApi.Host.csproj]
C:\Program Files\dotnet\sdk\9.0.202\Microsoft.Common.CurrentVersion.targets(5063,5): error MSB3030: Could not copy the file "E:\TreadSnow\TreadSnow Github2\ABP9.1.1\modules\account\src\Volo.Abp.Account.Web\bin\Debug\net9.0\Volo.Abp.Account.Web.pdb" because it was not found. [E:\TreadSnow\TreadSnow Github2\src\TreadSnow.HttpApi.Host\TreadSnow.HttpApi.Host.csproj]
C:\Program Files\dotnet\sdk\9.0.202\Microsoft.Common.CurrentVersion.targets(5063,5): error MSB3030: Could not copy the file "E:\TreadSnow\TreadSnow Github2\ABP9.1.1\modules\account\src\Volo.Abp.Account.Web\bin\Debug\net9.0\Volo.Abp.Account.Web.xml" because it was not found. [E:\TreadSnow\TreadSnow Github2\src\TreadSnow.HttpApi.Host\TreadSnow.HttpApi.Host.csproj]
C:\Program Files\dotnet\sdk\9.0.202\Microsoft.Common.CurrentVersion.targets(5063,5): error MSB3030: Could not copy the file "E:\TreadSnow\TreadSnow Github2\ABP9.1.1\modules\identity\src\Volo.Abp.Identity.Application\bin\Debug\net9.0\Volo.Abp.Identity.Application.pdb" because it was not found. [E:\TreadSnow\TreadSnow Github2\src\TreadSnow.HttpApi.Host\TreadSnow.HttpApi.Host.csproj]
C:\Program Files\dotnet\sdk\9.0.202\Microsoft.Common.CurrentVersion.targets(5063,5): error MSB3030: Could not copy the file "E:\TreadSnow\TreadSnow Github2\ABP9.1.1\modules\identity\src\Volo.Abp.Identity.Application\bin\Debug\net9.0\Volo.Abp.Identity.Application.xml" because it was not found. [E:\TreadSnow\TreadSnow Github2\src\TreadSnow.HttpApi.Host\TreadSnow.HttpApi.Host.csproj]
C:\Program Files\dotnet\sdk\9.0.202\Microsoft.Common.CurrentVersion.targets(5063,5): error MSB3030: Could not copy the file "E:\TreadSnow\TreadSnow Github2\ABP9.1.1\modules\identity\src\Volo.Abp.Identity.EntityFrameworkCore\bin\Debug\net9.0\Volo.Abp.Identity.EntityFrameworkCore.pdb" because it was not found. [E:\TreadSnow\TreadSnow Github2\src\TreadSnow.HttpApi.Host\TreadSnow.HttpApi.Host.csproj]
C:\Program Files\dotnet\sdk\9.0.202\Microsoft.Common.CurrentVersion.targets(5063,5): error MSB3030: Could not copy the file "E:\TreadSnow\TreadSnow Github2\ABP9.1.1\modules\identity\src\Volo.Abp.Identity.EntityFrameworkCore\bin\Debug\net9.0\Volo.Abp.Identity.EntityFrameworkCore.xml" because it was not found. [E:\TreadSnow\TreadSnow Github2\src\TreadSnow.HttpApi.Host\TreadSnow.HttpApi.Host.csproj]
C:\Program Files\dotnet\sdk\9.0.202\Microsoft.Common.CurrentVersion.targets(5063,5): error MSB3030: Could not copy the file "E:\TreadSnow\TreadSnow Github2\ABP9.1.1\modules\identity\src\Volo.Abp.Identity.HttpApi\bin\Debug\net9.0\Volo.Abp.Identity.HttpApi.pdb" because it was not found. [E:\TreadSnow\TreadSnow Github2\src\TreadSnow.HttpApi.Host\TreadSnow.HttpApi.Host.csproj]
C:\Program Files\dotnet\sdk\9.0.202\Microsoft.Common.CurrentVersion.targets(5063,5): error MSB3030: Could not copy the file "E:\TreadSnow\TreadSnow Github2\ABP9.1.1\modules\identity\src\Volo.Abp.Identity.HttpApi\bin\Debug\net9.0\Volo.Abp.Identity.HttpApi.xml" because it was not found. [E:\TreadSnow\TreadSnow Github2\src\TreadSnow.HttpApi.Host\TreadSnow.HttpApi.Host.csproj]
C:\Program Files\dotnet\sdk\9.0.202\Microsoft.Common.CurrentVersion.targets(5063,5): error MSB3030: Could not copy the file "E:\TreadSnow\TreadSnow Github2\ABP9.1.1\framework\src\Volo.Abp.AspNetCore\bin\Debug\net9.0\Volo.Abp.AspNetCore.pdb" because it was not found. [E:\TreadSnow\TreadSnow Github2\src\TreadSnow.HttpApi.Host\TreadSnow.HttpApi.Host.csproj]
C:\Program Files\dotnet\sdk\9.0.202\Microsoft.Common.CurrentVersion.targets(5063,5): error MSB3030: Could not copy the file "E:\TreadSnow\TreadSnow Github2\ABP9.1.1\framework\src\Volo.Abp.AspNetCore\bin\Debug\net9.0\Volo.Abp.AspNetCore.xml" because it was not found. [E:\TreadSnow\TreadSnow Github2\src\TreadSnow.HttpApi.Host\TreadSnow.HttpApi.Host.csproj]
C:\Program Files\dotnet\sdk\9.0.202\Microsoft.Common.CurrentVersion.targets(5063,5): error MSB3030: Could not copy the file "E:\TreadSnow\TreadSnow Github2\ABP9.1.1\framework\src\Volo.Abp.AspNetCore.Bundling\bin\Debug\net9.0\Volo.Abp.AspNetCore.Bundling.pdb" because it was not found. [E:\TreadSnow\TreadSnow Github2\src\TreadSnow.HttpApi.Host\TreadSnow.HttpApi.Host.csproj]
C:\Program Files\dotnet\sdk\9.0.202\Microsoft.Common.CurrentVersion.targets(5063,5): error MSB3030: Could not copy the file "E:\TreadSnow\TreadSnow Github2\ABP9.1.1\framework\src\Volo.Abp.AspNetCore.Bundling\bin\Debug\net9.0\Volo.Abp.AspNetCore.Bundling.xml" because it was not found. [E:\TreadSnow\TreadSnow Github2\src\TreadSnow.HttpApi.Host\TreadSnow.HttpApi.Host.csproj]
C:\Program Files\dotnet\sdk\9.0.202\Microsoft.Common.CurrentVersion.targets(5063,5): error MSB3030: Could not copy the file "E:\TreadSnow\TreadSnow Github2\ABP9.1.1\framework\src\Volo.Abp.AspNetCore.Mvc\bin\Debug\net9.0\Volo.Abp.AspNetCore.Mvc.pdb" because it was not found. [E:\TreadSnow\TreadSnow Github2\src\TreadSnow.HttpApi.Host\TreadSnow.HttpApi.Host.csproj]
C:\Program Files\dotnet\sdk\9.0.202\Microsoft.Common.CurrentVersion.targets(5063,5): error MSB3030: Could not copy the file "E:\TreadSnow\TreadSnow Github2\ABP9.1.1\framework\src\Volo.Abp.AspNetCore.Mvc\bin\Debug\net9.0\Volo.Abp.AspNetCore.Mvc.xml" because it was not found. [E:\TreadSnow\TreadSnow Github2\src\TreadSnow.HttpApi.Host\TreadSnow.HttpApi.Host.csproj]
C:\Program Files\dotnet\sdk\9.0.202\Microsoft.Common.CurrentVersion.targets(5063,5): error MSB3030: Could not copy the file "E:\TreadSnow\TreadSnow Github2\ABP9.1.1\framework\src\Volo.Abp.AspNetCore.Mvc.UI\bin\Debug\net9.0\Volo.Abp.AspNetCore.Mvc.UI.pdb" because it was not found. [E:\TreadSnow\TreadSnow Github2\src\TreadSnow.HttpApi.Host\TreadSnow.HttpApi.Host.csproj]
C:\Program Files\dotnet\sdk\9.0.202\Microsoft.Common.CurrentVersion.targets(5063,5): error MSB3030: Could not copy the file "E:\TreadSnow\TreadSnow Github2\ABP9.1.1\framework\src\Volo.Abp.AspNetCore.Mvc.UI\bin\Debug\net9.0\Volo.Abp.AspNetCore.Mvc.UI.xml" because it was not found. [E:\TreadSnow\TreadSnow Github2\src\TreadSnow.HttpApi.Host\TreadSnow.HttpApi.Host.csproj]
C:\Program Files\dotnet\sdk\9.0.202\Microsoft.Common.CurrentVersion.targets(5063,5): error MSB3030: Could not copy the file "E:\TreadSnow\TreadSnow Github2\ABP9.1.1\framework\src\Volo.Abp.AspNetCore.Mvc.UI.Bootstrap\bin\Debug\net9.0\Volo.Abp.AspNetCore.Mvc.UI.Bootstrap.pdb" because it was not found. [E:\TreadSnow\TreadSnow Github2\src\TreadSnow.HttpApi.Host\TreadSnow.HttpApi.Host.csproj]
C:\Program Files\dotnet\sdk\9.0.202\Microsoft.Common.CurrentVersion.targets(5063,5): error MSB3030: Could not copy the file "E:\TreadSnow\TreadSnow Github2\ABP9.1.1\framework\src\Volo.Abp.AspNetCore.Mvc.UI.Bootstrap\bin\Debug\net9.0\Volo.Abp.AspNetCore.Mvc.UI.Bootstrap.xml" because it was not found. [E:\TreadSnow\TreadSnow Github2\src\TreadSnow.HttpApi.Host\TreadSnow.HttpApi.Host.csproj]
C:\Program Files\dotnet\sdk\9.0.202\Microsoft.Common.CurrentVersion.targets(5063,5): error MSB3030: Could not copy the file "E:\TreadSnow\TreadSnow Github2\ABP9.1.1\framework\src\Volo.Abp.AspNetCore.Mvc.UI.Bundling\bin\Debug\net9.0\Volo.Abp.AspNetCore.Mvc.UI.Bundling.pdb" because it was not found. [E:\TreadSnow\TreadSnow Github2\src\TreadSnow.HttpApi.Host\TreadSnow.HttpApi.Host.csproj]
C:\Program Files\dotnet\sdk\9.0.202\Microsoft.Common.CurrentVersion.targets(5063,5): error MSB3030: Could not copy the file "E:\TreadSnow\TreadSnow Github2\ABP9.1.1\framework\src\Volo.Abp.AspNetCore.Mvc.UI.Bundling\bin\Debug\net9.0\Volo.Abp.AspNetCore.Mvc.UI.Bundling.xml" because it was not found. [E:\TreadSnow\TreadSnow Github2\src\TreadSnow.HttpApi.Host\TreadSnow.HttpApi.Host.csproj]
C:\Program Files\dotnet\sdk\9.0.202\Microsoft.Common.CurrentVersion.targets(5063,5): error MSB3030: Could not copy the file "E:\TreadSnow\TreadSnow Github2\ABP9.1.1\framework\src\Volo.Abp.AspNetCore.Mvc.UI.Packages\bin\Debug\net9.0\Volo.Abp.AspNetCore.Mvc.UI.Packages.pdb" because it was not found. [E:\TreadSnow\TreadSnow Github2\src\TreadSnow.HttpApi.Host\TreadSnow.HttpApi.Host.csproj]
C:\Program Files\dotnet\sdk\9.0.202\Microsoft.Common.CurrentVersion.targets(5063,5): error MSB3030: Could not copy the file "E:\TreadSnow\TreadSnow Github2\ABP9.1.1\framework\src\Volo.Abp.AspNetCore.Mvc.UI.Packages\bin\Debug\net9.0\Volo.Abp.AspNetCore.Mvc.UI.Packages.xml" because it was not found. [E:\TreadSnow\TreadSnow Github2\src\TreadSnow.HttpApi.Host\TreadSnow.HttpApi.Host.csproj]
C:\Program Files\dotnet\sdk\9.0.202\Microsoft.Common.CurrentVersion.targets(5063,5): error MSB3030: Could not copy the file "E:\TreadSnow\TreadSnow Github2\ABP9.1.1\framework\src\Volo.Abp.AspNetCore.Mvc.UI.Theme.Shared\bin\Debug\net9.0\Volo.Abp.AspNetCore.Mvc.UI.Theme.Shared.pdb" because it was not found. [E:\TreadSnow\TreadSnow Github2\src\TreadSnow.HttpApi.Host\TreadSnow.HttpApi.Host.csproj]
C:\Program Files\dotnet\sdk\9.0.202\Microsoft.Common.CurrentVersion.targets(5063,5): error MSB3030: Could not copy the file "E:\TreadSnow\TreadSnow Github2\ABP9.1.1\framework\src\Volo.Abp.AspNetCore.Mvc.UI.Theme.Shared\bin\Debug\net9.0\Volo.Abp.AspNetCore.Mvc.UI.Theme.Shared.xml" because it was not found. [E:\TreadSnow\TreadSnow Github2\src\TreadSnow.HttpApi.Host\TreadSnow.HttpApi.Host.csproj]
C:\Program Files\dotnet\sdk\9.0.202\Microsoft.Common.CurrentVersion.targets(5063,5): error MSB3030: Could not copy the file "E:\TreadSnow\TreadSnow Github2\ABP9.1.1\framework\src\Volo.Abp.AspNetCore.Mvc.UI.Widgets\bin\Debug\net9.0\Volo.Abp.AspNetCore.Mvc.UI.Widgets.pdb" because it was not found. [E:\TreadSnow\TreadSnow Github2\src\TreadSnow.HttpApi.Host\TreadSnow.HttpApi.Host.csproj]
C:\Program Files\dotnet\sdk\9.0.202\Microsoft.Common.CurrentVersion.targets(5063,5): error MSB3030: Could not copy the file "E:\TreadSnow\TreadSnow Github2\ABP9.1.1\framework\src\Volo.Abp.AspNetCore.Mvc.UI.Widgets\bin\Debug\net9.0\Volo.Abp.AspNetCore.Mvc.UI.Widgets.xml" because it was not found. [E:\TreadSnow\TreadSnow Github2\src\TreadSnow.HttpApi.Host\TreadSnow.HttpApi.Host.csproj]
C:\Program Files\dotnet\sdk\9.0.202\Microsoft.Common.CurrentVersion.targets(5063,5): error MSB3030: Could not copy the file "E:\TreadSnow\TreadSnow Github2\ABP9.1.1\framework\src\Volo.Abp.EntityFrameworkCore\bin\Debug\net9.0\Volo.Abp.EntityFrameworkCore.pdb" because it was not found. [E:\TreadSnow\TreadSnow Github2\src\TreadSnow.HttpApi.Host\TreadSnow.HttpApi.Host.csproj]
C:\Program Files\dotnet\sdk\9.0.202\Microsoft.Common.CurrentVersion.targets(5063,5): error MSB3030: Could not copy the file "E:\TreadSnow\TreadSnow Github2\ABP9.1.1\framework\src\Volo.Abp.EntityFrameworkCore\bin\Debug\net9.0\Volo.Abp.EntityFrameworkCore.xml" because it was not found. [E:\TreadSnow\TreadSnow Github2\src\TreadSnow.HttpApi.Host\TreadSnow.HttpApi.Host.csproj]
C:\Program Files\dotnet\sdk\9.0.202\Microsoft.Common.CurrentVersion.targets(5063,5): error MSB3030: Could not copy the file "E:\TreadSnow\TreadSnow Github2\ABP9.1.1\modules\identity\src\Volo.Abp.Identity.AspNetCore\bin\Debug\net9.0\Volo.Abp.Identity.AspNetCore.pdb" because it was not found. [E:\TreadSnow\TreadSnow Github2\src\TreadSnow.HttpApi.Host\TreadSnow.HttpApi.Host.csproj]
C:\Program Files\dotnet\sdk\9.0.202\Microsoft.Common.CurrentVersion.targets(5063,5): error MSB3030: Could not copy the file "E:\TreadSnow\TreadSnow Github2\ABP9.1.1\modules\identity\src\Volo.Abp.Identity.AspNetCore\bin\Debug\net9.0\Volo.Abp.Identity.AspNetCore.xml" because it was not found. [E:\TreadSnow\TreadSnow Github2\src\TreadSnow.HttpApi.Host\TreadSnow.HttpApi.Host.csproj]
C:\Program Files\dotnet\sdk\9.0.202\Microsoft.Common.CurrentVersion.targets(5063,5): error MSB3030: Could not copy the file "E:\TreadSnow\TreadSnow Github2\ABP9.1.1\modules\users\src\Volo.Abp.Users.EntityFrameworkCore\bin\Debug\net9.0\Volo.Abp.Users.EntityFrameworkCore.pdb" because it was not found. [E:\TreadSnow\TreadSnow Github2\src\TreadSnow.HttpApi.Host\TreadSnow.HttpApi.Host.csproj]
C:\Program Files\dotnet\sdk\9.0.202\Microsoft.Common.CurrentVersion.targets(5063,5): error MSB3030: Could not copy the file "E:\TreadSnow\TreadSnow Github2\ABP9.1.1\modules\users\src\Volo.Abp.Users.EntityFrameworkCore\bin\Debug\net9.0\Volo.Abp.Users.EntityFrameworkCore.xml" because it was not found. [E:\TreadSnow\TreadSnow Github2\src\TreadSnow.HttpApi.Host\TreadSnow.HttpApi.Host.csproj]
C:\Program Files\dotnet\sdk\9.0.202\Microsoft.Common.CurrentVersion.targets(5063,5): error MSB3027: Could not copy "E:\TreadSnow\TreadSnow Github2\ABP9.1.1\modules\users\src\Volo.Abp.Users.Domain.Shared\bin\Debug\net9.0\Volo.Abp.Users.Domain.Shared.dll" to "bin\Debug\net9.0\Volo.Abp.Users.Domain.Shared.dll". Exceeded retry count of 10. Failed. The file is locked by: "TreadSnow.HttpApi.Host (46584)" [E:\TreadSnow\TreadSnow Github2\src\TreadSnow.HttpApi.Host\TreadSnow.HttpApi.Host.csproj]
C:\Program Files\dotnet\sdk\9.0.202\Microsoft.Common.CurrentVersion.targets(5063,5): error MSB3021: Unable to copy file "E:\TreadSnow\TreadSnow Github2\ABP9.1.1\modules\users\src\Volo.Abp.Users.Domain.Shared\bin\Debug\net9.0\Volo.Abp.Users.Domain.Shared.dll" to "bin\Debug\net9.0\Volo.Abp.Users.Domain.Shared.dll". The process cannot access the file 'E:\TreadSnow\TreadSnow Github2\src\TreadSnow.HttpApi.Host\bin\Debug\net9.0\Volo.Abp.Users.Domain.Shared.dll' because it is being used by another process. [E:\TreadSnow\TreadSnow Github2\src\TreadSnow.HttpApi.Host\TreadSnow.HttpApi.Host.csproj]
C:\Program Files\dotnet\sdk\9.0.202\Microsoft.Common.CurrentVersion.targets(5063,5): error MSB3027: Could not copy "E:\TreadSnow\TreadSnow Github2\ABP9.1.1\modules\users\src\Volo.Abp.Users.EntityFrameworkCore\bin\Debug\net9.0\Volo.Abp.Users.EntityFrameworkCore.dll" to "bin\Debug\net9.0\Volo.Abp.Users.EntityFrameworkCore.dll". Exceeded retry count of 10. Failed. The file is locked by: "TreadSnow.HttpApi.Host (46584)" [E:\TreadSnow\TreadSnow Github2\src\TreadSnow.HttpApi.Host\TreadSnow.HttpApi.Host.csproj]
C:\Program Files\dotnet\sdk\9.0.202\Microsoft.Common.CurrentVersion.targets(5063,5): error MSB3021: Unable to copy file "E:\TreadSnow\TreadSnow Github2\ABP9.1.1\modules\users\src\Volo.Abp.Users.EntityFrameworkCore\bin\Debug\net9.0\Volo.Abp.Users.EntityFrameworkCore.dll" to "bin\Debug\net9.0\Volo.Abp.Users.EntityFrameworkCore.dll". Could not find file 'E:\TreadSnow\TreadSnow Github2\ABP9.1.1\modules\users\src\Volo.Abp.Users.EntityFrameworkCore\bin\Debug\net9.0\Volo.Abp.Users.EntityFrameworkCore.dll'. [E:\TreadSnow\TreadSnow Github2\src\TreadSnow.HttpApi.Host\TreadSnow.HttpApi.Host.csproj]
C:\Program Files\dotnet\sdk\9.0.202\Microsoft.Common.CurrentVersion.targets(5063,5): error MSB3027: Could not copy "E:\TreadSnow\TreadSnow Github2\ABP9.1.1\framework\src\Volo.Abp.Validation\bin\Debug\net9.0\Volo.Abp.Validation.dll" to "bin\Debug\net9.0\Volo.Abp.Validation.dll". Exceeded retry count of 10. Failed. The file is locked by: "TreadSnow.HttpApi.Host (46584)" [E:\TreadSnow\TreadSnow Github2\src\TreadSnow.HttpApi.Host\TreadSnow.HttpApi.Host.csproj]
C:\Program Files\dotnet\sdk\9.0.202\Microsoft.Common.CurrentVersion.targets(5063,5): error MSB3021: Unable to copy file "E:\TreadSnow\TreadSnow Github2\ABP9.1.1\framework\src\Volo.Abp.Validation\bin\Debug\net9.0\Volo.Abp.Validation.dll" to "bin\Debug\net9.0\Volo.Abp.Validation.dll". The process cannot access the file 'E:\TreadSnow\TreadSnow Github2\src\TreadSnow.HttpApi.Host\bin\Debug\net9.0\Volo.Abp.Validation.dll' because it is being used by another process. [E:\TreadSnow\TreadSnow Github2\src\TreadSnow.HttpApi.Host\TreadSnow.HttpApi.Host.csproj]
C:\Program Files\dotnet\sdk\9.0.202\Microsoft.Common.CurrentVersion.targets(5063,5): error MSB3027: Could not copy "E:\TreadSnow\TreadSnow Github2\ABP9.1.1\framework\src\Volo.Abp.Validation.Abstractions\bin\Debug\net9.0\Volo.Abp.Validation.Abstractions.dll" to "bin\Debug\net9.0\Volo.Abp.Validation.Abstractions.dll". Exceeded retry count of 10. Failed. The file is locked by: "TreadSnow.HttpApi.Host (46584)" [E:\TreadSnow\TreadSnow Github2\src\TreadSnow.HttpApi.Host\TreadSnow.HttpApi.Host.csproj]
C:\Program Files\dotnet\sdk\9.0.202\Microsoft.Common.CurrentVersion.targets(5063,5): error MSB3021: Unable to copy file "E:\TreadSnow\TreadSnow Github2\ABP9.1.1\framework\src\Volo.Abp.Validation.Abstractions\bin\Debug\net9.0\Volo.Abp.Validation.Abstractions.dll" to "bin\Debug\net9.0\Volo.Abp.Validation.Abstractions.dll". The process cannot access the file 'E:\TreadSnow\TreadSnow Github2\src\TreadSnow.HttpApi.Host\bin\Debug\net9.0\Volo.Abp.Validation.Abstractions.dll' because it is being used by another process. [E:\TreadSnow\TreadSnow Github2\src\TreadSnow.HttpApi.Host\TreadSnow.HttpApi.Host.csproj]
C:\Program Files\dotnet\sdk\9.0.202\Microsoft.Common.CurrentVersion.targets(5063,5): error MSB3027: Could not copy "E:\TreadSnow\TreadSnow Github2\ABP9.1.1\framework\src\Volo.Abp.VirtualFileSystem\bin\Debug\net9.0\Volo.Abp.VirtualFileSystem.dll" to "bin\Debug\net9.0\Volo.Abp.VirtualFileSystem.dll". Exceeded retry count of 10. Failed. The file is locked by: "TreadSnow.HttpApi.Host (46584)" [E:\TreadSnow\TreadSnow Github2\src\TreadSnow.HttpApi.Host\TreadSnow.HttpApi.Host.csproj]
C:\Program Files\dotnet\sdk\9.0.202\Microsoft.Common.CurrentVersion.targets(5063,5): error MSB3021: Unable to copy file "E:\TreadSnow\TreadSnow Github2\ABP9.1.1\framework\src\Volo.Abp.VirtualFileSystem\bin\Debug\net9.0\Volo.Abp.VirtualFileSystem.dll" to "bin\Debug\net9.0\Volo.Abp.VirtualFileSystem.dll". The process cannot access the file 'E:\TreadSnow\TreadSnow Github2\src\TreadSnow.HttpApi.Host\bin\Debug\net9.0\Volo.Abp.VirtualFileSystem.dll' because it is being used by another process. [E:\TreadSnow\TreadSnow Github2\src\TreadSnow.HttpApi.Host\TreadSnow.HttpApi.Host.csproj]
    731 Warning(s)
    202 Error(s)

Time Elapsed 00:03:22.61

Workload updates are available. Run `dotnet workload list` for more information.
